Java HotSpot(TM) 64-Bit Server VM (25.111-b14) for linux-amd64 JRE (1.8.0_111-b14), built on Sep 22 2016 16:14:03 by "java_re" with gcc 4.3.0 20080428 (Red Hat 4.3.0-8)
Memory: 4k page, physical 3945056k(1458584k free), swap 3998716k(3946004k free)
CommandLine flags: -XX:InitialHeapSize=67108864 -XX:+ManagementServer -XX:MaxHeapSize=1073741824 -XX:MaxNewSize=174485504 -XX:MaxTenuringThreshold=6 -XX:OldPLABSize=16 -XX:+PrintGC -XX:+PrintGCDetails -XX:+PrintGCTimeStamps -XX:+UseCompressedClassPointers -XX:+UseCompressedOops -XX:+UseConcMarkSweepGC -XX:+UseParNewGC 
1,657: [GC (Allocation Failure) 1,695: [ParNew: 17472K->2176K(19648K), 0,0346413 secs] 17472K->4528K(63360K), 0,0721835 secs] [Times: user=0,02 sys=0,00, real=0,07 secs] 
2,744: [GC (Allocation Failure) 2,744: [ParNew: 19648K->2176K(19648K), 0,0315164 secs] 22000K->9017K(63360K), 0,0317812 secs] [Times: user=0,05 sys=0,00, real=0,03 secs] 
3,207: [GC (Allocation Failure) 3,207: [ParNew: 19648K->2175K(19648K), 0,0321595 secs] 26489K->13047K(63360K), 0,0323578 secs] [Times: user=0,05 sys=0,00, real=0,03 secs] 
3,473: [GC (Allocation Failure) 3,473: [ParNew: 19647K->2176K(19648K), 0,0139349 secs] 30519K->14673K(63360K), 0,0141127 secs] [Times: user=0,02 sys=0,00, real=0,02 secs] 
3,669: [GC (Allocation Failure) 3,669: [ParNew: 19648K->2176K(19648K), 0,0121117 secs] 32145K->16941K(63360K), 0,0122880 secs] [Times: user=0,01 sys=0,00, real=0,01 secs] 
3,876: [GC (Allocation Failure) 3,876: [ParNew: 19648K->2176K(19648K), 0,0120294 secs] 34413K->18336K(63360K), 0,0121873 secs] [Times: user=0,01 sys=0,00, real=0,02 secs] 
4,075: [GC (Allocation Failure) 4,075: [ParNew: 19648K->2176K(19648K), 0,0111068 secs] 35808K->19628K(63360K), 0,0112827 secs] [Times: user=0,01 sys=0,00, real=0,01 secs] 
4,582: [GC (Allocation Failure) 4,582: [ParNew: 19648K->2175K(19648K), 0,0157556 secs] 37100K->20980K(63360K), 0,0159017 secs] [Times: user=0,02 sys=0,00, real=0,02 secs] 
4,737: [GC (Allocation Failure) 4,737: [ParNew: 19647K->2175K(19648K), 0,0221195 secs] 38452K->23458K(63360K), 0,0222992 secs] [Times: user=0,03 sys=0,00, real=0,02 secs] 
4,900: [GC (Allocation Failure) 4,900: [ParNew: 19647K->2176K(19648K), 0,0097919 secs] 40930K->24755K(63360K), 0,0099459 secs] [Times: user=0,01 sys=0,00, real=0,01 secs] 
4,910: [GC (CMS Initial Mark) [1 CMS-initial-mark: 22579K(43712K)] 24755K(63360K), 0,0015141 secs] [Times: user=0,00 sys=0,00, real=0,00 secs] 
4,912: [CMS-concurrent-mark-start]
5,001: [CMS-concurrent-mark: 0,083/0,090 secs] [Times: user=0,12 sys=0,01, real=0,09 secs] 
5,001: [CMS-concurrent-preclean-start]
5,003: [CMS-concurrent-preclean: 0,002/0,002 secs] [Times: user=0,00 sys=0,00, real=0,00 secs] 
5,003: [CMS-concurrent-abortable-preclean-start]
5,079: [GC (Allocation Failure) 5,079: [ParNew: 19648K->2176K(19648K), 0,0105530 secs] 42227K->26349K(63360K), 0,0109015 secs] [Times: user=0,01 sys=0,01, real=0,01 secs] 
5,220: [CMS-concurrent-abortable-preclean: 0,047/0,217 secs] [Times: user=0,32 sys=0,02, real=0,22 secs] 
5,222: [GC (CMS Final Remark) [YG occupancy: 19648 K (19648 K)]5,222: [Rescan (parallel) , 0,0078967 secs]5,230: [weak refs processing, 0,0001527 secs]5,230: [class unloading, 0,0047060 secs]5,235: [scrub symbol table, 0,0063961 secs]5,241: [scrub string table, 0,0007099 secs][1 CMS-remark: 24173K(43712K)] 43821K(63360K), 0,0208943 secs] [Times: user=0,03 sys=0,00, real=0,02 secs] 
5,243: [CMS-concurrent-sweep-start]
5,246: [GC (Allocation Failure) 5,246: [ParNew: 19648K->2176K(19648K), 0,0082111 secs] 42105K->25995K(63360K), 0,0083828 secs] [Times: user=0,01 sys=0,00, real=0,01 secs] 
5,270: [CMS-concurrent-sweep: 0,018/0,027 secs] [Times: user=0,04 sys=0,00, real=0,03 secs] 
5,271: [CMS-concurrent-reset-start]
5,316: [CMS-concurrent-reset: 0,045/0,045 secs] [Times: user=0,07 sys=0,02, real=0,04 secs] 
5,546: [GC (Allocation Failure) 5,546: [ParNew: 19648K->2176K(19648K), 0,0166572 secs] 31616K->15194K(63360K), 0,0170146 secs] [Times: user=0,02 sys=0,00, real=0,02 secs] 
5,756: [GC (Allocation Failure) 5,756: [ParNew: 19648K->2176K(19648K), 0,0223455 secs] 32666K->19501K(63360K), 0,0225107 secs] [Times: user=0,02 sys=0,00, real=0,03 secs] 
5,976: [GC (Allocation Failure) 5,976: [ParNew: 19648K->2176K(19648K), 0,0079464 secs] 36973K->21399K(63360K), 0,0081937 secs] [Times: user=0,02 sys=0,00, real=0,01 secs] 
6,176: [GC (Allocation Failure) 6,176: [ParNew: 19648K->2175K(19648K), 0,0106435 secs] 38871K->24292K(63360K), 0,0108955 secs] [Times: user=0,02 sys=0,00, real=0,02 secs] 
6,332: [GC (Allocation Failure) 6,332: [ParNew: 19647K->2176K(19648K), 0,0089131 secs] 41764K->26474K(63360K), 0,0090727 secs] [Times: user=0,01 sys=0,00, real=0,01 secs] 
6,474: [GC (Allocation Failure) 6,474: [ParNew: 19648K->2175K(19648K), 0,0127162 secs] 43946K->28851K(63360K), 0,0128896 secs] [Times: user=0,02 sys=0,00, real=0,02 secs] 
6,615: [GC (Allocation Failure) 6,615: [ParNew: 19647K->2176K(19648K), 0,0118456 secs] 46323K->31736K(63360K), 0,0120135 secs] [Times: user=0,02 sys=0,00, real=0,02 secs] 
6,744: [GC (Allocation Failure) 6,745: [ParNew: 19648K->2176K(19648K), 0,0119950 secs] 49208K->34198K(63360K), 0,0128668 secs] [Times: user=0,02 sys=0,01, real=0,02 secs] 
6,760: [GC (CMS Initial Mark) [1 CMS-initial-mark: 32022K(43712K)] 34547K(63360K), 0,0012849 secs] [Times: user=0,00 sys=0,00, real=0,00 secs] 
6,762: [CMS-concurrent-mark-start]
6,830: [CMS-concurrent-mark: 0,068/0,068 secs] [Times: user=0,11 sys=0,00, real=0,07 secs] 
6,830: [CMS-concurrent-preclean-start]
6,832: [CMS-concurrent-preclean: 0,002/0,002 secs] [Times: user=0,01 sys=0,00, real=0,00 secs] 
6,832: [CMS-concurrent-abortable-preclean-start]
6,932: [GC (Allocation Failure) 6,932: [ParNew: 19648K->2176K(19648K), 0,0112360 secs] 51670K->36103K(63360K), 0,0114563 secs] [Times: user=0,02 sys=0,01, real=0,01 secs] 
7,073: [GC (Allocation Failure) 7,073: [ParNew7,083: [CMS-concurrent-abortable-preclean: 0,049/0,251 secs] [Times: user=0,44 sys=0,02, real=0,25 secs] 
: 19648K->2176K(19648K), 0,0143598 secs] 53575K->38248K(63360K), 0,0145086 secs] [Times: user=0,02 sys=0,00, real=0,02 secs] 
7,092: [GC (CMS Final Remark) [YG occupancy: 2882 K (19648 K)]7,092: [Rescan (parallel) , 0,0019945 secs]7,094: [weak refs processing, 0,0003943 secs]7,094: [class unloading, 0,0061422 secs]7,100: [scrub symbol table, 0,0082538 secs]7,109: [scrub string table, 0,0009999 secs][1 CMS-remark: 36072K(43712K)] 38954K(63360K), 0,0182412 secs] [Times: user=0,04 sys=0,00, real=0,02 secs] 
7,117: [CMS-concurrent-sweep-start]
7,141: [CMS-concurrent-sweep: 0,020/0,024 secs] [Times: user=0,04 sys=0,00, real=0,02 secs] 
7,142: [CMS-concurrent-reset-start]
7,160: [CMS-concurrent-reset: 0,017/0,017 secs] [Times: user=0,03 sys=0,00, real=0,02 secs] 
7,233: [GC (Allocation Failure) 7,233: [ParNew: 19648K->2176K(19648K), 0,0082903 secs] 39195K->23005K(63360K), 0,0084774 secs] [Times: user=0,02 sys=0,00, real=0,01 secs] 
7,379: [GC (Allocation Failure) 7,379: [ParNew: 19648K->2176K(19648K), 0,0115003 secs] 40477K->24381K(63360K), 0,0117418 secs] [Times: user=0,01 sys=0,00, real=0,01 secs] 
7,518: [GC (Allocation Failure) 7,518: [ParNew: 19648K->2176K(19648K), 0,0070142 secs] 41853K->25592K(63360K), 0,0072063 secs] [Times: user=0,01 sys=0,00, real=0,00 secs] 
7,811: [GC (Allocation Failure) 7,811: [ParNew: 19648K->2175K(19648K), 0,0063979 secs] 43064K->25793K(63360K), 0,0066661 secs] [Times: user=0,01 sys=0,00, real=0,01 secs] 
8,598: [GC (Allocation Failure) 8,598: [ParNew: 19647K->2176K(19648K), 0,0119917 secs] 43265K->27061K(63360K), 0,0122548 secs] [Times: user=0,02 sys=0,00, real=0,01 secs] 
10,237: [GC (Allocation Failure) 10,237: [ParNew: 19648K->2176K(19648K), 0,0341879 secs] 44533K->29184K(63360K), 0,0343611 secs] [Times: user=0,03 sys=0,00, real=0,03 secs] 
11,782: [GC (Allocation Failure) 11,782: [ParNew: 19648K->2176K(19648K), 0,0149159 secs] 46656K->31879K(63360K), 0,0150971 secs] [Times: user=0,03 sys=0,00, real=0,02 secs] 
12,375: [GC (Allocation Failure) 12,375: [ParNew: 19648K->2175K(19648K), 0,0245521 secs] 49351K->34027K(63360K), 0,0247380 secs] [Times: user=0,04 sys=0,00, real=0,03 secs] 
13,319: [GC (Allocation Failure) 13,319: [ParNew: 19647K->2176K(19648K), 0,0260550 secs] 51499K->36240K(63360K), 0,0263439 secs] [Times: user=0,05 sys=0,00, real=0,02 secs] 
14,003: [GC (Allocation Failure) 14,003: [ParNew: 19648K->2107K(19648K), 0,0135316 secs] 53712K->38067K(63360K), 0,0137357 secs] [Times: user=0,03 sys=0,00, real=0,02 secs] 
14,019: [GC (CMS Initial Mark) [1 CMS-initial-mark: 35959K(43712K)] 38397K(63360K), 0,0026822 secs] [Times: user=0,00 sys=0,00, real=0,00 secs] 
14,022: [CMS-concurrent-mark-start]
14,112: [CMS-concurrent-mark: 0,090/0,091 secs] [Times: user=0,14 sys=0,00, real=0,09 secs] 
14,113: [CMS-concurrent-preclean-start]
14,116: [CMS-concurrent-preclean: 0,002/0,002 secs] [Times: user=0,01 sys=0,00, real=0,00 secs] 
14,116: [CMS-concurrent-abortable-preclean-start]
14,277: [GC (Allocation Failure) 14,277: [ParNew: 19579K->2176K(19648K), 0,0280604 secs] 55539K->41438K(63360K), 0,0282449 secs] [Times: user=0,03 sys=0,01, real=0,02 secs] 
14,459: [GC (Allocation Failure) 14,459: [ParNew: 19648K->2176K(19648K), 0,0244160 secs] 58910K->45241K(64320K), 0,0246723 secs] [Times: user=0,02 sys=0,00, real=0,02 secs] 
14,624: [GC (Allocation Failure) 14,624: [ParNew: 19648K->2176K(19648K), 0,0140227 secs] 62713K->48377K(67584K), 0,0141836 secs] [Times: user=0,02 sys=0,01, real=0,02 secs] 
14,638: [CMS-concurrent-abortable-preclean: 0,144/0,522 secs] [Times: user=0,80 sys=0,05, real=0,53 secs] 
14,639: [GC (CMS Final Remark) [YG occupancy: 2518 K (19648 K)]14,639: [Rescan (parallel) , 0,0019086 secs]14,641: [weak refs processing, 0,0006134 secs]14,641: [class unloading, 0,0119982 secs]14,653: [scrub symbol table, 0,0205184 secs]14,674: [scrub string table, 0,0010921 secs][1 CMS-remark: 46201K(47936K)] 48719K(67584K), 0,0369598 secs] [Times: user=0,03 sys=0,00, real=0,03 secs] 
14,676: [CMS-concurrent-sweep-start]
14,700: [CMS-concurrent-sweep: 0,023/0,023 secs] [Times: user=0,03 sys=0,00, real=0,02 secs] 
14,700: [CMS-concurrent-reset-start]
14,710: [CMS-concurrent-reset: 0,010/0,010 secs] [Times: user=0,02 sys=0,00, real=0,01 secs] 
14,835: [GC (Allocation Failure) 14,835: [ParNew: 19648K->2176K(19648K), 0,0114687 secs] 52121K->38960K(73772K), 0,0116208 secs] [Times: user=0,02 sys=0,00, real=0,02 secs] 
14,847: [GC (CMS Initial Mark) [1 CMS-initial-mark: 36784K(54124K)] 39304K(73772K), 0,0013997 secs] [Times: user=0,00 sys=0,00, real=0,00 secs] 
14,849: [CMS-concurrent-mark-start]
14,954: [CMS-concurrent-mark: 0,104/0,104 secs] [Times: user=0,17 sys=0,00, real=0,10 secs] 
14,954: [CMS-concurrent-preclean-start]
14,957: [CMS-concurrent-preclean: 0,002/0,004 secs] [Times: user=0,00 sys=0,01, real=0,01 secs] 
14,958: [CMS-concurrent-abortable-preclean-start]
15,026: [GC (Allocation Failure) 15,026: [ParNew: 19648K->2176K(19648K), 0,0117268 secs] 56432K->42245K(73772K), 0,0119079 secs] [Times: user=0,02 sys=0,00, real=0,02 secs] 
15,181: [GC (Allocation Failure) 15,181: [ParNew: 19648K->2175K(19648K), 0,0106678 secs] 59717K->46024K(73772K), 0,0108518 secs] [Times: user=0,01 sys=0,00, real=0,01 secs] 
15,196: [CMS-concurrent-abortable-preclean: 0,048/0,238 secs] [Times: user=0,37 sys=0,01, real=0,23 secs] 
15,196: [GC (CMS Final Remark) [YG occupancy: 2883 K (19648 K)]15,196: [Rescan (parallel) , 0,0023484 secs]15,199: [weak refs processing, 0,0007962 secs]15,200: [class unloading, 0,0117635 secs]15,211: [scrub symbol table, 0,0116724 secs]15,223: [scrub string table, 0,0009912 secs][1 CMS-remark: 43848K(54124K)] 46731K(73772K), 0,0280186 secs] [Times: user=0,03 sys=0,00, real=0,03 secs] 
15,225: [CMS-concurrent-sweep-start]
15,255: [CMS-concurrent-sweep: 0,028/0,030 secs] [Times: user=0,06 sys=0,01, real=0,03 secs] 
15,255: [CMS-concurrent-reset-start]
15,281: [CMS-concurrent-reset: 0,026/0,026 secs] [Times: user=0,03 sys=0,00, real=0,03 secs] 
15,347: [GC (Allocation Failure) 15,347: [ParNew: 19647K->2176K(19648K), 0,0089546 secs] 54116K->40254K(77096K), 0,0091338 secs] [Times: user=0,01 sys=0,00, real=0,01 secs] 
15,499: [GC (Allocation Failure) 15,499: [ParNew: 19648K->2176K(19648K), 0,0180512 secs] 57726K->43163K(77096K), 0,0182407 secs] [Times: user=0,02 sys=0,00, real=0,02 secs] 
15,517: [GC (CMS Initial Mark) [1 CMS-initial-mark: 40987K(57448K)] 43171K(77096K), 0,0021885 secs] [Times: user=0,00 sys=0,00, real=0,00 secs] 
15,520: [CMS-concurrent-mark-start]
15,672: [CMS-concurrent-mark: 0,153/0,153 secs] [Times: user=0,12 sys=0,01, real=0,15 secs] 
15,675: [CMS-concurrent-preclean-start]
15,680: [CMS-concurrent-preclean: 0,004/0,005 secs] [Times: user=0,00 sys=0,00, real=0,01 secs] 
15,680: [CMS-concurrent-abortable-preclean-start]
15,791: [GC (Allocation Failure) 15,791: [ParNew15,796: [CMS-concurrent-abortable-preclean: 0,016/0,117 secs] [Times: user=0,11 sys=0,01, real=0,11 secs] 
: 19648K->2175K(19648K), 0,0154383 secs] 60635K->45734K(77096K), 0,0156212 secs] [Times: user=0,02 sys=0,00, real=0,02 secs] 
15,809: [GC (CMS Final Remark) [YG occupancy: 2523 K (19648 K)]15,809: [Rescan (parallel) , 0,0051943 secs]15,815: [weak refs processing, 0,0003376 secs]15,815: [class unloading, 0,0116123 secs]15,827: [scrub symbol table, 0,0118935 secs]15,838: [scrub string table, 0,0009960 secs][1 CMS-remark: 43558K(57448K)] 46082K(77096K), 0,0303917 secs] [Times: user=0,04 sys=0,00, real=0,03 secs] 
15,840: [CMS-concurrent-sweep-start]
15,889: [CMS-concurrent-sweep: 0,048/0,048 secs] [Times: user=0,07 sys=0,01, real=0,05 secs] 
15,889: [CMS-concurrent-reset-start]
15,901: [CMS-concurrent-reset: 0,012/0,012 secs] [Times: user=0,02 sys=0,00, real=0,01 secs] 
15,988: [GC (Allocation Failure) 15,988: [ParNew: 19647K->2175K(19648K), 0,0093733 secs] 50792K->34445K(77096K), 0,0095523 secs] [Times: user=0,01 sys=0,00, real=0,01 secs] 
16,142: [GC (Allocation Failure) 16,142: [ParNew: 19647K->2175K(19648K), 0,0106178 secs] 51917K->35825K(77096K), 0,0107963 secs] [Times: user=0,01 sys=0,00, real=0,01 secs] 
16,286: [GC (Allocation Failure) 16,286: [ParNew: 19647K->2176K(19648K), 0,0111827 secs] 53297K->37081K(77096K), 0,0114078 secs] [Times: user=0,02 sys=0,00, real=0,02 secs] 
16,428: [GC (Allocation Failure) 16,428: [ParNew: 19648K->2176K(19648K), 0,0121516 secs] 54553K->37565K(77096K), 0,0123186 secs] [Times: user=0,02 sys=0,00, real=0,01 secs] 
16,737: [GC (Allocation Failure) 16,737: [ParNew: 19648K->2176K(19648K), 0,0092386 secs] 55037K->39106K(77096K), 0,0093854 secs] [Times: user=0,01 sys=0,00, real=0,00 secs] 
16,851: [GC (Allocation Failure) 16,851: [ParNew: 19648K->2175K(19648K), 0,0147021 secs] 56578K->42119K(77096K), 0,0148762 secs] [Times: user=0,02 sys=0,01, real=0,01 secs] 
16,989: [GC (Allocation Failure) 16,989: [ParNew: 19647K->2176K(19648K), 0,0129119 secs] 59591K->43509K(77096K), 0,0130928 secs] [Times: user=0,01 sys=0,00, real=0,01 secs] 
17,180: [GC (Allocation Failure) 17,180: [ParNew: 19648K->2175K(19648K), 0,0084943 secs] 60981K->44824K(77096K), 0,0086707 secs] [Times: user=0,01 sys=0,00, real=0,01 secs] 
17,317: [GC (Allocation Failure) 17,317: [ParNew: 19647K->2176K(19648K), 0,0145037 secs] 62296K->46050K(77096K), 0,0146780 secs] [Times: user=0,02 sys=0,00, real=0,01 secs] 
27,279: [Full GC (System.gc()) 27,279: [CMS: 43874K->26098K(57448K), 0,2137532 secs] 54405K->26098K(77096K), [Metaspace: 28998K->28998K(1075200K)], 0,2143838 secs] [Times: user=0,16 sys=0,00, real=0,21 secs] 
28,895: [GC (Allocation Failure) 28,896: [ParNew: 23104K->2816K(25920K), 0,0290273 secs] 49202K->31254K(83368K), 0,0293117 secs] [Times: user=0,03 sys=0,01, real=0,03 secs] 
56,142: [GC (Allocation Failure) 56,142: [ParNew: 25920K->2231K(25920K), 0,0129627 secs] 54358K->32658K(83368K), 0,0131448 secs] [Times: user=0,02 sys=0,00, real=0,01 secs] 
59,503: [GC (Allocation Failure) 59,503: [ParNew: 25335K->2816K(25920K), 0,0252991 secs] 55762K->33621K(83368K), 0,0255380 secs] [Times: user=0,02 sys=0,00, real=0,03 secs] 
59,702: [GC (Allocation Failure) 59,702: [ParNew: 25920K->2816K(25920K), 0,0204202 secs] 56725K->36921K(83368K), 0,0207058 secs] [Times: user=0,03 sys=0,00, real=0,02 secs] 
59,831: [GC (Allocation Failure) 59,831: [ParNew: 25920K->2369K(25920K), 0,0135426 secs] 60025K->38919K(83368K), 0,0137750 secs] [Times: user=0,03 sys=0,00, real=0,01 secs] 
59,946: [GC (Allocation Failure) 59,946: [ParNew: 25473K->2811K(25920K), 0,0168860 secs] 62023K->40779K(83368K), 0,0171034 secs] [Times: user=0,03 sys=0,00, real=0,02 secs] 
60,052: [GC (Allocation Failure) 60,052: [ParNew: 25915K->2192K(25920K), 0,0271862 secs] 63883K->42768K(83368K), 0,0274190 secs] [Times: user=0,03 sys=0,00, real=0,03 secs] 
60,237: [GC (Allocation Failure) 60,237: [ParNew: 25296K->2816K(25920K), 0,0276047 secs] 65872K->44811K(83368K), 0,0279206 secs] [Times: user=0,02 sys=0,00, real=0,02 secs] 
60,370: [GC (Allocation Failure) 60,370: [ParNew: 25920K->2816K(25920K), 0,0161959 secs] 67915K->47360K(83368K), 0,0163964 secs] [Times: user=0,03 sys=0,00, real=0,02 secs] 
60,479: [GC (Allocation Failure) 60,479: [ParNew: 25920K->2045K(25920K), 0,0145031 secs] 70464K->48536K(83368K), 0,0147261 secs] [Times: user=0,03 sys=0,00, real=0,01 secs] 
60,591: [GC (Allocation Failure) 60,592: [ParNew: 25149K->2816K(25920K), 0,0279483 secs] 71640K->50727K(83368K), 0,0281800 secs] [Times: user=0,05 sys=0,00, real=0,03 secs] 
60,657: [GC (CMS Initial Mark) [1 CMS-initial-mark: 47911K(57448K)] 58288K(83368K), 0,0153211 secs] [Times: user=0,03 sys=0,00, real=0,01 secs] 
60,672: [CMS-concurrent-mark-start]
60,754: [GC (Allocation Failure) 60,754: [ParNew: 25920K->2007K(25920K), 0,0332615 secs] 73831K->51409K(83368K), 0,0335799 secs] [Times: user=0,06 sys=0,00, real=0,04 secs] 
60,887: [GC (Allocation Failure) 60,887: [ParNew: 25111K->1382K(25920K), 0,0188828 secs] 74513K->52282K(83368K), 0,0191415 secs] [Times: user=0,04 sys=0,00, real=0,01 secs] 
61,011: [GC (Allocation Failure) 61,012: [ParNew: 24486K->2816K(25920K), 0,0112533 secs] 75386K->53814K(83368K), 0,0115158 secs] [Times: user=0,02 sys=0,00, real=0,01 secs] 
61,119: [GC (Allocation Failure) 61,119: [ParNew: 25920K->2431K(25920K), 0,0215487 secs] 76918K->56427K(83368K), 0,0221158 secs] [Times: user=0,04 sys=0,00, real=0,02 secs] 
61,250: [GC (Allocation Failure) 61,250: [ParNew: 25535K->2816K(25920K), 0,0381365 secs] 79531K->56945K(83368K), 0,0383527 secs] [Times: user=0,02 sys=0,00, real=0,04 secs] 
61,371: [GC (Allocation Failure) 61,371: [ParNew: 25920K->2816K(25920K), 0,0271058 secs] 80049K->58263K(83368K), 0,0273207 secs] [Times: user=0,04 sys=0,00, real=0,03 secs] 
61,485: [GC (Allocation Failure) 61,485: [ParNew: 25920K->2611K(25920K), 0,0438592 secs] 81367K->60861K(84904K), 0,0441097 secs] [Times: user=0,04 sys=0,00, real=0,05 secs] 
61,628: [GC (Allocation Failure) 61,628: [ParNew: 25715K->2816K(25920K), 0,0157341 secs] 83965K->61135K(84904K), 0,0159865 secs] [Times: user=0,02 sys=0,00, real=0,01 secs] 
61,740: [GC (Allocation Failure) 61,741: [ParNew: 25920K->2816K(25920K), 0,0270387 secs] 84239K->63888K(87592K), 0,0272964 secs] [Times: user=0,04 sys=0,00, real=0,03 secs] 
61,843: [GC (Allocation Failure) 61,843: [ParNew: 25920K->2664K(25920K), 0,0213554 secs] 86992K->66545K(90472K), 0,0215884 secs] [Times: user=0,03 sys=0,01, real=0,02 secs] 
61,944: [GC (Allocation Failure) 61,944: [ParNew: 25768K->2816K(25920K), 0,0172372 secs] 89649K->66696K(90472K), 0,0175312 secs] [Times: user=0,02 sys=0,00, real=0,02 secs] 
62,029: [GC (Allocation Failure) 62,029: [ParNew: 25920K->2816K(25920K), 0,0194601 secs] 89800K->67997K(91816K), 0,0196888 secs] [Times: user=0,04 sys=0,00, real=0,02 secs] 
62,120: [GC (Allocation Failure) 62,120: [ParNew: 25920K->2816K(25920K), 0,0192772 secs] 91101K->69268K(92968K), 0,0195668 secs] [Times: user=0,03 sys=0,00, real=0,02 secs] 
62,205: [GC (Allocation Failure) 62,205: [ParNew: 25920K->2816K(25920K), 0,0190364 secs] 92372K->70453K(94120K), 0,0193011 secs] [Times: user=0,03 sys=0,00, real=0,02 secs] 
62,297: [GC (Allocation Failure) 62,298: [ParNew: 25920K->2816K(25920K), 0,0176318 secs] 93557K->71673K(95464K), 0,0179183 secs] [Times: user=0,03 sys=0,00, real=0,01 secs] 
62,370: [GC (Allocation Failure) 62,370: [ParNew: 25920K->2816K(25920K), 0,0250619 secs] 94777K->72972K(96616K), 0,0253255 secs] [Times: user=0,03 sys=0,00, real=0,02 secs] 
62,477: [GC (Allocation Failure) 62,478: [ParNew: 25920K->2816K(25920K), 0,0502057 secs] 96076K->74155K(97960K), 0,0504456 secs] [Times: user=0,06 sys=0,00, real=0,05 secs] 
62,593: [GC (Allocation Failure) 62,593: [ParNew: 25920K->2816K(25920K), 0,0380538 secs] 97259K->75356K(99112K), 0,0383229 secs] [Times: user=0,07 sys=0,00, real=0,04 secs] 
62,685: [GC (Allocation Failure) 62,685: [ParNew: 25920K->2816K(25920K), 0,0238666 secs] 98460K->76582K(100264K), 0,0241598 secs] [Times: user=0,03 sys=0,00, real=0,03 secs] 
62,749: [GC (Allocation Failure) 62,749: [ParNew: 25920K->2816K(25920K), 0,0178623 secs] 99686K->77826K(101608K), 0,0180759 secs] [Times: user=0,03 sys=0,00, real=0,02 secs] 
62,813: [GC (Allocation Failure) 62,813: [ParNew: 25920K->2816K(25920K), 0,0174596 secs] 100930K->79054K(102760K), 0,0176649 secs] [Times: user=0,03 sys=0,00, real=0,02 secs] 
62,876: [CMS-concurrent-mark: 1,533/2,204 secs] [Times: user=3,44 sys=0,06, real=2,20 secs] 
62,877: [GC (Allocation Failure) 62,877: [ParNew: 25920K->2816K(25920K), 0,0217089 secs] 102158K->80426K(104296K), 0,0219096 secs] [Times: user=0,03 sys=0,01, real=0,02 secs] 
62,899: [CMS-concurrent-preclean-start]
62,972: [GC (Allocation Failure) 62,972: [ParNew: 25920K->2816K(25920K), 0,0454388 secs] 103530K->81924K(105640K), 0,0457234 secs] [Times: user=0,04 sys=0,00, real=0,05 secs] 
63,053: [CMS-concurrent-preclean: 0,100/0,154 secs] [Times: user=0,21 sys=0,00, real=0,15 secs] 
63,053: [CMS-concurrent-abortable-preclean-start]
63,064: [GC (Allocation Failure) 63,064: [ParNew: 25920K->2816K(25920K), 0,0694915 secs] 105028K->83018K(106792K), 0,0697558 secs] [Times: user=0,07 sys=0,00, real=0,07 secs] 
63,185: [GC (Allocation Failure) 63,192: [ParNew: 25920K->2816K(25920K), 0,0252415 secs] 106122K->84173K(107944K), 0,0324163 secs] [Times: user=0,03 sys=0,00, real=0,04 secs] 
63,219: [CMS-concurrent-abortable-preclean: 0,068/0,166 secs] [Times: user=0,21 sys=0,00, real=0,17 secs] 
63,245: [GC (CMS Final Remark) [YG occupancy: 17882 K (25920 K)]63,245: [Rescan (parallel) , 0,0182662 secs]63,264: [weak refs processing, 0,0002906 secs]63,264: [class unloading, 0,0140391 secs]63,278: [scrub symbol table, 0,0202585 secs]63,298: [scrub string table, 0,0020744 secs][1 CMS-remark: 81357K(82024K)] 99239K(107944K), 0,0559311 secs] [Times: user=0,06 sys=0,01, real=0,06 secs] 
63,313: [CMS-concurrent-sweep-start]
63,321: [GC (Allocation Failure) 63,321: [ParNew: 25920K->2816K(25920K), 0,0203795 secs] 107081K->85181K(108904K), 0,0206254 secs] [Times: user=0,03 sys=0,00, real=0,02 secs] 
63,378: [GC (Allocation Failure) 63,378: [ParNew: 25920K->2816K(25920K), 0,0381029 secs] 108277K->86544K(110248K), 0,0383326 secs] [Times: user=0,04 sys=0,00, real=0,03 secs] 
63,457: [GC (Allocation Failure) 63,457: [ParNew: 25920K->2816K(25920K), 0,0182373 secs] 109331K->87410K(111208K), 0,0185183 secs] [Times: user=0,03 sys=0,00, real=0,01 secs] 
63,533: [GC (Allocation Failure) 63,534: [ParNew: 25920K->2816K(25920K), 0,0368820 secs] 110501K->88499K(112360K), 0,0373106 secs] [Times: user=0,03 sys=0,00, real=0,04 secs] 
63,638: [GC (Allocation Failure) 63,638: [ParNew: 25920K->2816K(25920K), 0,0183992 secs] 111603K->89737K(113512K), 0,0186501 secs] [Times: user=0,03 sys=0,00, real=0,01 secs] 
63,667: [CMS-concurrent-sweep: 0,204/0,354 secs] [Times: user=0,45 sys=0,02, real=0,36 secs] 
63,667: [CMS-concurrent-reset-start]
63,715: [GC (Allocation Failure) 63,715: [ParNew: 25920K->2816K(25920K), 0,0228664 secs] 112838K->91034K(170784K), 0,0231629 secs] [Times: user=0,03 sys=0,00, real=0,03 secs] 
63,747: [CMS-concurrent-reset: 0,055/0,079 secs] [Times: user=0,11 sys=0,00, real=0,08 secs] 
63,775: [GC (Allocation Failure) 63,775: [ParNew: 25920K->2816K(25920K), 0,0251070 secs] 114138K->92243K(170784K), 0,0253624 secs] [Times: user=0,04 sys=0,00, real=0,03 secs] 
63,835: [GC (Allocation Failure) 63,835: [ParNew: 25920K->2816K(25920K), 0,0180095 secs] 115347K->93443K(170784K), 0,0182615 secs] [Times: user=0,03 sys=0,00, real=0,02 secs] 
63,888: [GC (Allocation Failure) 63,888: [ParNew: 25920K->2816K(25920K), 0,0294291 secs] 116547K->94693K(170784K), 0,0296923 secs] [Times: user=0,04 sys=0,00, real=0,03 secs] 
63,952: [GC (Allocation Failure) 63,952: [ParNew: 25920K->2816K(25920K), 0,0174219 secs] 117797K->95923K(170784K), 0,0177228 secs] [Times: user=0,03 sys=0,00, real=0,02 secs] 
64,014: [GC (Allocation Failure) 64,014: [ParNew: 25920K->2816K(25920K), 0,0185204 secs] 119027K->97145K(170784K), 0,0187268 secs] [Times: user=0,03 sys=0,00, real=0,02 secs] 
64,067: [GC (Allocation Failure) 64,067: [ParNew: 25920K->2816K(25920K), 0,0186552 secs] 120249K->98378K(170784K), 0,0188750 secs] [Times: user=0,03 sys=0,00, real=0,01 secs] 
64,134: [GC (Allocation Failure) 64,134: [ParNew: 25920K->2816K(25920K), 0,0163907 secs] 121482K->99607K(170784K), 0,0166029 secs] [Times: user=0,03 sys=0,00, real=0,02 secs] 
64,186: [GC (Allocation Failure) 64,186: [ParNew: 25920K->2816K(25920K), 0,0285579 secs] 122711K->100845K(170784K), 0,0287867 secs] [Times: user=0,04 sys=0,00, real=0,03 secs] 
64,245: [GC (Allocation Failure) 64,245: [ParNew: 25920K->2816K(25920K), 0,0159761 secs] 123949K->102070K(170784K), 0,0162109 secs] [Times: user=0,03 sys=0,00, real=0,02 secs] 
64,300: [GC (Allocation Failure) 64,300: [ParNew: 25920K->2816K(25920K), 0,0202969 secs] 125174K->103352K(170784K), 0,0205278 secs] [Times: user=0,03 sys=0,00, real=0,02 secs] 
64,333: [GC (CMS Initial Mark) [1 CMS-initial-mark: 100536K(144864K)] 110447K(170784K), 0,0092749 secs] [Times: user=0,02 sys=0,00, real=0,01 secs] 
64,343: [CMS-concurrent-mark-start]
64,373: [GC (Allocation Failure) 64,373: [ParNew: 25920K->2816K(25920K), 0,0334940 secs] 126456K->104563K(170784K), 0,0337227 secs] [Times: user=0,03 sys=0,00, real=0,04 secs] 
64,453: [GC (Allocation Failure) 64,453: [ParNew: 25920K->2816K(25920K), 0,0171972 secs] 127667K->105747K(170784K), 0,0174431 secs] [Times: user=0,04 sys=0,00, real=0,02 secs] 
64,510: [GC (Allocation Failure) 64,511: [ParNew: 25920K->2816K(25920K), 0,0373327 secs] 128851K->106975K(170784K), 0,0375686 secs] [Times: user=0,07 sys=0,01, real=0,04 secs] 
64,582: [GC (Allocation Failure) 64,582: [ParNew: 25920K->2816K(25920K), 0,0415750 secs] 130079K->108221K(170784K), 0,0418728 secs] [Times: user=0,06 sys=0,00, real=0,04 secs] 
64,656: [GC (Allocation Failure) 64,656: [ParNew: 25920K->2816K(25920K), 0,0405327 secs] 131325K->109456K(170784K), 0,0408498 secs] [Times: user=0,06 sys=0,00, real=0,05 secs] 
64,736: [GC (Allocation Failure) 64,736: [ParNew: 25920K->2816K(25920K), 0,0194603 secs] 132560K->110693K(170784K), 0,0196707 secs] [Times: user=0,03 sys=0,00, real=0,02 secs] 
64,801: [GC (Allocation Failure) 64,801: [ParNew: 25920K->2816K(25920K), 0,0230962 secs] 133797K->111917K(170784K), 0,0233354 secs] [Times: user=0,03 sys=0,00, real=0,02 secs] 
64,862: [GC (Allocation Failure) 64,862: [ParNew: 25920K->2816K(25920K), 0,0193615 secs] 135021K->113175K(170784K), 0,0195868 secs] [Times: user=0,04 sys=0,00, real=0,02 secs] 
64,920: [GC (Allocation Failure) 64,921: [ParNew: 25920K->2816K(25920K), 0,0196787 secs] 136279K->114394K(170784K), 0,0200687 secs] [Times: user=0,03 sys=0,00, real=0,02 secs] 
64,968: [GC (Allocation Failure) 64,969: [ParNew: 25920K->2816K(25920K), 0,0364781 secs] 137498K->115711K(170784K), 0,0367158 secs] [Times: user=0,05 sys=0,00, real=0,03 secs] 
65,039: [GC (Allocation Failure) 65,040: [ParNew: 25920K->2816K(25920K), 0,0188524 secs] 138815K->116858K(170784K), 0,0190623 secs] [Times: user=0,03 sys=0,00, real=0,02 secs] 
65,089: [GC (Allocation Failure) 65,089: [ParNew: 25920K->2816K(25920K), 0,0284177 secs] 139962K->118356K(170784K), 0,0287011 secs] [Times: user=0,04 sys=0,00, real=0,03 secs] 
65,156: [GC (Allocation Failure) 65,156: [ParNew: 25920K->2816K(25920K), 0,0176434 secs] 141460K->119440K(170784K), 0,0179202 secs] [Times: user=0,02 sys=0,00, real=0,02 secs] 
65,228: [GC (Allocation Failure) 65,228: [ParNew: 25920K->2816K(25920K), 0,0180403 secs] 142544K->120530K(170784K), 0,0182542 secs] [Times: user=0,03 sys=0,00, real=0,01 secs] 
65,279: [GC (Allocation Failure) 65,279: [ParNew: 25920K->2816K(25920K), 0,0284516 secs] 143634K->122036K(170784K), 0,0286751 secs] [Times: user=0,04 sys=0,00, real=0,03 secs] 
65,346: [GC (Allocation Failure) 65,346: [ParNew: 25920K->2531K(25920K), 0,0198578 secs] 145140K->123046K(170784K), 0,0201257 secs] [Times: user=0,04 sys=0,01, real=0,02 secs] 
65,402: [GC (Allocation Failure) 65,402: [ParNew: 25635K->2816K(25920K), 0,0303409 secs] 146150K->124524K(170784K), 0,0305974 secs] [Times: user=0,04 sys=0,00, real=0,03 secs] 
65,468: [GC (Allocation Failure) 65,468: [ParNew: 25920K->2816K(25920K), 0,0195305 secs] 147628K->125751K(170784K), 0,0198406 secs] [Times: user=0,03 sys=0,00, real=0,02 secs] 
65,543: [GC (Allocation Failure) 65,543: [ParNew: 25920K->2816K(25920K), 0,0234104 secs] 148855K->127048K(170784K), 0,0236932 secs] [Times: user=0,04 sys=0,01, real=0,03 secs] 
65,604: [GC (Allocation Failure) 65,604: [ParNew: 25920K->2816K(25920K), 0,0179915 secs] 150152K->128240K(170784K), 0,0182865 secs] [Times: user=0,02 sys=0,01, real=0,02 secs] 
65,657: [GC (Allocation Failure) 65,657: [ParNew: 25920K->2816K(25920K), 0,0328810 secs] 151344K->129471K(170784K), 0,0331272 secs] [Times: user=0,04 sys=0,01, real=0,03 secs] 
65,732: [GC (Allocation Failure) 65,732: [ParNew: 25920K->2816K(25920K), 0,0184638 secs] 152575K->130693K(170784K), 0,0187535 secs] [Times: user=0,03 sys=0,00, real=0,02 secs] 
65,786: [GC (Allocation Failure) 65,786: [ParNew: 25920K->2816K(25920K), 0,0303151 secs] 153797K->131971K(170784K), 0,0306171 secs] [Times: user=0,03 sys=0,01, real=0,04 secs] 
65,855: [GC (Allocation Failure) 65,856: [ParNew: 25920K->2816K(25920K), 0,0282107 secs] 155075K->133132K(170784K), 0,0284874 secs] [Times: user=0,04 sys=0,00, real=0,03 secs] 
65,920: [GC (Allocation Failure) 65,920: [ParNew: 25920K->2816K(25920K), 0,0212723 secs] 156236K->134365K(170784K), 0,0214968 secs] [Times: user=0,03 sys=0,00, real=0,02 secs] 
65,976: [GC (Allocation Failure) 65,976: [ParNew: 25920K->2816K(25920K), 0,0279730 secs] 157469K->135589K(170784K), 0,0282528 secs] [Times: user=0,04 sys=0,01, real=0,03 secs] 
66,036: [GC (Allocation Failure) 66,036: [ParNew: 25920K->2816K(25920K), 0,0169366 secs] 158693K->136812K(170784K), 0,0172285 secs] [Times: user=0,03 sys=0,00, real=0,02 secs] 
66,080: [GC (Allocation Failure) 66,081: [ParNew: 25920K->2816K(25920K), 0,0322564 secs] 159916K->137994K(170784K), 0,0324986 secs] [Times: user=0,04 sys=0,00, real=0,03 secs] 
66,161: [GC (Allocation Failure) 66,161: [ParNew: 25920K->2816K(25920K), 0,0603395 secs] 161098K->139892K(170784K), 0,0605658 secs] [Times: user=0,05 sys=0,01, real=0,06 secs] 
66,272: [GC (Allocation Failure) 66,272: [ParNew: 25920K->2816K(25920K), 0,0471611 secs] 162996K->140801K(170784K), 0,0474135 secs] [Times: user=0,03 sys=0,00, real=0,05 secs] 
66,353: [GC (Allocation Failure) 66,353: [ParNew: 25920K->2816K(25920K), 0,0234615 secs] 163905K->141766K(170784K), 0,0236927 secs] [Times: user=0,03 sys=0,00, real=0,03 secs] 
66,422: [GC (Allocation Failure) 66,422: [ParNew: 25920K->2816K(25920K), 0,0232120 secs] 164870K->142983K(170784K), 0,0234207 secs] [Times: user=0,03 sys=0,00, real=0,02 secs] 
66,506: [GC (Allocation Failure) 66,506: [ParNew: 25920K->2816K(25920K), 0,0318587 secs] 166087K->144118K(170784K), 0,0321014 secs] [Times: user=0,05 sys=0,00, real=0,04 secs] 
66,581: [GC (Allocation Failure) 66,582: [ParNew: 25920K->2816K(25920K), 0,0315468 secs] 167222K->145322K(170784K), 0,0317863 secs] [Times: user=0,03 sys=0,00, real=0,03 secs] 
66,654: [GC (Allocation Failure) 66,654: [ParNew: 25920K->2816K(25920K), 0,0165762 secs] 168426K->146524K(170784K), 0,0168090 secs] [Times: user=0,03 sys=0,00, real=0,02 secs] 
66,715: [GC (Allocation Failure) 66,715: [ParNew: 25920K->2816K(25920K), 0,0180712 secs] 169628K->147543K(171360K), 0,0183050 secs] [Times: user=0,03 sys=0,00, real=0,02 secs] 
66,766: [GC (Allocation Failure) 66,766: [ParNew: 25920K->2816K(25920K), 0,0384067 secs] 170647K->148666K(172512K), 0,0386885 secs] [Times: user=0,05 sys=0,01, real=0,04 secs] 
66,843: [GC (Allocation Failure) 66,843: [ParNew: 25920K->2816K(25920K), 0,0172036 secs] 171770K->149872K(173664K), 0,0174046 secs] [Times: user=0,03 sys=0,00, real=0,02 secs] 
66,911: [GC (Allocation Failure) 66,911: [ParNew: 25920K->2816K(25920K), 0,0188266 secs] 172976K->151099K(175008K), 0,0190632 secs] [Times: user=0,03 sys=0,00, real=0,02 secs] 
66,975: [GC (Allocation Failure) 66,975: [ParNew: 25920K->2816K(25920K), 0,0169850 secs] 174203K->152208K(175968K), 0,0172146 secs] [Times: user=0,03 sys=0,00, real=0,02 secs] 
67,048: [GC (Allocation Failure) 67,048: [ParNew: 25920K->2816K(25920K), 0,0169290 secs] 175312K->153395K(177312K), 0,0171884 secs] [Times: user=0,03 sys=0,00, real=0,01 secs] 
67,115: [GC (Allocation Failure) 67,115: [ParNew: 25920K->2816K(25920K), 0,0197073 secs] 176499K->154540K(178272K), 0,0199535 secs] [Times: user=0,03 sys=0,00, real=0,02 secs] 
67,169: [GC (Allocation Failure) 67,169: [ParNew: 25920K->2816K(25920K), 0,0175276 secs] 177644K->155632K(179424K), 0,0178434 secs] [Times: user=0,03 sys=0,00, real=0,02 secs] 
67,254: [GC (Allocation Failure) 67,254: [ParNew: 25920K->2816K(25920K), 0,0331806 secs] 178736K->156820K(180768K), 0,0334753 secs] [Times: user=0,03 sys=0,00, real=0,04 secs] 
67,361: [GC (Allocation Failure) 67,362: [ParNew: 25920K->2816K(25920K), 0,0416506 secs] 179924K->157966K(181728K), 0,0419388 secs] [Times: user=0,03 sys=0,01, real=0,04 secs] 
67,491: [GC (Allocation Failure) 67,491: [ParNew: 25920K->2816K(25920K), 0,0775813 secs] 181070K->159138K(182880K), 0,0778850 secs] [Times: user=0,04 sys=0,00, real=0,08 secs] 
67,662: [GC (Allocation Failure) 67,662: [ParNew: 25920K->2816K(25920K), 0,0680565 secs] 182242K->160354K(184224K), 0,0683126 secs] [Times: user=0,04 sys=0,00, real=0,07 secs] 
67,869: [GC (Allocation Failure) 67,869: [ParNew: 25920K->2816K(25920K), 0,0376513 secs] 183458K->161477K(185376K), 0,0379432 secs] [Times: user=0,04 sys=0,01, real=0,04 secs] 
67,983: [GC (Allocation Failure) 67,983: [ParNew: 25920K->2816K(25920K), 0,0344847 secs] 184581K->162655K(186528K), 0,0347427 secs] [Times: user=0,05 sys=0,00, real=0,04 secs] 
68,064: [GC (Allocation Failure) 68,064: [ParNew: 25920K->2595K(25920K), 0,0252352 secs] 185759K->165140K(189216K), 0,0255249 secs] [Times: user=0,04 sys=0,00, real=0,03 secs] 
68,155: [GC (Allocation Failure) 68,155: [ParNew: 25699K->2816K(25920K), 0,0188118 secs] 188244K->165419K(189216K), 0,0190849 secs] [Times: user=0,03 sys=0,00, real=0,02 secs] 
68,223: [GC (Allocation Failure) 68,223: [ParNew: 25920K->2816K(25920K), 0,0192706 secs] 188523K->166675K(190560K), 0,0195315 secs] [Times: user=0,04 sys=0,00, real=0,02 secs] 
68,285: [GC (Allocation Failure) 68,285: [ParNew: 25920K->2816K(25920K), 0,0248547 secs] 189779K->167875K(191712K), 0,0250716 secs] [Times: user=0,04 sys=0,00, real=0,03 secs] 
68,353: [GC (Allocation Failure) 68,353: [ParNew: 25920K->2816K(25920K), 0,0267392 secs] 190979K->169053K(192864K), 0,0270033 secs] [Times: user=0,03 sys=0,00, real=0,03 secs] 
68,425: [GC (Allocation Failure) 68,425: [ParNew: 25920K->2816K(25920K), 0,0193978 secs] 192157K->170277K(194016K), 0,0196468 secs] [Times: user=0,02 sys=0,01, real=0,02 secs] 
68,494: [GC (Allocation Failure) 68,496: [ParNew: 25920K->2816K(25920K), 0,0404790 secs] 193381K->171507K(195360K), 0,0427957 secs] [Times: user=0,06 sys=0,00, real=0,05 secs] 
68,603: [GC (Allocation Failure) 68,604: [ParNew: 25920K->2816K(25920K), 0,0224655 secs] 194611K->172770K(196512K), 0,0228935 secs] [Times: user=0,04 sys=0,00, real=0,03 secs] 
68,724: [GC (Allocation Failure) 68,724: [ParNew: 25920K->2816K(25920K), 0,0287171 secs] 195874K->173994K(197856K), 0,0289814 secs] [Times: user=0,04 sys=0,00, real=0,03 secs] 
68,850: [GC (Allocation Failure) 68,851: [ParNew: 25920K->2816K(25920K), 0,0335942 secs] 197098K->175295K(199008K), 0,0338834 secs] [Times: user=0,06 sys=0,00, real=0,03 secs] 
68,936: [GC (Allocation Failure) 68,936: [ParNew: 25920K->2816K(25920K), 0,0236624 secs] 198399K->176538K(200352K), 0,0238784 secs] [Times: user=0,04 sys=0,00, real=0,03 secs] 
69,014: [GC (Allocation Failure) 69,014: [ParNew: 25920K->2816K(25920K), 0,0242359 secs] 199642K->177833K(201696K), 0,0246253 secs] [Times: user=0,05 sys=0,00, real=0,03 secs] 
69,084: [GC (Allocation Failure) 69,084: [ParNew: 25920K->2816K(25920K), 0,0256902 secs] 200937K->179006K(202848K), 0,0259854 secs] [Times: user=0,03 sys=0,00, real=0,03 secs] 
69,156: [GC (Allocation Failure) 69,156: [ParNew: 25920K->2816K(25920K), 0,0214390 secs] 202110K->180258K(204000K), 0,0217369 secs] [Times: user=0,03 sys=0,00, real=0,03 secs] 
69,225: [GC (Allocation Failure) 69,225: [ParNew: 25920K->2816K(25920K), 0,0193767 secs] 203362K->181496K(205344K), 0,0196766 secs] [Times: user=0,03 sys=0,00, real=0,02 secs] 
69,286: [GC (Allocation Failure) 69,286: [ParNew: 25920K->2816K(25920K), 0,0272975 secs] 204600K->182872K(206688K), 0,0275599 secs] [Times: user=0,04 sys=0,00, real=0,03 secs] 
69,355: [GC (Allocation Failure) 69,355: [ParNew: 25920K->2816K(25920K), 0,0277128 secs] 205976K->184056K(207840K), 0,0279706 secs] [Times: user=0,04 sys=0,00, real=0,03 secs] 
69,428: [GC (Allocation Failure) 69,428: [ParNew: 25920K->2816K(25920K), 0,0198870 secs] 207160K->185298K(209184K), 0,0201355 secs] [Times: user=0,04 sys=0,00, real=0,02 secs] 
69,493: [GC (Allocation Failure) 69,493: [ParNew: 25920K->2816K(25920K), 0,0399159 secs] 208402K->186583K(210336K), 0,0402126 secs] [Times: user=0,03 sys=0,00, real=0,04 secs] 
69,579: [GC (Allocation Failure) 69,579: [ParNew: 25920K->2816K(25920K), 0,0520641 secs] 209687K->188033K(211872K), 0,0523258 secs] [Times: user=0,08 sys=0,01, real=0,05 secs] 
69,667: [GC (Allocation Failure) 69,668: [ParNew: 25920K->2503K(25920K), 0,0444679 secs] 211137K->188975K(213024K), 0,0447305 secs] [Times: user=0,06 sys=0,00, real=0,04 secs] 
69,779: [GC (Allocation Failure) 69,779: [ParNew: 25607K->2816K(25920K), 0,0462364 secs] 212079K->190538K(214368K), 0,0464570 secs] [Times: user=0,07 sys=0,00, real=0,04 secs] 
69,878: [GC (Allocation Failure) 69,878: [ParNew: 25920K->2578K(25920K), 0,0436577 secs] 213642K->192918K(217056K), 0,0439534 secs] [Times: user=0,06 sys=0,01, real=0,04 secs] 
69,966: [GC (Allocation Failure) 69,966: [ParNew: 25682K->1762K(25920K), 0,0285383 secs] 216022K->192103K(217056K), 0,0287396 secs] [Times: user=0,04 sys=0,00, real=0,03 secs] 
70,044: [GC (Allocation Failure) 70,044: [ParNew: 24866K->2091K(25920K), 0,0290234 secs] 215207K->193372K(217824K), 0,0292386 secs] [Times: user=0,05 sys=0,00, real=0,03 secs] 
70,135: [GC (Allocation Failure) 70,136: [ParNew: 25195K->2745K(25920K), 0,0119708 secs] 216476K->194026K(217824K), 0,0121857 secs] [Times: user=0,02 sys=0,00, real=0,02 secs] 
70,190: [GC (Allocation Failure) 70,190: [ParNew: 25849K->2816K(25920K), 0,0260676 secs] 217130K->195454K(219168K), 0,0263604 secs] [Times: user=0,03 sys=0,01, real=0,03 secs] 
70,262: [GC (Allocation Failure) 70,262: [ParNew: 25920K->2091K(25920K), 0,0202866 secs] 218558K->195480K(219936K), 0,0205149 secs] [Times: user=0,02 sys=0,00, real=0,02 secs] 
70,338: [GC (Allocation Failure) 70,338: [ParNew: 25195K->2816K(25920K), 0,0173081 secs] 218584K->196947K(220704K), 0,0175407 secs] [Times: user=0,03 sys=0,00, real=0,01 secs] 
70,425: [GC (Allocation Failure) 70,425: [ParNew: 25920K->2816K(25920K), 0,0200380 secs] 220051K->197811K(221664K), 0,0203032 secs] [Times: user=0,03 sys=0,00, real=0,02 secs] 
70,487: [GC (Allocation Failure) 70,487: [ParNew: 25920K->2816K(25920K), 0,0268326 secs] 220915K->198748K(222624K), 0,0270431 secs] [Times: user=0,03 sys=0,01, real=0,02 secs] 
70,553: [GC (Allocation Failure) 70,553: [ParNew: 25920K->2079K(25920K), 0,0207380 secs] 221852K->199081K(223584K), 0,0209563 secs] [Times: user=0,04 sys=0,00, real=0,02 secs] 
70,648: [GC (Allocation Failure) 70,649: [ParNew: 25183K->2816K(25920K), 0,0198569 secs] 222185K->200867K(224736K), 0,0201071 secs] [Times: user=0,03 sys=0,00, real=0,02 secs] 
70,715: [GC (Allocation Failure) 70,715: [ParNew: 25920K->2816K(25920K), 0,0218884 secs] 223971K->201868K(225696K), 0,0220952 secs] [Times: user=0,03 sys=0,00, real=0,03 secs] 
70,785: [GC (Allocation Failure) 70,785: [ParNew: 25920K->2816K(25920K), 0,0289212 secs] 224972K->202802K(226656K), 0,0291750 secs] [Times: user=0,04 sys=0,00, real=0,03 secs] 
70,855: [GC (Allocation Failure) 70,855: [ParNew: 25920K->2816K(25920K), 0,0227639 secs] 225906K->203967K(227808K), 0,0231044 secs] [Times: user=0,04 sys=0,01, real=0,03 secs] 
70,938: [GC (Allocation Failure) 70,938: [ParNew: 25920K->2816K(25920K), 0,0212776 secs] 227071K->204955K(228768K), 0,0215207 secs] [Times: user=0,03 sys=0,00, real=0,02 secs] 
71,045: [GC (Allocation Failure) 71,046: [ParNew: 25920K->2816K(25920K), 0,0206138 secs] 228059K->205962K(229728K), 0,0208382 secs] [Times: user=0,03 sys=0,00, real=0,03 secs] 
71,149: [GC (Allocation Failure) 71,149: [ParNew: 25920K->2816K(25920K), 0,0258058 secs] 229066K->207020K(230688K), 0,0260554 secs] [Times: user=0,04 sys=0,00, real=0,02 secs] 
71,241: [GC (Allocation Failure) 71,242: [ParNew: 25920K->2816K(25920K), 0,0260749 secs] 230124K->208142K(231840K), 0,0263265 secs] [Times: user=0,05 sys=0,00, real=0,03 secs] 
71,391: [GC (Allocation Failure) 71,391: [ParNew: 25920K->2816K(25920K), 0,0362011 secs] 231246K->209215K(232992K), 0,0364728 secs] [Times: user=0,04 sys=0,01, real=0,04 secs] 
71,623: [GC (Allocation Failure) 71,624: [ParNew: 25920K->2074K(25920K), 0,0173875 secs] 232319K->209638K(234144K), 0,0176382 secs] [Times: user=0,04 sys=0,00, real=0,02 secs] 
71,698: [CMS-concurrent-mark: 4,280/7,355 secs] [Times: user=10,35 sys=0,36, real=7,36 secs] 
71,699: [CMS-concurrent-preclean-start]
71,857: [CMS-concurrent-preclean: 0,103/0,158 secs] [Times: user=0,18 sys=0,01, real=0,16 secs] 
71,857: [CMS-concurrent-abortable-preclean-start]
71,920: [CMS-concurrent-abortable-preclean: 0,059/0,062 secs] [Times: user=0,09 sys=0,00, real=0,06 secs] 
71,921: [GC (CMS Final Remark) [YG occupancy: 19841 K (25920 K)]71,921: [Rescan (parallel) , 0,0201691 secs]71,942: [weak refs processing, 0,0002269 secs]71,942: [class unloading, 0,0159719 secs]71,958: [scrub symbol table, 0,0158736 secs]71,974: [scrub string table, 0,0014150 secs][1 CMS-remark: 207563K(208224K)] 227405K(234144K), 0,0540853 secs] [Times: user=0,10 sys=0,00, real=0,05 secs] 
71,989: [CMS-concurrent-sweep-start]
71,998: [GC (Allocation Failure) 71,998: [ParNew: 25178K->2382K(25920K), 0,0285715 secs] 232738K->210743K(234912K), 0,0288809 secs] [Times: user=0,03 sys=0,00, real=0,03 secs] 
72,087: [GC (Allocation Failure) 72,088: [ParNew: 25486K->2816K(25920K), 0,0306455 secs] 233487K->211440K(235104K), 0,0310711 secs] [Times: user=0,04 sys=0,00, real=0,03 secs] 
72,155: [GC (Allocation Failure) 72,155: [ParNew: 25920K->2816K(25920K), 0,0204445 secs] 234542K->212404K(236064K), 0,0207215 secs] [Times: user=0,03 sys=0,00, real=0,02 secs] 
72,240: [GC (Allocation Failure) 72,638: [ParNew: 25920K->2816K(25920K), 0,0187058 secs] 235490K->213513K(237216K), 0,4164738 secs] [Times: user=0,03 sys=0,00, real=0,42 secs] 
72,701: [GC (Allocation Failure) 72,701: [ParNew: 25920K->2816K(25920K), 0,0303801 secs] 236612K->214413K(237984K), 0,0306617 secs] [Times: user=0,03 sys=0,00, real=0,03 secs] 
72,769: [GC (Allocation Failure) 72,769: [ParNew: 25920K->2816K(25920K), 0,0272490 secs] 237340K->215592K(239136K), 0,0274651 secs] [Times: user=0,05 sys=0,00, real=0,03 secs] 
72,845: [GC (Allocation Failure) 72,845: [ParNew: 25920K->2816K(25920K), 0,0196966 secs] 238695K->216866K(240480K), 0,0199746 secs] [Times: user=0,03 sys=0,00, real=0,02 secs] 
72,899: [GC (Allocation Failure) 72,899: [ParNew: 25920K->2816K(25920K), 0,0328153 secs] 239964K->218048K(241632K), 0,0330942 secs] [Times: user=0,03 sys=0,00, real=0,03 secs] 
72,965: [GC (Allocation Failure) 72,965: [ParNew: 25920K->2816K(25920K), 0,0190038 secs] 241150K->219279K(242784K), 0,0192256 secs] [Times: user=0,03 sys=0,01, real=0,02 secs] 
73,027: [GC (Allocation Failure) 73,028: [ParNew: 25920K->2816K(25920K), 0,0239117 secs] 242383K->220604K(244128K), 0,0241907 secs] [Times: user=0,05 sys=0,00, real=0,02 secs] 
73,091: [GC (Allocation Failure) 73,091: [ParNew: 25920K->2816K(25920K), 0,0331343 secs] 243510K->221570K(245088K), 0,0333645 secs] [Times: user=0,04 sys=0,00, real=0,03 secs] 
73,157: [GC (Allocation Failure) 73,157: [ParNew: 25920K->2816K(25920K), 0,0250066 secs] 244670K->222713K(246240K), 0,0252520 secs] [Times: user=0,05 sys=0,00, real=0,02 secs] 
73,227: [GC (Allocation Failure) 73,227: [ParNew: 25920K->2816K(25920K), 0,0215718 secs] 245807K->223891K(247392K), 0,0218499 secs] [Times: user=0,04 sys=0,00, real=0,02 secs] 
73,288: [GC (Allocation Failure) 73,288: [ParNew: 25920K->2816K(25920K), 0,0372915 secs] 246933K->225010K(248544K), 0,0375192 secs] [Times: user=0,05 sys=0,00, real=0,03 secs] 
73,363: [GC (Allocation Failure) 73,364: [ParNew: 25920K->2816K(25920K), 0,0254996 secs] 248114K->226160K(249696K), 0,0257529 secs] [Times: user=0,04 sys=0,00, real=0,03 secs] 
73,433: [GC (Allocation Failure) 73,433: [ParNew: 25920K->2816K(25920K), 0,0410188 secs] 249264K->227302K(250848K), 0,0412718 secs] [Times: user=0,06 sys=0,00, real=0,04 secs] 
73,527: [GC (Allocation Failure) 73,527: [ParNew: 25920K->2816K(25920K), 0,0214653 secs] 250406K->228503K(252000K), 0,0217790 secs] [Times: user=0,03 sys=0,00, real=0,02 secs] 
73,594: [GC (Allocation Failure) 73,594: [ParNew: 25920K->2816K(25920K), 0,0352006 secs] 251607K->229695K(253344K), 0,0354439 secs] [Times: user=0,04 sys=0,01, real=0,04 secs] 
73,667: [GC (Allocation Failure) 73,667: [ParNew: 25920K->2816K(25920K), 0,0189868 secs] 252799K->230907K(254496K), 0,0192131 secs] [Times: user=0,04 sys=0,00, real=0,01 secs] 
73,735: [GC (Allocation Failure) 73,735: [ParNew: 25920K->2816K(25920K), 0,0197027 secs] 254011K->232104K(255648K), 0,0199182 secs] [Times: user=0,03 sys=0,00, real=0,02 secs] 
73,792: [GC (Allocation Failure) 73,792: [ParNew: 25920K->2816K(25920K), 0,0621185 secs] 255208K->233338K(256992K), 0,0623707 secs] [Times: user=0,09 sys=0,00, real=0,06 secs] 
73,885: [GC (Allocation Failure) 73,885: [ParNew: 25920K->2816K(25920K), 0,0239090 secs] 256442K->234519K(258144K), 0,0241716 secs] [Times: user=0,04 sys=0,00, real=0,03 secs] 
73,955: [GC (Allocation Failure) 73,956: [ParNew: 25920K->2816K(25920K), 0,0226332 secs] 257623K->235689K(259296K), 0,0228721 secs] [Times: user=0,05 sys=0,00, real=0,03 secs] 
73,985: [CMS-concurrent-sweep: 0,877/1,997 secs] [Times: user=2,53 sys=0,06, real=2,00 secs] 
73,992: [CMS-concurrent-reset-start]
74,025: [GC (Allocation Failure) 74,026: [ParNew: 25920K->2304K(25920K), 0,0416065 secs] 258793K->236335K(414044K), 0,0419119 secs] [Times: user=0,04 sys=0,00, real=0,05 secs] 
74,119: [GC (Allocation Failure) 74,120: [ParNew: 25408K->2816K(25920K), 0,0405803 secs] 259439K->237972K(414044K), 0,0408412 secs] [Times: user=0,06 sys=0,00, real=0,04 secs] 
74,177: [CMS-concurrent-reset: 0,094/0,184 secs] [Times: user=0,23 sys=0,00, real=0,19 secs] 
74,204: [GC (Allocation Failure) 74,204: [ParNew: 25920K->2816K(25920K), 0,0423330 secs] 261076K->239050K(414044K), 0,0425496 secs] [Times: user=0,06 sys=0,00, real=0,04 secs] 
74,299: [GC (Allocation Failure) 74,299: [ParNew: 25920K->2816K(25920K), 0,0317359 secs] 262154K->240195K(414044K), 0,0319535 secs] [Times: user=0,04 sys=0,00, real=0,03 secs] 
74,419: [GC (Allocation Failure) 74,419: [ParNew: 25920K->2816K(25920K), 0,0241181 secs] 263299K->241079K(414044K), 0,0243969 secs] [Times: user=0,04 sys=0,00, real=0,02 secs] 
74,528: [GC (Allocation Failure) 74,529: [ParNew: 25920K->2252K(25920K), 0,0328367 secs] 264183K->241710K(414044K), 0,0331078 secs] [Times: user=0,05 sys=0,00, real=0,03 secs] 
74,613: [GC (Allocation Failure) 74,613: [ParNew: 25356K->2816K(25920K), 0,0243117 secs] 264814K->243379K(414044K), 0,0245579 secs] [Times: user=0,03 sys=0,00, real=0,03 secs] 
74,673: [GC (Allocation Failure) 74,673: [ParNew: 25920K->2816K(25920K), 0,0186431 secs] 266483K->244381K(414044K), 0,0188742 secs] [Times: user=0,03 sys=0,00, real=0,02 secs] 
74,738: [GC (Allocation Failure) 74,738: [ParNew: 25920K->2816K(25920K), 0,0186550 secs] 267485K->245601K(414044K), 0,0189407 secs] [Times: user=0,03 sys=0,00, real=0,02 secs] 
74,796: [GC (Allocation Failure) 74,797: [ParNew: 25920K->2816K(25920K), 0,0246991 secs] 268705K->246697K(414044K), 0,0249807 secs] [Times: user=0,03 sys=0,00, real=0,02 secs] 
74,863: [GC (Allocation Failure) 74,863: [ParNew: 25920K->2816K(25920K), 0,0183853 secs] 269801K->247898K(414044K), 0,0186376 secs] [Times: user=0,03 sys=0,01, real=0,02 secs] 
74,936: [GC (Allocation Failure) 74,936: [ParNew: 25920K->2816K(25920K), 0,0360475 secs] 271002K->249124K(414044K), 0,0362970 secs] [Times: user=0,03 sys=0,00, real=0,04 secs] 
75,021: [GC (Allocation Failure) 75,021: [ParNew: 25920K->2816K(25920K), 0,0223069 secs] 272228K->250310K(414044K), 0,0225732 secs] [Times: user=0,03 sys=0,00, real=0,02 secs] 
75,074: [GC (Allocation Failure) 75,074: [ParNew: 25920K->2456K(25920K), 0,0177192 secs] 273414K->251185K(414044K), 0,0179286 secs] [Times: user=0,03 sys=0,00, real=0,02 secs] 
75,131: [GC (Allocation Failure) 75,132: [ParNew: 25560K->2431K(25920K), 0,0385247 secs] 274289K->252384K(414044K), 0,0387961 secs] [Times: user=0,07 sys=0,00, real=0,04 secs] 
75,208: [GC (Allocation Failure) 75,209: [ParNew: 25535K->2816K(25920K), 0,0337068 secs] 275488K->254030K(414044K), 0,0340200 secs] [Times: user=0,03 sys=0,01, real=0,03 secs] 
75,284: [GC (Allocation Failure) 75,284: [ParNew: 25920K->2816K(25920K), 0,0209231 secs] 277134K->255126K(414044K), 0,0212760 secs] [Times: user=0,04 sys=0,00, real=0,02 secs] 
75,353: [GC (Allocation Failure) 75,353: [ParNew: 25920K->2816K(25920K), 0,0401831 secs] 278230K->256325K(414044K), 0,0404832 secs] [Times: user=0,08 sys=0,01, real=0,04 secs] 
75,430: [GC (Allocation Failure) 75,431: [ParNew: 25920K->2816K(25920K), 0,0341081 secs] 279429K->257529K(414044K), 0,0343658 secs] [Times: user=0,06 sys=0,00, real=0,03 secs] 
75,510: [GC (Allocation Failure) 75,510: [ParNew: 25920K->2816K(25920K), 0,0397736 secs] 280633K->258741K(414044K), 0,0400494 secs] [Times: user=0,04 sys=0,00, real=0,04 secs] 
75,580: [GC (Allocation Failure) 75,580: [ParNew: 25920K->2816K(25920K), 0,0187772 secs] 281845K->259916K(414044K), 0,0189874 secs] [Times: user=0,03 sys=0,00, real=0,02 secs] 
75,643: [GC (Allocation Failure) 75,643: [ParNew: 25920K->2816K(25920K), 0,0195750 secs] 283020K->261091K(414044K), 0,0198074 secs] [Times: user=0,03 sys=0,00, real=0,02 secs] 
75,698: [GC (Allocation Failure) 75,698: [ParNew: 25920K->2816K(25920K), 0,0264445 secs] 284195K->262271K(414044K), 0,0266974 secs] [Times: user=0,03 sys=0,01, real=0,02 secs] 
75,761: [GC (Allocation Failure) 75,761: [ParNew: 25920K->2816K(25920K), 0,0184735 secs] 285375K->263379K(414044K), 0,0187012 secs] [Times: user=0,03 sys=0,00, real=0,02 secs] 
75,822: [GC (Allocation Failure) 75,822: [ParNew: 25920K->2816K(25920K), 0,0260127 secs] 286483K->264390K(414044K), 0,0263112 secs] [Times: user=0,04 sys=0,00, real=0,03 secs] 
75,886: [GC (Allocation Failure) 75,886: [ParNew: 25920K->2816K(25920K), 0,0172612 secs] 287494K->265590K(414044K), 0,0175328 secs] [Times: user=0,03 sys=0,00, real=0,02 secs] 
75,952: [GC (Allocation Failure) 75,952: [ParNew: 25920K->2816K(25920K), 0,0278187 secs] 288694K->266883K(414044K), 0,0280891 secs] [Times: user=0,05 sys=0,00, real=0,03 secs] 
76,023: [GC (CMS Initial Mark) [1 CMS-initial-mark: 264067K(388124K)] 289987K(414044K), 0,0412325 secs] [Times: user=0,07 sys=0,00, real=0,04 secs] 
76,065: [CMS-concurrent-mark-start]
76,066: [GC (Allocation Failure) 76,066: [ParNew: 25920K->2816K(25920K), 0,0353254 secs] 289987K->267981K(414044K), 0,0355268 secs] [Times: user=0,06 sys=0,00, real=0,04 secs] 
76,148: [GC (Allocation Failure) 76,149: [ParNew: 25920K->2816K(25920K), 0,0383585 secs] 291085K->269163K(414044K), 0,0386172 secs] [Times: user=0,07 sys=0,00, real=0,04 secs] 
76,233: [GC (Allocation Failure) 76,233: [ParNew: 25920K->2816K(25920K), 0,0431288 secs] 292267K->270311K(414044K), 0,0434248 secs] [Times: user=0,07 sys=0,00, real=0,05 secs] 
76,311: [GC (Allocation Failure) 76,311: [ParNew: 25920K->2816K(25920K), 0,0310525 secs] 293415K->271568K(414044K), 0,0313058 secs] [Times: user=0,04 sys=0,00, real=0,03 secs] 
76,390: [GC (Allocation Failure) 76,390: [ParNew: 25920K->2816K(25920K), 0,0438224 secs] 294672K->272656K(414044K), 0,0440695 secs] [Times: user=0,07 sys=0,00, real=0,04 secs] 
76,480: [GC (Allocation Failure) 76,480: [ParNew: 25920K->2816K(25920K), 0,0436125 secs] 295760K->273795K(414044K), 0,0438433 secs] [Times: user=0,05 sys=0,00, real=0,04 secs] 
76,575: [GC (Allocation Failure) 76,575: [ParNew: 25920K->2403K(25920K), 0,0234834 secs] 296899K->274598K(414044K), 0,0237327 secs] [Times: user=0,03 sys=0,01, real=0,03 secs] 
76,643: [GC (Allocation Failure) 76,643: [ParNew: 25507K->2816K(25920K), 0,0275718 secs] 297702K->276218K(414044K), 0,0278418 secs] [Times: user=0,04 sys=0,00, real=0,03 secs] 
76,736: [GC (Allocation Failure) 76,737: [ParNew: 25920K->2816K(25920K), 0,0210960 secs] 299322K->277126K(414044K), 0,0213485 secs] [Times: user=0,03 sys=0,00, real=0,02 secs] 
76,802: [GC (Allocation Failure) 76,802: [ParNew: 25920K->2816K(25920K), 0,0229454 secs] 300230K->278069K(414044K), 0,0231710 secs] [Times: user=0,03 sys=0,00, real=0,02 secs] 
76,888: [GC (Allocation Failure) 76,888: [ParNew: 25920K->2816K(25920K), 0,0183379 secs] 301173K->279189K(414044K), 0,0186197 secs] [Times: user=0,03 sys=0,00, real=0,02 secs] 
76,964: [GC (Allocation Failure) 76,964: [ParNew: 25920K->2816K(25920K), 0,0178836 secs] 302293K->280143K(414044K), 0,0181991 secs] [Times: user=0,03 sys=0,00, real=0,02 secs] 
77,024: [GC (Allocation Failure) 77,024: [ParNew: 25920K->2816K(25920K), 0,0252583 secs] 303247K->281357K(414044K), 0,0255418 secs] [Times: user=0,04 sys=0,00, real=0,03 secs] 
77,094: [GC (Allocation Failure) 77,094: [ParNew: 25920K->2816K(25920K), 0,0176727 secs] 304461K->282346K(414044K), 0,0179043 secs] [Times: user=0,03 sys=0,00, real=0,02 secs] 
77,153: [GC (Allocation Failure) 77,153: [ParNew: 25920K->2816K(25920K), 0,0204868 secs] 305450K->283450K(414044K), 0,0206941 secs] [Times: user=0,03 sys=0,00, real=0,02 secs] 
77,213: [GC (Allocation Failure) 77,214: [ParNew: 25920K->2139K(25920K), 0,0418345 secs] 306554K->283846K(414044K), 0,0420893 secs] [Times: user=0,07 sys=0,00, real=0,04 secs] 
77,301: [GC (Allocation Failure) 77,301: [ParNew: 25243K->2816K(25920K), 0,0454000 secs] 306950K->285574K(414044K), 0,0456519 secs] [Times: user=0,07 sys=0,01, real=0,04 secs] 
77,395: [GC (Allocation Failure) 77,395: [ParNew: 25920K->2816K(25920K), 0,0352142 secs] 308678K->286640K(414044K), 0,0354822 secs] [Times: user=0,06 sys=0,00, real=0,04 secs] 
77,460: [GC (Allocation Failure) 77,461: [ParNew: 25920K->2816K(25920K), 0,0385834 secs] 309744K->287697K(414044K), 0,0388293 secs] [Times: user=0,06 sys=0,00, real=0,04 secs] 
77,535: [GC (Allocation Failure) 77,535: [ParNew: 25920K->2816K(25920K), 0,0391157 secs] 310801K->288787K(414044K), 0,0393852 secs] [Times: user=0,06 sys=0,01, real=0,04 secs] 
77,632: [GC (Allocation Failure) 77,632: [ParNew: 25920K->2816K(25920K), 0,0419516 secs] 311891K->289905K(414044K), 0,0421889 secs] [Times: user=0,07 sys=0,00, real=0,04 secs] 
77,727: [GC (Allocation Failure) 77,727: [ParNew: 25920K->2816K(25920K), 0,0210344 secs] 313009K->291074K(414044K), 0,0213047 secs] [Times: user=0,03 sys=0,00, real=0,02 secs] 
77,786: [GC (Allocation Failure) 77,786: [ParNew: 25920K->2816K(25920K), 0,0185354 secs] 314178K->292338K(414044K), 0,0187456 secs] [Times: user=0,03 sys=0,00, real=0,02 secs] 
77,840: [GC (Allocation Failure) 77,840: [ParNew: 25920K->2816K(25920K), 0,0190241 secs] 315442K->293582K(414044K), 0,0192473 secs] [Times: user=0,03 sys=0,01, real=0,02 secs] 
77,896: [GC (Allocation Failure) 77,896: [ParNew: 25920K->2816K(25920K), 0,0270493 secs] 316686K->294757K(414044K), 0,0273029 secs] [Times: user=0,05 sys=0,00, real=0,03 secs] 
77,964: [GC (Allocation Failure) 77,964: [ParNew: 25920K->2816K(25920K), 0,0232731 secs] 317861K->295813K(414044K), 0,0235363 secs] [Times: user=0,04 sys=0,00, real=0,03 secs] 
78,036: [GC (Allocation Failure) 78,036: [ParNew: 25920K->2816K(25920K), 0,0204322 secs] 318917K->297040K(414044K), 0,0206625 secs] [Times: user=0,03 sys=0,00, real=0,03 secs] 
78,096: [GC (Allocation Failure) 78,096: [ParNew: 25920K->2816K(25920K), 0,0183237 secs] 320144K->298223K(414044K), 0,0185961 secs] [Times: user=0,04 sys=0,00, real=0,02 secs] 
78,162: [GC (Allocation Failure) 78,162: [ParNew: 25920K->2390K(25920K), 0,0378045 secs] 321327K->299001K(414044K), 0,0380937 secs] [Times: user=0,06 sys=0,00, real=0,04 secs] 
78,241: [GC (Allocation Failure) 78,242: [ParNew: 25494K->2816K(25920K), 0,0232539 secs] 322105K->300613K(414044K), 0,0235439 secs] [Times: user=0,05 sys=0,00, real=0,02 secs] 
78,302: [GC (Allocation Failure) 78,302: [ParNew: 25920K->2816K(25920K), 0,0340177 secs] 323717K->301725K(414044K), 0,0343022 secs] [Times: user=0,05 sys=0,01, real=0,03 secs] 
78,388: [GC (Allocation Failure) 78,388: [ParNew: 25920K->2816K(25920K), 0,0183910 secs] 324829K->302916K(414044K), 0,0186058 secs] [Times: user=0,04 sys=0,00, real=0,01 secs] 
78,457: [GC (Allocation Failure) 78,458: [ParNew: 25920K->2816K(25920K), 0,0263587 secs] 326020K->303937K(414044K), 0,0265982 secs] [Times: user=0,03 sys=0,00, real=0,02 secs] 
78,550: [GC (Allocation Failure) 78,550: [ParNew: 25920K->2816K(25920K), 0,0370544 secs] 327041K->305110K(414044K), 0,0373223 secs] [Times: user=0,06 sys=0,00, real=0,04 secs] 
78,635: [GC (Allocation Failure) 78,635: [ParNew: 25920K->2816K(25920K), 0,0196665 secs] 328214K->306298K(414044K), 0,0198822 secs] [Times: user=0,03 sys=0,01, real=0,02 secs] 
78,692: [GC (Allocation Failure) 78,692: [ParNew: 25920K->2816K(25920K), 0,0188995 secs] 329402K->307355K(414044K), 0,0191153 secs] [Times: user=0,03 sys=0,00, real=0,02 secs] 
78,750: [GC (Allocation Failure) 78,750: [ParNew: 25920K->2816K(25920K), 0,0176510 secs] 330459K->308529K(414044K), 0,0178746 secs] [Times: user=0,04 sys=0,00, real=0,02 secs] 
78,807: [GC (Allocation Failure) 78,807: [ParNew: 25920K->2816K(25920K), 0,0325539 secs] 331633K->309645K(414044K), 0,0328027 secs] [Times: user=0,04 sys=0,01, real=0,03 secs] 
78,887: [GC (Allocation Failure) 78,887: [ParNew: 25920K->2816K(25920K), 0,0186917 secs] 332749K->310751K(414044K), 0,0189093 secs] [Times: user=0,03 sys=0,00, real=0,01 secs] 
78,943: [GC (Allocation Failure) 78,943: [ParNew: 25920K->2816K(25920K), 0,0196613 secs] 333855K->311823K(414044K), 0,0198852 secs] [Times: user=0,04 sys=0,00, real=0,02 secs] 
79,007: [GC (Allocation Failure) 79,007: [ParNew: 25920K->2816K(25920K), 0,0249996 secs] 334927K->312986K(414044K), 0,0252164 secs] [Times: user=0,03 sys=0,01, real=0,02 secs] 
79,066: [GC (Allocation Failure) 79,067: [ParNew: 25920K->2816K(25920K), 0,0219588 secs] 336090K->314117K(414044K), 0,0221757 secs] [Times: user=0,03 sys=0,00, real=0,02 secs] 
79,143: [GC (Allocation Failure) 79,143: [ParNew: 25920K->2816K(25920K), 0,0197792 secs] 337221K->315228K(414044K), 0,0200059 secs] [Times: user=0,04 sys=0,00, real=0,02 secs] 
79,204: [GC (Allocation Failure) 79,204: [ParNew: 25920K->2816K(25920K), 0,0292739 secs] 338332K->316313K(414044K), 0,0294924 secs] [Times: user=0,04 sys=0,00, real=0,03 secs] 
79,264: [GC (Allocation Failure) 79,264: [ParNew: 25920K->2816K(25920K), 0,0179545 secs] 339417K->317441K(414044K), 0,0181988 secs] [Times: user=0,03 sys=0,00, real=0,02 secs] 
79,354: [GC (Allocation Failure) 79,354: [ParNew: 25920K->2816K(25920K), 0,0216153 secs] 340545K->318548K(414044K), 0,0218643 secs] [Times: user=0,03 sys=0,00, real=0,02 secs] 
79,431: [GC (Allocation Failure) 79,431: [ParNew: 25920K->2816K(25920K), 0,0201397 secs] 341652K->319711K(414044K), 0,0204313 secs] [Times: user=0,03 sys=0,00, real=0,02 secs] 
79,503: [GC (Allocation Failure) 79,503: [ParNew: 25920K->2316K(25920K), 0,0259223 secs] 342815K->320460K(414044K), 0,0261359 secs] [Times: user=0,04 sys=0,00, real=0,03 secs] 
79,578: [GC (Allocation Failure) 79,579: [ParNew: 25420K->2816K(25920K), 0,0335925 secs] 343564K->322013K(414044K), 0,0342739 secs] [Times: user=0,05 sys=0,00, real=0,03 secs] 
79,657: [GC (Allocation Failure) 79,658: [ParNew: 25920K->2816K(25920K), 0,0213615 secs] 345117K->323185K(414044K), 0,0216161 secs] [Times: user=0,04 sys=0,00, real=0,02 secs] 
79,725: [GC (Allocation Failure) 79,726: [ParNew: 25920K->2816K(25920K), 0,0289024 secs] 346289K->324237K(414044K), 0,0291597 secs] [Times: user=0,04 sys=0,00, real=0,03 secs] 
79,787: [GC (Allocation Failure) 79,788: [ParNew: 25920K->2816K(25920K), 0,0211529 secs] 347341K->325256K(414044K), 0,0213642 secs] [Times: user=0,03 sys=0,00, real=0,02 secs] 
79,847: [GC (Allocation Failure) 79,847: [ParNew: 25920K->2816K(25920K), 0,0187281 secs] 348360K->326376K(414044K), 0,0189839 secs] [Times: user=0,03 sys=0,01, real=0,01 secs] 
79,912: [GC (Allocation Failure) 79,912: [ParNew: 25920K->2816K(25920K), 0,0308408 secs] 349480K->327483K(414044K), 0,0311860 secs] [Times: user=0,03 sys=0,00, real=0,03 secs] 
79,979: [GC (Allocation Failure) 79,980: [ParNew: 25920K->2816K(25920K), 0,0279005 secs] 350587K->328524K(414044K), 0,0281494 secs] [Times: user=0,03 sys=0,00, real=0,03 secs] 
80,053: [GC (Allocation Failure) 80,053: [ParNew: 25920K->2816K(25920K), 0,0213511 secs] 351628K->329552K(414044K), 0,0215851 secs] [Times: user=0,03 sys=0,00, real=0,02 secs] 
80,115: [GC (Allocation Failure) 80,115: [ParNew: 25920K->2816K(25920K), 0,0263026 secs] 352656K->330664K(414044K), 0,0265738 secs] [Times: user=0,03 sys=0,00, real=0,03 secs] 
80,180: [GC (Allocation Failure) 80,180: [ParNew: 25920K->2816K(25920K), 0,0174754 secs] 353768K->331680K(414044K), 0,0177121 secs] [Times: user=0,03 sys=0,00, real=0,02 secs] 
80,248: [GC (Allocation Failure) 80,248: [ParNew: 25920K->2816K(25920K), 0,0233349 secs] 354784K->332676K(414044K), 0,0235606 secs] [Times: user=0,04 sys=0,01, real=0,02 secs] 
80,302: [GC (Allocation Failure) 80,302: [ParNew: 25920K->2816K(25920K), 0,0294767 secs] 355780K->333712K(414044K), 0,0297366 secs] [Times: user=0,05 sys=0,00, real=0,03 secs] 
80,383: [GC (Allocation Failure) 80,383: [ParNew: 25920K->2816K(25920K), 0,0183067 secs] 356816K->334753K(414044K), 0,0185335 secs] [Times: user=0,03 sys=0,00, real=0,02 secs] 
80,451: [GC (Allocation Failure) 80,452: [ParNew: 25920K->2816K(25920K), 0,0309003 secs] 357857K->335778K(414044K), 0,0311720 secs] [Times: user=0,04 sys=0,00, real=0,03 secs] 
80,541: [GC (Allocation Failure) 80,541: [ParNew: 25920K->2816K(25920K), 0,0310108 secs] 358882K->336921K(414044K), 0,0313123 secs] [Times: user=0,06 sys=0,00, real=0,03 secs] 
80,626: [GC (Allocation Failure) 80,626: [ParNew: 25920K->2816K(25920K), 0,0260775 secs] 360025K->337969K(414044K), 0,0264034 secs] [Times: user=0,03 sys=0,01, real=0,03 secs] 
80,689: [GC (Allocation Failure) 80,689: [ParNew: 25920K->2816K(25920K), 0,0255899 secs] 361073K->339088K(414044K), 0,0258136 secs] [Times: user=0,04 sys=0,00, real=0,02 secs] 
80,752: [GC (Allocation Failure) 80,752: [ParNew: 25920K->2816K(25920K), 0,0181903 secs] 362192K->340184K(414044K), 0,0184151 secs] [Times: user=0,03 sys=0,00, real=0,02 secs] 
80,805: [GC (Allocation Failure) 80,805: [ParNew: 25920K->2816K(25920K), 0,0280869 secs] 363288K->341291K(414044K), 0,0282941 secs] [Times: user=0,04 sys=0,00, real=0,03 secs] 
80,866: [GC (Allocation Failure) 80,866: [ParNew: 25920K->2816K(25920K), 0,0188054 secs] 364395K->342393K(414044K), 0,0191476 secs] [Times: user=0,03 sys=0,00, real=0,02 secs] 
80,920: [GC (Allocation Failure) 80,921: [ParNew: 25920K->2816K(25920K), 0,0233534 secs] 365497K->343466K(414044K), 0,0236305 secs] [Times: user=0,03 sys=0,00, real=0,02 secs] 
80,981: [GC (Allocation Failure) 80,981: [ParNew: 25920K->2816K(25920K), 0,0201966 secs] 366570K->344577K(414044K), 0,0204084 secs] [Times: user=0,03 sys=0,01, real=0,02 secs] 
81,051: [GC (Allocation Failure) 81,051: [ParNew: 25920K->2816K(25920K), 0,0193951 secs] 367681K->345731K(414044K), 0,0196223 secs] [Times: user=0,04 sys=0,00, real=0,02 secs] 
81,098: [GC (Allocation Failure) 81,098: [ParNew: 25920K->2816K(25920K), 0,0224390 secs] 368835K->346922K(414044K), 0,0227710 secs] [Times: user=0,03 sys=0,00, real=0,02 secs] 
81,166: [GC (Allocation Failure) 81,166: [ParNew: 25920K->2816K(25920K), 0,0177276 secs] 370026K->348163K(414044K), 0,0179975 secs] [Times: user=0,04 sys=0,01, real=0,02 secs] 
81,235: [GC (Allocation Failure) 81,235: [ParNew: 25920K->2816K(25920K), 0,0232342 secs] 371267K->349316K(414044K), 0,0235030 secs] [Times: user=0,05 sys=0,00, real=0,03 secs] 
81,288: [GC (Allocation Failure) 81,288: [ParNew: 25920K->2816K(25920K), 0,0235103 secs] 372420K->350504K(414044K), 0,0237417 secs] [Times: user=0,05 sys=0,00, real=0,02 secs] 
81,361: [GC (Allocation Failure) 81,361: [ParNew: 25920K->2816K(25920K), 0,0317811 secs] 373608K->351683K(414044K), 0,0320535 secs] [Times: user=0,03 sys=0,00, real=0,03 secs] 
81,437: [GC (Allocation Failure) 81,437: [ParNew: 25920K->2816K(25920K), 0,0181268 secs] 374787K->352798K(414044K), 0,0183932 secs] [Times: user=0,03 sys=0,00, real=0,01 secs] 
81,492: [GC (Allocation Failure) 81,492: [ParNew: 25920K->2816K(25920K), 0,0413141 secs] 375902K->353957K(414044K), 0,0415719 secs] [Times: user=0,06 sys=0,00, real=0,04 secs] 
81,577: [GC (Allocation Failure) 81,578: [ParNew: 25920K->2816K(25920K), 0,0484666 secs] 377061K->355124K(414044K), 0,0487206 secs] [Times: user=0,07 sys=0,00, real=0,04 secs] 
81,663: [GC (Allocation Failure) 81,663: [ParNew: 25920K->2816K(25920K), 0,0172460 secs] 378228K->356282K(414044K), 0,0174646 secs] [Times: user=0,03 sys=0,00, real=0,02 secs] 
81,714: [GC (Allocation Failure) 81,714: [ParNew: 25920K->2816K(25920K), 0,0293573 secs] 379386K->357460K(414044K), 0,0296291 secs] [Times: user=0,03 sys=0,00, real=0,03 secs] 
81,777: [GC (Allocation Failure) 81,777: [ParNew: 25920K->2816K(25920K), 0,0182193 secs] 380564K->358605K(414044K), 0,0184492 secs] [Times: user=0,04 sys=0,01, real=0,01 secs] 
81,836: [GC (Allocation Failure) 81,837: [ParNew: 25920K->2816K(25920K), 0,0218751 secs] 381709K->359778K(414044K), 0,0220950 secs] [Times: user=0,04 sys=0,00, real=0,02 secs] 
81,886: [GC (Allocation Failure) 81,886: [ParNew: 25920K->2816K(25920K), 0,0180814 secs] 382882K->360999K(414044K), 0,0183040 secs] [Times: user=0,03 sys=0,00, real=0,02 secs] 
81,946: [GC (Allocation Failure) 81,946: [ParNew: 25920K->2816K(25920K), 0,0181888 secs] 384103K->362136K(414044K), 0,0184226 secs] [Times: user=0,03 sys=0,00, real=0,02 secs] 
81,995: [GC (Allocation Failure) 81,995: [ParNew: 25920K->2816K(25920K), 0,0201946 secs] 385240K->363289K(414044K), 0,0204416 secs] [Times: user=0,03 sys=0,00, real=0,02 secs] 
82,055: [GC (Allocation Failure) 82,055: [ParNew: 25920K->2816K(25920K), 0,0180591 secs] 386393K->364476K(414044K), 0,0182969 secs] [Times: user=0,03 sys=0,00, real=0,02 secs] 
82,104: [GC (Allocation Failure) 82,104: [ParNew: 25920K->2816K(25920K), 0,0301890 secs] 387580K->365713K(414044K), 0,0304380 secs] [Times: user=0,05 sys=0,00, real=0,03 secs] 
82,163: [GC (Allocation Failure) 82,163: [ParNew: 25920K->2816K(25920K), 0,0185297 secs] 388817K->366947K(414044K), 0,0187525 secs] [Times: user=0,03 sys=0,01, real=0,02 secs] 
82,210: [GC (Allocation Failure) 82,210: [ParNew: 25920K->2816K(25920K), 0,0280343 secs] 390051K->368124K(414044K), 0,0282996 secs] [Times: user=0,04 sys=0,00, real=0,03 secs] 
82,269: [GC (Allocation Failure) 82,269: [ParNew: 25920K->2816K(25920K), 0,0184294 secs] 391228K->369173K(414044K), 0,0186891 secs] [Times: user=0,03 sys=0,00, real=0,02 secs] 
82,315: [GC (Allocation Failure) 82,315: [ParNew: 25920K->2816K(25920K), 0,0262085 secs] 392277K->370303K(414044K), 0,0264230 secs] [Times: user=0,03 sys=0,00, real=0,03 secs] 
82,372: [GC (Allocation Failure) 82,373: [ParNew: 25920K->2816K(25920K), 0,0193872 secs] 393407K->371508K(414044K), 0,0196114 secs] [Times: user=0,04 sys=0,00, real=0,02 secs] 
82,443: [GC (Allocation Failure) 82,443: [ParNew: 25920K->2816K(25920K), 0,0261426 secs] 394612K->372619K(414044K), 0,0264043 secs] [Times: user=0,03 sys=0,00, real=0,03 secs] 
82,499: [GC (Allocation Failure) 82,499: [ParNew: 25920K->2816K(25920K), 0,0196941 secs] 395723K->373756K(414044K), 0,0199023 secs] [Times: user=0,03 sys=0,01, real=0,02 secs] 
82,563: [GC (Allocation Failure) 82,563: [ParNew: 25920K->2816K(25920K), 0,0183656 secs] 396860K->374846K(414044K), 0,0185909 secs] [Times: user=0,03 sys=0,00, real=0,02 secs] 
82,609: [GC (Allocation Failure) 82,609: [ParNew: 25920K->2816K(25920K), 0,0167303 secs] 397950K->375986K(414044K), 0,0169397 secs] [Times: user=0,04 sys=0,00, real=0,01 secs] 
82,667: [GC (Allocation Failure) 82,668: [ParNew: 25920K->2816K(25920K), 0,0179447 secs] 399090K->377081K(414044K), 0,0184412 secs] [Times: user=0,04 sys=0,00, real=0,01 secs] 
82,720: [GC (Allocation Failure) 82,720: [ParNew: 25920K->2816K(25920K), 0,0284786 secs] 400185K->378321K(414044K), 0,0286840 secs] [Times: user=0,03 sys=0,00, real=0,03 secs] 
82,801: [GC (Allocation Failure) 82,801: [ParNew: 25920K->2816K(25920K), 0,0210346 secs] 401425K->379355K(414044K), 0,0212876 secs] [Times: user=0,04 sys=0,01, real=0,02 secs] 
82,863: [GC (Allocation Failure) 82,863: [ParNew: 25920K->2816K(25920K), 0,0186642 secs] 402459K->380729K(414044K), 0,0188885 secs] [Times: user=0,03 sys=0,00, real=0,02 secs] 
82,916: [GC (Allocation Failure) 82,916: [ParNew: 25920K->2816K(25920K), 0,0275431 secs] 403833K->381750K(414044K), 0,0277429 secs] [Times: user=0,04 sys=0,00, real=0,03 secs] 
82,974: [GC (Allocation Failure) 82,974: [ParNew: 25920K->2816K(25920K), 0,0180837 secs] 404854K->382928K(414044K), 0,0183048 secs] [Times: user=0,03 sys=0,00, real=0,02 secs] 
83,021: [GC (Allocation Failure) 83,021: [ParNew: 25920K->2816K(25920K), 0,0274534 secs] 406032K->384179K(414044K), 0,0277663 secs] [Times: user=0,03 sys=0,01, real=0,03 secs] 
83,085: [GC (Allocation Failure) 83,085: [ParNew: 25920K->2271K(25920K), 0,0203902 secs] 407283K->384756K(414044K), 0,0206436 secs] [Times: user=0,04 sys=0,00, real=0,02 secs] 
83,154: [GC (Allocation Failure) 83,154: [ParNew: 25375K->2816K(25920K), 0,0229081 secs] 407860K->386402K(414044K), 0,0231339 secs] [Times: user=0,03 sys=0,00, real=0,03 secs] 
83,208: [GC (Allocation Failure) 83,208: [ParNew: 25920K->2816K(25920K), 0,0384159 secs] 409506K->387504K(414044K), 0,0386717 secs] [Times: user=0,04 sys=0,00, real=0,04 secs] 
83,282: [GC (Allocation Failure) 83,282: [ParNew: 25920K->2816K(25920K), 0,0316938 secs] 410608K->388644K(414044K), 0,0319865 secs] [Times: user=0,03 sys=0,00, real=0,03 secs] 
83,351: [GC (Allocation Failure) 83,351: [ParNew: 25920K->2816K(25920K), 0,0187887 secs] 411748K->389839K(414044K), 0,0189907 secs] [Times: user=0,04 sys=0,00, real=0,02 secs] 
83,403: [GC (Allocation Failure) 83,404: [ParNew: 25920K->2816K(25920K), 0,0221133 secs] 412943K->390958K(414428K), 0,0223546 secs] [Times: user=0,04 sys=0,01, real=0,02 secs] 
83,469: [GC (Allocation Failure) 83,469: [ParNew: 25920K->2816K(25920K), 0,0191832 secs] 414062K->392192K(415772K), 0,0194013 secs] [Times: user=0,04 sys=0,00, real=0,02 secs] 
83,521: [GC (Allocation Failure) 83,521: [ParNew: 25920K->2816K(25920K), 0,0297143 secs] 415296K->393557K(417116K), 0,0299260 secs] [Times: user=0,04 sys=0,00, real=0,03 secs] 
83,585: [GC (Allocation Failure) 83,586: [ParNew: 25920K->2816K(25920K), 0,0235265 secs] 416661K->394753K(418268K), 0,0237445 secs] [Times: user=0,03 sys=0,00, real=0,03 secs] 
83,673: [GC (Allocation Failure) 83,673: [ParNew: 25920K->2816K(25920K), 0,0186597 secs] 417857K->395816K(419420K), 0,0188978 secs] [Times: user=0,03 sys=0,01, real=0,02 secs] 
83,727: [GC (Allocation Failure) 83,727: [ParNew: 25920K->2816K(25920K), 0,0310336 secs] 418920K->397066K(420572K), 0,0312883 secs] [Times: user=0,03 sys=0,00, real=0,03 secs] 
83,793: [GC (Allocation Failure) 83,793: [ParNew: 25920K->2288K(25920K), 0,0188207 secs] 420170K->397739K(421916K), 0,0190669 secs] [Times: user=0,04 sys=0,00, real=0,02 secs] 
83,863: [GC (Allocation Failure) 83,863: [ParNew: 25392K->2816K(25920K), 0,0244037 secs] 420843K->399308K(422876K), 0,0247339 secs] [Times: user=0,05 sys=0,00, real=0,03 secs] 
83,939: [GC (Allocation Failure) 83,940: [ParNew: 25920K->2816K(25920K), 0,0226493 secs] 422412K->400418K(424028K), 0,0239272 secs] [Times: user=0,03 sys=0,00, real=0,02 secs] 
84,014: [GC (Allocation Failure) 84,014: [ParNew: 25920K->2816K(25920K), 0,0253359 secs] 423522K->401646K(425180K), 0,0257853 secs] [Times: user=0,04 sys=0,00, real=0,03 secs] 
84,072: [GC (Allocation Failure) 84,072: [ParNew: 25920K->2816K(25920K), 0,0179036 secs] 424750K->402779K(426332K), 0,0181270 secs] [Times: user=0,03 sys=0,01, real=0,02 secs] 
84,120: [GC (Allocation Failure) 84,120: [ParNew: 25920K->2816K(25920K), 0,0307495 secs] 425883K->403964K(427484K), 0,0310651 secs] [Times: user=0,03 sys=0,00, real=0,03 secs] 
84,179: [GC (Allocation Failure) 84,180: [ParNew: 25920K->2816K(25920K), 0,0173136 secs] 427068K->405048K(428636K), 0,0175267 secs] [Times: user=0,04 sys=0,00, real=0,02 secs] 
84,225: [GC (Allocation Failure) 84,225: [ParNew: 25920K->2816K(25920K), 0,0288263 secs] 428152K->406277K(429788K), 0,0290489 secs] [Times: user=0,03 sys=0,01, real=0,03 secs] 
84,295: [GC (Allocation Failure) 84,296: [ParNew: 25920K->2816K(25920K), 0,0177226 secs] 429381K->407461K(430940K), 0,0179910 secs] [Times: user=0,03 sys=0,00, real=0,02 secs] 
84,356: [GC (Allocation Failure) 84,357: [ParNew: 25920K->2816K(25920K), 0,0227989 secs] 430565K->408564K(432092K), 0,0230375 secs] [Times: user=0,04 sys=0,00, real=0,02 secs] 
84,408: [GC (Allocation Failure) 84,408: [ParNew: 25920K->2816K(25920K), 0,0352205 secs] 431668K->409657K(433244K), 0,0354416 secs] [Times: user=0,04 sys=0,00, real=0,03 secs] 
84,478: [GC (Allocation Failure) 84,478: [ParNew: 25920K->2278K(25920K), 0,0170667 secs] 432761K->410279K(434396K), 0,0172872 secs] [Times: user=0,04 sys=0,00, real=0,01 secs] 
84,525: [GC (Allocation Failure) 84,525: [ParNew: 25382K->2816K(25920K), 0,0242976 secs] 433383K->411936K(435548K), 0,0245554 secs] [Times: user=0,03 sys=0,01, real=0,03 secs] 
84,588: [GC (Allocation Failure) 84,588: [ParNew: 25920K->2816K(25920K), 0,0175867 secs] 435040K->412908K(436508K), 0,0178421 secs] [Times: user=0,03 sys=0,00, real=0,01 secs] 
84,703: [GC (Allocation Failure) 84,703: [ParNew: 25920K->2816K(25920K), 0,0208341 secs] 436012K->414078K(437660K), 0,0210590 secs] [Times: user=0,03 sys=0,01, real=0,02 secs] 
84,773: [GC (Allocation Failure) 84,773: [ParNew: 25920K->2816K(25920K), 0,0175344 secs] 437182K->415247K(438812K), 0,0178002 secs] [Times: user=0,03 sys=0,00, real=0,02 secs] 
84,822: [GC (Allocation Failure) 84,822: [ParNew: 25920K->2816K(25920K), 0,0241619 secs] 438351K->416286K(439964K), 0,0243658 secs] [Times: user=0,03 sys=0,00, real=0,02 secs] 
84,886: [GC (Allocation Failure) 84,886: [ParNew: 25920K->2816K(25920K), 0,0175619 secs] 439390K->417351K(440924K), 0,0177835 secs] [Times: user=0,03 sys=0,00, real=0,02 secs] 
84,945: [GC (Allocation Failure) 84,945: [ParNew: 25920K->2816K(25920K), 0,0216142 secs] 440455K->418484K(442076K), 0,0218675 secs] [Times: user=0,04 sys=0,00, real=0,03 secs] 
85,005: [GC (Allocation Failure) 85,005: [ParNew: 25920K->2816K(25920K), 0,0254329 secs] 441588K->419647K(443228K), 0,0256852 secs] [Times: user=0,04 sys=0,00, real=0,03 secs] 
85,074: [GC (Allocation Failure) 85,075: [ParNew: 25920K->2816K(25920K), 0,0273966 secs] 442751K->420908K(444380K), 0,0276647 secs] [Times: user=0,06 sys=0,00, real=0,03 secs] 
85,144: [GC (Allocation Failure) 85,145: [ParNew: 25920K->2816K(25920K), 0,0363924 secs] 444012K->422099K(445724K), 0,0366578 secs] [Times: user=0,05 sys=0,01, real=0,04 secs] 
85,227: [GC (Allocation Failure) 85,228: [ParNew: 25920K->2816K(25920K), 0,0255798 secs] 445203K->423231K(446876K), 0,0257985 secs] [Times: user=0,04 sys=0,00, real=0,02 secs] 
85,294: [CMS-concurrent-mark: 5,357/9,229 secs] [Times: user=14,10 sys=0,34, real=9,23 secs] 
85,300: [CMS-concurrent-preclean-start]
85,303: [GC (Allocation Failure) 85,304: [ParNew: 25920K->2816K(25920K), 0,0249491 secs] 446335K->424410K(448028K), 0,0251865 secs] [Times: user=0,05 sys=0,00, real=0,03 secs] 
85,370: [GC (Allocation Failure) 85,370: [ParNew: 25920K->2816K(25920K), 0,0373653 secs] 447514K->425620K(449180K), 0,0376142 secs] [Times: user=0,07 sys=0,00, real=0,04 secs] 
85,451: [GC (Allocation Failure) 85,451: [ParNew: 25920K->2816K(25920K), 0,0277163 secs] 448724K->426808K(450332K), 0,0279259 secs] [Times: user=0,05 sys=0,00, real=0,03 secs] 
85,507: [GC (Allocation Failure) 85,508: [ParNew: 25920K->2816K(25920K), 0,0509375 secs] 449912K->427968K(451484K), 0,0512141 secs] [Times: user=0,08 sys=0,00, real=0,05 secs] 
85,598: [GC (Allocation Failure) 85,598: [ParNew: 25920K->2395K(25920K), 0,0478611 secs] 451072K->428753K(452636K), 0,0480917 secs] [Times: user=0,08 sys=0,00, real=0,04 secs] 
85,681: [GC (Allocation Failure) 85,681: [ParNew: 25499K->2816K(25920K), 0,0253129 secs] 451857K->430364K(453980K), 0,0255633 secs] [Times: user=0,04 sys=0,00, real=0,02 secs] 
85,743: [GC (Allocation Failure) 85,743: [ParNew: 25920K->2816K(25920K), 0,0310226 secs] 453468K->431445K(455132K), 0,0314258 secs] [Times: user=0,03 sys=0,00, real=0,03 secs] 
85,810: [GC (Allocation Failure) 85,810: [ParNew: 25920K->2816K(25920K), 0,0179144 secs] 454549K->432570K(456092K), 0,0181351 secs] [Times: user=0,03 sys=0,00, real=0,02 secs] 
85,874: [GC (Allocation Failure) 85,874: [ParNew: 25920K->2816K(25920K), 0,0185720 secs] 455674K->433794K(457436K), 0,0187787 secs] [Times: user=0,03 sys=0,01, real=0,02 secs] 
85,923: [GC (Allocation Failure) 85,923: [ParNew: 25920K->2816K(25920K), 0,0251915 secs] 456898K->434870K(458396K), 0,0254804 secs] [Times: user=0,04 sys=0,00, real=0,03 secs] 
85,978: [GC (Allocation Failure) 85,978: [ParNew: 25920K->2816K(25920K), 0,0190305 secs] 457974K->436055K(459548K), 0,0193256 secs] [Times: user=0,04 sys=0,00, real=0,02 secs] 
86,024: [GC (Allocation Failure) 86,025: [ParNew: 25920K->2816K(25920K), 0,0260360 secs] 459159K->437310K(460892K), 0,0262408 secs] [Times: user=0,04 sys=0,00, real=0,03 secs] 
86,084: [GC (Allocation Failure) 86,084: [ParNew: 25920K->2816K(25920K), 0,0207613 secs] 460414K->438445K(462044K), 0,0209941 secs] [Times: user=0,03 sys=0,01, real=0,02 secs] 
86,135: [GC (Allocation Failure) 86,135: [ParNew: 25920K->2816K(25920K), 0,0293089 secs] 461549K->439654K(463196K), 0,0295270 secs] [Times: user=0,03 sys=0,00, real=0,03 secs] 
86,194: [GC (Allocation Failure) 86,195: [ParNew: 25920K->2816K(25920K), 0,0185813 secs] 462758K->440878K(464348K), 0,0189297 secs] [Times: user=0,04 sys=0,00, real=0,02 secs] 
86,255: [GC (Allocation Failure) 86,255: [ParNew: 25920K->2816K(25920K), 0,0222277 secs] 463982K->442077K(465692K), 0,0225260 secs] [Times: user=0,04 sys=0,00, real=0,03 secs] 
86,302: [CMS-concurrent-preclean: 0,435/1,001 secs] [Times: user=1,54 sys=0,05, real=1,00 secs] 
86,302: [CMS-concurrent-abortable-preclean-start]
86,322: [GC (Allocation Failure) 86,322: [ParNew: 25920K->2816K(25920K), 0,0278965 secs] 465181K->443312K(466844K), 0,0281224 secs] [Times: user=0,04 sys=0,00, real=0,03 secs] 
86,385: [GC (Allocation Failure) 86,385: [ParNew: 25920K->2392K(25920K), 0,0184846 secs] 466416K->444128K(467996K), 0,0187508 secs] [Times: user=0,03 sys=0,00, real=0,02 secs] 
86,437: [GC (Allocation Failure) 86,437: [ParNew: 25496K->2816K(25920K), 0,0286616 secs] 467232K->445681K(469148K), 0,0288962 secs] [Times: user=0,04 sys=0,00, real=0,02 secs] 
86,466: [CMS-concurrent-abortable-preclean: 0,012/0,164 secs] [Times: user=0,25 sys=0,00, real=0,16 secs] 
86,470: [GC (CMS Final Remark) [YG occupancy: 5228 K (25920 K)]86,471: [Rescan (parallel) , 0,0145648 secs]86,485: [weak refs processing, 0,0002510 secs]86,485: [class unloading, 0,0156769 secs]86,501: [scrub symbol table, 0,0127414 secs]86,514: [scrub string table, 0,0012687 secs][1 CMS-remark: 442865K(443228K)] 448093K(469148K), 0,0449397 secs] [Times: user=0,05 sys=0,00, real=0,04 secs] 
86,516: [CMS-concurrent-sweep-start]
86,560: [GC (Allocation Failure) 86,561: [ParNew: 25920K->2816K(25920K), 0,0321317 secs] 468614K->446679K(470300K), 0,0333798 secs] [Times: user=0,05 sys=0,01, real=0,03 secs] 
86,622: [GC (Allocation Failure) 86,622: [ParNew: 25920K->2816K(25920K), 0,0287428 secs] 469757K->447906K(471452K), 0,0289787 secs] [Times: user=0,05 sys=0,00, real=0,03 secs] 
86,692: [GC (Allocation Failure) 86,693: [ParNew: 25920K->2816K(25920K), 0,0233544 secs] 470407K->448518K(472220K), 0,0235988 secs] [Times: user=0,04 sys=0,00, real=0,02 secs] 
86,759: [GC (Allocation Failure) 86,760: [ParNew: 25920K->2816K(25920K), 0,0227294 secs] 470428K->448419K(472220K), 0,0230121 secs] [Times: user=0,04 sys=0,00, real=0,02 secs] 
86,817: [GC (Allocation Failure) 86,817: [ParNew: 25920K->2816K(25920K), 0,0184420 secs] 471178K->449188K(472796K), 0,0186680 secs] [Times: user=0,04 sys=0,00, real=0,01 secs] 
86,877: [GC (Allocation Failure) 86,877: [ParNew: 25920K->2816K(25920K), 0,0207954 secs] 471469K->449578K(473180K), 0,0210034 secs] [Times: user=0,03 sys=0,00, real=0,02 secs] 
86,934: [GC (Allocation Failure) 86,935: [ParNew: 25920K->2816K(25920K), 0,0252577 secs] 467190K->445266K(473180K), 0,0255436 secs] [Times: user=0,03 sys=0,00, real=0,03 secs] 
86,991: [GC (Allocation Failure) 86,992: [ParNew: 25920K->2816K(25920K), 0,0167608 secs] 467149K->445155K(473180K), 0,0169881 secs] [Times: user=0,03 sys=0,00, real=0,02 secs] 
87,043: [GC (Allocation Failure) 87,043: [ParNew: 25920K->2816K(25920K), 0,0172826 secs] 467384K->445387K(473180K), 0,0175665 secs] [Times: user=0,03 sys=0,00, real=0,02 secs] 
87,099: [GC (Allocation Failure) 87,099: [ParNew: 25920K->2816K(25920K), 0,0167699 secs] 468128K->446129K(473180K), 0,0170512 secs] [Times: user=0,04 sys=0,00, real=0,01 secs] 
87,164: [GC (Allocation Failure) 87,164: [ParNew: 25920K->2816K(25920K), 0,0161171 secs] 468707K->446626K(473180K), 0,0163219 secs] [Times: user=0,03 sys=0,00, real=0,02 secs] 
87,217: [GC (Allocation Failure) 87,217: [ParNew: 25920K->2816K(25920K), 0,0166244 secs] 466326K->444321K(473180K), 0,0168358 secs] [Times: user=0,03 sys=0,00, real=0,01 secs] 
87,277: [GC (Allocation Failure) 87,277: [ParNew: 25920K->2816K(25920K), 0,0183718 secs] 465731K->443681K(473180K), 0,0186347 secs] [Times: user=0,03 sys=0,00, real=0,01 secs] 
87,340: [GC (Allocation Failure) 87,340: [ParNew: 25920K->2816K(25920K), 0,0208250 secs] 458758K->436722K(473180K), 0,0210719 secs] [Times: user=0,03 sys=0,00, real=0,02 secs] 
87,395: [GC (Allocation Failure) 87,395: [ParNew: 25920K->2816K(25920K), 0,0156524 secs] 459475K->437297K(473180K), 0,0158656 secs] [Times: user=0,03 sys=0,00, real=0,02 secs] 
87,459: [GC (Allocation Failure) 87,459: [ParNew: 25920K->2816K(25920K), 0,0174173 secs] 459314K->437249K(473180K), 0,0176624 secs] [Times: user=0,03 sys=0,00, real=0,02 secs] 
87,509: [GC (Allocation Failure) 87,509: [ParNew: 25920K->2816K(25920K), 0,0173516 secs] 456577K->434650K(473180K), 0,0176071 secs] [Times: user=0,03 sys=0,01, real=0,02 secs] 
87,558: [GC (Allocation Failure) 87,558: [ParNew: 25920K->2816K(25920K), 0,0162242 secs] 456846K->434758K(473180K), 0,0164365 secs] [Times: user=0,03 sys=0,00, real=0,01 secs] 
87,613: [GC (Allocation Failure) 87,613: [ParNew: 25920K->2816K(25920K), 0,0182667 secs] 449303K->427304K(473180K), 0,0185045 secs] [Times: user=0,04 sys=0,00, real=0,02 secs] 
87,696: [GC (Allocation Failure) 87,696: [ParNew: 25920K->2816K(25920K), 0,0167967 secs] 431981K->410049K(473180K), 0,0170555 secs] [Times: user=0,03 sys=0,00, real=0,02 secs] 
87,748: [GC (Allocation Failure) 87,749: [ParNew: 25920K->2816K(25920K), 0,0302849 secs] 432163K->410171K(473180K), 0,0305145 secs] [Times: user=0,03 sys=0,00, real=0,03 secs] 
87,813: [GC (Allocation Failure) 87,813: [ParNew: 25920K->2816K(25920K), 0,0166500 secs] 424949K->402943K(473180K), 0,0168787 secs] [Times: user=0,04 sys=0,00, real=0,02 secs] 
87,876: [GC (Allocation Failure) 87,876: [ParNew: 25920K->2816K(25920K), 0,0200001 secs] 425575K->403674K(473180K), 0,0202073 secs] [Times: user=0,03 sys=0,00, real=0,02 secs] 
87,928: [GC (Allocation Failure) 87,929: [ParNew: 25920K->2816K(25920K), 0,0233504 secs] 425764K->403646K(473180K), 0,0235997 secs] [Times: user=0,03 sys=0,00, real=0,02 secs] 
87,979: [GC (Allocation Failure) 87,979: [ParNew: 25920K->2816K(25920K), 0,0202738 secs] 425369K->403410K(473180K), 0,0204740 secs] [Times: user=0,03 sys=0,00, real=0,02 secs] 
88,027: [GC (Allocation Failure) 88,028: [ParNew: 25920K->2816K(25920K), 0,0225829 secs] 425677K->403782K(473180K), 0,0227970 secs] [Times: user=0,04 sys=0,00, real=0,02 secs] 
88,087: [GC (Allocation Failure) 88,088: [ParNew: 25920K->2375K(25920K), 0,0200894 secs] 425782K->403411K(473180K), 0,0202895 secs] [Times: user=0,03 sys=0,00, real=0,02 secs] 
88,148: [GC (Allocation Failure) 88,149: [ParNew: 25479K->2816K(25920K), 0,0173437 secs] 426322K->404860K(473180K), 0,0175535 secs] [Times: user=0,03 sys=0,00, real=0,01 secs] 
88,203: [GC (Allocation Failure) 88,203: [ParNew: 25920K->2816K(25920K), 0,0173277 secs] 426304K->404261K(473180K), 0,0175631 secs] [Times: user=0,03 sys=0,00, real=0,02 secs] 
88,261: [GC (Allocation Failure) 88,261: [ParNew: 25920K->2816K(25920K), 0,0169862 secs] 426272K->404259K(473180K), 0,0172016 secs] [Times: user=0,04 sys=0,00, real=0,02 secs] 
88,320: [GC (Allocation Failure) 88,321: [ParNew: 25920K->2336K(25920K), 0,0172024 secs] 421969K->399617K(473180K), 0,0174196 secs] [Times: user=0,03 sys=0,00, real=0,02 secs] 
88,372: [GC (Allocation Failure) 88,372: [ParNew: 25440K->2816K(25920K), 0,0174364 secs] 422250K->400743K(473180K), 0,0177073 secs] [Times: user=0,03 sys=0,00, real=0,02 secs] 
88,445: [GC (Allocation Failure) 88,445: [ParNew: 25920K->2816K(25920K), 0,0308331 secs] 421115K->399143K(473180K), 0,0310968 secs] [Times: user=0,03 sys=0,00, real=0,03 secs] 
88,510: [GC (Allocation Failure) 88,510: [ParNew: 25920K->2162K(25920K), 0,0158999 secs] 421197K->398596K(473180K), 0,0161373 secs] [Times: user=0,03 sys=0,00, real=0,01 secs] 
88,574: [GC (Allocation Failure) 88,574: [ParNew: 25266K->2816K(25920K), 0,0165991 secs] 418494K->396997K(473180K), 0,0168019 secs] [Times: user=0,03 sys=0,00, real=0,02 secs] 
88,623: [GC (Allocation Failure) 88,623: [ParNew: 25920K->2816K(25920K), 0,0156876 secs] 419125K->397012K(473180K), 0,0159768 secs] [Times: user=0,03 sys=0,00, real=0,02 secs] 
88,686: [GC (Allocation Failure) 88,686: [ParNew: 25920K->2816K(25920K), 0,0223140 secs] 417569K->395440K(473180K), 0,0226949 secs] [Times: user=0,03 sys=0,00, real=0,03 secs] 
88,752: [GC (Allocation Failure) 88,752: [ParNew: 25920K->2816K(25920K), 0,0167661 secs] 417759K->395692K(473180K), 0,0170231 secs] [Times: user=0,03 sys=0,00, real=0,02 secs] 
88,824: [GC (Allocation Failure) 88,824: [ParNew: 25920K->2816K(25920K), 0,0200619 secs] 393390K->371312K(473180K), 0,0203453 secs] [Times: user=0,03 sys=0,00, real=0,02 secs] 
88,879: [GC (Allocation Failure) 88,880: [ParNew: 25920K->2816K(25920K), 0,0167594 secs] 394329K->372341K(473180K), 0,0170613 secs] [Times: user=0,03 sys=0,01, real=0,02 secs] 
88,947: [GC (Allocation Failure) 88,947: [ParNew: 25920K->2816K(25920K), 0,0179400 secs] 390476K->368416K(473180K), 0,0181745 secs] [Times: user=0,03 sys=0,00, real=0,01 secs] 
88,995: [GC (Allocation Failure) 88,996: [ParNew: 25920K->2816K(25920K), 0,0191792 secs] 388531K->366572K(473180K), 0,0194041 secs] [Times: user=0,03 sys=0,00, real=0,02 secs] 
89,058: [GC (Allocation Failure) 89,058: [ParNew: 25920K->2816K(25920K), 0,0174878 secs] 382984K->361055K(473180K), 0,0177532 secs] [Times: user=0,03 sys=0,00, real=0,01 secs] 
89,110: [GC (Allocation Failure) 89,110: [ParNew: 25920K->2816K(25920K), 0,0271161 secs] 378907K->356912K(473180K), 0,0274228 secs] [Times: user=0,05 sys=0,00, real=0,03 secs] 
89,178: [GC (Allocation Failure) 89,179: [ParNew: 25920K->2816K(25920K), 0,0224014 secs] 379213K->357314K(473180K), 0,0226741 secs] [Times: user=0,04 sys=0,00, real=0,02 secs] 
89,236: [GC (Allocation Failure) 89,236: [ParNew: 25920K->2816K(25920K), 0,0273068 secs] 376577K->354791K(473180K), 0,0276244 secs] [Times: user=0,03 sys=0,00, real=0,03 secs] 
89,306: [GC (Allocation Failure) 89,306: [ParNew: 25920K->2816K(25920K), 0,0246123 secs] 377113K->355162K(473180K), 0,0248934 secs] [Times: user=0,03 sys=0,00, real=0,03 secs] 
89,375: [GC (Allocation Failure) 89,375: [ParNew: 25920K->2816K(25920K), 0,0159540 secs] 377628K->355466K(473180K), 0,0162315 secs] [Times: user=0,03 sys=0,00, real=0,02 secs] 
89,420: [GC (Allocation Failure) 89,421: [ParNew: 25920K->2816K(25920K), 0,0322867 secs] 378568K->356535K(473180K), 0,0325090 secs] [Times: user=0,05 sys=0,00, real=0,03 secs] 
89,481: [GC (Allocation Failure) 89,481: [ParNew: 25920K->2816K(25920K), 0,0315015 secs] 379634K->357712K(473180K), 0,0317374 secs] [Times: user=0,03 sys=0,00, real=0,03 secs] 
89,559: [GC (Allocation Failure) 89,559: [ParNew: 25920K->2816K(25920K), 0,0171598 secs] 380816K->358865K(473180K), 0,0174919 secs] [Times: user=0,03 sys=0,00, real=0,02 secs] 
89,605: [GC (Allocation Failure) 89,606: [ParNew: 25920K->2816K(25920K), 0,0185313 secs] 381969K->359979K(473180K), 0,0187675 secs] [Times: user=0,03 sys=0,00, real=0,02 secs] 
89,669: [GC (Allocation Failure) 89,669: [ParNew: 25920K->2816K(25920K), 0,0162799 secs] 383083K->360986K(473180K), 0,0165084 secs] [Times: user=0,03 sys=0,00, real=0,01 secs] 
89,720: [GC (Allocation Failure) 89,720: [ParNew: 25920K->2816K(25920K), 0,0167791 secs] 384090K->362006K(473180K), 0,0169905 secs] [Times: user=0,03 sys=0,00, real=0,02 secs] 
89,775: [GC (Allocation Failure) 89,775: [ParNew: 25920K->2816K(25920K), 0,0175944 secs] 385110K->363132K(473180K), 0,0178883 secs] [Times: user=0,03 sys=0,00, real=0,02 secs] 
89,825: [GC (Allocation Failure) 89,826: [ParNew: 25920K->2816K(25920K), 0,0166074 secs] 386236K->364296K(473180K), 0,0168279 secs] [Times: user=0,03 sys=0,00, real=0,02 secs] 
89,879: [GC (Allocation Failure) 89,879: [ParNew: 25920K->2816K(25920K), 0,0185440 secs] 387400K->365453K(473180K), 0,0188122 secs] [Times: user=0,03 sys=0,00, real=0,02 secs] 
89,949: [GC (Allocation Failure) 89,949: [ParNew: 25920K->2816K(25920K), 0,0303237 secs] 388557K->366443K(473180K), 0,0307168 secs] [Times: user=0,03 sys=0,00, real=0,03 secs] 
90,008: [GC (Allocation Failure) 90,008: [ParNew: 25920K->2816K(25920K), 0,0188959 secs] 389547K->367571K(473180K), 0,0190996 secs] [Times: user=0,03 sys=0,00, real=0,02 secs] 
90,064: [GC (Allocation Failure) 90,065: [ParNew: 25920K->2816K(25920K), 0,0170623 secs] 390675K->368668K(473180K), 0,0172842 secs] [Times: user=0,03 sys=0,00, real=0,02 secs] 
90,110: [GC (Allocation Failure) 90,111: [ParNew: 25920K->2816K(25920K), 0,0193228 secs] 391772K->369832K(473180K), 0,0195267 secs] [Times: user=0,03 sys=0,00, real=0,02 secs] 
90,171: [GC (Allocation Failure) 90,171: [ParNew: 25920K->2816K(25920K), 0,0168876 secs] 392936K->370984K(473180K), 0,0171997 secs] [Times: user=0,03 sys=0,00, real=0,02 secs] 
90,219: [GC (Allocation Failure) 90,219: [ParNew: 25920K->2816K(25920K), 0,0159973 secs] 394088K->372015K(473180K), 0,0163102 secs] [Times: user=0,03 sys=0,01, real=0,01 secs] 
90,274: [GC (Allocation Failure) 90,274: [ParNew: 25920K->2816K(25920K), 0,0196556 secs] 395119K->373202K(473180K), 0,0199562 secs] [Times: user=0,04 sys=0,00, real=0,02 secs] 
90,331: [GC (Allocation Failure) 90,331: [ParNew: 25920K->2816K(25920K), 0,0250325 secs] 396306K->374299K(473180K), 0,0252980 secs] [Times: user=0,03 sys=0,00, real=0,03 secs] 
90,389: [GC (Allocation Failure) 90,389: [ParNew: 25920K->2816K(25920K), 0,0167860 secs] 397403K->375454K(473180K), 0,0170140 secs] [Times: user=0,03 sys=0,00, real=0,01 secs] 
90,447: [GC (Allocation Failure) 90,447: [ParNew: 25920K->2816K(25920K), 0,0202641 secs] 398558K->376600K(473180K), 0,0205639 secs] [Times: user=0,03 sys=0,00, real=0,02 secs] 
90,501: [GC (Allocation Failure) 90,501: [ParNew: 25920K->2816K(25920K), 0,0199558 secs] 399704K->377717K(473180K), 0,0201638 secs] [Times: user=0,03 sys=0,00, real=0,02 secs] 
90,558: [GC (Allocation Failure) 90,558: [ParNew: 25920K->2816K(25920K), 0,0176150 secs] 400821K->378911K(473180K), 0,0178449 secs] [Times: user=0,03 sys=0,00, real=0,01 secs] 
90,589: [CMS-concurrent-sweep: 2,471/4,073 secs] [Times: user=6,25 sys=0,13, real=4,08 secs] 
90,591: [CMS-concurrent-reset-start]
90,606: [CMS-concurrent-reset: 0,015/0,015 secs] [Times: user=0,02 sys=0,00, real=0,01 secs] 
90,620: [GC (Allocation Failure) 90,620: [ParNew: 25920K->2816K(25920K), 0,0191651 secs] 402015K->380049K(652748K), 0,0194225 secs] [Times: user=0,03 sys=0,00, real=0,02 secs] 
90,674: [GC (Allocation Failure) 90,675: [ParNew: 25920K->2816K(25920K), 0,0174243 secs] 403153K->381228K(652748K), 0,0176430 secs] [Times: user=0,03 sys=0,00, real=0,02 secs] 
90,726: [GC (Allocation Failure) 90,726: [ParNew: 25920K->2816K(25920K), 0,0282942 secs] 404332K->382324K(652748K), 0,0285396 secs] [Times: user=0,04 sys=0,00, real=0,03 secs] 
90,782: [GC (Allocation Failure) 90,782: [ParNew: 25920K->2816K(25920K), 0,0173112 secs] 405428K->383534K(652748K), 0,0175271 secs] [Times: user=0,03 sys=0,00, real=0,02 secs] 
90,832: [GC (Allocation Failure) 90,833: [ParNew: 25920K->2816K(25920K), 0,0222967 secs] 406638K->384632K(652748K), 0,0225081 secs] [Times: user=0,03 sys=0,00, real=0,02 secs] 
90,888: [GC (CMS Initial Mark) [1 CMS-initial-mark: 381816K(626828K)] 407736K(652748K), 0,0167111 secs] [Times: user=0,03 sys=0,00, real=0,01 secs] 
90,905: [CMS-concurrent-mark-start]
90,907: [GC (Allocation Failure) 90,907: [ParNew: 25920K->2816K(25920K), 0,0202930 secs] 407736K->385711K(652748K), 0,0205624 secs] [Times: user=0,03 sys=0,00, real=0,02 secs] 
90,966: [GC (Allocation Failure) 90,966: [ParNew: 25920K->2816K(25920K), 0,0168451 secs] 408815K->386751K(652748K), 0,0171799 secs] [Times: user=0,03 sys=0,00, real=0,02 secs] 
91,016: [GC (Allocation Failure) 91,016: [ParNew: 25920K->2816K(25920K), 0,0220387 secs] 409855K->387857K(652748K), 0,0222988 secs] [Times: user=0,04 sys=0,00, real=0,03 secs] 
91,071: [GC (Allocation Failure) 91,071: [ParNew: 25920K->2816K(25920K), 0,0174142 secs] 410961K->388904K(652748K), 0,0176304 secs] [Times: user=0,04 sys=0,00, real=0,02 secs] 
91,138: [GC (Allocation Failure) 91,138: [ParNew: 25920K->2816K(25920K), 0,0238264 secs] 412008K->389991K(652748K), 0,0240366 secs] [Times: user=0,03 sys=0,00, real=0,02 secs] 
91,205: [GC (Allocation Failure) 91,205: [ParNew: 25920K->2816K(25920K), 0,0225585 secs] 413095K->391180K(652748K), 0,0227871 secs] [Times: user=0,04 sys=0,00, real=0,03 secs] 
91,263: [GC (Allocation Failure) 91,264: [ParNew: 25920K->2816K(25920K), 0,0184168 secs] 414284K->392368K(652748K), 0,0186518 secs] [Times: user=0,04 sys=0,00, real=0,02 secs] 
91,313: [GC (Allocation Failure) 91,313: [ParNew: 25920K->2816K(25920K), 0,0207213 secs] 415472K->393569K(652748K), 0,0209768 secs] [Times: user=0,04 sys=0,00, real=0,02 secs] 
91,374: [GC (Allocation Failure) 91,374: [ParNew: 25920K->2816K(25920K), 0,0185834 secs] 416673K->394810K(652748K), 0,0188070 secs] [Times: user=0,04 sys=0,00, real=0,02 secs] 
91,428: [GC (Allocation Failure) 91,428: [ParNew: 25920K->2816K(25920K), 0,0244787 secs] 417914K->396005K(652748K), 0,0247463 secs] [Times: user=0,03 sys=0,00, real=0,02 secs] 
91,496: [GC (Allocation Failure) 91,496: [ParNew: 25920K->2816K(25920K), 0,0187324 secs] 419109K->397253K(652748K), 0,0189696 secs] [Times: user=0,03 sys=0,00, real=0,02 secs] 
91,559: [GC (Allocation Failure) 91,559: [ParNew: 25920K->2816K(25920K), 0,0197782 secs] 420357K->398384K(652748K), 0,0200090 secs] [Times: user=0,04 sys=0,00, real=0,02 secs] 
91,607: [GC (Allocation Failure) 91,607: [ParNew: 25920K->2816K(25920K), 0,0219389 secs] 421488K->399563K(652748K), 0,0222267 secs] [Times: user=0,04 sys=0,00, real=0,02 secs] 
91,668: [GC (Allocation Failure) 91,668: [ParNew: 25920K->2816K(25920K), 0,0180200 secs] 422667K->400702K(652748K), 0,0182231 secs] [Times: user=0,03 sys=0,00, real=0,01 secs] 
91,718: [GC (Allocation Failure) 91,718: [ParNew: 25920K->2816K(25920K), 0,0236160 secs] 423806K->401900K(652748K), 0,0238425 secs] [Times: user=0,04 sys=0,00, real=0,02 secs] 
91,773: [GC (Allocation Failure) 91,773: [ParNew: 25920K->2816K(25920K), 0,0180437 secs] 425004K->403045K(652748K), 0,0182879 secs] [Times: user=0,04 sys=0,00, real=0,02 secs] 
91,831: [GC (Allocation Failure) 91,831: [ParNew: 25920K->2816K(25920K), 0,0233741 secs] 426149K->404135K(652748K), 0,0237145 secs] [Times: user=0,03 sys=0,00, real=0,02 secs] 
91,879: [GC (Allocation Failure) 91,879: [ParNew: 25920K->2816K(25920K), 0,0178308 secs] 427239K->405289K(652748K), 0,0181486 secs] [Times: user=0,03 sys=0,00, real=0,02 secs] 
91,932: [GC (Allocation Failure) 91,932: [ParNew: 25920K->2816K(25920K), 0,0239288 secs] 428393K->406447K(652748K), 0,0241445 secs] [Times: user=0,04 sys=0,00, real=0,02 secs] 
91,985: [GC (Allocation Failure) 91,985: [ParNew: 25920K->2816K(25920K), 0,0180819 secs] 429551K->407611K(652748K), 0,0182912 secs] [Times: user=0,03 sys=0,00, real=0,02 secs] 
92,032: [GC (Allocation Failure) 92,032: [ParNew: 25920K->2816K(25920K), 0,0243383 secs] 430715K->408684K(652748K), 0,0246216 secs] [Times: user=0,04 sys=0,00, real=0,02 secs] 
92,087: [GC (Allocation Failure) 92,087: [ParNew: 25920K->2816K(25920K), 0,0178350 secs] 431788K->409841K(652748K), 0,0180422 secs] [Times: user=0,04 sys=0,00, real=0,01 secs] 
92,139: [GC (Allocation Failure) 92,139: [ParNew: 25920K->2816K(25920K), 0,0242823 secs] 432945K->411032K(652748K), 0,0245035 secs] [Times: user=0,04 sys=0,01, real=0,02 secs] 
92,201: [GC (Allocation Failure) 92,201: [ParNew: 25920K->2816K(25920K), 0,0188897 secs] 434136K->412230K(652748K), 0,0191334 secs] [Times: user=0,03 sys=0,00, real=0,02 secs] 
92,263: [GC (Allocation Failure) 92,263: [ParNew: 25920K->2816K(25920K), 0,0198988 secs] 435334K->413389K(652748K), 0,0201114 secs] [Times: user=0,03 sys=0,00, real=0,02 secs] 
92,323: [GC (Allocation Failure) 92,324: [ParNew: 25920K->2816K(25920K), 0,0332935 secs] 436493K->414573K(652748K), 0,0335353 secs] [Times: user=0,05 sys=0,00, real=0,04 secs] 
92,382: [GC (Allocation Failure) 92,382: [ParNew: 25920K->2816K(25920K), 0,0177346 secs] 437677K->415686K(652748K), 0,0179965 secs] [Times: user=0,03 sys=0,00, real=0,02 secs] 
92,430: [GC (Allocation Failure) 92,431: [ParNew: 25920K->2816K(25920K), 0,0283365 secs] 438790K->416850K(652748K), 0,0285413 secs] [Times: user=0,03 sys=0,00, real=0,03 secs] 
92,490: [GC (Allocation Failure) 92,490: [ParNew: 25920K->2816K(25920K), 0,0220977 secs] 439954K->418053K(652748K), 0,0223476 secs] [Times: user=0,04 sys=0,00, real=0,02 secs] 
92,556: [GC (Allocation Failure) 92,556: [ParNew: 25920K->2816K(25920K), 0,0338010 secs] 441157K->419268K(652748K), 0,0340163 secs] [Times: user=0,03 sys=0,00, real=0,04 secs] 
92,616: [GC (Allocation Failure) 92,616: [ParNew: 25920K->2816K(25920K), 0,0204255 secs] 442372K->420463K(652748K), 0,0206973 secs] [Times: user=0,04 sys=0,01, real=0,03 secs] 
92,668: [GC (Allocation Failure) 92,668: [ParNew: 25920K->2816K(25920K), 0,0181607 secs] 443567K->421633K(652748K), 0,0184425 secs] [Times: user=0,04 sys=0,00, real=0,02 secs] 
92,734: [GC (Allocation Failure) 92,734: [ParNew: 25920K->2816K(25920K), 0,0366918 secs] 444737K->422810K(652748K), 0,0369574 secs] [Times: user=0,04 sys=0,00, real=0,04 secs] 
92,807: [GC (Allocation Failure) 92,807: [ParNew: 25920K->2816K(25920K), 0,0176490 secs] 445914K->423945K(652748K), 0,0178977 secs] [Times: user=0,03 sys=0,00, real=0,01 secs] 
92,861: [GC (Allocation Failure) 92,861: [ParNew: 25920K->2816K(25920K), 0,0172664 secs] 447049K->424938K(652748K), 0,0174801 secs] [Times: user=0,03 sys=0,00, real=0,02 secs] 
92,902: [GC (Allocation Failure) 92,902: [ParNew: 25920K->2816K(25920K), 0,0174225 secs] 448042K->426012K(652748K), 0,0176985 secs] [Times: user=0,03 sys=0,00, real=0,02 secs] 
92,955: [GC (Allocation Failure) 92,955: [ParNew: 25920K->2816K(25920K), 0,0191717 secs] 449116K->427171K(652748K), 0,0193912 secs] [Times: user=0,03 sys=0,01, real=0,02 secs] 
93,006: [GC (Allocation Failure) 93,006: [ParNew: 25920K->2816K(25920K), 0,0191725 secs] 450275K->428386K(652748K), 0,0194555 secs] [Times: user=0,04 sys=0,00, real=0,02 secs] 
93,058: [GC (Allocation Failure) 93,058: [ParNew: 25920K->2816K(25920K), 0,0192101 secs] 451490K->429624K(652748K), 0,0194314 secs] [Times: user=0,04 sys=0,00, real=0,02 secs] 
93,104: [GC (Allocation Failure) 93,104: [ParNew: 25920K->2816K(25920K), 0,0196654 secs] 452728K->430828K(652748K), 0,0199663 secs] [Times: user=0,04 sys=0,00, real=0,02 secs] 
93,167: [GC (Allocation Failure) 93,167: [ParNew: 25920K->2816K(25920K), 0,0186942 secs] 453932K->431997K(652748K), 0,0189627 secs] [Times: user=0,03 sys=0,00, real=0,02 secs] 
93,215: [GC (Allocation Failure) 93,216: [ParNew: 25920K->2816K(25920K), 0,0176483 secs] 455101K->433147K(652748K), 0,0179197 secs] [Times: user=0,03 sys=0,00, real=0,02 secs] 
93,271: [GC (Allocation Failure) 93,272: [ParNew: 25920K->2816K(25920K), 0,0182461 secs] 456251K->434316K(652748K), 0,0184521 secs] [Times: user=0,04 sys=0,00, real=0,02 secs] 
93,324: [GC (Allocation Failure) 93,324: [ParNew: 25920K->2816K(25920K), 0,0203543 secs] 457420K->435515K(652748K), 0,0205796 secs] [Times: user=0,03 sys=0,00, real=0,02 secs] 
93,381: [GC (Allocation Failure) 93,381: [ParNew: 25920K->2816K(25920K), 0,0180418 secs] 458619K->436733K(652748K), 0,0182480 secs] [Times: user=0,04 sys=0,00, real=0,02 secs] 
93,426: [GC (Allocation Failure) 93,426: [ParNew: 25920K->2816K(25920K), 0,0378649 secs] 459837K->437862K(652748K), 0,0381180 secs] [Times: user=0,05 sys=0,00, real=0,04 secs] 
93,506: [GC (Allocation Failure) 93,507: [ParNew: 25920K->2816K(25920K), 0,0259990 secs] 460966K->439010K(652748K), 0,0262132 secs] [Times: user=0,04 sys=0,00, real=0,02 secs] 
93,572: [GC (Allocation Failure) 93,572: [ParNew: 25920K->2816K(25920K), 0,0187790 secs] 462114K->440218K(652748K), 0,0189798 secs] [Times: user=0,03 sys=0,00, real=0,02 secs] 
93,619: [GC (Allocation Failure) 93,619: [ParNew: 25920K->2816K(25920K), 0,0183926 secs] 463322K->441301K(652748K), 0,0186160 secs] [Times: user=0,03 sys=0,00, real=0,02 secs] 
93,677: [GC (Allocation Failure) 93,677: [ParNew: 25920K->2816K(25920K), 0,0181947 secs] 464405K->442470K(652748K), 0,0184047 secs] [Times: user=0,04 sys=0,00, real=0,01 secs] 
93,731: [GC (Allocation Failure) 93,731: [ParNew: 25920K->2816K(25920K), 0,0337713 secs] 465574K->443685K(652748K), 0,0340984 secs] [Times: user=0,04 sys=0,00, real=0,03 secs] 
93,799: [GC (Allocation Failure) 93,799: [ParNew: 25920K->2386K(25920K), 0,0190319 secs] 466789K->444437K(652748K), 0,0192554 secs] [Times: user=0,04 sys=0,00, real=0,02 secs] 
93,851: [GC (Allocation Failure) 93,851: [ParNew: 25490K->2816K(25920K), 0,0320375 secs] 467541K->446061K(652748K), 0,0322408 secs] [Times: user=0,03 sys=0,00, real=0,03 secs] 
93,922: [GC (Allocation Failure) 93,922: [ParNew: 25920K->2816K(25920K), 0,0253211 secs] 469165K->447154K(652748K), 0,0256326 secs] [Times: user=0,03 sys=0,00, real=0,03 secs] 
93,978: [GC (Allocation Failure) 93,979: [ParNew: 25920K->2816K(25920K), 0,0184051 secs] 470258K->448383K(652748K), 0,0186085 secs] [Times: user=0,03 sys=0,00, real=0,02 secs] 
94,027: [GC (Allocation Failure) 94,027: [ParNew: 25920K->2816K(25920K), 0,0216493 secs] 471487K->449542K(652748K), 0,0219300 secs] [Times: user=0,04 sys=0,00, real=0,02 secs] 
94,078: [GC (Allocation Failure) 94,078: [ParNew: 25920K->2816K(25920K), 0,0193203 secs] 472646K->450660K(652748K), 0,0195568 secs] [Times: user=0,04 sys=0,00, real=0,02 secs] 
94,128: [GC (Allocation Failure) 94,128: [ParNew: 25920K->2816K(25920K), 0,0230386 secs] 473764K->451701K(652748K), 0,0233174 secs] [Times: user=0,03 sys=0,00, real=0,02 secs] 
94,188: [GC (Allocation Failure) 94,188: [ParNew: 25920K->2816K(25920K), 0,0193648 secs] 474805K->452873K(652748K), 0,0196582 secs] [Times: user=0,04 sys=0,01, real=0,02 secs] 
94,236: [GC (Allocation Failure) 94,236: [ParNew: 25920K->2816K(25920K), 0,0268979 secs] 475977K->454092K(652748K), 0,0271266 secs] [Times: user=0,04 sys=0,00, real=0,03 secs] 
94,293: [GC (Allocation Failure) 94,293: [ParNew: 25920K->2816K(25920K), 0,0190421 secs] 477196K->455149K(652748K), 0,0192793 secs] [Times: user=0,03 sys=0,00, real=0,02 secs] 
94,337: [GC (Allocation Failure) 94,337: [ParNew: 25920K->2816K(25920K), 0,0290419 secs] 478253K->456264K(652748K), 0,0292610 secs] [Times: user=0,04 sys=0,00, real=0,02 secs] 
94,396: [GC (Allocation Failure) 94,396: [ParNew: 25920K->2816K(25920K), 0,0190505 secs] 479368K->457460K(652748K), 0,0192580 secs] [Times: user=0,03 sys=0,01, real=0,01 secs] 
94,447: [GC (Allocation Failure) 94,447: [ParNew: 25920K->2816K(25920K), 0,0266018 secs] 480564K->458649K(652748K), 0,0268307 secs] [Times: user=0,04 sys=0,00, real=0,02 secs] 
94,514: [GC (Allocation Failure) 94,514: [ParNew: 25920K->2816K(25920K), 0,0195204 secs] 481753K->459779K(652748K), 0,0198025 secs] [Times: user=0,03 sys=0,01, real=0,02 secs] 
94,577: [GC (Allocation Failure) 94,577: [ParNew: 25920K->2816K(25920K), 0,0194781 secs] 482883K->460987K(652748K), 0,0196877 secs] [Times: user=0,03 sys=0,00, real=0,02 secs] 
94,625: [GC (Allocation Failure) 94,625: [ParNew: 25920K->2816K(25920K), 0,0189817 secs] 484091K->462127K(652748K), 0,0192041 secs] [Times: user=0,03 sys=0,00, real=0,02 secs] 
94,686: [GC (Allocation Failure) 94,686: [ParNew: 25920K->2207K(25920K), 0,0189385 secs] 485231K->462615K(652748K), 0,0191509 secs] [Times: user=0,03 sys=0,00, real=0,02 secs] 
94,740: [GC (Allocation Failure) 94,741: [ParNew: 25311K->2816K(25920K), 0,0287894 secs] 485719K->464309K(652748K), 0,0292491 secs] [Times: user=0,03 sys=0,01, real=0,03 secs] 
94,807: [GC (Allocation Failure) 94,807: [ParNew: 25920K->2816K(25920K), 0,0190432 secs] 487413K->465409K(652748K), 0,0193598 secs] [Times: user=0,03 sys=0,00, real=0,02 secs] 
94,855: [GC (Allocation Failure) 94,857: [ParNew: 25920K->2816K(25920K), 0,0246122 secs] 488513K->466432K(652748K), 0,0259642 secs] [Times: user=0,04 sys=0,00, real=0,03 secs] 
94,912: [GC (Allocation Failure) 94,913: [ParNew: 25920K->2816K(25920K), 0,0201571 secs] 489536K->467514K(652748K), 0,0203970 secs] [Times: user=0,04 sys=0,00, real=0,02 secs] 
94,969: [GC (Allocation Failure) 94,969: [ParNew: 25920K->2816K(25920K), 0,0190095 secs] 490618K->468682K(652748K), 0,0192742 secs] [Times: user=0,03 sys=0,01, real=0,02 secs] 
95,017: [GC (Allocation Failure) 95,017: [ParNew: 25920K->2816K(25920K), 0,0191901 secs] 491786K->469820K(652748K), 0,0194481 secs] [Times: user=0,03 sys=0,00, real=0,02 secs] 
95,084: [GC (Allocation Failure) 95,084: [ParNew: 25920K->2379K(25920K), 0,0195429 secs] 492924K->470501K(652748K), 0,0197620 secs] [Times: user=0,04 sys=0,00, real=0,02 secs] 
95,150: [GC (Allocation Failure) 95,150: [ParNew: 25483K->2816K(25920K), 0,0286145 secs] 493605K->471995K(652748K), 0,0289046 secs] [Times: user=0,03 sys=0,00, real=0,03 secs] 
95,219: [GC (Allocation Failure) 95,219: [ParNew: 25920K->2816K(25920K), 0,0183761 secs] 495099K->473039K(652748K), 0,0186102 secs] [Times: user=0,03 sys=0,00, real=0,02 secs] 
95,282: [GC (Allocation Failure) 95,282: [ParNew: 25920K->2816K(25920K), 0,0194794 secs] 496143K->474105K(652748K), 0,0196925 secs] [Times: user=0,03 sys=0,00, real=0,02 secs] 
95,343: [GC (Allocation Failure) 95,344: [ParNew: 25920K->2816K(25920K), 0,0310951 secs] 497209K->475209K(652748K), 0,0313220 secs] [Times: user=0,04 sys=0,00, real=0,03 secs] 
95,418: [GC (Allocation Failure) 95,418: [ParNew: 25920K->2816K(25920K), 0,0247770 secs] 498313K->476409K(652748K), 0,0250399 secs] [Times: user=0,05 sys=0,00, real=0,02 secs] 
95,476: [GC (Allocation Failure) 95,476: [ParNew: 25920K->2816K(25920K), 0,0253155 secs] 499513K->477490K(652748K), 0,0255506 secs] [Times: user=0,04 sys=0,01, real=0,03 secs] 
95,530: [GC (Allocation Failure) 95,530: [ParNew: 25920K->2816K(25920K), 0,0182123 secs] 500594K->478606K(652748K), 0,0184497 secs] [Times: user=0,04 sys=0,00, real=0,02 secs] 
95,588: [GC (Allocation Failure) 95,588: [ParNew: 25920K->2816K(25920K), 0,0195104 secs] 501710K->479798K(652748K), 0,0197301 secs] [Times: user=0,03 sys=0,01, real=0,02 secs] 
95,633: [GC (Allocation Failure) 95,633: [ParNew: 25920K->2816K(25920K), 0,0185611 secs] 502902K->480916K(652748K), 0,0187849 secs] [Times: user=0,04 sys=0,00, real=0,02 secs] 
95,698: [GC (Allocation Failure) 95,698: [ParNew: 25920K->2816K(25920K), 0,0276034 secs] 504020K->482047K(652748K), 0,0279234 secs] [Times: user=0,03 sys=0,00, real=0,02 secs] 
95,753: [GC (Allocation Failure) 95,753: [ParNew: 25920K->2816K(25920K), 0,0313352 secs] 505151K->483295K(652748K), 0,0315414 secs] [Times: user=0,04 sys=0,00, real=0,03 secs] 
95,818: [GC (Allocation Failure) 95,819: [ParNew: 25920K->2816K(25920K), 0,0196466 secs] 506399K->484492K(652748K), 0,0199468 secs] [Times: user=0,04 sys=0,01, real=0,02 secs] 
95,875: [GC (Allocation Failure) 95,875: [ParNew: 25920K->2816K(25920K), 0,0191270 secs] 507596K->485620K(652748K), 0,0193328 secs] [Times: user=0,04 sys=0,00, real=0,02 secs] 
95,927: [GC (Allocation Failure) 95,927: [ParNew: 25920K->2816K(25920K), 0,0179454 secs] 508724K->486779K(652748K), 0,0181720 secs] [Times: user=0,03 sys=0,00, real=0,01 secs] 
95,985: [GC (Allocation Failure) 95,985: [ParNew: 25920K->2816K(25920K), 0,0220709 secs] 509883K->487885K(652748K), 0,0222951 secs] [Times: user=0,04 sys=0,00, real=0,03 secs] 
96,039: [GC (Allocation Failure) 96,040: [ParNew: 25920K->2816K(25920K), 0,0277089 secs] 510989K->489061K(652748K), 0,0279947 secs] [Times: user=0,04 sys=0,00, real=0,03 secs] 
96,095: [GC (Allocation Failure) 96,095: [ParNew: 25920K->2816K(25920K), 0,0187521 secs] 512165K->490183K(652748K), 0,0189611 secs] [Times: user=0,03 sys=0,00, real=0,02 secs] 
96,142: [GC (Allocation Failure) 96,142: [ParNew: 25920K->2816K(25920K), 0,0248439 secs] 513287K->491420K(652748K), 0,0251693 secs] [Times: user=0,04 sys=0,00, real=0,03 secs] 
96,201: [GC (Allocation Failure) 96,201: [ParNew: 25920K->2816K(25920K), 0,0202029 secs] 514524K->492666K(652748K), 0,0204063 secs] [Times: user=0,04 sys=0,00, real=0,02 secs] 
96,251: [GC (Allocation Failure) 96,251: [ParNew: 25920K->2816K(25920K), 0,0278252 secs] 515770K->493811K(652748K), 0,0280614 secs] [Times: user=0,03 sys=0,00, real=0,03 secs] 
96,309: [GC (Allocation Failure) 96,310: [ParNew: 25920K->2816K(25920K), 0,0186176 secs] 516915K->495004K(652748K), 0,0188329 secs] [Times: user=0,04 sys=0,00, real=0,02 secs] 
96,358: [GC (Allocation Failure) 96,359: [ParNew: 25920K->2816K(25920K), 0,0289793 secs] 518108K->496195K(652748K), 0,0292168 secs] [Times: user=0,04 sys=0,00, real=0,03 secs] 
96,415: [GC (Allocation Failure) 96,416: [ParNew: 25920K->2816K(25920K), 0,0189737 secs] 519299K->497329K(652748K), 0,0191782 secs] [Times: user=0,04 sys=0,00, real=0,02 secs] 
96,471: [GC (Allocation Failure) 96,472: [ParNew: 25920K->2294K(25920K), 0,0216676 secs] 520433K->497915K(652748K), 0,0219567 secs] [Times: user=0,03 sys=0,00, real=0,02 secs] 
96,519: [GC (Allocation Failure) 96,519: [ParNew: 25398K->2150K(25920K), 0,0173118 secs] 521019K->498964K(652748K), 0,0175126 secs] [Times: user=0,03 sys=0,00, real=0,02 secs] 
96,571: [GC (Allocation Failure) 96,571: [ParNew: 25254K->2816K(25920K), 0,0217404 secs] 522068K->500596K(652748K), 0,0219659 secs] [Times: user=0,03 sys=0,00, real=0,02 secs] 
96,634: [GC (Allocation Failure) 96,634: [ParNew: 25920K->2816K(25920K), 0,0180060 secs] 523700K->501580K(652748K), 0,0182262 secs] [Times: user=0,03 sys=0,01, real=0,02 secs] 
96,689: [GC (Allocation Failure) 96,690: [ParNew: 25920K->2196K(25920K), 0,0193613 secs] 524684K->502114K(652748K), 0,0195754 secs] [Times: user=0,04 sys=0,00, real=0,02 secs] 
96,741: [GC (Allocation Failure) 96,741: [ParNew: 25300K->2816K(25920K), 0,0276207 secs] 525218K->503805K(652748K), 0,0278514 secs] [Times: user=0,04 sys=0,00, real=0,03 secs] 
96,805: [GC (Allocation Failure) 96,805: [ParNew: 25920K->2816K(25920K), 0,0200353 secs] 526909K->504855K(652748K), 0,0202502 secs] [Times: user=0,04 sys=0,00, real=0,02 secs] 
96,858: [GC (Allocation Failure) 96,859: [ParNew: 25920K->2816K(25920K), 0,0380081 secs] 527959K->506012K(652748K), 0,0382651 secs] [Times: user=0,03 sys=0,00, real=0,04 secs] 
96,924: [GC (Allocation Failure) 96,924: [ParNew: 25920K->2816K(25920K), 0,0180432 secs] 529116K->507145K(652748K), 0,0182445 secs] [Times: user=0,04 sys=0,00, real=0,02 secs] 
96,986: [GC (Allocation Failure) 96,986: [ParNew: 25920K->2816K(25920K), 0,0198111 secs] 530249K->508284K(652748K), 0,0201619 secs] [Times: user=0,03 sys=0,01, real=0,03 secs] 
97,031: [GC (Allocation Failure) 97,031: [ParNew: 25920K->2816K(25920K), 0,0184297 secs] 531388K->509448K(652748K), 0,0186322 secs] [Times: user=0,03 sys=0,00, real=0,02 secs] 
97,091: [GC (Allocation Failure) 97,091: [ParNew: 25920K->2816K(25920K), 0,0186648 secs] 532552K->510520K(652748K), 0,0189283 secs] [Times: user=0,03 sys=0,00, real=0,02 secs] 
97,141: [CMS-concurrent-mark: 3,532/6,237 secs] [Times: user=9,80 sys=0,22, real=6,24 secs] 
97,142: [CMS-concurrent-preclean-start]
97,154: [GC (Allocation Failure) 97,155: [ParNew: 25920K->2816K(25920K), 0,0240643 secs] 533624K->511705K(652748K), 0,0242921 secs] [Times: user=0,04 sys=0,00, real=0,03 secs] 
97,210: [GC (Allocation Failure) 97,210: [ParNew: 25920K->2816K(25920K), 0,0180057 secs] 534809K->512680K(652748K), 0,0182561 secs] [Times: user=0,03 sys=0,00, real=0,02 secs] 
97,271: [GC (Allocation Failure) 97,271: [ParNew: 25920K->2816K(25920K), 0,0204848 secs] 535784K->513781K(652748K), 0,0207549 secs] [Times: user=0,04 sys=0,00, real=0,02 secs] 
97,340: [GC (Allocation Failure) 97,341: [ParNew: 25920K->2816K(25920K), 0,0267590 secs] 536885K->514871K(652748K), 0,0270799 secs] [Times: user=0,04 sys=0,00, real=0,03 secs] 
97,399: [GC (Allocation Failure) 97,399: [ParNew: 25920K->2816K(25920K), 0,0184518 secs] 537975K->516032K(652748K), 0,0187471 secs] [Times: user=0,03 sys=0,00, real=0,02 secs] 
97,449: [GC (Allocation Failure) 97,449: [ParNew: 25920K->2816K(25920K), 0,0256279 secs] 539136K->517223K(652748K), 0,0258656 secs] [Times: user=0,04 sys=0,00, real=0,02 secs] 
97,523: [GC (Allocation Failure) 97,523: [ParNew: 25920K->2816K(25920K), 0,0367667 secs] 540327K->518441K(652748K), 0,0370992 secs] [Times: user=0,04 sys=0,01, real=0,04 secs] 
97,597: [GC (Allocation Failure) 97,597: [ParNew: 25920K->2816K(25920K), 0,0187737 secs] 541545K->519673K(652748K), 0,0189789 secs] [Times: user=0,04 sys=0,00, real=0,01 secs] 
97,651: [GC (Allocation Failure) 97,651: [ParNew: 25920K->2816K(25920K), 0,0288048 secs] 542777K->520744K(652748K), 0,0290568 secs] [Times: user=0,04 sys=0,00, real=0,03 secs] 
97,711: [GC (Allocation Failure) 97,712: [ParNew: 25920K->2816K(25920K), 0,0184219 secs] 543848K->521919K(652748K), 0,0186322 secs] [Times: user=0,03 sys=0,00, real=0,02 secs] 
97,759: [GC (Allocation Failure) 97,759: [ParNew: 25920K->2816K(25920K), 0,0258156 secs] 545023K->523024K(652748K), 0,0260373 secs] [Times: user=0,04 sys=0,00, real=0,02 secs] 
97,816: [GC (Allocation Failure) 97,816: [ParNew: 25920K->2816K(25920K), 0,0179762 secs] 546128K->524167K(652748K), 0,0181825 secs] [Times: user=0,04 sys=0,00, real=0,02 secs] 
97,864: [GC (Allocation Failure) 97,864: [ParNew: 25920K->2816K(25920K), 0,0267343 secs] 547271K->525289K(652748K), 0,0269636 secs] [Times: user=0,04 sys=0,01, real=0,03 secs] 
97,933: [GC (Allocation Failure) 97,933: [ParNew: 25920K->2816K(25920K), 0,0200052 secs] 548393K->526371K(652748K), 0,0202265 secs] [Times: user=0,03 sys=0,00, real=0,02 secs] 
97,989: [GC (Allocation Failure) 97,989: [ParNew: 25920K->2816K(25920K), 0,0293360 secs] 549475K->527486K(652748K), 0,0296473 secs] [Times: user=0,04 sys=0,00, real=0,03 secs] 
98,072: [GC (Allocation Failure) 98,072: [ParNew: 25920K->2816K(25920K), 0,0205547 secs] 550590K->528583K(652748K), 0,0208231 secs] [Times: user=0,04 sys=0,00, real=0,02 secs] 
98,127: [GC (Allocation Failure) 98,127: [ParNew: 25920K->2816K(25920K), 0,0175699 secs] 551687K->529624K(652748K), 0,0177722 secs] [Times: user=0,03 sys=0,00, real=0,01 secs] 
98,158: [CMS-concurrent-preclean: 0,534/1,016 secs] [Times: user=1,54 sys=0,04, real=1,02 secs] 
98,158: [CMS-concurrent-abortable-preclean-start]
98,188: [GC (Allocation Failure) 98,188: [ParNew: 25920K->2816K(25920K), 0,0215905 secs] 552728K->530777K(652748K), 0,0218605 secs] [Times: user=0,04 sys=0,00, real=0,02 secs] 
98,239: [GC (Allocation Failure) 98,240: [ParNew: 25920K->2816K(25920K), 0,0183691 secs] 553881K->531926K(652748K), 0,0185988 secs] [Times: user=0,03 sys=0,00, real=0,02 secs] 
98,304: [GC (Allocation Failure) 98,304: [ParNew: 25920K->2816K(25920K), 0,0198719 secs] 555030K->533060K(652748K), 0,0200862 secs] [Times: user=0,03 sys=0,00, real=0,02 secs] 
98,354: [GC (Allocation Failure) 98,354: [ParNew: 25920K->2816K(25920K), 0,0244180 secs] 556164K->534238K(652748K), 0,0247318 secs] [Times: user=0,03 sys=0,01, real=0,03 secs] 
98,407: [GC (Allocation Failure) 98,407: [ParNew: 25920K->2816K(25920K), 0,0198456 secs] 557342K->535426K(652748K), 0,0200507 secs] [Times: user=0,03 sys=0,00, real=0,02 secs] 
98,429: [CMS-concurrent-abortable-preclean: 0,140/0,271 secs] [Times: user=0,44 sys=0,01, real=0,27 secs] 
98,432: [GC (CMS Final Remark) [YG occupancy: 5946 K (25920 K)]98,433: [Rescan (parallel) , 0,0153717 secs]98,448: [weak refs processing, 0,0002192 secs]98,448: [class unloading, 0,0173272 secs]98,466: [scrub symbol table, 0,0154080 secs]98,481: [scrub string table, 0,0012066 secs][1 CMS-remark: 532610K(626828K)] 538557K(652748K), 0,0499553 secs] [Times: user=0,06 sys=0,00, real=0,05 secs] 
98,483: [CMS-concurrent-sweep-start]
98,516: [GC (Allocation Failure) 98,517: [ParNew: 25920K->2816K(25920K), 0,0172133 secs] 557678K->535627K(652748K), 0,0174185 secs] [Times: user=0,03 sys=0,00, real=0,01 secs] 
98,590: [GC (Allocation Failure) 98,590: [ParNew: 25920K->2816K(25920K), 0,0292036 secs] 543422K->521465K(652748K), 0,0294670 secs] [Times: user=0,05 sys=0,00, real=0,03 secs] 
98,661: [GC (Allocation Failure) 98,661: [ParNew: 25920K->2816K(25920K), 0,0265393 secs] 543686K->521625K(652748K), 0,0267720 secs] [Times: user=0,03 sys=0,00, real=0,03 secs] 
98,728: [GC (Allocation Failure) 98,728: [ParNew: 25920K->2816K(25920K), 0,0165611 secs] 538463K->516315K(652748K), 0,0168655 secs] [Times: user=0,03 sys=0,00, real=0,01 secs] 
98,780: [GC (Allocation Failure) 98,781: [ParNew: 25920K->2816K(25920K), 0,0167408 secs] 536332K->514174K(652748K), 0,0170436 secs] [Times: user=0,03 sys=0,00, real=0,02 secs] 
98,836: [GC (Allocation Failure) 98,836: [ParNew: 25920K->2816K(25920K), 0,0183114 secs] 536625K->514619K(652748K), 0,0185816 secs] [Times: user=0,03 sys=0,00, real=0,02 secs] 
98,889: [GC (Allocation Failure) 98,889: [ParNew: 25920K->2816K(25920K), 0,0210583 secs] 537289K->515361K(652748K), 0,0213069 secs] [Times: user=0,03 sys=0,00, real=0,02 secs] 
98,940: [GC (Allocation Failure) 98,941: [ParNew: 25920K->2816K(25920K), 0,0179816 secs] 536605K->514685K(652748K), 0,0182032 secs] [Times: user=0,03 sys=0,00, real=0,02 secs] 
98,996: [GC (Allocation Failure) 98,996: [ParNew: 25920K->2816K(25920K), 0,0210121 secs] 537575K->515619K(652748K), 0,0212225 secs] [Times: user=0,03 sys=0,00, real=0,03 secs] 
99,048: [GC (Allocation Failure) 99,048: [ParNew: 25920K->2816K(25920K), 0,0264200 secs] 533772K->511869K(652748K), 0,0267050 secs] [Times: user=0,04 sys=0,00, real=0,02 secs] 
99,102: [GC (Allocation Failure) 99,102: [ParNew: 25920K->2816K(25920K), 0,0198678 secs] 533941K->511957K(652748K), 0,0201880 secs] [Times: user=0,03 sys=0,00, real=0,02 secs] 
99,175: [GC (Allocation Failure) 99,175: [ParNew: 25920K->2816K(25920K), 0,0188849 secs] 534026K->511975K(652748K), 0,0191251 secs] [Times: user=0,04 sys=0,00, real=0,02 secs] 
99,225: [GC (Allocation Failure) 99,225: [ParNew: 25920K->2816K(25920K), 0,0181360 secs] 534987K->513022K(652748K), 0,0183428 secs] [Times: user=0,03 sys=0,01, real=0,02 secs] 
99,277: [GC (Allocation Failure) 99,277: [ParNew: 25920K->2816K(25920K), 0,0233361 secs] 535884K->514001K(652748K), 0,0236276 secs] [Times: user=0,04 sys=0,00, real=0,02 secs] 
99,328: [GC (Allocation Failure) 99,329: [ParNew: 25920K->2816K(25920K), 0,0164829 secs] 536221K->514143K(652748K), 0,0166823 secs] [Times: user=0,04 sys=0,00, real=0,01 secs] 
99,376: [GC (Allocation Failure) 99,376: [ParNew: 25920K->2816K(25920K), 0,0204489 secs] 536506K->514508K(652748K), 0,0206935 secs] [Times: user=0,03 sys=0,00, real=0,03 secs] 
99,436: [GC (Allocation Failure) 99,436: [ParNew: 25920K->2816K(25920K), 0,0189555 secs] 529475K->507483K(652748K), 0,0191818 secs] [Times: user=0,03 sys=0,00, real=0,02 secs] 
99,501: [GC (Allocation Failure) 99,501: [ParNew: 25920K->2816K(25920K), 0,0202501 secs] 527356K->505325K(652748K), 0,0204825 secs] [Times: user=0,04 sys=0,01, real=0,02 secs] 
99,550: [GC (Allocation Failure) 99,550: [ParNew: 25920K->2816K(25920K), 0,0251997 secs] 528063K->506060K(652748K), 0,0254514 secs] [Times: user=0,03 sys=0,00, real=0,02 secs] 
99,604: [GC (Allocation Failure) 99,604: [ParNew: 25920K->2816K(25920K), 0,0199875 secs] 528509K->506522K(652748K), 0,0202177 secs] [Times: user=0,03 sys=0,00, real=0,02 secs] 
99,671: [GC (Allocation Failure) 99,671: [ParNew: 25920K->2816K(25920K), 0,0193629 secs] 526775K->504792K(652748K), 0,0196082 secs] [Times: user=0,04 sys=0,00, real=0,02 secs] 
99,722: [GC (Allocation Failure) 99,722: [ParNew: 25920K->2816K(25920K), 0,0176582 secs] 527679K->505605K(652748K), 0,0179090 secs] [Times: user=0,04 sys=0,00, real=0,02 secs] 
99,780: [GC (Allocation Failure) 99,780: [ParNew: 25920K->2816K(25920K), 0,0180129 secs] 528328K->506319K(652748K), 0,0182354 secs] [Times: user=0,03 sys=0,00, real=0,02 secs] 
99,833: [GC (Allocation Failure) 99,833: [ParNew: 25920K->2816K(25920K), 0,0247552 secs] 529057K->507069K(652748K), 0,0249855 secs] [Times: user=0,03 sys=0,00, real=0,03 secs] 
99,888: [GC (Allocation Failure) 99,888: [ParNew: 25920K->2816K(25920K), 0,0174809 secs] 529982K->508038K(652748K), 0,0177022 secs] [Times: user=0,03 sys=0,00, real=0,01 secs] 
99,939: [GC (Allocation Failure) 99,939: [ParNew: 25920K->2816K(25920K), 0,0177356 secs] 530638K->508720K(652748K), 0,0179850 secs] [Times: user=0,03 sys=0,00, real=0,02 secs] 
99,994: [GC (Allocation Failure) 99,994: [ParNew: 25920K->2816K(25920K), 0,0167502 secs] 531528K->509507K(652748K), 0,0169737 secs] [Times: user=0,03 sys=0,00, real=0,02 secs] 
100,045: [GC (Allocation Failure) 100,045: [ParNew: 25920K->2816K(25920K), 0,0188071 secs] 532104K->510131K(652748K), 0,0192588 secs] [Times: user=0,04 sys=0,00, real=0,02 secs] 
100,099: [GC (Allocation Failure) 100,100: [ParNew: 25920K->2816K(25920K), 0,0331073 secs] 532850K->510804K(652748K), 0,0333501 secs] [Times: user=0,04 sys=0,01, real=0,03 secs] 
100,164: [GC (Allocation Failure) 100,164: [ParNew: 25920K->2816K(25920K), 0,0234033 secs] 533574K->511536K(652748K), 0,0236580 secs] [Times: user=0,03 sys=0,00, real=0,03 secs] 
100,214: [GC (Allocation Failure) 100,214: [ParNew: 25920K->2816K(25920K), 0,0288827 secs] 534531K->512506K(652748K), 0,0291009 secs] [Times: user=0,05 sys=0,00, real=0,03 secs] 
100,288: [GC (Allocation Failure) 100,288: [ParNew: 25920K->2816K(25920K), 0,0183585 secs] 534706K->512761K(652748K), 0,0185868 secs] [Times: user=0,04 sys=0,00, real=0,01 secs] 
100,344: [GC (Allocation Failure) 100,344: [ParNew: 25920K->2816K(25920K), 0,0177783 secs] 535860K->513930K(652748K), 0,0181059 secs] [Times: user=0,04 sys=0,00, real=0,02 secs] 
100,402: [GC (Allocation Failure) 100,402: [ParNew: 25920K->2816K(25920K), 0,0179850 secs] 537020K->515057K(652748K), 0,0182150 secs] [Times: user=0,04 sys=0,01, real=0,02 secs] 
100,465: [GC (Allocation Failure) 100,465: [ParNew: 25920K->2225K(25920K), 0,0227963 secs] 534979K->512394K(652748K), 0,0231715 secs] [Times: user=0,03 sys=0,00, real=0,03 secs] 
100,529: [GC (Allocation Failure) 100,529: [ParNew: 25329K->2816K(25920K), 0,0180046 secs] 534525K->513107K(652748K), 0,0182256 secs] [Times: user=0,03 sys=0,00, real=0,02 secs] 
100,589: [GC (Allocation Failure) 100,589: [ParNew: 25920K->2816K(25920K), 0,0175667 secs] 534665K->512573K(652748K), 0,0177832 secs] [Times: user=0,03 sys=0,00, real=0,02 secs] 
100,645: [GC (Allocation Failure) 100,645: [ParNew: 25920K->2816K(25920K), 0,0180330 secs] 530507K->508542K(652748K), 0,0182539 secs] [Times: user=0,04 sys=0,00, real=0,02 secs] 
100,699: [GC (Allocation Failure) 100,699: [ParNew: 25920K->2816K(25920K), 0,0182435 secs] 531052K->509212K(652748K), 0,0185256 secs] [Times: user=0,03 sys=0,00, real=0,02 secs] 
100,760: [GC (Allocation Failure) 100,760: [ParNew: 25920K->2816K(25920K), 0,0316144 secs] 524326K->502405K(652748K), 0,0318527 secs] [Times: user=0,03 sys=0,01, real=0,03 secs] 
100,820: [GC (Allocation Failure) 100,820: [ParNew: 25920K->2816K(25920K), 0,0250146 secs] 524408K->502587K(652748K), 0,0252840 secs] [Times: user=0,04 sys=0,00, real=0,02 secs] 
100,881: [GC (Allocation Failure) 100,881: [ParNew: 25920K->2816K(25920K), 0,0182406 secs] 522245K->500272K(652748K), 0,0185210 secs] [Times: user=0,04 sys=0,00, real=0,02 secs] 
100,926: [GC (Allocation Failure) 100,926: [ParNew: 25920K->2816K(25920K), 0,0208951 secs] 522306K->500341K(652748K), 0,0210965 secs] [Times: user=0,03 sys=0,00, real=0,03 secs] 
100,990: [GC (Allocation Failure) 100,990: [ParNew: 25920K->2816K(25920K), 0,0187261 secs] 520462K->498580K(652748K), 0,0190342 secs] [Times: user=0,04 sys=0,00, real=0,02 secs] 
101,040: [GC (Allocation Failure) 101,040: [ParNew: 25920K->2816K(25920K), 0,0179868 secs] 520699K->498747K(652748K), 0,0181907 secs] [Times: user=0,04 sys=0,00, real=0,02 secs] 
101,093: [GC (Allocation Failure) 101,093: [ParNew: 25920K->2816K(25920K), 0,0184860 secs] 519393K->497523K(652748K), 0,0187730 secs] [Times: user=0,03 sys=0,00, real=0,02 secs] 
101,145: [GC (Allocation Failure) 101,146: [ParNew: 25920K->2816K(25920K), 0,0181434 secs] 518019K->496041K(652748K), 0,0183507 secs] [Times: user=0,03 sys=0,00, real=0,02 secs] 
101,202: [GC (Allocation Failure) 101,202: [ParNew: 25920K->2816K(25920K), 0,0178369 secs] 517356K->495484K(652748K), 0,0181456 secs] [Times: user=0,03 sys=0,00, real=0,02 secs] 
101,252: [GC (Allocation Failure) 101,252: [ParNew: 25920K->2816K(25920K), 0,0257951 secs] 518158K->496227K(652748K), 0,0260052 secs] [Times: user=0,04 sys=0,00, real=0,03 secs] 
101,309: [GC (Allocation Failure) 101,309: [ParNew: 25920K->2816K(25920K), 0,0174222 secs] 514583K->492540K(652748K), 0,0176388 secs] [Times: user=0,04 sys=0,00, real=0,02 secs] 
101,365: [GC (Allocation Failure) 101,365: [ParNew: 25920K->2816K(25920K), 0,0238223 secs] 514840K->492875K(652748K), 0,0241301 secs] [Times: user=0,04 sys=0,00, real=0,03 secs] 
101,439: [GC (Allocation Failure) 101,439: [ParNew: 25920K->2816K(25920K), 0,0210528 secs] 491603K->469615K(652748K), 0,0213868 secs] [Times: user=0,04 sys=0,00, real=0,02 secs] 
101,501: [GC (Allocation Failure) 101,502: [ParNew: 25920K->2816K(25920K), 0,0181150 secs] 491882K->469940K(652748K), 0,0183585 secs] [Times: user=0,03 sys=0,01, real=0,02 secs] 
101,566: [GC (Allocation Failure) 101,567: [ParNew: 25920K->2816K(25920K), 0,0257641 secs] 483523K->461561K(652748K), 0,0260461 secs] [Times: user=0,04 sys=0,00, real=0,02 secs] 
101,618: [GC (Allocation Failure) 101,618: [ParNew: 25920K->2816K(25920K), 0,0207850 secs] 484087K->462141K(652748K), 0,0210671 secs] [Times: user=0,03 sys=0,00, real=0,02 secs] 
101,671: [GC (Allocation Failure) 101,671: [ParNew: 25920K->2816K(25920K), 0,0228184 secs] 484597K->462718K(652748K), 0,0230448 secs] [Times: user=0,03 sys=0,00, real=0,02 secs] 
101,719: [GC (Allocation Failure) 101,719: [ParNew: 25920K->2816K(25920K), 0,0182302 secs] 484676K->462795K(652748K), 0,0184435 secs] [Times: user=0,03 sys=0,00, real=0,02 secs] 
101,777: [GC (Allocation Failure) 101,777: [ParNew: 25920K->2816K(25920K), 0,0242170 secs] 479878K->457957K(652748K), 0,0244360 secs] [Times: user=0,03 sys=0,00, real=0,02 secs] 
101,834: [GC (Allocation Failure) 101,835: [ParNew: 25920K->2816K(25920K), 0,0236578 secs] 480464K->458570K(652748K), 0,0238788 secs] [Times: user=0,04 sys=0,00, real=0,03 secs] 
101,900: [GC (Allocation Failure) 101,900: [ParNew: 25920K->2816K(25920K), 0,0236208 secs] 481190K->459119K(652748K), 0,0239356 secs] [Times: user=0,03 sys=0,00, real=0,02 secs] 
101,950: [GC (Allocation Failure) 101,950: [ParNew: 25920K->2816K(25920K), 0,0173689 secs] 480685K->458716K(652748K), 0,0175656 secs] [Times: user=0,03 sys=0,00, real=0,02 secs] 
101,999: [GC (Allocation Failure) 101,999: [ParNew: 25920K->2816K(25920K), 0,0173087 secs] 481334K->459320K(652748K), 0,0176247 secs] [Times: user=0,03 sys=0,00, real=0,02 secs] 
102,053: [GC (Allocation Failure) 102,054: [ParNew: 25920K->2816K(25920K), 0,0272664 secs] 476854K->454823K(652748K), 0,0274998 secs] [Times: user=0,04 sys=0,00, real=0,03 secs] 
102,103: [GC (Allocation Failure) 102,103: [ParNew: 25920K->2816K(25920K), 0,0181586 secs] 477337K->455448K(652748K), 0,0184199 secs] [Times: user=0,03 sys=0,00, real=0,02 secs] 
102,156: [GC (Allocation Failure) 102,156: [ParNew: 25920K->2816K(25920K), 0,0244564 secs] 476357K->454368K(652748K), 0,0247541 secs] [Times: user=0,03 sys=0,00, real=0,03 secs] 
102,212: [GC (Allocation Failure) 102,213: [ParNew: 25920K->2816K(25920K), 0,0187981 secs] 476688K->454825K(652748K), 0,0190281 secs] [Times: user=0,03 sys=0,00, real=0,02 secs] 
102,263: [GC (Allocation Failure) 102,264: [ParNew: 25920K->2816K(25920K), 0,0239674 secs] 474531K->452625K(652748K), 0,0241680 secs] [Times: user=0,03 sys=0,00, real=0,03 secs] 
102,316: [GC (Allocation Failure) 102,317: [ParNew: 25920K->2816K(25920K), 0,0181150 secs] 473565K->451646K(652748K), 0,0183352 secs] [Times: user=0,04 sys=0,00, real=0,01 secs] 
102,368: [GC (Allocation Failure) 102,368: [ParNew: 25920K->2391K(25920K), 0,0246227 secs] 471119K->448765K(652748K), 0,0248265 secs] [Times: user=0,03 sys=0,00, real=0,02 secs] 
102,427: [GC (Allocation Failure) 102,427: [ParNew: 25495K->2816K(25920K), 0,0187763 secs] 470425K->448967K(652748K), 0,0191127 secs] [Times: user=0,04 sys=0,00, real=0,02 secs] 
102,484: [GC (Allocation Failure) 102,484: [ParNew: 25920K->2816K(25920K), 0,0164729 secs] 471016K->448961K(652748K), 0,0166749 secs] [Times: user=0,04 sys=0,00, real=0,02 secs] 
102,536: [GC (Allocation Failure) 102,537: [ParNew: 25920K->2816K(25920K), 0,0205277 secs] 469518K->447594K(652748K), 0,0207503 secs] [Times: user=0,04 sys=0,00, real=0,02 secs] 
102,591: [GC (Allocation Failure) 102,591: [ParNew: 25920K->2816K(25920K), 0,0177986 secs] 470225K->448160K(652748K), 0,0180317 secs] [Times: user=0,04 sys=0,00, real=0,02 secs] 
102,641: [GC (Allocation Failure) 102,641: [ParNew: 25920K->2425K(25920K), 0,0208354 secs] 468679K->446458K(652748K), 0,0210497 secs] [Times: user=0,04 sys=0,00, real=0,02 secs] 
102,696: [GC (Allocation Failure) 102,696: [ParNew: 25529K->2816K(25920K), 0,0185995 secs] 468377K->446862K(652748K), 0,0188367 secs] [Times: user=0,03 sys=0,00, real=0,02 secs] 
102,745: [GC (Allocation Failure) 102,745: [ParNew: 25920K->2816K(25920K), 0,0200805 secs] 461718K->439786K(652748K), 0,0202878 secs] [Times: user=0,03 sys=0,00, real=0,02 secs] 
102,797: [GC (Allocation Failure) 102,797: [ParNew: 25920K->2816K(25920K), 0,0178113 secs] 462424K->440567K(652748K), 0,0181731 secs] [Times: user=0,03 sys=0,00, real=0,01 secs] 
102,844: [GC (Allocation Failure) 102,844: [ParNew: 25920K->2816K(25920K), 0,0241234 secs] 460565K->438596K(652748K), 0,0243482 secs] [Times: user=0,04 sys=0,00, real=0,03 secs] 
102,901: [GC (Allocation Failure) 102,901: [ParNew: 25920K->2816K(25920K), 0,0178899 secs] 460723K->438818K(652748K), 0,0181376 secs] [Times: user=0,04 sys=0,00, real=0,02 secs] 
102,942: [GC (Allocation Failure) 102,942: [ParNew: 25920K->2816K(25920K), 0,0201442 secs] 461228K->439236K(652748K), 0,0203788 secs] [Times: user=0,03 sys=0,00, real=0,02 secs] 
103,003: [GC (Allocation Failure) 103,003: [ParNew: 25920K->2388K(25920K), 0,0180225 secs] 453125K->430800K(652748K), 0,0182628 secs] [Times: user=0,04 sys=0,00, real=0,02 secs] 
103,051: [GC (Allocation Failure) 103,051: [ParNew: 25492K->2816K(25920K), 0,0288801 secs] 450817K->429341K(652748K), 0,0290903 secs] [Times: user=0,03 sys=0,00, real=0,03 secs] 
103,105: [GC (Allocation Failure) 103,105: [ParNew: 25920K->2816K(25920K), 0,0179517 secs] 451947K->429968K(652748K), 0,0182400 secs] [Times: user=0,03 sys=0,00, real=0,02 secs] 
103,153: [GC (Allocation Failure) 103,153: [ParNew: 25920K->2816K(25920K), 0,0273738 secs] 451533K->430011K(652748K), 0,0276047 secs] [Times: user=0,04 sys=0,00, real=0,03 secs] 
103,209: [GC (Allocation Failure) 103,209: [ParNew: 25920K->2816K(25920K), 0,0177081 secs] 451412K->429487K(652748K), 0,0179716 secs] [Times: user=0,03 sys=0,00, real=0,02 secs] 
103,254: [GC (Allocation Failure) 103,254: [ParNew: 25920K->2816K(25920K), 0,0276508 secs] 450359K->428225K(652748K), 0,0278672 secs] [Times: user=0,04 sys=0,00, real=0,03 secs] 
103,310: [GC (Allocation Failure) 103,310: [ParNew: 25920K->2816K(25920K), 0,0177805 secs] 451310K->429372K(652748K), 0,0180042 secs] [Times: user=0,04 sys=0,00, real=0,02 secs] 
103,351: [GC (Allocation Failure) 103,351: [ParNew: 25920K->2816K(25920K), 0,0210093 secs] 451248K->429371K(652748K), 0,0212774 secs] [Times: user=0,03 sys=0,00, real=0,02 secs] 
103,408: [GC (Allocation Failure) 103,408: [ParNew: 25920K->2816K(25920K), 0,0178568 secs] 448538K->426513K(652748K), 0,0180767 secs] [Times: user=0,03 sys=0,00, real=0,01 secs] 
103,451: [GC (Allocation Failure) 103,452: [ParNew: 25920K->2816K(25920K), 0,0290773 secs] 448899K->427035K(652748K), 0,0292912 secs] [Times: user=0,04 sys=0,00, real=0,03 secs] 
103,517: [GC (Allocation Failure) 103,517: [ParNew: 25920K->2816K(25920K), 0,0177262 secs] 448887K->426980K(652748K), 0,0179486 secs] [Times: user=0,03 sys=0,00, real=0,01 secs] 
103,585: [GC (Allocation Failure) 103,585: [ParNew: 25920K->2816K(25920K), 0,0194963 secs] 435068K->413091K(652748K), 0,0197105 secs] [Times: user=0,04 sys=0,00, real=0,02 secs] 
103,633: [GC (Allocation Failure) 103,633: [ParNew: 25920K->2816K(25920K), 0,0174164 secs] 435446K->413382K(652748K), 0,0176968 secs] [Times: user=0,03 sys=0,00, real=0,02 secs] 
103,690: [GC (Allocation Failure) 103,690: [ParNew: 25920K->2816K(25920K), 0,0183696 secs] 431207K->409365K(652748K), 0,0185958 secs] [Times: user=0,03 sys=0,00, real=0,02 secs] 
103,743: [GC (Allocation Failure) 103,743: [ParNew: 25920K->2816K(25920K), 0,0178591 secs] 424296K->402289K(652748K), 0,0180701 secs] [Times: user=0,04 sys=0,00, real=0,02 secs] 
103,803: [GC (Allocation Failure) 103,803: [ParNew: 25920K->2816K(25920K), 0,0178660 secs] 424563K->402613K(652748K), 0,0181022 secs] [Times: user=0,03 sys=0,00, real=0,02 secs] 
103,849: [GC (Allocation Failure) 103,849: [ParNew: 25920K->2816K(25920K), 0,0377708 secs] 424908K->402962K(652748K), 0,0379945 secs] [Times: user=0,05 sys=0,00, real=0,04 secs] 
103,921: [GC (Allocation Failure) 103,921: [ParNew: 25920K->2816K(25920K), 0,0202519 secs] 423349K->401415K(652748K), 0,0205041 secs] [Times: user=0,04 sys=0,00, real=0,02 secs] 
103,974: [GC (Allocation Failure) 103,975: [ParNew: 25920K->2816K(25920K), 0,0309876 secs] 423460K->401352K(652748K), 0,0312153 secs] [Times: user=0,04 sys=0,00, real=0,03 secs] 
104,040: [GC (Allocation Failure) 104,040: [ParNew: 25920K->2816K(25920K), 0,0177648 secs] 422579K->400671K(652748K), 0,0180513 secs] [Times: user=0,03 sys=0,00, real=0,02 secs] 
104,104: [GC (Allocation Failure) 104,104: [ParNew: 25920K->2816K(25920K), 0,0170012 secs] 421042K->398998K(652748K), 0,0172798 secs] [Times: user=0,04 sys=0,00, real=0,02 secs] 
104,151: [GC (Allocation Failure) 104,151: [ParNew: 25920K->2816K(25920K), 0,0171621 secs] 421928K->399969K(652748K), 0,0174163 secs] [Times: user=0,03 sys=0,00, real=0,02 secs] 
104,205: [GC (Allocation Failure) 104,206: [ParNew: 25920K->2816K(25920K), 0,0168875 secs] 421873K->399800K(652748K), 0,0171231 secs] [Times: user=0,03 sys=0,00, real=0,02 secs] 
104,259: [GC (Allocation Failure) 104,259: [ParNew: 25920K->2816K(25920K), 0,0279524 secs] 413690K->391760K(652748K), 0,0281552 secs] [Times: user=0,03 sys=0,00, real=0,03 secs] 
104,318: [GC (Allocation Failure) 104,319: [ParNew: 25920K->2816K(25920K), 0,0193652 secs] 413383K->391377K(652748K), 0,0197239 secs] [Times: user=0,03 sys=0,00, real=0,02 secs] 
104,372: [GC (Allocation Failure) 104,372: [ParNew: 25920K->2816K(25920K), 0,0328438 secs] 410984K->389108K(652748K), 0,0330633 secs] [Times: user=0,04 sys=0,00, real=0,03 secs] 
104,438: [GC (Allocation Failure) 104,438: [ParNew: 25920K->2816K(25920K), 0,0179364 secs] 411799K->389915K(652748K), 0,0181544 secs] [Times: user=0,03 sys=0,00, real=0,01 secs] 
104,496: [GC (Allocation Failure) 104,496: [ParNew: 25920K->2816K(25920K), 0,0181456 secs] 407534K->385565K(652748K), 0,0183925 secs] [Times: user=0,03 sys=0,00, real=0,02 secs] 
104,546: [GC (Allocation Failure) 104,546: [ParNew: 25920K->2816K(25920K), 0,0192759 secs] 406963K->385017K(652748K), 0,0194893 secs] [Times: user=0,03 sys=0,00, real=0,02 secs] 
104,610: [GC (Allocation Failure) 104,610: [ParNew: 25920K->2816K(25920K), 0,0227504 secs] 406116K->384164K(652748K), 0,0231851 secs] [Times: user=0,04 sys=0,00, real=0,02 secs] 
104,673: [GC (Allocation Failure) 104,674: [ParNew: 25920K->2816K(25920K), 0,0288827 secs] 401073K->379158K(652748K), 0,0290935 secs] [Times: user=0,03 sys=0,01, real=0,03 secs] 
104,725: [GC (Allocation Failure) 104,725: [ParNew: 25920K->2816K(25920K), 0,0238191 secs] 402249K->380259K(652748K), 0,0240712 secs] [Times: user=0,04 sys=0,00, real=0,03 secs] 
104,773: [GC (Allocation Failure) 104,773: [ParNew: 25920K->2816K(25920K), 0,0414046 secs] 403030K->381049K(652748K), 0,0416397 secs] [Times: user=0,04 sys=0,00, real=0,04 secs] 
104,850: [GC (Allocation Failure) 104,850: [ParNew: 25920K->2816K(25920K), 0,0178161 secs] 404153K->382213K(652748K), 0,0181351 secs] [Times: user=0,04 sys=0,00, real=0,02 secs] 
104,918: [GC (Allocation Failure) 104,918: [ParNew: 25920K->2816K(25920K), 0,0183636 secs] 405317K->383441K(652748K), 0,0185967 secs] [Times: user=0,04 sys=0,00, real=0,01 secs] 
104,971: [GC (Allocation Failure) 104,971: [ParNew: 25920K->2816K(25920K), 0,0262785 secs] 406545K->384748K(652748K), 0,0265638 secs] [Times: user=0,04 sys=0,00, real=0,03 secs] 
105,023: [GC (Allocation Failure) 105,023: [ParNew: 25920K->2816K(25920K), 0,0174963 secs] 407852K->385923K(652748K), 0,0177863 secs] [Times: user=0,04 sys=0,00, real=0,02 secs] 
105,075: [GC (Allocation Failure) 105,075: [ParNew: 25920K->2816K(25920K), 0,0255638 secs] 409027K->387006K(652748K), 0,0257852 secs] [Times: user=0,03 sys=0,01, real=0,03 secs] 
105,126: [GC (Allocation Failure) 105,126: [ParNew: 25920K->2210K(25920K), 0,0172783 secs] 410110K->387543K(652748K), 0,0175671 secs] [Times: user=0,03 sys=0,00, real=0,02 secs] 
105,168: [GC (Allocation Failure) 105,169: [ParNew: 25314K->2816K(25920K), 0,0256455 secs] 410647K->389204K(652748K), 0,0259163 secs] [Times: user=0,03 sys=0,00, real=0,02 secs] 
105,223: [GC (Allocation Failure) 105,223: [ParNew: 25920K->2816K(25920K), 0,0170158 secs] 412308K->390185K(652748K), 0,0173100 secs] [Times: user=0,03 sys=0,00, real=0,02 secs] 
105,272: [GC (Allocation Failure) 105,272: [ParNew: 25920K->2228K(25920K), 0,0260810 secs] 413289K->390757K(652748K), 0,0262890 secs] [Times: user=0,04 sys=0,00, real=0,03 secs] 
105,338: [GC (Allocation Failure) 105,339: [ParNew: 25332K->2816K(25920K), 0,0169106 secs] 413861K->392442K(652748K), 0,0171355 secs] [Times: user=0,04 sys=0,00, real=0,01 secs] 
105,404: [GC (Allocation Failure) 105,404: [ParNew: 25920K->2816K(25920K), 0,0168180 secs] 415546K->393463K(652748K), 0,0170527 secs] [Times: user=0,03 sys=0,00, real=0,02 secs] 
105,451: [GC (Allocation Failure) 105,451: [ParNew: 25920K->2816K(25920K), 0,0174205 secs] 416567K->394555K(652748K), 0,0176214 secs] [Times: user=0,04 sys=0,00, real=0,02 secs] 
105,478: [CMS-concurrent-sweep: 4,033/6,995 secs] [Times: user=11,09 sys=0,19, real=7,00 secs] 
105,478: [CMS-concurrent-reset-start]
105,511: [GC (Allocation Failure) 105,511: [ParNew: 25920K->2816K(25920K), 0,0177773 secs] 417659K->395636K(678820K), 0,0180163 secs] [Times: user=0,03 sys=0,00, real=0,02 secs] 
105,558: [GC (Allocation Failure) 105,558: [ParNew: 25920K->2816K(25920K), 0,0277758 secs] 418740K->396810K(678820K), 0,0279859 secs] [Times: user=0,04 sys=0,00, real=0,02 secs] 
105,591: [CMS-concurrent-reset: 0,061/0,113 secs] [Times: user=0,16 sys=0,00, real=0,11 secs] 
105,622: [GC (Allocation Failure) 105,622: [ParNew: 25920K->2816K(25920K), 0,0170359 secs] 419914K->397909K(678820K), 0,0172617 secs] [Times: user=0,03 sys=0,00, real=0,02 secs] 
105,667: [GC (CMS Initial Mark) [1 CMS-initial-mark: 395093K(652900K)] 421013K(678820K), 0,0220984 secs] [Times: user=0,03 sys=0,00, real=0,02 secs] 
105,689: [CMS-concurrent-mark-start]
105,696: [GC (Allocation Failure) 105,696: [ParNew: 25920K->2816K(25920K), 0,0178686 secs] 421013K->399084K(678820K), 0,0182078 secs] [Times: user=0,03 sys=0,01, real=0,02 secs] 
105,751: [GC (Allocation Failure) 105,751: [ParNew: 25920K->2816K(25920K), 0,0252742 secs] 422188K->400200K(678820K), 0,0254952 secs] [Times: user=0,04 sys=0,00, real=0,03 secs] 
105,820: [GC (Allocation Failure) 105,820: [ParNew: 25920K->2816K(25920K), 0,0171455 secs] 423304K->401226K(678820K), 0,0173763 secs] [Times: user=0,04 sys=0,00, real=0,02 secs] 
105,866: [GC (Allocation Failure) 105,866: [ParNew: 25920K->2816K(25920K), 0,0224364 secs] 424330K->402308K(678820K), 0,0227081 secs] [Times: user=0,04 sys=0,00, real=0,03 secs] 
105,925: [GC (Allocation Failure) 105,925: [ParNew: 25920K->2816K(25920K), 0,0177898 secs] 425412K->403434K(678820K), 0,0180117 secs] [Times: user=0,03 sys=0,00, real=0,02 secs] 
105,992: [GC (Allocation Failure) 105,992: [ParNew: 25920K->2816K(25920K), 0,0220181 secs] 426538K->404520K(678820K), 0,0222493 secs] [Times: user=0,03 sys=0,00, real=0,02 secs] 
106,046: [GC (Allocation Failure) 106,046: [ParNew: 25920K->2816K(25920K), 0,0181147 secs] 427624K->405663K(678820K), 0,0184681 secs] [Times: user=0,04 sys=0,00, real=0,02 secs] 
106,108: [GC (Allocation Failure) 106,108: [ParNew: 25920K->2816K(25920K), 0,0182597 secs] 428767K->406771K(678820K), 0,0185104 secs] [Times: user=0,03 sys=0,00, real=0,01 secs] 
106,155: [GC (Allocation Failure) 106,155: [ParNew: 25920K->2381K(25920K), 0,0317717 secs] 429875K->407568K(678820K), 0,0319908 secs] [Times: user=0,04 sys=0,00, real=0,04 secs] 
106,216: [GC (Allocation Failure) 106,216: [ParNew: 25485K->2263K(25920K), 0,0171077 secs] 430672K->408623K(678820K), 0,0173328 secs] [Times: user=0,03 sys=0,00, real=0,02 secs] 
106,258: [GC (Allocation Failure) 106,258: [ParNew: 25367K->2080K(25920K), 0,0165395 secs] 431727K->409485K(678820K), 0,0167489 secs] [Times: user=0,03 sys=0,00, real=0,01 secs] 
106,311: [GC (Allocation Failure) 106,312: [ParNew: 25184K->2816K(25920K), 0,0280027 secs] 432589K->411192K(678820K), 0,0282342 secs] [Times: user=0,03 sys=0,00, real=0,03 secs] 
106,391: [GC (Allocation Failure) 106,391: [ParNew: 25920K->2816K(25920K), 0,0316801 secs] 434296K->412205K(678820K), 0,0319175 secs] [Times: user=0,03 sys=0,00, real=0,03 secs] 
106,460: [GC (Allocation Failure) 106,460: [ParNew: 25920K->2816K(25920K), 0,0174609 secs] 435309K->413267K(678820K), 0,0176932 secs] [Times: user=0,03 sys=0,00, real=0,02 secs] 
106,519: [GC (Allocation Failure) 106,519: [ParNew: 25920K->2816K(25920K), 0,0176349 secs] 436371K->414433K(678820K), 0,0178521 secs] [Times: user=0,03 sys=0,00, real=0,02 secs] 
106,574: [GC (Allocation Failure) 106,574: [ParNew: 25920K->2816K(25920K), 0,0233608 secs] 437537K->415493K(678820K), 0,0235749 secs] [Times: user=0,03 sys=0,00, real=0,03 secs] 
106,645: [GC (Allocation Failure) 106,645: [ParNew: 25920K->2816K(25920K), 0,0179102 secs] 438597K->416553K(678820K), 0,0181344 secs] [Times: user=0,04 sys=0,00, real=0,02 secs] 
106,699: [GC (Allocation Failure) 106,699: [ParNew: 25920K->2816K(25920K), 0,0207838 secs] 439657K->417740K(678820K), 0,0210143 secs] [Times: user=0,04 sys=0,00, real=0,02 secs] 
106,745: [GC (Allocation Failure) 106,745: [ParNew: 25920K->2816K(25920K), 0,0177030 secs] 440844K->418925K(678820K), 0,0179081 secs] [Times: user=0,04 sys=0,00, real=0,02 secs] 
106,810: [GC (Allocation Failure) 106,810: [ParNew: 25920K->2816K(25920K), 0,0188417 secs] 442029K->420084K(678820K), 0,0191724 secs] [Times: user=0,04 sys=0,00, real=0,02 secs] 
106,858: [GC (Allocation Failure) 106,858: [ParNew: 25920K->2816K(25920K), 0,0179211 secs] 443188K->421227K(678820K), 0,0181277 secs] [Times: user=0,04 sys=0,00, real=0,01 secs] 
106,909: [GC (Allocation Failure) 106,909: [ParNew: 25920K->2330K(25920K), 0,0213435 secs] 444331K->421899K(678820K), 0,0216751 secs] [Times: user=0,04 sys=0,00, real=0,02 secs] 
106,962: [GC (Allocation Failure) 106,963: [ParNew: 25434K->2816K(25920K), 0,0182069 secs] 445003K->423561K(678820K), 0,0184117 secs] [Times: user=0,04 sys=0,00, real=0,02 secs] 
107,020: [GC (Allocation Failure) 107,020: [ParNew: 25920K->2816K(25920K), 0,0174682 secs] 446665K->424697K(678820K), 0,0176888 secs] [Times: user=0,04 sys=0,00, real=0,02 secs] 
107,070: [GC (Allocation Failure) 107,070: [ParNew: 25920K->2816K(25920K), 0,0257950 secs] 447801K->425820K(678820K), 0,0260017 secs] [Times: user=0,04 sys=0,00, real=0,02 secs] 
107,129: [GC (Allocation Failure) 107,129: [ParNew: 25920K->2816K(25920K), 0,0168640 secs] 448924K->426793K(678820K), 0,0170860 secs] [Times: user=0,03 sys=0,00, real=0,01 secs] 
107,184: [GC (Allocation Failure) 107,184: [ParNew: 25920K->2816K(25920K), 0,0231557 secs] 449897K->427965K(678820K), 0,0233894 secs] [Times: user=0,04 sys=0,00, real=0,03 secs] 
107,239: [GC (Allocation Failure) 107,239: [ParNew: 25920K->2816K(25920K), 0,0179853 secs] 451069K->429087K(678820K), 0,0182480 secs] [Times: user=0,03 sys=0,00, real=0,02 secs] 
107,290: [GC (Allocation Failure) 107,290: [ParNew: 25920K->2816K(25920K), 0,0174428 secs] 452191K->430157K(678820K), 0,0176481 secs] [Times: user=0,04 sys=0,00, real=0,02 secs] 
107,342: [GC (Allocation Failure) 107,343: [ParNew: 25920K->2816K(25920K), 0,0181643 secs] 453261K->431326K(678820K), 0,0183891 secs] [Times: user=0,03 sys=0,00, real=0,02 secs] 
107,406: [GC (Allocation Failure) 107,406: [ParNew: 25920K->2816K(25920K), 0,0224761 secs] 454430K->432461K(678820K), 0,0227202 secs] [Times: user=0,04 sys=0,00, real=0,03 secs] 
107,469: [GC (Allocation Failure) 107,469: [ParNew: 25920K->2816K(25920K), 0,0277570 secs] 455565K->433726K(678820K), 0,0279866 secs] [Times: user=0,04 sys=0,00, real=0,03 secs] 
107,532: [GC (Allocation Failure) 107,532: [ParNew: 25920K->2816K(25920K), 0,0271708 secs] 456830K->434937K(678820K), 0,0274112 secs] [Times: user=0,03 sys=0,00, real=0,03 secs] 
107,602: [GC (Allocation Failure) 107,602: [ParNew: 25920K->2816K(25920K), 0,0215539 secs] 458041K->436091K(678820K), 0,0217953 secs] [Times: user=0,04 sys=0,00, real=0,02 secs] 
107,654: [GC (Allocation Failure) 107,654: [ParNew: 25920K->2312K(25920K), 0,0356330 secs] 459195K->436806K(678820K), 0,0358736 secs] [Times: user=0,04 sys=0,00, real=0,04 secs] 
107,722: [GC (Allocation Failure) 107,723: [ParNew: 25416K->2816K(25920K), 0,0178579 secs] 459910K->438385K(678820K), 0,0180889 secs] [Times: user=0,03 sys=0,00, real=0,02 secs] 
107,771: [GC (Allocation Failure) 107,771: [ParNew: 25920K->2816K(25920K), 0,0238832 secs] 461489K->439563K(678820K), 0,0241073 secs] [Times: user=0,04 sys=0,00, real=0,02 secs] 
107,831: [GC (Allocation Failure) 107,831: [ParNew: 25920K->2816K(25920K), 0,0249473 secs] 462667K->440719K(678820K), 0,0251667 secs] [Times: user=0,04 sys=0,00, real=0,02 secs] 
107,882: [GC (Allocation Failure) 107,882: [ParNew: 25920K->2816K(25920K), 0,0305641 secs] 463823K->441840K(678820K), 0,0308373 secs] [Times: user=0,05 sys=0,00, real=0,03 secs] 
107,947: [GC (Allocation Failure) 107,947: [ParNew: 25920K->2816K(25920K), 0,0348128 secs] 464944K->443005K(678820K), 0,0351140 secs] [Times: user=0,05 sys=0,00, real=0,03 secs] 
108,019: [GC (Allocation Failure) 108,019: [ParNew: 25920K->2816K(25920K), 0,0256105 secs] 466109K->444198K(678820K), 0,0258852 secs] [Times: user=0,05 sys=0,00, real=0,02 secs] 
108,080: [GC (Allocation Failure) 108,080: [ParNew: 25920K->2816K(25920K), 0,0295094 secs] 467302K->445592K(678820K), 0,0297868 secs] [Times: user=0,05 sys=0,00, real=0,03 secs] 
108,141: [GC (Allocation Failure) 108,141: [ParNew: 25920K->2816K(25920K), 0,0172468 secs] 468696K->446603K(678820K), 0,0175080 secs] [Times: user=0,03 sys=0,00, real=0,02 secs] 
108,197: [GC (Allocation Failure) 108,197: [ParNew: 25920K->2816K(25920K), 0,0181532 secs] 469707K->447709K(678820K), 0,0183605 secs] [Times: user=0,04 sys=0,00, real=0,01 secs] 
108,252: [GC (Allocation Failure) 108,252: [ParNew: 25920K->2816K(25920K), 0,0180640 secs] 470813K->448859K(678820K), 0,0182875 secs] [Times: user=0,03 sys=0,00, real=0,02 secs] 
108,301: [GC (Allocation Failure) 108,301: [ParNew: 25920K->2816K(25920K), 0,0179848 secs] 471963K->450009K(678820K), 0,0181919 secs] [Times: user=0,03 sys=0,00, real=0,02 secs] 
108,354: [GC (Allocation Failure) 108,354: [ParNew: 25920K->2816K(25920K), 0,0184085 secs] 473113K->451146K(678820K), 0,0186623 secs] [Times: user=0,04 sys=0,00, real=0,02 secs] 
108,418: [GC (Allocation Failure) 108,418: [ParNew: 25920K->2816K(25920K), 0,0211935 secs] 474250K->452336K(678820K), 0,0214782 secs] [Times: user=0,03 sys=0,00, real=0,02 secs] 
108,467: [GC (Allocation Failure) 108,467: [ParNew: 25920K->2816K(25920K), 0,0183843 secs] 475440K->453460K(678820K), 0,0186387 secs] [Times: user=0,03 sys=0,00, real=0,01 secs] 
108,519: [GC (Allocation Failure) 108,519: [ParNew: 25920K->2816K(25920K), 0,0208586 secs] 476564K->454747K(678820K), 0,0210881 secs] [Times: user=0,04 sys=0,00, real=0,02 secs] 
108,569: [GC (Allocation Failure) 108,569: [ParNew: 25920K->2816K(25920K), 0,0247053 secs] 477851K->455806K(678820K), 0,0249289 secs] [Times: user=0,04 sys=0,00, real=0,02 secs] 
108,623: [GC (Allocation Failure) 108,624: [ParNew: 25920K->2816K(25920K), 0,0211324 secs] 478910K->456994K(678820K), 0,0213471 secs] [Times: user=0,03 sys=0,00, real=0,02 secs] 
108,674: [GC (Allocation Failure) 108,674: [ParNew: 25920K->2816K(25920K), 0,0234271 secs] 480098K->458081K(678820K), 0,0236340 secs] [Times: user=0,03 sys=0,00, real=0,03 secs] 
108,721: [GC (Allocation Failure) 108,722: [ParNew: 25920K->2816K(25920K), 0,0202984 secs] 481185K->459237K(678820K), 0,0205409 secs] [Times: user=0,04 sys=0,00, real=0,02 secs] 
108,768: [GC (Allocation Failure) 108,769: [ParNew: 25920K->2816K(25920K), 0,0292390 secs] 482341K->460394K(678820K), 0,0294741 secs] [Times: user=0,04 sys=0,00, real=0,03 secs] 
108,823: [GC (Allocation Failure) 108,823: [ParNew: 25920K->2816K(25920K), 0,0209181 secs] 483498K->461621K(678820K), 0,0211305 secs] [Times: user=0,03 sys=0,00, real=0,02 secs] 
108,872: [GC (Allocation Failure) 108,872: [ParNew: 25920K->2463K(25920K), 0,0244344 secs] 484725K->462497K(678820K), 0,0246292 secs] [Times: user=0,03 sys=0,00, real=0,03 secs] 
108,929: [GC (Allocation Failure) 108,929: [ParNew: 25567K->2816K(25920K), 0,0284547 secs] 485601K->464091K(678820K), 0,0287551 secs] [Times: user=0,03 sys=0,00, real=0,03 secs] 
108,987: [GC (Allocation Failure) 108,987: [ParNew: 25920K->2816K(25920K), 0,0236134 secs] 487195K->465172K(678820K), 0,0238372 secs] [Times: user=0,04 sys=0,00, real=0,02 secs] 
109,041: [GC (Allocation Failure) 109,041: [ParNew: 25920K->2816K(25920K), 0,0171793 secs] 488276K->466111K(678820K), 0,0173993 secs] [Times: user=0,04 sys=0,00, real=0,02 secs] 
109,093: [GC (Allocation Failure) 109,093: [ParNew: 25920K->2816K(25920K), 0,0200643 secs] 489215K->467385K(678820K), 0,0202926 secs] [Times: user=0,04 sys=0,00, real=0,02 secs] 
109,141: [GC (Allocation Failure) 109,141: [ParNew: 25920K->2816K(25920K), 0,0191412 secs] 490489K->468618K(678820K), 0,0194229 secs] [Times: user=0,03 sys=0,00, real=0,02 secs] 
109,207: [GC (Allocation Failure) 109,207: [ParNew: 25920K->2384K(25920K), 0,0180953 secs] 491722K->469395K(678820K), 0,0183040 secs] [Times: user=0,03 sys=0,00, real=0,01 secs] 
109,258: [GC (Allocation Failure) 109,258: [ParNew: 25488K->2816K(25920K), 0,0181229 secs] 492499K->470978K(678820K), 0,0183368 secs] [Times: user=0,03 sys=0,00, real=0,01 secs] 
109,312: [GC (Allocation Failure) 109,312: [ParNew: 25920K->2335K(25920K), 0,0175946 secs] 494082K->471612K(678820K), 0,0178626 secs] [Times: user=0,03 sys=0,00, real=0,02 secs] 
109,365: [GC (Allocation Failure) 109,365: [ParNew: 25439K->2816K(25920K), 0,0181123 secs] 494716K->473322K(678820K), 0,0183339 secs] [Times: user=0,03 sys=0,00, real=0,02 secs] 
109,419: [GC (Allocation Failure) 109,420: [ParNew: 25920K->2816K(25920K), 0,0173986 secs] 496426K->474370K(678820K), 0,0176089 secs] [Times: user=0,03 sys=0,00, real=0,02 secs] 
109,469: [GC (Allocation Failure) 109,469: [ParNew: 25920K->2816K(25920K), 0,0176374 secs] 497474K->475515K(678820K), 0,0179271 secs] [Times: user=0,03 sys=0,00, real=0,02 secs] 
109,522: [GC (Allocation Failure) 109,522: [ParNew: 25920K->2816K(25920K), 0,0205309 secs] 498619K->476569K(678820K), 0,0207458 secs] [Times: user=0,03 sys=0,00, real=0,02 secs] 
109,573: [GC (Allocation Failure) 109,573: [ParNew: 25920K->2816K(25920K), 0,0263686 secs] 499673K->477702K(678820K), 0,0265720 secs] [Times: user=0,04 sys=0,01, real=0,03 secs] 
109,631: [GC (Allocation Failure) 109,631: [ParNew: 25920K->2816K(25920K), 0,0202931 secs] 500806K->478766K(678820K), 0,0207317 secs] [Times: user=0,04 sys=0,00, real=0,02 secs] 
109,677: [GC (Allocation Failure) 109,677: [ParNew: 25920K->2816K(25920K), 0,0244432 secs] 501870K->479964K(678820K), 0,0246395 secs] [Times: user=0,04 sys=0,00, real=0,02 secs] 
109,730: [GC (Allocation Failure) 109,730: [ParNew: 25920K->2816K(25920K), 0,0194596 secs] 503068K->481001K(678820K), 0,0196828 secs] [Times: user=0,04 sys=0,00, real=0,02 secs] 
109,781: [GC (Allocation Failure) 109,781: [ParNew: 25920K->2816K(25920K), 0,0228403 secs] 504105K->482103K(678820K), 0,0230992 secs] [Times: user=0,04 sys=0,00, real=0,02 secs] 
109,837: [GC (Allocation Failure) 109,837: [ParNew: 25920K->2816K(25920K), 0,0198108 secs] 505207K->483257K(678820K), 0,0200494 secs] [Times: user=0,03 sys=0,00, real=0,02 secs] 
109,896: [GC (Allocation Failure) 109,896: [ParNew: 25920K->2203K(25920K), 0,0178452 secs] 506361K->483865K(678820K), 0,0180777 secs] [Times: user=0,03 sys=0,00, real=0,02 secs] 
109,947: [GC (Allocation Failure) 109,947: [ParNew: 25307K->2816K(25920K), 0,0192096 secs] 506969K->485412K(678820K), 0,0195029 secs] [Times: user=0,03 sys=0,00, real=0,02 secs] 
110,011: [GC (Allocation Failure) 110,011: [ParNew: 25920K->2816K(25920K), 0,0162208 secs] 508516K->486408K(678820K), 0,0164650 secs] [Times: user=0,03 sys=0,00, real=0,02 secs] 
110,054: [GC (Allocation Failure) 110,054: [ParNew: 25920K->2816K(25920K), 0,0184215 secs] 509512K->487441K(678820K), 0,0186391 secs] [Times: user=0,04 sys=0,00, real=0,02 secs] 
110,108: [GC (Allocation Failure) 110,108: [ParNew: 25920K->2816K(25920K), 0,0304845 secs] 510545K->488409K(678820K), 0,0307655 secs] [Times: user=0,03 sys=0,00, real=0,03 secs] 
110,167: [GC (Allocation Failure) 110,168: [ParNew: 25920K->2816K(25920K), 0,0180021 secs] 511513K->489640K(678820K), 0,0182203 secs] [Times: user=0,03 sys=0,00, real=0,01 secs] 
110,241: [GC (Allocation Failure) 110,241: [ParNew: 25920K->2816K(25920K), 0,0210333 secs] 512744K->490810K(678820K), 0,0212730 secs] [Times: user=0,03 sys=0,00, real=0,02 secs] 
110,298: [GC (Allocation Failure) 110,298: [ParNew: 25920K->2816K(25920K), 0,0186880 secs] 513914K->491944K(678820K), 0,0189403 secs] [Times: user=0,03 sys=0,00, real=0,02 secs] 
110,356: [GC (Allocation Failure) 110,356: [ParNew: 25920K->2816K(25920K), 0,0183193 secs] 515048K->493055K(678820K), 0,0185648 secs] [Times: user=0,03 sys=0,00, real=0,02 secs] 
110,407: [GC (Allocation Failure) 110,407: [ParNew: 25920K->2816K(25920K), 0,0181995 secs] 516159K->494273K(678820K), 0,0184151 secs] [Times: user=0,03 sys=0,00, real=0,01 secs] 
110,459: [GC (Allocation Failure) 110,459: [ParNew: 25920K->2816K(25920K), 0,0182736 secs] 517377K->495415K(678820K), 0,0185804 secs] [Times: user=0,04 sys=0,00, real=0,02 secs] 
110,518: [GC (Allocation Failure) 110,518: [ParNew: 25920K->2816K(25920K), 0,0248526 secs] 518519K->496625K(678820K), 0,0250795 secs] [Times: user=0,04 sys=0,00, real=0,02 secs] 
110,582: [GC (Allocation Failure) 110,583: [ParNew: 25920K->2816K(25920K), 0,0229248 secs] 519729K->497670K(678820K), 0,0231429 secs] [Times: user=0,03 sys=0,00, real=0,02 secs] 
110,641: [GC (Allocation Failure) 110,641: [ParNew: 25920K->2816K(25920K), 0,0256311 secs] 520774K->498800K(678820K), 0,0258593 secs] [Times: user=0,04 sys=0,00, real=0,03 secs] 
110,700: [GC (Allocation Failure) 110,700: [ParNew: 25920K->2816K(25920K), 0,0312783 secs] 521904K->500037K(678820K), 0,0314974 secs] [Times: user=0,03 sys=0,00, real=0,03 secs] 
110,772: [GC (Allocation Failure) 110,772: [ParNew: 25920K->2446K(25920K), 0,0178565 secs] 523141K->500752K(678820K), 0,0180639 secs] [Times: user=0,03 sys=0,00, real=0,02 secs] 
110,825: [GC (Allocation Failure) 110,825: [ParNew: 25550K->2816K(25920K), 0,0184445 secs] 523856K->502321K(678820K), 0,0186587 secs] [Times: user=0,04 sys=0,00, real=0,02 secs] 
110,876: [GC (Allocation Failure) 110,876: [ParNew: 25920K->2816K(25920K), 0,0255417 secs] 525425K->503493K(678820K), 0,0257656 secs] [Times: user=0,04 sys=0,00, real=0,02 secs] 
110,931: [GC (Allocation Failure) 110,931: [ParNew: 25920K->2816K(25920K), 0,0186012 secs] 526597K->504710K(678820K), 0,0188171 secs] [Times: user=0,04 sys=0,00, real=0,02 secs] 
110,988: [GC (Allocation Failure) 110,989: [ParNew: 25920K->2816K(25920K), 0,0258151 secs] 527814K->505926K(678820K), 0,0260791 secs] [Times: user=0,04 sys=0,00, real=0,02 secs] 
111,056: [GC (Allocation Failure) 111,056: [ParNew: 25920K->2816K(25920K), 0,0281111 secs] 529030K->507100K(678820K), 0,0283449 secs] [Times: user=0,05 sys=0,00, real=0,03 secs] 
111,118: [GC (Allocation Failure) 111,118: [ParNew: 25920K->2816K(25920K), 0,0170900 secs] 530204K->508161K(678820K), 0,0172955 secs] [Times: user=0,03 sys=0,00, real=0,01 secs] 
111,168: [GC (Allocation Failure) 111,168: [ParNew: 25920K->2816K(25920K), 0,0172616 secs] 531265K->509246K(678820K), 0,0174849 secs] [Times: user=0,03 sys=0,00, real=0,01 secs] 
111,215: [GC (Allocation Failure) 111,216: [ParNew: 25920K->2816K(25920K), 0,0176453 secs] 532350K->510242K(678820K), 0,0179135 secs] [Times: user=0,03 sys=0,00, real=0,02 secs] 
111,264: [GC (Allocation Failure) 111,264: [ParNew: 25920K->2816K(25920K), 0,0179832 secs] 533346K->511431K(678820K), 0,0182094 secs] [Times: user=0,04 sys=0,00, real=0,02 secs] 
111,332: [GC (Allocation Failure) 111,332: [ParNew: 25920K->2816K(25920K), 0,0183167 secs] 534535K->512583K(678820K), 0,0185261 secs] [Times: user=0,04 sys=0,00, real=0,02 secs] 
111,383: [GC (Allocation Failure) 111,383: [ParNew: 25920K->2816K(25920K), 0,0236792 secs] 535687K->513721K(678820K), 0,0239198 secs] [Times: user=0,03 sys=0,00, real=0,03 secs] 
111,436: [GC (Allocation Failure) 111,436: [ParNew: 25920K->2816K(25920K), 0,0181425 secs] 536825K->514837K(678820K), 0,0183515 secs] [Times: user=0,04 sys=0,00, real=0,02 secs] 
111,485: [GC (Allocation Failure) 111,485: [ParNew: 25920K->2816K(25920K), 0,0262454 secs] 537941K->515975K(678820K), 0,0265306 secs] [Times: user=0,04 sys=0,00, real=0,03 secs] 
111,544: [GC (Allocation Failure) 111,544: [ParNew: 25920K->2816K(25920K), 0,0182827 secs] 539079K->517102K(678820K), 0,0186409 secs] [Times: user=0,03 sys=0,00, real=0,02 secs] 
111,602: [GC (Allocation Failure) 111,602: [ParNew: 25920K->2291K(25920K), 0,0360886 secs] 540206K->517741K(678820K), 0,0363744 secs] [Times: user=0,05 sys=0,00, real=0,04 secs] 
111,683: [GC (Allocation Failure) 111,684: [ParNew: 25395K->2816K(25920K), 0,0234054 secs] 540845K->519395K(678820K), 0,0236206 secs] [Times: user=0,03 sys=0,00, real=0,03 secs] 
111,730: [GC (Allocation Failure) 111,730: [ParNew: 25920K->2816K(25920K), 0,0179013 secs] 542499K->520479K(678820K), 0,0182485 secs] [Times: user=0,03 sys=0,00, real=0,02 secs] 
111,773: [CMS-concurrent-mark: 3,465/6,084 secs] [Times: user=9,51 sys=0,18, real=6,08 secs] 
111,773: [CMS-concurrent-preclean-start]
111,792: [GC (Allocation Failure) 111,793: [ParNew: 25920K->2816K(25920K), 0,0244151 secs] 543583K->521636K(678820K), 0,0246450 secs] [Times: user=0,04 sys=0,00, real=0,03 secs] 
111,851: [GC (Allocation Failure) 111,852: [ParNew: 25920K->2816K(25920K), 0,0217039 secs] 544740K->522805K(678820K), 0,0231194 secs] [Times: user=0,04 sys=0,00, real=0,02 secs] 
111,924: [GC (Allocation Failure) 111,925: [ParNew: 25920K->2248K(25920K), 0,0175695 secs] 545909K->523406K(678820K), 0,0178307 secs] [Times: user=0,03 sys=0,01, real=0,02 secs] 
111,980: [GC (Allocation Failure) 111,980: [ParNew: 25352K->2816K(25920K), 0,0245059 secs] 546510K->525017K(678820K), 0,0248251 secs] [Times: user=0,04 sys=0,00, real=0,02 secs] 
112,038: [CMS-concurrent-preclean: 0,092/0,265 secs] [Times: user=0,40 sys=0,01, real=0,27 secs] 
112,038: [CMS-concurrent-abortable-preclean-start]
112,046: [GC (Allocation Failure) 112,046: [ParNew: 25920K->2816K(25920K), 0,0180767 secs] 548121K->526167K(678820K), 0,0183453 secs] [Times: user=0,04 sys=0,00, real=0,02 secs] 
112,092: [GC (Allocation Failure) 112,092: [ParNew: 25920K->2816K(25920K), 0,0240880 secs] 549271K->527348K(678820K), 0,0243095 secs] [Times: user=0,03 sys=0,00, real=0,02 secs] 
112,147: [GC (Allocation Failure) 112,147: [ParNew: 25920K->2816K(25920K), 0,0204144 secs] 550452K->528570K(678820K), 0,0206409 secs] [Times: user=0,03 sys=0,00, real=0,02 secs] 
112,169: [CMS-concurrent-abortable-preclean: 0,037/0,131 secs] [Times: user=0,22 sys=0,00, real=0,13 secs] 
112,208: [GC (CMS Final Remark) [YG occupancy: 25920 K (25920 K)]112,208: [Rescan (parallel) , 0,0239909 secs]112,233: [weak refs processing, 0,0002146 secs]112,233: [class unloading, 0,0172467 secs]112,250: [scrub symbol table, 0,0131692 secs]112,263: [scrub string table, 0,0012339 secs][1 CMS-remark: 525754K(652900K)] 551674K(678820K), 0,0562446 secs] [Times: user=0,08 sys=0,00, real=0,05 secs] 
112,265: [CMS-concurrent-sweep-start]
112,266: [GC (Allocation Failure) 112,266: [ParNew: 25920K->2816K(25920K), 0,0199737 secs] 551673K->529744K(678820K), 0,0202222 secs] [Times: user=0,04 sys=0,00, real=0,02 secs] 
112,327: [GC (Allocation Failure) 112,327: [ParNew: 25920K->2217K(25920K), 0,0178558 secs] 552569K->529987K(678820K), 0,0180704 secs] [Times: user=0,04 sys=0,00, real=0,01 secs] 
112,377: [GC (Allocation Failure) 112,377: [ParNew: 25321K->2816K(25920K), 0,0279713 secs] 553058K->531610K(678820K), 0,0282245 secs] [Times: user=0,04 sys=0,00, real=0,02 secs] 
112,447: [GC (Allocation Failure) 112,447: [ParNew: 25920K->2816K(25920K), 0,0378381 secs] 554673K->532697K(678820K), 0,0380892 secs] [Times: user=0,03 sys=0,00, real=0,03 secs] 
112,525: [GC (Allocation Failure) 112,526: [ParNew: 25920K->2816K(25920K), 0,0205531 secs] 555665K->533819K(678820K), 0,0207752 secs] [Times: user=0,04 sys=0,00, real=0,02 secs] 
112,577: [GC (Allocation Failure) 112,577: [ParNew: 25920K->2394K(25920K), 0,0287248 secs] 555974K->533669K(678820K), 0,0289603 secs] [Times: user=0,04 sys=0,00, real=0,02 secs] 
112,630: [GC (Allocation Failure) 112,631: [ParNew: 25498K->2816K(25920K), 0,0185620 secs] 556639K->535114K(678820K), 0,0187725 secs] [Times: user=0,03 sys=0,00, real=0,02 secs] 
112,683: [GC (Allocation Failure) 112,683: [ParNew: 25920K->2816K(25920K), 0,0328507 secs] 551548K->529632K(678820K), 0,0331987 secs] [Times: user=0,04 sys=0,00, real=0,04 secs] 
112,743: [GC (Allocation Failure) 112,744: [ParNew: 25920K->2816K(25920K), 0,0182154 secs] 551286K->529410K(678820K), 0,0184216 secs] [Times: user=0,03 sys=0,00, real=0,02 secs] 
112,791: [GC (Allocation Failure) 112,791: [ParNew: 25920K->2816K(25920K), 0,0233412 secs] 550038K->528072K(678820K), 0,0235676 secs] [Times: user=0,03 sys=0,00, real=0,02 secs] 
112,845: [GC (Allocation Failure) 112,845: [ParNew: 25920K->2816K(25920K), 0,0188929 secs] 550051K->528138K(678820K), 0,0191081 secs] [Times: user=0,03 sys=0,00, real=0,02 secs] 
112,899: [GC (Allocation Failure) 112,900: [ParNew: 25920K->2816K(25920K), 0,0336902 secs] 548017K->526048K(678820K), 0,0339740 secs] [Times: user=0,04 sys=0,00, real=0,03 secs] 
112,971: [GC (Allocation Failure) 112,971: [ParNew: 25920K->2816K(25920K), 0,0307913 secs] 534111K->512179K(678820K), 0,0310557 secs] [Times: user=0,04 sys=0,00, real=0,03 secs] 
113,032: [GC (Allocation Failure) 113,032: [ParNew: 25920K->2816K(25920K), 0,0174666 secs] 534546K->512594K(678820K), 0,0177303 secs] [Times: user=0,03 sys=0,00, real=0,02 secs] 
113,076: [GC (Allocation Failure) 113,076: [ParNew: 25920K->2816K(25920K), 0,0260090 secs] 533111K->511083K(678820K), 0,0263041 secs] [Times: user=0,03 sys=0,00, real=0,03 secs] 
113,129: [GC (Allocation Failure) 113,129: [ParNew: 25920K->2816K(25920K), 0,0189154 secs] 533651K->511693K(678820K), 0,0191145 secs] [Times: user=0,04 sys=0,00, real=0,02 secs] 
113,181: [GC (Allocation Failure) 113,181: [ParNew: 25920K->2816K(25920K), 0,0334198 secs] 533697K->511813K(678820K), 0,0336460 secs] [Times: user=0,03 sys=0,00, real=0,03 secs] 
113,247: [GC (Allocation Failure) 113,247: [ParNew: 25920K->2816K(25920K), 0,0174519 secs] 531441K->509430K(678820K), 0,0176584 secs] [Times: user=0,03 sys=0,00, real=0,01 secs] 
113,308: [GC (Allocation Failure) 113,308: [ParNew: 25920K->2816K(25920K), 0,0176943 secs] 531572K->509585K(678820K), 0,0179219 secs] [Times: user=0,03 sys=0,00, real=0,01 secs] 
113,363: [GC (Allocation Failure) 113,363: [ParNew: 25920K->2816K(25920K), 0,0212364 secs] 531643K->509560K(678820K), 0,0215315 secs] [Times: user=0,04 sys=0,00, real=0,02 secs] 
113,423: [GC (Allocation Failure) 113,423: [ParNew: 25920K->2816K(25920K), 0,0235378 secs] 531486K->509450K(678820K), 0,0237525 secs] [Times: user=0,04 sys=0,00, real=0,03 secs] 
113,500: [GC (Allocation Failure) 113,501: [ParNew: 25920K->2816K(25920K), 0,0214661 secs] 515792K->493716K(678820K), 0,0217076 secs] [Times: user=0,03 sys=0,00, real=0,02 secs] 
113,574: [GC (Allocation Failure) 113,574: [ParNew: 25920K->2816K(25920K), 0,0276138 secs] 489973K->468021K(678820K), 0,0279078 secs] [Times: user=0,04 sys=0,00, real=0,03 secs] 
113,628: [GC (Allocation Failure) 113,629: [ParNew: 25920K->2816K(25920K), 0,0173532 secs] 489627K->467604K(678820K), 0,0175594 secs] [Times: user=0,04 sys=0,00, real=0,01 secs] 
113,669: [GC (Allocation Failure) 113,669: [ParNew: 25920K->2816K(25920K), 0,0178995 secs] 490620K->468639K(678820K), 0,0181820 secs] [Times: user=0,03 sys=0,00, real=0,02 secs] 
113,737: [GC (Allocation Failure) 113,737: [ParNew: 25920K->2816K(25920K), 0,0180809 secs] 487659K->465589K(678820K), 0,0182839 secs] [Times: user=0,03 sys=0,00, real=0,01 secs] 
113,788: [GC (Allocation Failure) 113,788: [ParNew: 25920K->2816K(25920K), 0,0275543 secs] 481024K->459162K(678820K), 0,0278333 secs] [Times: user=0,04 sys=0,00, real=0,02 secs] 
113,854: [GC (Allocation Failure) 113,854: [ParNew: 25920K->2816K(25920K), 0,0180763 secs] 473070K->451103K(678820K), 0,0183012 secs] [Times: user=0,03 sys=0,00, real=0,02 secs] 
113,922: [GC (Allocation Failure) 113,922: [ParNew: 25920K->2816K(25920K), 0,0177263 secs] 473547K->451579K(678820K), 0,0179415 secs] [Times: user=0,03 sys=0,00, real=0,02 secs] 
113,968: [GC (Allocation Failure) 113,968: [ParNew: 25920K->2816K(25920K), 0,0182747 secs] 472874K->450900K(678820K), 0,0185017 secs] [Times: user=0,03 sys=0,00, real=0,02 secs] 
114,026: [GC (Allocation Failure) 114,026: [ParNew: 25920K->2816K(25920K), 0,0173516 secs] 470344K->448280K(678820K), 0,0175603 secs] [Times: user=0,03 sys=0,00, real=0,02 secs] 
114,067: [GC (Allocation Failure) 114,067: [ParNew: 25920K->2816K(25920K), 0,0189949 secs] 470439K->448501K(678820K), 0,0192045 secs] [Times: user=0,03 sys=0,00, real=0,01 secs] 
114,126: [GC (Allocation Failure) 114,126: [ParNew: 25920K->2816K(25920K), 0,0184207 secs] 469933K->447983K(678820K), 0,0186329 secs] [Times: user=0,03 sys=0,00, real=0,02 secs] 
114,171: [GC (Allocation Failure) 114,171: [ParNew: 25920K->2816K(25920K), 0,0174306 secs] 470036K->448002K(678820K), 0,0176759 secs] [Times: user=0,03 sys=0,01, real=0,02 secs] 
114,224: [GC (Allocation Failure) 114,224: [ParNew: 25920K->2816K(25920K), 0,0184305 secs] 470455K->448491K(678820K), 0,0186219 secs] [Times: user=0,03 sys=0,00, real=0,02 secs] 
114,270: [GC (Allocation Failure) 114,271: [ParNew: 25920K->2816K(25920K), 0,0191165 secs] 470640K->448631K(678820K), 0,0193495 secs] [Times: user=0,03 sys=0,00, real=0,02 secs] 
114,332: [GC (Allocation Failure) 114,332: [ParNew: 25920K->2816K(25920K), 0,0188605 secs] 468656K->446733K(678820K), 0,0190688 secs] [Times: user=0,03 sys=0,00, real=0,02 secs] 
114,379: [GC (Allocation Failure) 114,379: [ParNew: 25920K->2816K(25920K), 0,0190137 secs] 469404K->447519K(678820K), 0,0193163 secs] [Times: user=0,03 sys=0,00, real=0,02 secs] 
114,439: [GC (Allocation Failure) 114,439: [ParNew: 25920K->2816K(25920K), 0,0191225 secs] 467373K->445471K(678820K), 0,0193189 secs] [Times: user=0,03 sys=0,00, real=0,02 secs] 
114,492: [GC (Allocation Failure) 114,493: [ParNew: 25920K->2816K(25920K), 0,0264747 secs] 468020K->446112K(678820K), 0,0266978 secs] [Times: user=0,04 sys=0,00, real=0,03 secs] 
114,563: [GC (Allocation Failure) 114,563: [ParNew: 25920K->2816K(25920K), 0,0192888 secs] 446339K->424485K(678820K), 0,0195202 secs] [Times: user=0,03 sys=0,00, real=0,02 secs] 
114,621: [GC (Allocation Failure) 114,621: [ParNew: 25920K->2816K(25920K), 0,0171049 secs] 445575K->423412K(678820K), 0,0173178 secs] [Times: user=0,03 sys=0,00, real=0,02 secs] 
114,670: [GC (Allocation Failure) 114,670: [ParNew: 25920K->2816K(25920K), 0,0179557 secs] 445096K->423128K(678820K), 0,0181836 secs] [Times: user=0,04 sys=0,00, real=0,02 secs] 
114,728: [GC (Allocation Failure) 114,728: [ParNew: 25920K->2816K(25920K), 0,0181303 secs] 441126K->419221K(678820K), 0,0183413 secs] [Times: user=0,03 sys=0,00, real=0,01 secs] 
114,777: [GC (Allocation Failure) 114,777: [ParNew: 25920K->2193K(25920K), 0,0173635 secs] 441598K->418935K(678820K), 0,0176374 secs] [Times: user=0,04 sys=0,00, real=0,01 secs] 
114,829: [GC (Allocation Failure) 114,829: [ParNew: 25297K->2816K(25920K), 0,0173785 secs] 439758K->418378K(678820K), 0,0175772 secs] [Times: user=0,04 sys=0,00, real=0,02 secs] 
114,879: [GC (Allocation Failure) 114,880: [ParNew: 25920K->2816K(25920K), 0,0173026 secs] 436128K->414063K(678820K), 0,0175214 secs] [Times: user=0,03 sys=0,00, real=0,02 secs] 
114,933: [GC (Allocation Failure) 114,933: [ParNew: 25920K->2816K(25920K), 0,0186982 secs] 436074K->414136K(678820K), 0,0189048 secs] [Times: user=0,04 sys=0,00, real=0,02 secs] 
114,984: [GC (Allocation Failure) 114,984: [ParNew: 25920K->2816K(25920K), 0,0274789 secs] 433041K->411115K(678820K), 0,0277354 secs] [Times: user=0,04 sys=0,00, real=0,03 secs] 
115,056: [GC (Allocation Failure) 115,057: [ParNew: 25920K->2816K(25920K), 0,0186279 secs] 432743K->410863K(678820K), 0,0189103 secs] [Times: user=0,04 sys=0,00, real=0,01 secs] 
115,107: [GC (Allocation Failure) 115,107: [ParNew: 25920K->2816K(25920K), 0,0245126 secs] 432933K->410946K(678820K), 0,0247610 secs] [Times: user=0,04 sys=0,00, real=0,02 secs] 
115,167: [GC (Allocation Failure) 115,167: [ParNew: 25920K->2816K(25920K), 0,0173107 secs] 433264K->411227K(678820K), 0,0176063 secs] [Times: user=0,04 sys=0,00, real=0,01 secs] 
115,225: [GC (Allocation Failure) 115,225: [ParNew: 25920K->2816K(25920K), 0,0321229 secs] 430745K->408769K(678820K), 0,0323399 secs] [Times: user=0,03 sys=0,00, real=0,04 secs] 
115,283: [GC (Allocation Failure) 115,283: [ParNew: 25920K->2816K(25920K), 0,0238551 secs] 431832K->409827K(678820K), 0,0241825 secs] [Times: user=0,03 sys=0,00, real=0,03 secs] 
115,343: [GC (Allocation Failure) 115,343: [ParNew: 25920K->2816K(25920K), 0,0184939 secs] 431155K->409288K(678820K), 0,0187079 secs] [Times: user=0,03 sys=0,00, real=0,02 secs] 
115,394: [GC (Allocation Failure) 115,394: [ParNew: 25920K->2816K(25920K), 0,0299098 secs] 431942K->410016K(678820K), 0,0301302 secs] [Times: user=0,04 sys=0,00, real=0,03 secs] 
115,450: [GC (Allocation Failure) 115,450: [ParNew: 25920K->2816K(25920K), 0,0185421 secs] 431393K->409487K(678820K), 0,0187467 secs] [Times: user=0,03 sys=0,00, real=0,02 secs] 
115,496: [GC (Allocation Failure) 115,496: [ParNew: 25920K->2816K(25920K), 0,0239734 secs] 431991K->410097K(678820K), 0,0241961 secs] [Times: user=0,04 sys=0,00, real=0,03 secs] 
115,547: [GC (Allocation Failure) 115,547: [ParNew: 25920K->2816K(25920K), 0,0180670 secs] 431839K->409934K(678820K), 0,0182646 secs] [Times: user=0,03 sys=0,00, real=0,01 secs] 
115,607: [GC (Allocation Failure) 115,607: [ParNew: 25920K->2816K(25920K), 0,0238219 secs] 430597K->408693K(678820K), 0,0240678 secs] [Times: user=0,04 sys=0,00, real=0,02 secs] 
115,656: [GC (Allocation Failure) 115,656: [ParNew: 25920K->2816K(25920K), 0,0180977 secs] 431797K->409845K(678820K), 0,0183088 secs] [Times: user=0,04 sys=0,00, real=0,02 secs] 
115,708: [GC (Allocation Failure) 115,708: [ParNew: 25920K->2816K(25920K), 0,0200179 secs] 432938K->410969K(678820K), 0,0202872 secs] [Times: user=0,03 sys=0,00, real=0,02 secs] 
115,760: [GC (Allocation Failure) 115,760: [ParNew: 25920K->2264K(25920K), 0,0182581 secs] 434066K->411584K(678820K), 0,0184649 secs] [Times: user=0,03 sys=0,00, real=0,02 secs] 
115,816: [GC (Allocation Failure) 115,816: [ParNew: 25368K->2816K(25920K), 0,0254228 secs] 434685K->413204K(678820K), 0,0256521 secs] [Times: user=0,03 sys=0,00, real=0,03 secs] 
115,875: [GC (Allocation Failure) 115,875: [ParNew: 25920K->2816K(25920K), 0,0178132 secs] 436296K->414315K(678820K), 0,0180454 secs] [Times: user=0,03 sys=0,01, real=0,02 secs] 
115,931: [GC (Allocation Failure) 115,931: [ParNew: 25920K->2816K(25920K), 0,0176472 secs] 437419K->415393K(678820K), 0,0178528 secs] [Times: user=0,03 sys=0,00, real=0,02 secs] 
115,977: [GC (Allocation Failure) 115,977: [ParNew: 25920K->2816K(25920K), 0,0173079 secs] 438494K->416489K(678820K), 0,0175502 secs] [Times: user=0,03 sys=0,00, real=0,01 secs] 
116,046: [GC (Allocation Failure) 116,047: [ParNew: 25920K->2816K(25920K), 0,0180710 secs] 439566K->417627K(678820K), 0,0182741 secs] [Times: user=0,03 sys=0,00, real=0,01 secs] 
116,097: [GC (Allocation Failure) 116,097: [ParNew: 25920K->2816K(25920K), 0,0236081 secs] 440711K->418706K(678820K), 0,0238883 secs] [Times: user=0,03 sys=0,00, real=0,02 secs] 
116,160: [GC (Allocation Failure) 116,160: [ParNew: 25920K->2816K(25920K), 0,0188293 secs] 441694K->419763K(678820K), 0,0190829 secs] [Times: user=0,03 sys=0,00, real=0,02 secs] 
116,214: [GC (Allocation Failure) 116,214: [ParNew: 25920K->2816K(25920K), 0,0223029 secs] 442756K->420786K(678820K), 0,0225435 secs] [Times: user=0,03 sys=0,00, real=0,03 secs] 
116,280: [GC (Allocation Failure) 116,280: [ParNew: 25920K->2816K(25920K), 0,0187243 secs] 443679K->421762K(678820K), 0,0189361 secs] [Times: user=0,04 sys=0,00, real=0,02 secs] 
116,336: [GC (Allocation Failure) 116,336: [ParNew: 25920K->2816K(25920K), 0,0185945 secs] 444437K->422513K(678820K), 0,0188239 secs] [Times: user=0,03 sys=0,00, real=0,02 secs] 
116,384: [GC (Allocation Failure) 116,384: [ParNew: 25920K->2816K(25920K), 0,0180496 secs] 445339K->423443K(678820K), 0,0183267 secs] [Times: user=0,03 sys=0,00, real=0,02 secs] 
116,449: [GC (Allocation Failure) 116,449: [ParNew: 25920K->2816K(25920K), 0,0185443 secs] 446547K->424606K(678820K), 0,0187586 secs] [Times: user=0,03 sys=0,00, real=0,02 secs] 
116,524: [GC (Allocation Failure) 116,524: [ParNew: 25920K->2816K(25920K), 0,0408228 secs] 441431K->419404K(678820K), 0,0410805 secs] [Times: user=0,08 sys=0,00, real=0,04 secs] 
116,614: [GC (Allocation Failure) 116,614: [ParNew: 25920K->2816K(25920K), 0,0249343 secs] 441765K->419871K(678820K), 0,0252275 secs] [Times: user=0,03 sys=0,00, real=0,03 secs] 
116,672: [GC (Allocation Failure) 116,672: [ParNew: 25920K->2816K(25920K), 0,0174521 secs] 435109K->413115K(678820K), 0,0177509 secs] [Times: user=0,03 sys=0,00, real=0,02 secs] 
116,735: [GC (Allocation Failure) 116,735: [ParNew: 25920K->2816K(25920K), 0,0201387 secs] 434289K->412294K(678820K), 0,0203665 secs] [Times: user=0,03 sys=0,00, real=0,02 secs] 
116,779: [GC (Allocation Failure) 116,779: [ParNew: 25920K->2816K(25920K), 0,0177708 secs] 435298K->413402K(678820K), 0,0180079 secs] [Times: user=0,03 sys=0,00, real=0,02 secs] 
116,840: [GC (Allocation Failure) 116,840: [ParNew: 25920K->2816K(25920K), 0,0181384 secs] 435277K->413228K(678820K), 0,0183561 secs] [Times: user=0,04 sys=0,00, real=0,02 secs] 
116,897: [GC (Allocation Failure) 116,897: [ParNew: 25920K->2816K(25920K), 0,0236636 secs] 419638K->397692K(678820K), 0,0239163 secs] [Times: user=0,04 sys=0,00, real=0,02 secs] 
116,954: [GC (Allocation Failure) 116,954: [ParNew: 25920K->2816K(25920K), 0,0185073 secs] 419696K->397781K(678820K), 0,0187118 secs] [Times: user=0,03 sys=0,00, real=0,02 secs] 
116,998: [GC (Allocation Failure) 116,998: [ParNew: 25920K->2816K(25920K), 0,0250857 secs] 419730K->397759K(678820K), 0,0253367 secs] [Times: user=0,03 sys=0,00, real=0,02 secs] 
117,057: [GC (Allocation Failure) 117,057: [ParNew: 25920K->2816K(25920K), 0,0182141 secs] 419667K->397741K(678820K), 0,0184254 secs] [Times: user=0,03 sys=0,00, real=0,01 secs] 
117,104: [GC (Allocation Failure) 117,104: [ParNew: 25920K->2816K(25920K), 0,0270411 secs] 419929K->397998K(678820K), 0,0272941 secs] [Times: user=0,03 sys=0,00, real=0,03 secs] 
117,170: [GC (Allocation Failure) 117,170: [ParNew: 25920K->2816K(25920K), 0,0213973 secs] 415501K->393565K(678820K), 0,0217107 secs] [Times: user=0,03 sys=0,00, real=0,02 secs] 
117,227: [GC (Allocation Failure) 117,227: [ParNew: 25920K->2816K(25920K), 0,0224046 secs] 415788K->393872K(678820K), 0,0226065 secs] [Times: user=0,04 sys=0,00, real=0,02 secs] 
117,277: [GC (Allocation Failure) 117,277: [ParNew: 25920K->2816K(25920K), 0,0186384 secs] 415875K->393944K(678820K), 0,0188861 secs] [Times: user=0,03 sys=0,00, real=0,01 secs] 
117,337: [GC (Allocation Failure) 117,338: [ParNew: 25920K->2311K(25920K), 0,0218885 secs] 416051K->393617K(678820K), 0,0221025 secs] [Times: user=0,04 sys=0,00, real=0,02 secs] 
117,392: [GC (Allocation Failure) 117,392: [ParNew: 25415K->2816K(25920K), 0,0224732 secs] 415811K->394339K(678820K), 0,0227556 secs] [Times: user=0,03 sys=0,00, real=0,02 secs] 
117,448: [GC (Allocation Failure) 117,449: [ParNew: 25920K->2816K(25920K), 0,0201610 secs] 414925K->392858K(678820K), 0,0203894 secs] [Times: user=0,04 sys=0,00, real=0,02 secs] 
117,500: [GC (Allocation Failure) 117,500: [ParNew: 25920K->2816K(25920K), 0,0257829 secs] 415161K->393211K(678820K), 0,0260383 secs] [Times: user=0,03 sys=0,00, real=0,02 secs] 
117,570: [GC (Allocation Failure) 117,570: [ParNew: 25920K->2225K(25920K), 0,0319016 secs] 415023K->392506K(678820K), 0,0321903 secs] [Times: user=0,03 sys=0,00, real=0,03 secs] 
117,639: [GC (Allocation Failure) 117,639: [ParNew: 25329K->2816K(25920K), 0,0205608 secs] 409287K->387799K(678820K), 0,0207713 secs] [Times: user=0,03 sys=0,00, real=0,02 secs] 
117,696: [GC (Allocation Failure) 117,696: [ParNew: 25920K->2816K(25920K), 0,0244652 secs] 405599K->383672K(678820K), 0,0247134 secs] [Times: user=0,03 sys=0,00, real=0,03 secs] 
117,748: [GC (Allocation Failure) 117,748: [ParNew: 25920K->2816K(25920K), 0,0213689 secs] 405919K->384066K(678820K), 0,0215815 secs] [Times: user=0,04 sys=0,00, real=0,02 secs] 
117,795: [GC (Allocation Failure) 117,795: [ParNew: 25920K->2816K(25920K), 0,0231198 secs] 405914K->383993K(678820K), 0,0233386 secs] [Times: user=0,04 sys=0,00, real=0,03 secs] 
117,849: [GC (Allocation Failure) 117,849: [ParNew: 25920K->2816K(25920K), 0,0211048 secs] 406212K->384309K(678820K), 0,0213136 secs] [Times: user=0,04 sys=0,00, real=0,02 secs] 
117,900: [GC (Allocation Failure) 117,900: [ParNew: 25920K->2816K(25920K), 0,0228210 secs] 406521K->384563K(678820K), 0,0230410 secs] [Times: user=0,03 sys=0,00, real=0,02 secs] 
117,957: [GC (Allocation Failure) 117,957: [ParNew: 25920K->2816K(25920K), 0,0171783 secs] 407399K->385426K(678820K), 0,0174031 secs] [Times: user=0,03 sys=0,00, real=0,01 secs] 
118,019: [GC (Allocation Failure) 118,019: [ParNew: 25920K->2816K(25920K), 0,0178597 secs] 395237K->373184K(678820K), 0,0180722 secs] [Times: user=0,03 sys=0,00, real=0,02 secs] 
118,065: [GC (Allocation Failure) 118,065: [ParNew: 25920K->2816K(25920K), 0,0194544 secs] 395991K->374007K(678820K), 0,0196589 secs] [Times: user=0,03 sys=0,00, real=0,02 secs] 
118,121: [GC (Allocation Failure) 118,121: [ParNew: 25920K->2816K(25920K), 0,0183311 secs] 392596K->370648K(678820K), 0,0185447 secs] [Times: user=0,03 sys=0,00, real=0,02 secs] 
118,171: [GC (Allocation Failure) 118,171: [ParNew: 25920K->2816K(25920K), 0,0176241 secs] 393542K->371607K(678820K), 0,0178321 secs] [Times: user=0,04 sys=0,00, real=0,02 secs] 
118,204: [CMS-concurrent-sweep: 3,400/5,939 secs] [Times: user=9,30 sys=0,17, real=5,94 secs] 
118,204: [CMS-concurrent-reset-start]
118,216: [CMS-concurrent-reset: 0,012/0,012 secs] [Times: user=0,01 sys=0,00, real=0,01 secs] 
118,243: [GC (Allocation Failure) 118,243: [ParNew: 25920K->2816K(25920K), 0,0195933 secs] 389765K->367678K(678820K), 0,0198176 secs] [Times: user=0,03 sys=0,00, real=0,02 secs] 
118,289: [GC (Allocation Failure) 118,289: [ParNew: 25920K->2816K(25920K), 0,0178189 secs] 390782K->368827K(678820K), 0,0180814 secs] [Times: user=0,03 sys=0,00, real=0,02 secs] 
118,339: [GC (Allocation Failure) 118,339: [ParNew: 25920K->2816K(25920K), 0,0215690 secs] 391931K->369937K(678820K), 0,0218683 secs] [Times: user=0,03 sys=0,00, real=0,02 secs] 
118,385: [GC (Allocation Failure) 118,385: [ParNew: 25920K->2216K(25920K), 0,0186683 secs] 393041K->370428K(678820K), 0,0189755 secs] [Times: user=0,03 sys=0,00, real=0,02 secs] 
118,441: [GC (Allocation Failure) 118,441: [ParNew: 25320K->2816K(25920K), 0,0209608 secs] 393532K->372158K(678820K), 0,0212236 secs] [Times: user=0,03 sys=0,00, real=0,02 secs] 
118,499: [GC (Allocation Failure) 118,499: [ParNew: 25920K->2816K(25920K), 0,0234225 secs] 395262K->373274K(678820K), 0,0236479 secs] [Times: user=0,04 sys=0,00, real=0,02 secs] 
118,558: [GC (CMS Initial Mark) [1 CMS-initial-mark: 370458K(652900K)] 396378K(678820K), 0,0200546 secs] [Times: user=0,04 sys=0,00, real=0,02 secs] 
118,578: [CMS-concurrent-mark-start]
118,580: [GC (Allocation Failure) 118,580: [ParNew: 25920K->2816K(25920K), 0,0193601 secs] 396378K->374410K(678820K), 0,0196413 secs] [Times: user=0,03 sys=0,00, real=0,02 secs] 
118,647: [GC (Allocation Failure) 118,647: [ParNew: 25920K->2816K(25920K), 0,0213835 secs] 397514K->375525K(678820K), 0,0216437 secs] [Times: user=0,03 sys=0,00, real=0,02 secs] 
118,701: [GC (Allocation Failure) 118,701: [ParNew: 25920K->2816K(25920K), 0,0228508 secs] 398629K->376500K(678820K), 0,0230712 secs] [Times: user=0,03 sys=0,00, real=0,02 secs] 
118,754: [GC (Allocation Failure) 118,754: [ParNew: 25920K->2816K(25920K), 0,0194736 secs] 399604K->377501K(678820K), 0,0197056 secs] [Times: user=0,03 sys=0,00, real=0,02 secs] 
118,802: [GC (Allocation Failure) 118,802: [ParNew: 25920K->2816K(25920K), 0,0232837 secs] 400605K->378497K(678820K), 0,0235431 secs] [Times: user=0,04 sys=0,00, real=0,02 secs] 
118,851: [GC (Allocation Failure) 118,851: [ParNew: 25920K->2816K(25920K), 0,0201367 secs] 401601K->379530K(678820K), 0,0203434 secs] [Times: user=0,04 sys=0,00, real=0,02 secs] 
118,919: [GC (Allocation Failure) 118,919: [ParNew: 25920K->2816K(25920K), 0,0177866 secs] 402634K->380575K(678820K), 0,0180071 secs] [Times: user=0,03 sys=0,00, real=0,02 secs] 
118,979: [GC (Allocation Failure) 118,979: [ParNew: 25920K->2816K(25920K), 0,0174389 secs] 403679K->381667K(678820K), 0,0176589 secs] [Times: user=0,03 sys=0,01, real=0,02 secs] 
119,032: [GC (Allocation Failure) 119,032: [ParNew: 25920K->2816K(25920K), 0,0172800 secs] 404771K->382680K(678820K), 0,0175434 secs] [Times: user=0,03 sys=0,00, real=0,02 secs] 
119,084: [GC (Allocation Failure) 119,084: [ParNew: 25920K->2816K(25920K), 0,0219748 secs] 405784K->383698K(678820K), 0,0222304 secs] [Times: user=0,04 sys=0,00, real=0,02 secs] 
119,149: [GC (Allocation Failure) 119,149: [ParNew: 25920K->2816K(25920K), 0,0324472 secs] 406802K->384792K(678820K), 0,0326612 secs] [Times: user=0,03 sys=0,00, real=0,03 secs] 
119,218: [GC (Allocation Failure) 119,218: [ParNew: 25920K->2816K(25920K), 0,0177048 secs] 407896K->385828K(678820K), 0,0179339 secs] [Times: user=0,03 sys=0,00, real=0,01 secs] 
119,281: [GC (Allocation Failure) 119,281: [ParNew: 25920K->2816K(25920K), 0,0177773 secs] 408932K->386923K(678820K), 0,0180084 secs] [Times: user=0,03 sys=0,00, real=0,02 secs] 
119,334: [GC (Allocation Failure) 119,334: [ParNew: 25920K->2816K(25920K), 0,0184272 secs] 410027K->387981K(678820K), 0,0187528 secs] [Times: user=0,04 sys=0,00, real=0,02 secs] 
119,384: [GC (Allocation Failure) 119,384: [ParNew: 25920K->2816K(25920K), 0,0187907 secs] 411085K->389129K(678820K), 0,0190101 secs] [Times: user=0,03 sys=0,00, real=0,02 secs] 
119,437: [GC (Allocation Failure) 119,437: [ParNew: 25920K->2816K(25920K), 0,0187104 secs] 412233K->390293K(678820K), 0,0189288 secs] [Times: user=0,03 sys=0,00, real=0,01 secs] 
119,487: [GC (Allocation Failure) 119,487: [ParNew: 25920K->2434K(25920K), 0,0192455 secs] 413397K->391157K(678820K), 0,0194659 secs] [Times: user=0,04 sys=0,00, real=0,01 secs] 
119,547: [GC (Allocation Failure) 119,547: [ParNew: 25538K->2816K(25920K), 0,0188328 secs] 414261K->392739K(678820K), 0,0190346 secs] [Times: user=0,03 sys=0,00, real=0,01 secs] 
119,600: [GC (Allocation Failure) 119,600: [ParNew: 25920K->2816K(25920K), 0,0237185 secs] 415843K->393825K(678820K), 0,0239388 secs] [Times: user=0,03 sys=0,00, real=0,02 secs] 
119,652: [GC (Allocation Failure) 119,653: [ParNew: 25920K->2816K(25920K), 0,0181574 secs] 416929K->395027K(678820K), 0,0184149 secs] [Times: user=0,04 sys=0,00, real=0,02 secs] 
119,704: [GC (Allocation Failure) 119,704: [ParNew: 25920K->2816K(25920K), 0,0240474 secs] 418131K->396252K(678820K), 0,0242722 secs] [Times: user=0,04 sys=0,00, real=0,03 secs] 
119,758: [GC (Allocation Failure) 119,759: [ParNew: 25920K->2816K(25920K), 0,0181921 secs] 419356K->397444K(678820K), 0,0184112 secs] [Times: user=0,03 sys=0,00, real=0,02 secs] 
119,808: [GC (Allocation Failure) 119,808: [ParNew: 25920K->2816K(25920K), 0,0242698 secs] 420548K->398535K(678820K), 0,0244917 secs] [Times: user=0,04 sys=0,00, real=0,02 secs] 
119,859: [GC (Allocation Failure) 119,859: [ParNew: 25920K->2816K(25920K), 0,0181407 secs] 421639K->399719K(678820K), 0,0183407 secs] [Times: user=0,04 sys=0,00, real=0,02 secs] 
119,916: [GC (Allocation Failure) 119,916: [ParNew: 25920K->2816K(25920K), 0,0230517 secs] 422823K->400793K(678820K), 0,0233271 secs] [Times: user=0,04 sys=0,00, real=0,03 secs] 
119,974: [GC (Allocation Failure) 119,974: [ParNew: 25920K->2816K(25920K), 0,0204026 secs] 423897K->401973K(678820K), 0,0206542 secs] [Times: user=0,04 sys=0,00, real=0,02 secs] 
120,030: [GC (Allocation Failure) 120,030: [ParNew: 25920K->2816K(25920K), 0,0206574 secs] 425077K->403137K(678820K), 0,0209733 secs] [Times: user=0,04 sys=0,00, real=0,02 secs] 
120,101: [GC (Allocation Failure) 120,101: [ParNew: 25920K->2816K(25920K), 0,0307635 secs] 426241K->404295K(678820K), 0,0310367 secs] [Times: user=0,03 sys=0,00, real=0,03 secs] 
120,172: [GC (Allocation Failure) 120,173: [ParNew: 25920K->2816K(25920K), 0,0205178 secs] 427399K->405486K(678820K), 0,0207237 secs] [Times: user=0,04 sys=0,00, real=0,02 secs] 
120,235: [GC (Allocation Failure) 120,235: [ParNew: 25920K->2816K(25920K), 0,0188918 secs] 428590K->406513K(678820K), 0,0191197 secs] [Times: user=0,03 sys=0,00, real=0,02 secs] 
120,294: [GC (Allocation Failure) 120,294: [ParNew: 25920K->2816K(25920K), 0,0264083 secs] 429617K->407736K(678820K), 0,0266887 secs] [Times: user=0,04 sys=0,00, real=0,03 secs] 
120,345: [GC (Allocation Failure) 120,345: [ParNew: 25920K->2816K(25920K), 0,0185668 secs] 430840K->408936K(678820K), 0,0187835 secs] [Times: user=0,04 sys=0,00, real=0,02 secs] 
120,394: [GC (Allocation Failure) 120,395: [ParNew: 25920K->2816K(25920K), 0,0249783 secs] 432040K->410149K(678820K), 0,0252025 secs] [Times: user=0,04 sys=0,00, real=0,03 secs] 
120,449: [GC (Allocation Failure) 120,449: [ParNew: 25920K->2446K(25920K), 0,0186023 secs] 433253K->411004K(678820K), 0,0188269 secs] [Times: user=0,03 sys=0,00, real=0,02 secs] 
120,494: [GC (Allocation Failure) 120,494: [ParNew: 25550K->2816K(25920K), 0,0243840 secs] 434108K->412597K(678820K), 0,0245952 secs] [Times: user=0,04 sys=0,00, real=0,03 secs] 
120,544: [GC (Allocation Failure) 120,544: [ParNew: 25920K->2816K(25920K), 0,0185518 secs] 435701K->413674K(678820K), 0,0187678 secs] [Times: user=0,04 sys=0,00, real=0,02 secs] 
120,589: [GC (Allocation Failure) 120,589: [ParNew: 25920K->2816K(25920K), 0,0205483 secs] 436778K->414900K(678820K), 0,0207675 secs] [Times: user=0,04 sys=0,00, real=0,02 secs] 
120,642: [GC (Allocation Failure) 120,642: [ParNew: 25920K->2451K(25920K), 0,0181028 secs] 438004K->415829K(678820K), 0,0183233 secs] [Times: user=0,03 sys=0,00, real=0,02 secs] 
120,685: [GC (Allocation Failure) 120,686: [ParNew: 25555K->2816K(25920K), 0,0209028 secs] 438933K->417346K(678820K), 0,0210978 secs] [Times: user=0,03 sys=0,00, real=0,03 secs] 
120,739: [GC (Allocation Failure) 120,739: [ParNew: 25920K->2816K(25920K), 0,0179244 secs] 440450K->418392K(678820K), 0,0181481 secs] [Times: user=0,03 sys=0,00, real=0,02 secs] 
120,786: [GC (Allocation Failure) 120,786: [ParNew: 25920K->2816K(25920K), 0,0203819 secs] 441496K->419592K(678820K), 0,0205882 secs] [Times: user=0,04 sys=0,00, real=0,02 secs] 
120,839: [GC (Allocation Failure) 120,839: [ParNew: 25920K->2816K(25920K), 0,0182527 secs] 442696K->420762K(678820K), 0,0184714 secs] [Times: user=0,03 sys=0,00, real=0,02 secs] 
120,895: [GC (Allocation Failure) 120,895: [ParNew: 25920K->2816K(25920K), 0,0352956 secs] 443866K->421947K(678820K), 0,0355453 secs] [Times: user=0,04 sys=0,00, real=0,04 secs] 
120,960: [GC (Allocation Failure) 120,960: [ParNew: 25920K->2816K(25920K), 0,0181509 secs] 445051K->423110K(678820K), 0,0183714 secs] [Times: user=0,03 sys=0,00, real=0,02 secs] 
121,024: [GC (Allocation Failure) 121,024: [ParNew: 25920K->2816K(25920K), 0,0174952 secs] 446214K->424255K(678820K), 0,0177400 secs] [Times: user=0,03 sys=0,00, real=0,02 secs] 
121,071: [GC (Allocation Failure) 121,071: [ParNew: 25920K->2816K(25920K), 0,0342251 secs] 447359K->425306K(678820K), 0,0345024 secs] [Times: user=0,04 sys=0,00, real=0,03 secs] 
121,143: [GC (Allocation Failure) 121,143: [ParNew: 25920K->2816K(25920K), 0,0294893 secs] 448410K->426314K(678820K), 0,0297341 secs] [Times: user=0,03 sys=0,00, real=0,03 secs] 
121,205: [GC (Allocation Failure) 121,205: [ParNew: 25920K->2816K(25920K), 0,0244435 secs] 449418K->427488K(678820K), 0,0246522 secs] [Times: user=0,04 sys=0,00, real=0,03 secs] 
121,259: [GC (Allocation Failure) 121,259: [ParNew: 25920K->2816K(25920K), 0,0181058 secs] 450592K->428585K(678820K), 0,0183233 secs] [Times: user=0,04 sys=0,00, real=0,02 secs] 
121,312: [GC (Allocation Failure) 121,312: [ParNew: 25920K->2816K(25920K), 0,0213809 secs] 451689K->429737K(678820K), 0,0216202 secs] [Times: user=0,03 sys=0,00, real=0,02 secs] 
121,366: [GC (Allocation Failure) 121,366: [ParNew: 25920K->2816K(25920K), 0,0178354 secs] 452841K->430872K(678820K), 0,0180626 secs] [Times: user=0,04 sys=0,00, real=0,02 secs] 
121,423: [GC (Allocation Failure) 121,423: [ParNew: 25920K->2816K(25920K), 0,0195189 secs] 453976K->432024K(678820K), 0,0197687 secs] [Times: user=0,03 sys=0,00, real=0,02 secs] 
121,468: [GC (Allocation Failure) 121,468: [ParNew: 25920K->2816K(25920K), 0,0176033 secs] 455128K->433073K(678820K), 0,0178284 secs] [Times: user=0,03 sys=0,00, real=0,01 secs] 
121,523: [GC (Allocation Failure) 121,524: [ParNew: 25920K->2816K(25920K), 0,0187456 secs] 456177K->434267K(678820K), 0,0190157 secs] [Times: user=0,04 sys=0,00, real=0,02 secs] 
121,569: [GC (Allocation Failure) 121,569: [ParNew: 25920K->2816K(25920K), 0,0198837 secs] 457371K->435403K(678820K), 0,0201022 secs] [Times: user=0,04 sys=0,00, real=0,02 secs] 
121,628: [GC (Allocation Failure) 121,628: [ParNew: 25920K->2816K(25920K), 0,0203887 secs] 458507K->436588K(678820K), 0,0207044 secs] [Times: user=0,03 sys=0,00, real=0,02 secs] 
121,677: [GC (Allocation Failure) 121,677: [ParNew: 25920K->2816K(25920K), 0,0183034 secs] 459692K->437814K(678820K), 0,0185266 secs] [Times: user=0,03 sys=0,00, real=0,01 secs] 
121,731: [GC (Allocation Failure) 121,731: [ParNew: 25920K->2816K(25920K), 0,0171452 secs] 460918K->438877K(678820K), 0,0173940 secs] [Times: user=0,03 sys=0,01, real=0,02 secs] 
121,777: [GC (Allocation Failure) 121,777: [ParNew: 25920K->2816K(25920K), 0,0181085 secs] 461981K->440030K(678820K), 0,0183348 secs] [Times: user=0,04 sys=0,00, real=0,01 secs] 
121,829: [GC (Allocation Failure) 121,829: [ParNew: 25920K->2816K(25920K), 0,0182434 secs] 463134K->441089K(678820K), 0,0184464 secs] [Times: user=0,04 sys=0,00, real=0,02 secs] 
121,870: [GC (Allocation Failure) 121,870: [ParNew: 25920K->2816K(25920K), 0,0186545 secs] 464193K->442310K(678820K), 0,0188698 secs] [Times: user=0,03 sys=0,00, real=0,02 secs] 
121,927: [GC (Allocation Failure) 121,927: [ParNew: 25920K->2816K(25920K), 0,0184182 secs] 465414K->443442K(678820K), 0,0186332 secs] [Times: user=0,03 sys=0,00, real=0,01 secs] 
121,976: [GC (Allocation Failure) 121,976: [ParNew: 25920K->2816K(25920K), 0,0238849 secs] 466546K->444529K(678820K), 0,0241137 secs] [Times: user=0,04 sys=0,00, real=0,03 secs] 
122,032: [GC (Allocation Failure) 122,032: [ParNew: 25920K->2816K(25920K), 0,0183242 secs] 467633K->445636K(678820K), 0,0185420 secs] [Times: user=0,04 sys=0,00, real=0,02 secs] 
122,082: [GC (Allocation Failure) 122,082: [ParNew: 25920K->2816K(25920K), 0,0227249 secs] 468740K->446788K(678820K), 0,0229783 secs] [Times: user=0,03 sys=0,00, real=0,02 secs] 
122,147: [GC (Allocation Failure) 122,147: [ParNew: 25920K->2816K(25920K), 0,0184490 secs] 469892K->447946K(678820K), 0,0187036 secs] [Times: user=0,04 sys=0,00, real=0,01 secs] 
122,197: [GC (Allocation Failure) 122,197: [ParNew: 25920K->2816K(25920K), 0,0258865 secs] 471050K->449078K(678820K), 0,0261803 secs] [Times: user=0,03 sys=0,00, real=0,02 secs] 
122,252: [GC (Allocation Failure) 122,252: [ParNew: 25920K->2816K(25920K), 0,0178431 secs] 472182K->450194K(678820K), 0,0180791 secs] [Times: user=0,03 sys=0,00, real=0,02 secs] 
122,298: [GC (Allocation Failure) 122,298: [ParNew: 25920K->2816K(25920K), 0,0268991 secs] 473298K->451255K(678820K), 0,0271050 secs] [Times: user=0,03 sys=0,00, real=0,02 secs] 
122,361: [GC (Allocation Failure) 122,361: [ParNew: 25920K->2816K(25920K), 0,0190461 secs] 474359K->452448K(678820K), 0,0192901 secs] [Times: user=0,03 sys=0,00, real=0,02 secs] 
122,414: [GC (Allocation Failure) 122,414: [ParNew: 25920K->2816K(25920K), 0,0256702 secs] 475552K->453644K(678820K), 0,0259352 secs] [Times: user=0,03 sys=0,00, real=0,03 secs] 
122,472: [GC (Allocation Failure) 122,473: [ParNew: 25920K->2816K(25920K), 0,0181782 secs] 476748K->454802K(678820K), 0,0183994 secs] [Times: user=0,03 sys=0,00, real=0,02 secs] 
122,523: [GC (Allocation Failure) 122,523: [ParNew: 25920K->2816K(25920K), 0,0206746 secs] 477906K->456015K(678820K), 0,0208974 secs] [Times: user=0,04 sys=0,00, real=0,02 secs] 
122,571: [GC (Allocation Failure) 122,571: [ParNew: 25920K->2816K(25920K), 0,0194270 secs] 479119K->457195K(678820K), 0,0197129 secs] [Times: user=0,03 sys=0,00, real=0,02 secs] 
122,628: [GC (Allocation Failure) 122,628: [ParNew: 25920K->2816K(25920K), 0,0212542 secs] 480299K->458397K(678820K), 0,0215233 secs] [Times: user=0,03 sys=0,00, real=0,02 secs] 
122,683: [GC (Allocation Failure) 122,684: [ParNew: 25920K->2816K(25920K), 0,0176483 secs] 481501K->459490K(678820K), 0,0179432 secs] [Times: user=0,04 sys=0,00, real=0,02 secs] 
122,756: [GC (Allocation Failure) 122,756: [ParNew: 25920K->2816K(25920K), 0,0184321 secs] 482594K->460706K(678820K), 0,0187253 secs] [Times: user=0,04 sys=0,00, real=0,02 secs] 
122,800: [GC (Allocation Failure) 122,800: [ParNew: 25920K->2816K(25920K), 0,0290466 secs] 483810K->461809K(678820K), 0,0293022 secs] [Times: user=0,05 sys=0,00, real=0,03 secs] 
122,856: [GC (Allocation Failure) 122,856: [ParNew: 25920K->2816K(25920K), 0,0185304 secs] 484913K->462980K(678820K), 0,0187560 secs] [Times: user=0,04 sys=0,00, real=0,02 secs] 
122,906: [GC (Allocation Failure) 122,906: [ParNew: 25920K->2434K(25920K), 0,0263756 secs] 486084K->463821K(678820K), 0,0266234 secs] [Times: user=0,04 sys=0,00, real=0,03 secs] 
122,966: [GC (Allocation Failure) 122,966: [ParNew: 25538K->2816K(25920K), 0,0185857 secs] 486925K->465425K(678820K), 0,0188139 secs] [Times: user=0,03 sys=0,00, real=0,02 secs] 
123,012: [GC (Allocation Failure) 123,013: [ParNew: 25920K->2816K(25920K), 0,0276052 secs] 488529K->466595K(678820K), 0,0278425 secs] [Times: user=0,04 sys=0,00, real=0,03 secs] 
123,067: [GC (Allocation Failure) 123,067: [ParNew: 25920K->2816K(25920K), 0,0182837 secs] 489699K->467770K(678820K), 0,0185133 secs] [Times: user=0,04 sys=0,00, real=0,01 secs] 
123,111: [GC (Allocation Failure) 123,111: [ParNew: 25920K->2816K(25920K), 0,0293126 secs] 490874K->468921K(678820K), 0,0295193 secs] [Times: user=0,04 sys=0,00, real=0,03 secs] 
123,166: [GC (Allocation Failure) 123,166: [ParNew: 25920K->2816K(25920K), 0,0177747 secs] 492025K->470061K(678820K), 0,0179978 secs] [Times: user=0,04 sys=0,00, real=0,02 secs] 
123,216: [GC (Allocation Failure) 123,216: [ParNew: 25920K->2816K(25920K), 0,0272596 secs] 493165K->471270K(678820K), 0,0275418 secs] [Times: user=0,04 sys=0,00, real=0,03 secs] 
123,277: [GC (Allocation Failure) 123,277: [ParNew: 25920K->2816K(25920K), 0,0182151 secs] 494374K->472459K(678820K), 0,0184423 secs] [Times: user=0,04 sys=0,00, real=0,01 secs] 
123,347: [CMS-concurrent-mark: 2,679/4,768 secs] [Times: user=7,55 sys=0,11, real=4,77 secs] 
123,348: [GC (Allocation Failure) 123,348: [ParNew: 25920K->2816K(25920K), 0,0180031 secs] 495563K->473594K(678820K), 0,0182472 secs] [Times: user=0,03 sys=0,00, real=0,01 secs] 
123,367: [CMS-concurrent-preclean-start]
123,391: [GC (Allocation Failure) 123,391: [ParNew: 25920K->2816K(25920K), 0,0185376 secs] 496698K->474814K(678820K), 0,0187302 secs] [Times: user=0,03 sys=0,00, real=0,02 secs] 
123,444: [GC (Allocation Failure) 123,444: [ParNew: 25920K->2816K(25920K), 0,0181353 secs] 497918K->475958K(678820K), 0,0183437 secs] [Times: user=0,03 sys=0,00, real=0,02 secs] 
123,487: [GC (Allocation Failure) 123,487: [ParNew: 25920K->2816K(25920K), 0,0180542 secs] 499062K->477163K(678820K), 0,0182802 secs] [Times: user=0,03 sys=0,00, real=0,01 secs] 
123,544: [GC (Allocation Failure) 123,544: [ParNew: 25920K->2816K(25920K), 0,0185196 secs] 500267K->478330K(678820K), 0,0187783 secs] [Times: user=0,03 sys=0,00, real=0,02 secs] 
123,588: [GC (Allocation Failure) 123,588: [ParNew: 25920K->2816K(25920K), 0,0184867 secs] 501434K->479454K(678820K), 0,0187210 secs] [Times: user=0,04 sys=0,00, real=0,01 secs] 
123,645: [GC (Allocation Failure) 123,645: [ParNew: 25920K->2816K(25920K), 0,0181772 secs] 502558K->480620K(678820K), 0,0183918 secs] [Times: user=0,03 sys=0,00, real=0,02 secs] 
123,703: [GC (Allocation Failure) 123,704: [ParNew: 25920K->2816K(25920K), 0,0235020 secs] 503724K->481789K(678820K), 0,0237257 secs] [Times: user=0,04 sys=0,00, real=0,03 secs] 
123,757: [GC (Allocation Failure) 123,757: [ParNew: 25920K->2816K(25920K), 0,0180932 secs] 504893K->482980K(678820K), 0,0183447 secs] [Times: user=0,03 sys=0,00, real=0,01 secs] 
123,792: [CMS-concurrent-preclean: 0,219/0,426 secs] [Times: user=0,70 sys=0,01, real=0,42 secs] 
123,792: [CMS-concurrent-abortable-preclean-start]
123,811: [GC (Allocation Failure) 123,811: [ParNew: 25920K->2816K(25920K), 0,0259296 secs] 506084K->484012K(678820K), 0,0261335 secs] [Times: user=0,03 sys=0,00, real=0,03 secs] 
123,867: [GC (Allocation Failure) 123,867: [ParNew: 25920K->2816K(25920K), 0,0181096 secs] 507116K->485204K(678820K), 0,0183160 secs] [Times: user=0,03 sys=0,00, real=0,01 secs] 
123,890: [CMS-concurrent-abortable-preclean: 0,023/0,098 secs] [Times: user=0,16 sys=0,00, real=0,10 secs] 
123,914: [GC (CMS Final Remark) [YG occupancy: 25920 K (25920 K)]123,914: [Rescan (parallel) , 0,0288106 secs]123,943: [weak refs processing, 0,0002215 secs]123,944: [class unloading, 0,0173538 secs]123,961: [scrub symbol table, 0,0127491 secs]123,974: [scrub string table, 0,0012178 secs][1 CMS-remark: 482388K(652900K)] 508308K(678820K), 0,0607920 secs] [Times: user=0,07 sys=0,01, real=0,06 secs] 
123,975: [CMS-concurrent-sweep-start]
123,977: [GC (Allocation Failure) 123,977: [ParNew: 25920K->2816K(25920K), 0,0171225 secs] 508307K->486287K(678820K), 0,0174063 secs] [Times: user=0,03 sys=0,00, real=0,01 secs] 
124,038: [GC (Allocation Failure) 124,038: [ParNew: 25920K->2816K(25920K), 0,0171693 secs] 507727K->485665K(678820K), 0,0174602 secs] [Times: user=0,03 sys=0,00, real=0,01 secs] 
124,080: [GC (Allocation Failure) 124,080: [ParNew: 25920K->2816K(25920K), 0,0191263 secs] 508592K->486597K(678820K), 0,0193536 secs] [Times: user=0,03 sys=0,00, real=0,02 secs] 
124,141: [GC (Allocation Failure) 124,141: [ParNew: 25920K->2816K(25920K), 0,0245745 secs] 508802K->486866K(678820K), 0,0248293 secs] [Times: user=0,03 sys=0,00, real=0,02 secs] 
124,191: [GC (Allocation Failure) 124,191: [ParNew: 25920K->2816K(25920K), 0,0176536 secs] 509406K->487448K(678820K), 0,0179486 secs] [Times: user=0,03 sys=0,00, real=0,02 secs] 
124,257: [GC (Allocation Failure) 124,257: [ParNew: 25920K->2816K(25920K), 0,0178681 secs] 506789K->484775K(678820K), 0,0181092 secs] [Times: user=0,03 sys=0,00, real=0,01 secs] 
124,300: [GC (Allocation Failure) 124,300: [ParNew: 25920K->2816K(25920K), 0,0248328 secs] 507281K->485309K(678820K), 0,0250547 secs] [Times: user=0,03 sys=0,01, real=0,02 secs] 
124,357: [GC (Allocation Failure) 124,357: [ParNew: 25920K->2382K(25920K), 0,0188022 secs] 507115K->484819K(678820K), 0,0190435 secs] [Times: user=0,03 sys=0,00, real=0,01 secs] 
124,407: [GC (Allocation Failure) 124,407: [ParNew: 25486K->2816K(25920K), 0,0226271 secs] 506560K->485048K(678820K), 0,0228358 secs] [Times: user=0,03 sys=0,00, real=0,02 secs] 
124,468: [GC (Allocation Failure) 124,469: [ParNew: 25920K->2816K(25920K), 0,0172488 secs] 498457K->476481K(678820K), 0,0174642 secs] [Times: user=0,03 sys=0,00, real=0,01 secs] 
124,521: [GC (Allocation Failure) 124,521: [ParNew: 25920K->2816K(25920K), 0,0259795 secs] 499002K->476979K(678820K), 0,0262144 secs] [Times: user=0,04 sys=0,00, real=0,03 secs] 
124,571: [GC (Allocation Failure) 124,571: [ParNew: 25920K->2816K(25920K), 0,0198256 secs] 499536K->477526K(678820K), 0,0201013 secs] [Times: user=0,04 sys=0,00, real=0,02 secs] 
124,633: [GC (Allocation Failure) 124,633: [ParNew: 25920K->2816K(25920K), 0,0214277 secs] 492834K->470946K(678820K), 0,0216373 secs] [Times: user=0,03 sys=0,00, real=0,02 secs] 
124,692: [GC (Allocation Failure) 124,693: [ParNew: 25920K->2340K(25920K), 0,0178209 secs] 492471K->470072K(678820K), 0,0180475 secs] [Times: user=0,03 sys=0,00, real=0,02 secs] 
124,757: [GC (Allocation Failure) 124,757: [ParNew: 25444K->2142K(25920K), 0,0177896 secs] 489488K->467340K(678820K), 0,0180341 secs] [Times: user=0,03 sys=0,00, real=0,01 secs] 
124,813: [GC (Allocation Failure) 124,813: [ParNew: 25246K->2816K(25920K), 0,0213006 secs] 484237K->462724K(678820K), 0,0215122 secs] [Times: user=0,03 sys=0,00, real=0,02 secs] 
124,865: [GC (Allocation Failure) 124,865: [ParNew: 25920K->2816K(25920K), 0,0165799 secs] 484887K->462802K(678820K), 0,0168056 secs] [Times: user=0,03 sys=0,00, real=0,02 secs] 
124,928: [GC (Allocation Failure) 124,928: [ParNew: 25920K->2816K(25920K), 0,0268469 secs] 485369K->463359K(678820K), 0,0271839 secs] [Times: user=0,03 sys=0,00, real=0,02 secs] 
124,984: [GC (Allocation Failure) 124,984: [ParNew: 25920K->2816K(25920K), 0,0166723 secs] 483305K->461258K(678820K), 0,0168923 secs] [Times: user=0,04 sys=0,00, real=0,02 secs] 
125,037: [GC (Allocation Failure) 125,037: [ParNew: 25920K->2816K(25920K), 0,0231242 secs] 483469K->461422K(678820K), 0,0235508 secs] [Times: user=0,04 sys=0,00, real=0,02 secs] 
125,096: [GC (Allocation Failure) 125,096: [ParNew: 25920K->2816K(25920K), 0,0175371 secs] 477189K->455145K(678820K), 0,0177566 secs] [Times: user=0,03 sys=0,00, real=0,02 secs] 
125,157: [GC (Allocation Failure) 125,158: [ParNew: 25920K->2816K(25920K), 0,0174948 secs] 477373K->455379K(678820K), 0,0177008 secs] [Times: user=0,03 sys=0,00, real=0,01 secs] 
125,208: [GC (Allocation Failure) 125,208: [ParNew: 25920K->2816K(25920K), 0,0248506 secs] 477841K->455895K(678820K), 0,0250694 secs] [Times: user=0,04 sys=0,01, real=0,02 secs] 
125,275: [GC (Allocation Failure) 125,275: [ParNew: 25920K->2816K(25920K), 0,0176867 secs] 478182K->456198K(678820K), 0,0179189 secs] [Times: user=0,03 sys=0,00, real=0,02 secs] 
125,331: [GC (Allocation Failure) 125,331: [ParNew: 25920K->2816K(25920K), 0,0179815 secs] 477413K->455450K(678820K), 0,0181859 secs] [Times: user=0,03 sys=0,00, real=0,02 secs] 
125,381: [GC (Allocation Failure) 125,381: [ParNew: 25920K->2281K(25920K), 0,0175089 secs] 478119K->455628K(678820K), 0,0177329 secs] [Times: user=0,03 sys=0,00, real=0,02 secs] 
125,436: [GC (Allocation Failure) 125,436: [ParNew: 25385K->2816K(25920K), 0,0200282 secs] 478235K->456799K(678820K), 0,0202451 secs] [Times: user=0,04 sys=0,00, real=0,02 secs] 
125,502: [GC (Allocation Failure) 125,502: [ParNew: 25920K->2816K(25920K), 0,0176439 secs] 476412K->454304K(678820K), 0,0179415 secs] [Times: user=0,03 sys=0,00, real=0,02 secs] 
125,555: [GC (Allocation Failure) 125,555: [ParNew: 25920K->2816K(25920K), 0,0227993 secs] 476448K->454285K(678820K), 0,0230877 secs] [Times: user=0,04 sys=0,00, real=0,03 secs] 
125,605: [GC (Allocation Failure) 125,605: [ParNew: 25920K->2816K(25920K), 0,0251863 secs] 477086K->455125K(678820K), 0,0254027 secs] [Times: user=0,04 sys=0,00, real=0,03 secs] 
125,671: [GC (Allocation Failure) 125,671: [ParNew: 25920K->2816K(25920K), 0,0176193 secs] 475710K->453683K(678820K), 0,0178470 secs] [Times: user=0,03 sys=0,00, real=0,02 secs] 
125,719: [GC (Allocation Failure) 125,719: [ParNew: 25920K->2816K(25920K), 0,0249146 secs] 476443K->454550K(678820K), 0,0251274 secs] [Times: user=0,04 sys=0,00, real=0,02 secs] 
125,777: [GC (Allocation Failure) 125,777: [ParNew: 25920K->2816K(25920K), 0,0183520 secs] 477262K->455310K(678820K), 0,0185714 secs] [Times: user=0,04 sys=0,00, real=0,01 secs] 
125,835: [GC (Allocation Failure) 125,835: [ParNew: 25920K->2816K(25920K), 0,0273101 secs] 478312K->456385K(678820K), 0,0275378 secs] [Times: user=0,03 sys=0,00, real=0,03 secs] 
125,890: [GC (Allocation Failure) 125,890: [ParNew: 25920K->2816K(25920K), 0,0180080 secs] 479240K->457324K(678820K), 0,0182269 secs] [Times: user=0,04 sys=0,00, real=0,02 secs] 
125,943: [GC (Allocation Failure) 125,943: [ParNew: 25920K->2816K(25920K), 0,0208853 secs] 480407K->458477K(678820K), 0,0212119 secs] [Times: user=0,03 sys=0,00, real=0,02 secs] 
125,993: [GC (Allocation Failure) 125,993: [ParNew: 25920K->2816K(25920K), 0,0182853 secs] 481390K->459458K(678820K), 0,0184993 secs] [Times: user=0,04 sys=0,00, real=0,02 secs] 
126,055: [GC (Allocation Failure) 126,056: [ParNew: 25920K->2426K(25920K), 0,0453773 secs] 482560K->460290K(678820K), 0,0456445 secs] [Times: user=0,04 sys=0,00, real=0,05 secs] 
126,151: [GC (Allocation Failure) 126,151: [ParNew: 25530K->2304K(25920K), 0,0439274 secs] 483369K->461357K(678820K), 0,0441949 secs] [Times: user=0,03 sys=0,00, real=0,04 secs] 
126,266: [GC (Allocation Failure) 126,267: [ParNew: 25408K->2816K(25920K), 0,0378896 secs] 484420K->462872K(678820K), 0,0381417 secs] [Times: user=0,04 sys=0,00, real=0,03 secs] 
126,358: [GC (Allocation Failure) 126,358: [ParNew: 25920K->2816K(25920K), 0,0396154 secs] 485941K->463944K(678820K), 0,0398508 secs] [Times: user=0,03 sys=0,00, real=0,04 secs] 
126,454: [GC (Allocation Failure) 126,454: [ParNew: 25920K->2816K(25920K), 0,0416655 secs] 487020K->465121K(678820K), 0,0418978 secs] [Times: user=0,04 sys=0,00, real=0,04 secs] 
126,558: [GC (Allocation Failure) 126,558: [ParNew: 25920K->2816K(25920K), 0,0452518 secs] 488209K->466223K(678820K), 0,0455137 secs] [Times: user=0,04 sys=0,00, real=0,04 secs] 
126,664: [GC (Allocation Failure) 126,664: [ParNew: 25920K->2816K(25920K), 0,0412450 secs] 489290K->467218K(678820K), 0,0415557 secs] [Times: user=0,04 sys=0,00, real=0,04 secs] 
126,760: [GC (Allocation Failure) 126,760: [ParNew: 25920K->2235K(25920K), 0,0389116 secs] 490299K->467751K(678820K), 0,0392672 secs] [Times: user=0,04 sys=0,00, real=0,04 secs] 
126,842: [GC (Allocation Failure) 126,842: [ParNew: 25339K->2133K(25920K), 0,0341741 secs] 490847K->468760K(678820K), 0,0344199 secs] [Times: user=0,05 sys=0,00, real=0,04 secs] 
126,917: [GC (Allocation Failure) 126,917: [ParNew: 25237K->2816K(25920K), 0,0277414 secs] 491685K->470285K(678820K), 0,0280167 secs] [Times: user=0,04 sys=0,00, real=0,02 secs] 
126,977: [GC (Allocation Failure) 126,977: [ParNew: 25920K->2816K(25920K), 0,0183314 secs] 492951K->470914K(678820K), 0,0185633 secs] [Times: user=0,04 sys=0,00, real=0,01 secs] 
127,030: [GC (Allocation Failure) 127,030: [ParNew: 25920K->2816K(25920K), 0,0178644 secs] 494000K->471977K(678820K), 0,0180953 secs] [Times: user=0,03 sys=0,00, real=0,02 secs] 
127,088: [GC (Allocation Failure) 127,088: [ParNew: 25920K->2816K(25920K), 0,0230893 secs] 493339K->471409K(678820K), 0,0233496 secs] [Times: user=0,04 sys=0,00, real=0,02 secs] 
127,166: [GC (Allocation Failure) 127,166: [ParNew: 25920K->2816K(25920K), 0,0347913 secs] 478238K->456168K(678820K), 0,0350375 secs] [Times: user=0,06 sys=0,00, real=0,04 secs] 
127,233: [GC (Allocation Failure) 127,233: [ParNew: 25920K->2816K(25920K), 0,0188767 secs] 478669K->456728K(678820K), 0,0190863 secs] [Times: user=0,04 sys=0,00, real=0,02 secs] 
127,289: [GC (Allocation Failure) 127,289: [ParNew: 25920K->2816K(25920K), 0,0179693 secs] 478935K->456833K(678820K), 0,0182189 secs] [Times: user=0,03 sys=0,00, real=0,02 secs] 
127,356: [GC (Allocation Failure) 127,357: [ParNew: 25920K->2816K(25920K), 0,0203604 secs] 471586K->449682K(678820K), 0,0205737 secs] [Times: user=0,03 sys=0,00, real=0,02 secs] 
127,406: [GC (Allocation Failure) 127,406: [ParNew: 25920K->2816K(25920K), 0,0243739 secs] 470672K->448657K(678820K), 0,0246298 secs] [Times: user=0,04 sys=0,00, real=0,03 secs] 
127,458: [GC (Allocation Failure) 127,458: [ParNew: 25920K->2816K(25920K), 0,0211940 secs] 469277K->447218K(678820K), 0,0213996 secs] [Times: user=0,03 sys=0,00, real=0,02 secs] 
127,504: [GC (Allocation Failure) 127,504: [ParNew: 25920K->2816K(25920K), 0,0181036 secs] 469614K->447643K(678820K), 0,0183264 secs] [Times: user=0,03 sys=0,00, real=0,02 secs] 
127,568: [GC (Allocation Failure) 127,568: [ParNew: 25920K->2349K(25920K), 0,0206622 secs] 469891K->447506K(678820K), 0,0208984 secs] [Times: user=0,04 sys=0,00, real=0,02 secs] 
127,616: [GC (Allocation Failure) 127,616: [ParNew: 25453K->2816K(25920K), 0,0236294 secs] 469768K->448312K(678820K), 0,0238982 secs] [Times: user=0,03 sys=0,00, real=0,03 secs] 
127,681: [GC (Allocation Failure) 127,682: [ParNew: 25920K->2816K(25920K), 0,0186648 secs] 461901K->439919K(678820K), 0,0189529 secs] [Times: user=0,04 sys=0,00, real=0,02 secs] 
127,737: [GC (Allocation Failure) 127,737: [ParNew: 25920K->2816K(25920K), 0,0179017 secs] 462425K->440435K(678820K), 0,0181102 secs] [Times: user=0,04 sys=0,00, real=0,01 secs] 
127,803: [GC (Allocation Failure) 127,804: [ParNew: 25920K->2816K(25920K), 0,0183783 secs] 450754K->428771K(678820K), 0,0185974 secs] [Times: user=0,04 sys=0,00, real=0,02 secs] 
127,856: [GC (Allocation Failure) 127,856: [ParNew: 25920K->2816K(25920K), 0,0184189 secs] 449548K->427575K(678820K), 0,0187258 secs] [Times: user=0,03 sys=0,00, real=0,02 secs] 
127,906: [GC (Allocation Failure) 127,906: [ParNew: 25920K->2816K(25920K), 0,0191292 secs] 450117K->428157K(678820K), 0,0193858 secs] [Times: user=0,03 sys=0,00, real=0,02 secs] 
127,969: [GC (Allocation Failure) 127,969: [ParNew: 25920K->2816K(25920K), 0,0212233 secs] 440747K->418844K(678820K), 0,0214307 secs] [Times: user=0,04 sys=0,00, real=0,02 secs] 
128,017: [GC (Allocation Failure) 128,017: [ParNew: 25920K->2816K(25920K), 0,0246158 secs] 441162K->419192K(678820K), 0,0248905 secs] [Times: user=0,03 sys=0,00, real=0,02 secs] 
128,069: [GC (Allocation Failure) 128,070: [ParNew: 25920K->2816K(25920K), 0,0211064 secs] 440404K->418464K(678820K), 0,0213126 secs] [Times: user=0,04 sys=0,00, real=0,02 secs] 
128,117: [GC (Allocation Failure) 128,117: [ParNew: 25920K->2407K(25920K), 0,0237590 secs] 440763K->418475K(678820K), 0,0239749 secs] [Times: user=0,03 sys=0,00, real=0,02 secs] 
128,171: [GC (Allocation Failure) 128,171: [ParNew: 25511K->2816K(25920K), 0,0247924 secs] 440546K->419049K(678820K), 0,0250003 secs] [Times: user=0,04 sys=0,00, real=0,02 secs] 
128,224: [GC (Allocation Failure) 128,224: [ParNew: 25920K->2816K(25920K), 0,0233899 secs] 440870K->418780K(678820K), 0,0236171 secs] [Times: user=0,04 sys=0,00, real=0,03 secs] 
128,277: [GC (Allocation Failure) 128,277: [ParNew: 25920K->2816K(25920K), 0,0209362 secs] 441056K->419117K(678820K), 0,0211376 secs] [Times: user=0,04 sys=0,00, real=0,02 secs] 
128,341: [GC (Allocation Failure) 128,342: [ParNew: 25920K->2816K(25920K), 0,0182937 secs] 429319K->407329K(678820K), 0,0185193 secs] [Times: user=0,03 sys=0,00, real=0,02 secs] 
128,394: [GC (Allocation Failure) 128,394: [ParNew: 25920K->2292K(25920K), 0,0179738 secs] 429404K->406972K(678820K), 0,0181932 secs] [Times: user=0,03 sys=0,00, real=0,02 secs] 
128,450: [GC (Allocation Failure) 128,450: [ParNew: 25396K->2203K(25920K), 0,0181645 secs] 428838K->406733K(678820K), 0,0184624 secs] [Times: user=0,04 sys=0,00, real=0,02 secs] 
128,512: [GC (Allocation Failure) 128,512: [ParNew: 25307K->2816K(25920K), 0,0244039 secs] 416241K->394827K(678820K), 0,0246245 secs] [Times: user=0,04 sys=0,00, real=0,03 secs] 
128,578: [GC (Allocation Failure) 128,578: [ParNew: 25920K->2816K(25920K), 0,0432714 secs] 417350K->395288K(678820K), 0,0435391 secs] [Times: user=0,04 sys=0,00, real=0,04 secs] 
128,685: [GC (Allocation Failure) 128,685: [ParNew: 25920K->2816K(25920K), 0,0437101 secs] 417666K->395672K(678820K), 0,0440365 secs] [Times: user=0,03 sys=0,00, real=0,05 secs] 
128,788: [GC (Allocation Failure) 128,788: [ParNew: 25920K->2315K(25920K), 0,0490521 secs] 417668K->395284K(678820K), 0,0493035 secs] [Times: user=0,04 sys=0,00, real=0,05 secs] 
128,883: [GC (Allocation Failure) 128,883: [ParNew: 25419K->2816K(25920K), 0,0418965 secs] 417258K->395750K(678820K), 0,0421398 secs] [Times: user=0,03 sys=0,00, real=0,04 secs] 
128,980: [GC (Allocation Failure) 128,980: [ParNew: 25920K->2816K(25920K), 0,0419681 secs] 417514K->395557K(678820K), 0,0422144 secs] [Times: user=0,04 sys=0,01, real=0,04 secs] 
129,076: [GC (Allocation Failure) 129,076: [ParNew: 25920K->2816K(25920K), 0,0434380 secs] 417540K->395522K(678820K), 0,0436627 secs] [Times: user=0,04 sys=0,00, real=0,05 secs] 
129,173: [GC (Allocation Failure) 129,173: [ParNew: 25920K->2816K(25920K), 0,0437472 secs] 417484K->395583K(678820K), 0,0439925 secs] [Times: user=0,04 sys=0,00, real=0,05 secs] 
129,277: [GC (Allocation Failure) 129,277: [ParNew: 25920K->2816K(25920K), 0,0421725 secs] 417587K->395627K(678820K), 0,0424721 secs] [Times: user=0,03 sys=0,00, real=0,04 secs] 
129,371: [GC (Allocation Failure) 129,371: [ParNew: 25920K->2816K(25920K), 0,0447929 secs] 417589K->395676K(678820K), 0,0450759 secs] [Times: user=0,04 sys=0,00, real=0,04 secs] 
129,470: [GC (Allocation Failure) 129,470: [ParNew: 25920K->2816K(25920K), 0,0372694 secs] 416784K->394839K(678820K), 0,0375613 secs] [Times: user=0,04 sys=0,00, real=0,04 secs] 
129,564: [GC (Allocation Failure) 129,564: [ParNew: 25920K->2816K(25920K), 0,0423837 secs] 416807K->394935K(678820K), 0,0426203 secs] [Times: user=0,04 sys=0,00, real=0,05 secs] 
129,664: [GC (Allocation Failure) 129,664: [ParNew: 25920K->2816K(25920K), 0,0358994 secs] 416633K->394671K(678820K), 0,0361585 secs] [Times: user=0,04 sys=0,00, real=0,04 secs] 
129,757: [GC (Allocation Failure) 129,757: [ParNew: 25920K->2816K(25920K), 0,0182069 secs] 417194K->395219K(678820K), 0,0184306 secs] [Times: user=0,04 sys=0,00, real=0,01 secs] 
129,812: [GC (Allocation Failure) 129,813: [ParNew: 25920K->2816K(25920K), 0,0204215 secs] 405143K->383075K(678820K), 0,0206452 secs] [Times: user=0,03 sys=0,00, real=0,02 secs] 
129,873: [GC (Allocation Failure) 129,873: [ParNew: 25920K->2329K(25920K), 0,0186010 secs] 405337K->382968K(678820K), 0,0188103 secs] [Times: user=0,04 sys=0,00, real=0,02 secs] 
129,921: [GC (Allocation Failure) 129,922: [ParNew: 25433K->2816K(25920K), 0,0261347 secs] 398612K->377122K(678820K), 0,0263469 secs] [Times: user=0,04 sys=0,00, real=0,03 secs] 
129,979: [GC (Allocation Failure) 129,979: [ParNew: 25920K->2816K(25920K), 0,0181622 secs] 398240K->376175K(678820K), 0,0183691 secs] [Times: user=0,03 sys=0,00, real=0,02 secs] 
130,021: [GC (Allocation Failure) 130,022: [ParNew: 25920K->2816K(25920K), 0,0275424 secs] 398694K->376791K(678820K), 0,0277603 secs] [Times: user=0,03 sys=0,00, real=0,03 secs] 
130,083: [GC (Allocation Failure) 130,083: [ParNew: 25920K->2816K(25920K), 0,0186892 secs] 394264K->372271K(678820K), 0,0189365 secs] [Times: user=0,04 sys=0,00, real=0,02 secs] 
130,135: [GC (Allocation Failure) 130,135: [ParNew: 25920K->2816K(25920K), 0,0248432 secs] 393836K->371891K(678820K), 0,0251549 secs] [Times: user=0,03 sys=0,00, real=0,03 secs] 
130,186: [GC (Allocation Failure) 130,186: [ParNew: 25920K->2204K(25920K), 0,0175589 secs] 394630K->372050K(678820K), 0,0177624 secs] [Times: user=0,03 sys=0,00, real=0,02 secs] 
130,270: [GC (Allocation Failure) 130,270: [ParNew: 25308K->2816K(25920K), 0,0177520 secs] 386333K->364874K(678820K), 0,0179772 secs] [Times: user=0,03 sys=0,00, real=0,02 secs] 
130,324: [GC (Allocation Failure) 130,325: [ParNew: 25920K->2816K(25920K), 0,0330114 secs] 387855K->365743K(678820K), 0,0332298 secs] [Times: user=0,04 sys=0,00, real=0,04 secs] 
130,400: [GC (Allocation Failure) 130,400: [ParNew: 25920K->2816K(25920K), 0,0356011 secs] 386157K->364158K(678820K), 0,0358410 secs] [Times: user=0,05 sys=0,01, real=0,03 secs] 
130,481: [GC (Allocation Failure) 130,481: [ParNew: 25920K->2816K(25920K), 0,0217211 secs] 385665K->363619K(678820K), 0,0219555 secs] [Times: user=0,04 sys=0,00, real=0,02 secs] 
130,546: [GC (Allocation Failure) 130,546: [ParNew: 25920K->2816K(25920K), 0,0203159 secs] 383639K->361621K(678820K), 0,0206425 secs] [Times: user=0,04 sys=0,00, real=0,03 secs] 
130,603: [GC (Allocation Failure) 130,603: [ParNew: 25920K->2816K(25920K), 0,0188864 secs] 383780K->361891K(678820K), 0,0191031 secs] [Times: user=0,04 sys=0,00, real=0,02 secs] 
130,664: [GC (Allocation Failure) 130,665: [ParNew: 25920K->2816K(25920K), 0,0185810 secs] 382787K->360866K(678820K), 0,0188366 secs] [Times: user=0,04 sys=0,00, real=0,02 secs] 
130,717: [GC (Allocation Failure) 130,717: [ParNew: 25920K->2816K(25920K), 0,0348641 secs] 381844K->359921K(678820K), 0,0350854 secs] [Times: user=0,06 sys=0,00, real=0,03 secs] 
130,776: [GC (Allocation Failure) 130,776: [ParNew: 25920K->2816K(25920K), 0,0273828 secs] 381767K->359819K(678820K), 0,0276147 secs] [Times: user=0,04 sys=0,00, real=0,03 secs] 
130,855: [GC (Allocation Failure) 130,855: [ParNew: 25920K->2816K(25920K), 0,0190098 secs] 366981K->345000K(678820K), 0,0193254 secs] [Times: user=0,04 sys=0,00, real=0,02 secs] 
130,897: [GC (Allocation Failure) 130,897: [ParNew: 25920K->2816K(25920K), 0,0187181 secs] 367867K->345937K(678820K), 0,0189252 secs] [Times: user=0,04 sys=0,00, real=0,01 secs] 
130,952: [GC (Allocation Failure) 130,952: [ParNew: 25920K->2816K(25920K), 0,0184277 secs] 368792K->346906K(678820K), 0,0186408 secs] [Times: user=0,03 sys=0,00, real=0,02 secs] 
130,997: [GC (Allocation Failure) 130,997: [ParNew: 25920K->2417K(25920K), 0,0184508 secs] 370010K->347730K(678820K), 0,0187165 secs] [Times: user=0,03 sys=0,00, real=0,01 secs] 
131,051: [GC (Allocation Failure) 131,052: [ParNew: 25521K->2816K(25920K), 0,0189573 secs] 370834K->349316K(678820K), 0,0191702 secs] [Times: user=0,04 sys=0,00, real=0,02 secs] 
131,096: [GC (Allocation Failure) 131,096: [ParNew: 25920K->2816K(25920K), 0,0186778 secs] 372420K->350522K(678820K), 0,0189337 secs] [Times: user=0,04 sys=0,00, real=0,02 secs] 
131,160: [GC (Allocation Failure) 131,160: [ParNew: 25920K->2427K(25920K), 0,0187301 secs] 373625K->351349K(678820K), 0,0189669 secs] [Times: user=0,04 sys=0,00, real=0,02 secs] 
131,217: [GC (Allocation Failure) 131,217: [ParNew: 25531K->2816K(25920K), 0,0191595 secs] 374453K->352936K(678820K), 0,0193648 secs] [Times: user=0,04 sys=0,00, real=0,01 secs] 
131,282: [CMS-concurrent-sweep: 4,056/7,307 secs] [Times: user=10,16 sys=0,17, real=7,31 secs] 
131,283: [CMS-concurrent-reset-start]
131,299: [GC (Allocation Failure) 131,299: [ParNew: 25920K->2816K(25920K), 0,0178116 secs] 375710K->353565K(678820K), 0,0180279 secs] [Times: user=0,04 sys=0,00, real=0,02 secs] 
131,349: [GC (Allocation Failure) 131,350: [ParNew: 25920K->2816K(25920K), 0,0190987 secs] 376669K->354905K(678820K), 0,0193469 secs] [Times: user=0,03 sys=0,00, real=0,02 secs] 
131,369: [CMS-concurrent-reset: 0,015/0,087 secs] [Times: user=0,15 sys=0,00, real=0,09 secs] 
131,394: [GC (Allocation Failure) 131,394: [ParNew: 25920K->2392K(25920K), 0,0176291 secs] 378009K->355681K(678820K), 0,0178651 secs] [Times: user=0,03 sys=0,00, real=0,02 secs] 
131,454: [GC (Allocation Failure) 131,454: [ParNew: 25496K->2816K(25920K), 0,0178724 secs] 378785K->357268K(678820K), 0,0181052 secs] [Times: user=0,03 sys=0,00, real=0,02 secs] 
131,504: [GC (Allocation Failure) 131,504: [ParNew: 25920K->2816K(25920K), 0,0164004 secs] 380372K->358291K(678820K), 0,0166248 secs] [Times: user=0,03 sys=0,00, real=0,02 secs] 
131,561: [GC (Allocation Failure) 131,562: [ParNew: 25920K->2816K(25920K), 0,0181596 secs] 381395K->359357K(678820K), 0,0183981 secs] [Times: user=0,03 sys=0,00, real=0,02 secs] 
131,603: [GC (Allocation Failure) 131,603: [ParNew: 25920K->2816K(25920K), 0,0218687 secs] 382461K->360478K(678820K), 0,0220813 secs] [Times: user=0,03 sys=0,00, real=0,02 secs] 
131,665: [GC (Allocation Failure) 131,665: [ParNew: 25920K->2816K(25920K), 0,0175564 secs] 383582K->361529K(678820K), 0,0177867 secs] [Times: user=0,03 sys=0,00, real=0,02 secs] 
131,710: [GC (Allocation Failure) 131,710: [ParNew: 25920K->2816K(25920K), 0,0173605 secs] 384633K->362664K(678820K), 0,0175597 secs] [Times: user=0,03 sys=0,00, real=0,02 secs] 
131,765: [GC (Allocation Failure) 131,765: [ParNew: 25920K->2816K(25920K), 0,0177395 secs] 385768K->363706K(678820K), 0,0179663 secs] [Times: user=0,04 sys=0,00, real=0,02 secs] 
131,810: [GC (Allocation Failure) 131,810: [ParNew: 25920K->2816K(25920K), 0,0180844 secs] 386810K->364938K(678820K), 0,0182835 secs] [Times: user=0,04 sys=0,00, real=0,02 secs] 
131,850: [GC (CMS Initial Mark) [1 CMS-initial-mark: 362122K(652900K)] 378788K(678820K), 0,0140465 secs] [Times: user=0,02 sys=0,00, real=0,01 secs] 
131,864: [CMS-concurrent-mark-start]
131,883: [GC (Allocation Failure) 131,883: [ParNew: 25920K->2816K(25920K), 0,0187365 secs] 388042K->366150K(678820K), 0,0189555 secs] [Times: user=0,03 sys=0,00, real=0,02 secs] 
131,929: [GC (Allocation Failure) 131,929: [ParNew: 25920K->2816K(25920K), 0,0267064 secs] 389254K->367429K(678820K), 0,0269127 secs] [Times: user=0,03 sys=0,00, real=0,02 secs] 
131,982: [GC (Allocation Failure) 131,982: [ParNew: 25920K->2816K(25920K), 0,0180658 secs] 390533K->368532K(678820K), 0,0182899 secs] [Times: user=0,04 sys=0,00, real=0,02 secs] 
132,029: [GC (Allocation Failure) 132,029: [ParNew: 25920K->2816K(25920K), 0,0233235 secs] 391636K->369721K(678820K), 0,0235826 secs] [Times: user=0,03 sys=0,00, real=0,02 secs] 
132,082: [GC (Allocation Failure) 132,082: [ParNew: 25920K->2816K(25920K), 0,0187575 secs] 392825K->370945K(678820K), 0,0190115 secs] [Times: user=0,03 sys=0,00, real=0,02 secs] 
132,132: [GC (Allocation Failure) 132,132: [ParNew: 25920K->2816K(25920K), 0,0269981 secs] 394049K->372072K(678820K), 0,0272124 secs] [Times: user=0,04 sys=0,00, real=0,03 secs] 
132,188: [GC (Allocation Failure) 132,188: [ParNew: 25920K->2816K(25920K), 0,0345201 secs] 395176K->373295K(678820K), 0,0347559 secs] [Times: user=0,04 sys=0,00, real=0,03 secs] 
132,264: [GC (Allocation Failure) 132,264: [ParNew: 25920K->2816K(25920K), 0,0189620 secs] 396399K->374483K(678820K), 0,0192291 secs] [Times: user=0,03 sys=0,00, real=0,02 secs] 
132,314: [GC (Allocation Failure) 132,315: [ParNew: 25920K->2816K(25920K), 0,0188295 secs] 397587K->375721K(678820K), 0,0190387 secs] [Times: user=0,04 sys=0,00, real=0,02 secs] 
132,382: [GC (Allocation Failure) 132,382: [ParNew: 25920K->2816K(25920K), 0,0180469 secs] 398825K->376890K(678820K), 0,0182610 secs] [Times: user=0,04 sys=0,00, real=0,02 secs] 
132,430: [GC (Allocation Failure) 132,430: [ParNew: 25920K->2816K(25920K), 0,0233756 secs] 399994K->378026K(678820K), 0,0235850 secs] [Times: user=0,03 sys=0,00, real=0,02 secs] 
132,489: [GC (Allocation Failure) 132,489: [ParNew: 25920K->2816K(25920K), 0,0184404 secs] 401130K->379075K(678820K), 0,0186586 secs] [Times: user=0,03 sys=0,00, real=0,02 secs] 
132,532: [GC (Allocation Failure) 132,532: [ParNew: 25920K->2816K(25920K), 0,0240627 secs] 402179K->380295K(678820K), 0,0242706 secs] [Times: user=0,04 sys=0,00, real=0,02 secs] 
132,587: [GC (Allocation Failure) 132,587: [ParNew: 25920K->2377K(25920K), 0,0176337 secs] 403399K->381080K(678820K), 0,0178903 secs] [Times: user=0,03 sys=0,00, real=0,01 secs] 
132,651: [GC (Allocation Failure) 132,651: [ParNew: 25481K->2816K(25920K), 0,0266715 secs] 404184K->382663K(678820K), 0,0269032 secs] [Times: user=0,04 sys=0,00, real=0,03 secs] 
132,710: [GC (Allocation Failure) 132,710: [ParNew: 25920K->2816K(25920K), 0,0177120 secs] 405767K->383660K(678820K), 0,0179337 secs] [Times: user=0,03 sys=0,00, real=0,02 secs] 
132,768: [GC (Allocation Failure) 132,768: [ParNew: 25920K->2816K(25920K), 0,0280431 secs] 406764K->384791K(678820K), 0,0283913 secs] [Times: user=0,06 sys=0,00, real=0,03 secs] 
132,824: [GC (Allocation Failure) 132,824: [ParNew: 25920K->2816K(25920K), 0,0183186 secs] 407895K->385885K(678820K), 0,0185310 secs] [Times: user=0,04 sys=0,00, real=0,02 secs] 
132,890: [GC (Allocation Failure) 132,890: [ParNew: 25920K->2377K(25920K), 0,0185956 secs] 408989K->386642K(678820K), 0,0188302 secs] [Times: user=0,04 sys=0,00, real=0,02 secs] 
132,956: [GC (Allocation Failure) 132,956: [ParNew: 25481K->2294K(25920K), 0,0228414 secs] 409746K->387774K(678820K), 0,0230630 secs] [Times: user=0,04 sys=0,00, real=0,03 secs] 
133,018: [GC (Allocation Failure) 133,018: [ParNew: 25398K->2816K(25920K), 0,0231393 secs] 410878K->389342K(678820K), 0,0233734 secs] [Times: user=0,04 sys=0,00, real=0,02 secs] 
133,084: [GC (Allocation Failure) 133,084: [ParNew: 25920K->2816K(25920K), 0,0232535 secs] 412446K->390369K(678820K), 0,0235560 secs] [Times: user=0,05 sys=0,00, real=0,03 secs] 
133,136: [GC (Allocation Failure) 133,136: [ParNew: 25920K->2816K(25920K), 0,0305109 secs] 413473K->391373K(678820K), 0,0307265 secs] [Times: user=0,05 sys=0,00, real=0,04 secs] 
133,202: [GC (Allocation Failure) 133,202: [ParNew: 25920K->2816K(25920K), 0,0370692 secs] 414477K->392529K(678820K), 0,0373467 secs] [Times: user=0,07 sys=0,00, real=0,04 secs] 
133,287: [GC (Allocation Failure) 133,287: [ParNew: 25920K->2816K(25920K), 0,0269263 secs] 415633K->393606K(678820K), 0,0271660 secs] [Times: user=0,04 sys=0,00, real=0,02 secs] 
133,366: [GC (Allocation Failure) 133,366: [ParNew: 25920K->2202K(25920K), 0,0261181 secs] 416710K->394156K(678820K), 0,0263788 secs] [Times: user=0,04 sys=0,00, real=0,03 secs] 
133,423: [GC (Allocation Failure) 133,423: [ParNew: 25306K->2816K(25920K), 0,0175412 secs] 417260K->395782K(678820K), 0,0177826 secs] [Times: user=0,03 sys=0,00, real=0,02 secs] 
133,478: [GC (Allocation Failure) 133,478: [ParNew: 25920K->2816K(25920K), 0,0173763 secs] 418886K->396905K(678820K), 0,0176340 secs] [Times: user=0,03 sys=0,00, real=0,01 secs] 
133,527: [GC (Allocation Failure) 133,527: [ParNew: 25920K->2816K(25920K), 0,0181643 secs] 420009K->397975K(678820K), 0,0184360 secs] [Times: user=0,03 sys=0,00, real=0,01 secs] 
133,582: [GC (Allocation Failure) 133,582: [ParNew: 25920K->2816K(25920K), 0,0177822 secs] 421079K->398973K(678820K), 0,0180066 secs] [Times: user=0,04 sys=0,00, real=0,02 secs] 
133,629: [GC (Allocation Failure) 133,629: [ParNew: 25920K->2816K(25920K), 0,0261144 secs] 422077K->400177K(678820K), 0,0263258 secs] [Times: user=0,05 sys=0,00, real=0,02 secs] 
133,700: [GC (Allocation Failure) 133,700: [ParNew: 25920K->2816K(25920K), 0,0212525 secs] 423281K->401358K(678820K), 0,0215961 secs] [Times: user=0,04 sys=0,00, real=0,02 secs] 
133,759: [GC (Allocation Failure) 133,759: [ParNew: 25920K->2816K(25920K), 0,0219584 secs] 424462K->402467K(678820K), 0,0221936 secs] [Times: user=0,04 sys=0,00, real=0,02 secs] 
133,813: [GC (Allocation Failure) 133,813: [ParNew: 25920K->2816K(25920K), 0,0180459 secs] 425571K->403550K(678820K), 0,0183315 secs] [Times: user=0,04 sys=0,00, real=0,02 secs] 
133,882: [GC (Allocation Failure) 133,882: [ParNew: 25920K->2816K(25920K), 0,0223637 secs] 426654K->404691K(678820K), 0,0226199 secs] [Times: user=0,05 sys=0,00, real=0,02 secs] 
133,938: [GC (Allocation Failure) 133,939: [ParNew: 25920K->2816K(25920K), 0,0262655 secs] 427795K->405875K(678820K), 0,0264969 secs] [Times: user=0,04 sys=0,00, real=0,02 secs] 
133,999: [GC (Allocation Failure) 133,999: [ParNew: 25920K->2816K(25920K), 0,0167473 secs] 428979K->406867K(678820K), 0,0170050 secs] [Times: user=0,03 sys=0,00, real=0,01 secs] 
134,054: [GC (Allocation Failure) 134,054: [ParNew: 25920K->2816K(25920K), 0,0202810 secs] 429971K->407897K(678820K), 0,0205971 secs] [Times: user=0,04 sys=0,01, real=0,02 secs] 
134,136: [GC (Allocation Failure) 134,136: [ParNew: 25920K->2816K(25920K), 0,0218658 secs] 431001K->408828K(678820K), 0,0220994 secs] [Times: user=0,03 sys=0,00, real=0,03 secs] 
134,209: [GC (Allocation Failure) 134,209: [ParNew: 25920K->2816K(25920K), 0,0177267 secs] 431932K->409970K(678820K), 0,0179472 secs] [Times: user=0,03 sys=0,00, real=0,02 secs] 
134,279: [GC (Allocation Failure) 134,279: [ParNew: 25920K->2816K(25920K), 0,0273617 secs] 433074K->410994K(678820K), 0,0276256 secs] [Times: user=0,04 sys=0,00, real=0,02 secs] 
134,338: [GC (Allocation Failure) 134,338: [ParNew: 25920K->2816K(25920K), 0,0234052 secs] 434098K->412103K(678820K), 0,0236231 secs] [Times: user=0,04 sys=0,00, real=0,02 secs] 
134,409: [GC (Allocation Failure) 134,409: [ParNew: 25920K->2816K(25920K), 0,0175276 secs] 435207K->413188K(678820K), 0,0177661 secs] [Times: user=0,04 sys=0,00, real=0,02 secs] 
134,471: [GC (Allocation Failure) 134,471: [ParNew: 25920K->2816K(25920K), 0,0198143 secs] 436292K->414273K(678820K), 0,0200237 secs] [Times: user=0,03 sys=0,00, real=0,02 secs] 
134,520: [GC (Allocation Failure) 134,520: [ParNew: 25920K->2816K(25920K), 0,0177901 secs] 437377K->415404K(678820K), 0,0180998 secs] [Times: user=0,03 sys=0,00, real=0,02 secs] 
134,548: [CMS-concurrent-mark: 1,550/2,684 secs] [Times: user=4,29 sys=0,07, real=2,69 secs] 
134,549: [CMS-concurrent-preclean-start]
134,578: [GC (Allocation Failure) 134,578: [ParNew: 25920K->2816K(25920K), 0,0274188 secs] 438508K->416545K(678820K), 0,0276662 secs] [Times: user=0,03 sys=0,00, real=0,02 secs] 
134,638: [GC (Allocation Failure) 134,638: [ParNew: 25920K->2816K(25920K), 0,0234598 secs] 439649K->417699K(678820K), 0,0236643 secs] [Times: user=0,04 sys=0,00, real=0,02 secs] 
134,688: [GC (Allocation Failure) 134,688: [ParNew: 25920K->2816K(25920K), 0,0342360 secs] 440803K->418794K(678820K), 0,0346100 secs] [Times: user=0,04 sys=0,00, real=0,03 secs] 
134,755: [GC (Allocation Failure) 134,755: [ParNew: 25920K->2816K(25920K), 0,0228743 secs] 441898K->419991K(678820K), 0,0230813 secs] [Times: user=0,03 sys=0,00, real=0,03 secs] 
134,813: [GC (Allocation Failure) 134,813: [ParNew: 25920K->2816K(25920K), 0,0174242 secs] 443095K->421086K(678820K), 0,0176508 secs] [Times: user=0,03 sys=0,00, real=0,02 secs] 
134,872: [GC (Allocation Failure) 134,872: [ParNew: 25920K->2816K(25920K), 0,0179554 secs] 444190K->422203K(678820K), 0,0181655 secs] [Times: user=0,03 sys=0,00, real=0,02 secs] 
134,934: [GC (Allocation Failure) 134,934: [ParNew: 25920K->2816K(25920K), 0,0450099 secs] 445307K->423224K(678820K), 0,0452529 secs] [Times: user=0,04 sys=0,00, real=0,05 secs] 
135,016: [GC (Allocation Failure) 135,017: [ParNew: 25920K->2816K(25920K), 0,0179608 secs] 446328K->424398K(678820K), 0,0181882 secs] [Times: user=0,03 sys=0,00, real=0,01 secs] 
135,071: [GC (Allocation Failure) 135,071: [ParNew: 25920K->2816K(25920K), 0,0188899 secs] 447502K->425405K(678820K), 0,0190984 secs] [Times: user=0,04 sys=0,00, real=0,02 secs] 
135,121: [GC (Allocation Failure) 135,121: [ParNew: 25920K->2816K(25920K), 0,0187156 secs] 448509K->426608K(678820K), 0,0189336 secs] [Times: user=0,03 sys=0,00, real=0,02 secs] 
135,181: [GC (Allocation Failure) 135,182: [ParNew: 25920K->2816K(25920K), 0,0208910 secs] 449712K->427764K(678820K), 0,0211028 secs] [Times: user=0,04 sys=0,00, real=0,02 secs] 
135,235: [GC (Allocation Failure) 135,235: [ParNew: 25920K->2816K(25920K), 0,0236065 secs] 450868K->428903K(678820K), 0,0238258 secs] [Times: user=0,04 sys=0,00, real=0,03 secs] 
135,293: [GC (Allocation Failure) 135,293: [ParNew: 25920K->2816K(25920K), 0,0245820 secs] 452007K->430063K(678820K), 0,0248251 secs] [Times: user=0,03 sys=0,00, real=0,03 secs] 
135,348: [GC (Allocation Failure) 135,348: [ParNew: 25920K->2816K(25920K), 0,0357792 secs] 453167K->431290K(678820K), 0,0360378 secs] [Times: user=0,04 sys=0,00, real=0,03 secs] 
135,412: [GC (Allocation Failure) 135,412: [ParNew: 25920K->2816K(25920K), 0,0184014 secs] 454394K->432461K(678820K), 0,0186813 secs] [Times: user=0,04 sys=0,00, real=0,02 secs] 
135,469: [GC (Allocation Failure) 135,469: [ParNew: 25920K->2816K(25920K), 0,0280803 secs] 455565K->433655K(678820K), 0,0282993 secs] [Times: user=0,04 sys=0,00, real=0,03 secs] 
135,539: [GC (Allocation Failure) 135,539: [ParNew: 25920K->2816K(25920K), 0,0239725 secs] 456759K->434877K(678820K), 0,0242216 secs] [Times: user=0,03 sys=0,00, real=0,02 secs] 
135,595: [GC (Allocation Failure) 135,595: [ParNew: 25920K->2816K(25920K), 0,0201205 secs] 457981K->435955K(678820K), 0,0203862 secs] [Times: user=0,03 sys=0,00, real=0,02 secs] 
135,645: [GC (Allocation Failure) 135,645: [ParNew: 25920K->2816K(25920K), 0,0241072 secs] 459059K->437107K(678820K), 0,0243131 secs] [Times: user=0,04 sys=0,00, real=0,03 secs] 
135,697: [CMS-concurrent-preclean: 0,517/1,148 secs] [Times: user=1,75 sys=0,02, real=1,15 secs] 
135,698: [GC (Allocation Failure) 135,699: [ParNew: 25920K->2816K(25920K), 0,0201983 secs] 460211K->438273K(678820K), 0,0204732 secs] [Times: user=0,04 sys=0,00, real=0,02 secs] 
135,745: [GC (CMS Final Remark) [YG occupancy: 25920 K (25920 K)]135,745: [Rescan (parallel) , 0,0257706 secs]135,771: [weak refs processing, 0,0002194 secs]135,771: [class unloading, 0,0179128 secs]135,789: [scrub symbol table, 0,0126471 secs]135,802: [scrub string table, 0,0012357 secs][1 CMS-remark: 435457K(652900K)] 461377K(678820K), 0,0581778 secs] [Times: user=0,08 sys=0,00, real=0,06 secs] 
135,803: [CMS-concurrent-sweep-start]
135,817: [GC (Allocation Failure) 135,817: [ParNew: 25920K->2816K(25920K), 0,0183662 secs] 461129K->439106K(678820K), 0,0186041 secs] [Times: user=0,03 sys=0,00, real=0,01 secs] 
135,881: [GC (Allocation Failure) 135,881: [ParNew: 25920K->2816K(25920K), 0,0182479 secs] 461465K->439523K(678820K), 0,0184483 secs] [Times: user=0,04 sys=0,00, real=0,02 secs] 
135,932: [GC (Allocation Failure) 135,932: [ParNew: 25920K->2816K(25920K), 0,0183016 secs] 461970K->440011K(678820K), 0,0185402 secs] [Times: user=0,03 sys=0,00, real=0,02 secs] 
135,989: [GC (Allocation Failure) 135,989: [ParNew: 25920K->2816K(25920K), 0,0188096 secs] 460187K->438275K(678820K), 0,0190457 secs] [Times: user=0,04 sys=0,00, real=0,02 secs] 
136,043: [GC (Allocation Failure) 136,043: [ParNew: 25920K->2816K(25920K), 0,0240494 secs] 460554K->438574K(678820K), 0,0242591 secs] [Times: user=0,04 sys=0,00, real=0,03 secs] 
136,100: [GC (Allocation Failure) 136,101: [ParNew: 25920K->2816K(25920K), 0,0208860 secs] 460640K->438736K(678820K), 0,0211217 secs] [Times: user=0,04 sys=0,00, real=0,02 secs] 
136,162: [GC (Allocation Failure) 136,162: [ParNew: 25920K->2816K(25920K), 0,0201613 secs] 461562K->439562K(678820K), 0,0204361 secs] [Times: user=0,04 sys=0,00, real=0,02 secs] 
136,219: [GC (Allocation Failure) 136,219: [ParNew: 25920K->2816K(25920K), 0,0182551 secs] 454362K->432422K(678820K), 0,0184782 secs] [Times: user=0,03 sys=0,00, real=0,02 secs] 
136,274: [GC (Allocation Failure) 136,274: [ParNew: 25920K->2816K(25920K), 0,0183575 secs] 455136K->433234K(678820K), 0,0185608 secs] [Times: user=0,03 sys=0,00, real=0,02 secs] 
136,330: [GC (Allocation Failure) 136,330: [ParNew: 25920K->2816K(25920K), 0,0182184 secs] 455875K->433941K(678820K), 0,0184735 secs] [Times: user=0,03 sys=0,00, real=0,02 secs] 
136,389: [GC (Allocation Failure) 136,389: [ParNew: 25920K->2816K(25920K), 0,0178043 secs] 449409K->427520K(678820K), 0,0180064 secs] [Times: user=0,04 sys=0,00, real=0,02 secs] 
136,436: [GC (Allocation Failure) 136,436: [ParNew: 25920K->2816K(25920K), 0,0236997 secs] 448438K->426523K(678820K), 0,0239891 secs] [Times: user=0,03 sys=0,00, real=0,03 secs] 
136,489: [GC (Allocation Failure) 136,489: [ParNew: 25920K->2816K(25920K), 0,0179288 secs] 447628K->425633K(678820K), 0,0181305 secs] [Times: user=0,03 sys=0,00, real=0,02 secs] 
136,541: [GC (Allocation Failure) 136,541: [ParNew: 25920K->2816K(25920K), 0,0228214 secs] 448151K->426240K(678820K), 0,0231509 secs] [Times: user=0,03 sys=0,00, real=0,02 secs] 
136,599: [GC (Allocation Failure) 136,599: [ParNew: 25920K->2816K(25920K), 0,0199729 secs] 442501K->420557K(678820K), 0,0201833 secs] [Times: user=0,03 sys=0,00, real=0,02 secs] 
136,645: [GC (Allocation Failure) 136,645: [ParNew: 25920K->2816K(25920K), 0,0228773 secs] 442658K->420590K(678820K), 0,0231677 secs] [Times: user=0,03 sys=0,00, real=0,03 secs] 
136,693: [GC (Allocation Failure) 136,693: [ParNew: 25920K->2816K(25920K), 0,0178333 secs] 442796K->420896K(678820K), 0,0180341 secs] [Times: user=0,04 sys=0,00, real=0,02 secs] 
136,742: [GC (Allocation Failure) 136,742: [ParNew: 25920K->2816K(25920K), 0,0229067 secs] 439665K->417627K(678820K), 0,0231314 secs] [Times: user=0,03 sys=0,00, real=0,02 secs] 
136,802: [GC (Allocation Failure) 136,802: [ParNew: 25920K->2816K(25920K), 0,0200207 secs] 437664K->415697K(678820K), 0,0202344 secs] [Times: user=0,03 sys=0,00, real=0,02 secs] 
136,849: [GC (Allocation Failure) 136,849: [ParNew: 25920K->2816K(25920K), 0,0238372 secs] 437812K->415799K(678820K), 0,0240544 secs] [Times: user=0,03 sys=0,00, real=0,02 secs] 
136,903: [GC (Allocation Failure) 136,903: [ParNew: 25920K->2816K(25920K), 0,0284139 secs] 437990K->416036K(678820K), 0,0286363 secs] [Times: user=0,03 sys=0,00, real=0,03 secs] 
136,965: [GC (Allocation Failure) 136,965: [ParNew: 25920K->2816K(25920K), 0,0174737 secs] 436977K->414957K(678820K), 0,0176840 secs] [Times: user=0,03 sys=0,00, real=0,02 secs] 
137,008: [GC (Allocation Failure) 137,008: [ParNew: 25920K->2816K(25920K), 0,0200932 secs] 437285K->415326K(678820K), 0,0203282 secs] [Times: user=0,04 sys=0,00, real=0,02 secs] 
137,073: [GC (Allocation Failure) 137,073: [ParNew: 25920K->2816K(25920K), 0,0196782 secs] 433993K->412063K(678820K), 0,0198942 secs] [Times: user=0,03 sys=0,00, real=0,02 secs] 
137,121: [GC (Allocation Failure) 137,121: [ParNew: 25920K->2816K(25920K), 0,0197907 secs] 435157K->413100K(678820K), 0,0200095 secs] [Times: user=0,03 sys=0,00, real=0,02 secs] 
137,194: [GC (Allocation Failure) 137,194: [ParNew: 25920K->2816K(25920K), 0,0179536 secs] 433281K->411257K(678820K), 0,0181535 secs] [Times: user=0,03 sys=0,00, real=0,02 secs] 
137,249: [GC (Allocation Failure) 137,249: [ParNew: 25920K->2816K(25920K), 0,0252597 secs] 424694K->402680K(678820K), 0,0254918 secs] [Times: user=0,04 sys=0,00, real=0,02 secs] 
137,316: [GC (Allocation Failure) 137,316: [ParNew: 25920K->2816K(25920K), 0,0256959 secs] 407622K->385730K(678820K), 0,0259637 secs] [Times: user=0,03 sys=0,00, real=0,03 secs] 
137,380: [GC (Allocation Failure) 137,380: [ParNew: 25920K->2816K(25920K), 0,0197175 secs] 408249K->386338K(678820K), 0,0199192 secs] [Times: user=0,04 sys=0,00, real=0,02 secs] 
137,432: [GC (Allocation Failure) 137,432: [ParNew: 25920K->2816K(25920K), 0,0182176 secs] 403693K->381765K(678820K), 0,0184383 secs] [Times: user=0,03 sys=0,00, real=0,02 secs] 
137,488: [GC (Allocation Failure) 137,488: [ParNew: 25920K->2816K(25920K), 0,0171334 secs] 398660K->376595K(678820K), 0,0173386 secs] [Times: user=0,03 sys=0,00, real=0,01 secs] 
137,547: [GC (Allocation Failure) 137,547: [ParNew: 25920K->2291K(25920K), 0,0230172 secs] 396575K->374158K(678820K), 0,0233004 secs] [Times: user=0,03 sys=0,00, real=0,02 secs] 
137,597: [GC (Allocation Failure) 137,597: [ParNew: 25395K->2816K(25920K), 0,0289932 secs] 396563K->375068K(678820K), 0,0292414 secs] [Times: user=0,04 sys=0,00, real=0,02 secs] 
137,655: [GC (Allocation Failure) 137,655: [ParNew: 25920K->2816K(25920K), 0,0241280 secs] 394204K->372047K(678820K), 0,0243731 secs] [Times: user=0,03 sys=0,00, real=0,03 secs] 
137,715: [GC (Allocation Failure) 137,715: [ParNew: 25920K->2816K(25920K), 0,0215839 secs] 381046K->359150K(678820K), 0,0218073 secs] [Times: user=0,03 sys=0,00, real=0,03 secs] 
137,771: [GC (Allocation Failure) 137,771: [ParNew: 25920K->2261K(25920K), 0,0181348 secs] 381661K->359171K(678820K), 0,0183556 secs] [Times: user=0,03 sys=0,00, real=0,02 secs] 
137,819: [GC (Allocation Failure) 137,819: [ParNew: 25365K->2816K(25920K), 0,0201474 secs] 382110K->360626K(678820K), 0,0203889 secs] [Times: user=0,04 sys=0,00, real=0,02 secs] 
137,875: [GC (Allocation Failure) 137,875: [ParNew: 25920K->2816K(25920K), 0,0183327 secs] 383719K->361713K(678820K), 0,0185477 secs] [Times: user=0,04 sys=0,00, real=0,02 secs] 
137,919: [GC (Allocation Failure) 137,919: [ParNew: 25920K->2816K(25920K), 0,0512830 secs] 383628K->361649K(678820K), 0,0515195 secs] [Times: user=0,04 sys=0,00, real=0,05 secs] 
138,017: [GC (Allocation Failure) 138,017: [ParNew: 25920K->2816K(25920K), 0,0208067 secs] 381877K->359994K(678820K), 0,0210668 secs] [Times: user=0,03 sys=0,00, real=0,02 secs] 
138,073: [GC (Allocation Failure) 138,073: [ParNew: 25920K->2816K(25920K), 0,0188868 secs] 382399K->360397K(678820K), 0,0190933 secs] [Times: user=0,03 sys=0,00, real=0,02 secs] 
138,125: [GC (Allocation Failure) 138,126: [ParNew: 25920K->2816K(25920K), 0,0220573 secs] 376827K->354817K(678820K), 0,0222930 secs] [Times: user=0,03 sys=0,00, real=0,03 secs] 
138,186: [GC (Allocation Failure) 138,186: [ParNew: 25920K->2816K(25920K), 0,0359282 secs] 375356K->353712K(678820K), 0,0361729 secs] [Times: user=0,05 sys=0,00, real=0,04 secs] 
138,251: [GC (Allocation Failure) 138,251: [ParNew: 25920K->2816K(25920K), 0,0229854 secs] 376024K->353839K(678820K), 0,0232003 secs] [Times: user=0,03 sys=0,00, real=0,02 secs] 
138,310: [GC (Allocation Failure) 138,310: [ParNew: 25920K->2816K(25920K), 0,0171451 secs] 373925K->351889K(678820K), 0,0173910 secs] [Times: user=0,03 sys=0,00, real=0,02 secs] 
138,368: [GC (Allocation Failure) 138,368: [ParNew: 25920K->2816K(25920K), 0,0175649 secs] 373738K->351766K(678820K), 0,0177687 secs] [Times: user=0,03 sys=0,00, real=0,01 secs] 
138,412: [GC (Allocation Failure) 138,412: [ParNew: 25920K->2816K(25920K), 0,0170737 secs] 374458K->352403K(678820K), 0,0172962 secs] [Times: user=0,03 sys=0,00, real=0,02 secs] 
138,470: [GC (Allocation Failure) 138,470: [ParNew: 25920K->2816K(25920K), 0,0183125 secs] 373300K->351231K(678820K), 0,0185269 secs] [Times: user=0,04 sys=0,00, real=0,02 secs] 
138,518: [GC (Allocation Failure) 138,518: [ParNew: 25920K->2816K(25920K), 0,0189983 secs] 373230K->351263K(678820K), 0,0192312 secs] [Times: user=0,04 sys=0,00, real=0,02 secs] 
138,586: [GC (Allocation Failure) 138,586: [ParNew: 25920K->2816K(25920K), 0,0261548 secs] 370471K->348531K(678820K), 0,0263818 secs] [Times: user=0,04 sys=0,00, real=0,03 secs] 
138,645: [GC (Allocation Failure) 138,645: [ParNew: 25920K->2816K(25920K), 0,0325450 secs] 370888K->349162K(678820K), 0,0328006 secs] [Times: user=0,03 sys=0,01, real=0,04 secs] 
138,711: [GC (Allocation Failure) 138,711: [ParNew: 25920K->2816K(25920K), 0,0177734 secs] 364859K->342845K(678820K), 0,0180270 secs] [Times: user=0,04 sys=0,00, real=0,02 secs] 
138,769: [GC (Allocation Failure) 138,769: [ParNew: 25920K->2816K(25920K), 0,0183512 secs] 361505K->339576K(678820K), 0,0185542 secs] [Times: user=0,03 sys=0,00, real=0,02 secs] 
138,821: [GC (Allocation Failure) 138,821: [ParNew: 25920K->2816K(25920K), 0,0176964 secs] 359413K->337474K(678820K), 0,0179322 secs] [Times: user=0,03 sys=0,00, real=0,02 secs] 
138,878: [GC (Allocation Failure) 138,878: [ParNew: 25920K->2816K(25920K), 0,0181668 secs] 360037K->338102K(678820K), 0,0184613 secs] [Times: user=0,04 sys=0,00, real=0,02 secs] 
138,930: [GC (Allocation Failure) 138,931: [ParNew: 25920K->2816K(25920K), 0,0179415 secs] 360167K->338133K(678820K), 0,0181733 secs] [Times: user=0,04 sys=0,00, real=0,02 secs] 
138,985: [GC (Allocation Failure) 138,986: [ParNew: 25920K->2816K(25920K), 0,0183830 secs] 360183K->338261K(678820K), 0,0185872 secs] [Times: user=0,04 sys=0,00, real=0,02 secs] 
139,038: [GC (Allocation Failure) 139,038: [ParNew: 25920K->2816K(25920K), 0,0215222 secs] 359617K->337666K(678820K), 0,0217504 secs] [Times: user=0,03 sys=0,00, real=0,02 secs] 
139,105: [GC (Allocation Failure) 139,105: [ParNew: 25920K->2816K(25920K), 0,0245234 secs] 360021K->338129K(678820K), 0,0247694 secs] [Times: user=0,05 sys=0,00, real=0,03 secs] 
139,158: [GC (Allocation Failure) 139,158: [ParNew: 25920K->2816K(25920K), 0,0243075 secs] 361230K->339348K(678820K), 0,0245179 secs] [Times: user=0,04 sys=0,00, real=0,02 secs] 
139,213: [GC (Allocation Failure) 139,214: [ParNew: 25920K->2816K(25920K), 0,0175886 secs] 362349K->340360K(678820K), 0,0178338 secs] [Times: user=0,03 sys=0,00, real=0,02 secs] 
139,259: [GC (Allocation Failure) 139,259: [ParNew: 25920K->2816K(25920K), 0,0237785 secs] 363417K->341418K(678820K), 0,0240074 secs] [Times: user=0,03 sys=0,00, real=0,02 secs] 
139,314: [GC (Allocation Failure) 139,314: [ParNew: 25920K->2816K(25920K), 0,0183621 secs] 364377K->342436K(678820K), 0,0185919 secs] [Times: user=0,04 sys=0,00, real=0,02 secs] 
139,365: [GC (Allocation Failure) 139,365: [ParNew: 25920K->2816K(25920K), 0,0216176 secs] 365540K->343663K(678820K), 0,0218677 secs] [Times: user=0,03 sys=0,00, real=0,03 secs] 
139,417: [GC (Allocation Failure) 139,418: [ParNew: 25920K->2816K(25920K), 0,0182811 secs] 366668K->344778K(678820K), 0,0185059 secs] [Times: user=0,03 sys=0,00, real=0,01 secs] 
139,480: [GC (Allocation Failure) 139,480: [ParNew: 25920K->2816K(25920K), 0,0210647 secs] 367535K->345575K(678820K), 0,0212852 secs] [Times: user=0,04 sys=0,00, real=0,02 secs] 
139,526: [GC (Allocation Failure) 139,526: [ParNew: 25920K->2816K(25920K), 0,0180117 secs] 368679K->346718K(678820K), 0,0182739 secs] [Times: user=0,03 sys=0,00, real=0,02 secs] 
139,585: [GC (Allocation Failure) 139,585: [ParNew: 25920K->2816K(25920K), 0,0182616 secs] 369822K->347863K(678820K), 0,0184650 secs] [Times: user=0,04 sys=0,00, real=0,02 secs] 
139,638: [GC (Allocation Failure) 139,638: [ParNew: 25920K->2816K(25920K), 0,0212260 secs] 370799K->348864K(678820K), 0,0214416 secs] [Times: user=0,04 sys=0,00, real=0,02 secs] 
139,697: [GC (Allocation Failure) 139,697: [ParNew: 25920K->2816K(25920K), 0,0178553 secs] 371966K->350042K(678820K), 0,0180581 secs] [Times: user=0,04 sys=0,00, real=0,01 secs] 
139,747: [GC (Allocation Failure) 139,747: [ParNew: 25920K->2816K(25920K), 0,0261955 secs] 373143K->351250K(678820K), 0,0264441 secs] [Times: user=0,04 sys=0,00, real=0,02 secs] 
139,798: [GC (Allocation Failure) 139,798: [ParNew: 25920K->2816K(25920K), 0,0174609 secs] 374353K->352335K(678820K), 0,0176912 secs] [Times: user=0,03 sys=0,01, real=0,01 secs] 
139,842: [GC (Allocation Failure) 139,842: [ParNew: 25920K->2816K(25920K), 0,0273580 secs] 375433K->353463K(678820K), 0,0275781 secs] [Times: user=0,04 sys=0,00, real=0,03 secs] 
139,895: [GC (Allocation Failure) 139,895: [ParNew: 25920K->2816K(25920K), 0,0243370 secs] 376567K->354629K(678820K), 0,0246179 secs] [Times: user=0,03 sys=0,00, real=0,03 secs] 
139,953: [GC (Allocation Failure) 139,953: [ParNew: 25920K->2816K(25920K), 0,0259469 secs] 377103K->355118K(678820K), 0,0261688 secs] [Times: user=0,03 sys=0,00, real=0,03 secs] 
140,004: [GC (Allocation Failure) 140,004: [ParNew: 25920K->2816K(25920K), 0,0193800 secs] 378222K->356335K(678820K), 0,0195963 secs] [Times: user=0,04 sys=0,01, real=0,02 secs] 
140,058: [GC (Allocation Failure) 140,058: [ParNew: 25920K->2816K(25920K), 0,0314281 secs] 379439K->357562K(678820K), 0,0316977 secs] [Times: user=0,04 sys=0,00, real=0,03 secs] 
140,124: [GC (Allocation Failure) 140,124: [ParNew: 25920K->2816K(25920K), 0,0187429 secs] 380341K->358419K(678820K), 0,0190129 secs] [Times: user=0,04 sys=0,00, real=0,02 secs] 
140,181: [GC (Allocation Failure) 140,181: [ParNew: 25920K->2816K(25920K), 0,0179867 secs] 381491K->359567K(678820K), 0,0181997 secs] [Times: user=0,03 sys=0,00, real=0,02 secs] 
140,226: [GC (Allocation Failure) 140,226: [ParNew: 25920K->2816K(25920K), 0,0182466 secs] 382486K->360528K(678820K), 0,0184820 secs] [Times: user=0,03 sys=0,00, real=0,02 secs] 
140,278: [GC (Allocation Failure) 140,278: [ParNew: 25920K->2816K(25920K), 0,0186349 secs] 383602K->361574K(678820K), 0,0188441 secs] [Times: user=0,04 sys=0,00, real=0,02 secs] 
140,328: [GC (Allocation Failure) 140,328: [ParNew: 25920K->2816K(25920K), 0,0185219 secs] 383569K->361675K(678820K), 0,0187538 secs] [Times: user=0,03 sys=0,00, real=0,02 secs] 
140,387: [GC (Allocation Failure) 140,388: [ParNew: 25920K->2816K(25920K), 0,0189439 secs] 384715K->362835K(678820K), 0,0192897 secs] [Times: user=0,03 sys=0,01, real=0,02 secs] 
140,441: [GC (Allocation Failure) 140,441: [ParNew: 25920K->2356K(25920K), 0,0179786 secs] 382447K->360077K(678820K), 0,0182065 secs] [Times: user=0,03 sys=0,00, real=0,02 secs] 
140,509: [GC (Allocation Failure) 140,509: [ParNew: 25460K->2816K(25920K), 0,0178264 secs] 382950K->361446K(678820K), 0,0180292 secs] [Times: user=0,03 sys=0,00, real=0,02 secs] 
140,560: [GC (Allocation Failure) 140,561: [ParNew: 25920K->2816K(25920K), 0,0271234 secs] 381473K->359394K(678820K), 0,0273418 secs] [Times: user=0,04 sys=0,00, real=0,03 secs] 
140,615: [GC (Allocation Failure) 140,615: [ParNew: 25920K->2816K(25920K), 0,0175860 secs] 381641K->359700K(678820K), 0,0177818 secs] [Times: user=0,03 sys=0,00, real=0,02 secs] 
140,677: [GC (Allocation Failure) 140,677: [ParNew: 25920K->2816K(25920K), 0,0174479 secs] 379980K->357902K(678820K), 0,0176780 secs] [Times: user=0,04 sys=0,00, real=0,01 secs] 
140,722: [GC (Allocation Failure) 140,722: [ParNew: 25920K->2816K(25920K), 0,0180946 secs] 380345K->358375K(678820K), 0,0183962 secs] [Times: user=0,03 sys=0,00, real=0,02 secs] 
140,774: [GC (Allocation Failure) 140,774: [ParNew: 25920K->2816K(25920K), 0,0197466 secs] 376379K->354250K(678820K), 0,0199941 secs] [Times: user=0,03 sys=0,00, real=0,02 secs] 
140,825: [GC (Allocation Failure) 140,825: [ParNew: 25920K->2816K(25920K), 0,0184175 secs] 375671K->353754K(678820K), 0,0186654 secs] [Times: user=0,03 sys=0,00, real=0,02 secs] 
140,880: [GC (Allocation Failure) 140,880: [ParNew: 25920K->2816K(25920K), 0,0216842 secs] 370110K->348153K(678820K), 0,0219656 secs] [Times: user=0,03 sys=0,00, real=0,02 secs] 
140,928: [GC (Allocation Failure) 140,928: [ParNew: 25920K->2351K(25920K), 0,0184226 secs] 370979K->348605K(678820K), 0,0186581 secs] [Times: user=0,04 sys=0,00, real=0,02 secs] 
140,987: [GC (Allocation Failure) 140,988: [ParNew: 25455K->2816K(25920K), 0,0237550 secs] 370585K->349109K(678820K), 0,0240750 secs] [Times: user=0,03 sys=0,00, real=0,02 secs] 
141,037: [GC (Allocation Failure) 141,037: [ParNew: 25920K->2816K(25920K), 0,0174470 secs] 371787K->349692K(678820K), 0,0176631 secs] [Times: user=0,04 sys=0,00, real=0,01 secs] 
141,095: [GC (Allocation Failure) 141,095: [ParNew: 25920K->2816K(25920K), 0,0177095 secs] 370158K->348099K(678820K), 0,0179161 secs] [Times: user=0,03 sys=0,00, real=0,02 secs] 
141,143: [GC (Allocation Failure) 141,143: [ParNew: 25920K->2816K(25920K), 0,0183914 secs] 370952K->348974K(678820K), 0,0186753 secs] [Times: user=0,03 sys=0,00, real=0,02 secs] 
141,204: [GC (Allocation Failure) 141,204: [ParNew: 25920K->2816K(25920K), 0,0318927 secs] 371001K->349009K(678820K), 0,0321190 secs] [Times: user=0,04 sys=0,00, real=0,03 secs] 
141,273: [GC (Allocation Failure) 141,273: [ParNew: 25920K->2816K(25920K), 0,0232384 secs] 372087K->350176K(678820K), 0,0235791 secs] [Times: user=0,03 sys=0,00, real=0,03 secs] 
141,323: [GC (Allocation Failure) 141,323: [ParNew: 25920K->2069K(25920K), 0,0174512 secs] 371879K->349067K(678820K), 0,0176814 secs] [Times: user=0,03 sys=0,00, real=0,02 secs] 
141,396: [GC (Allocation Failure) 141,397: [ParNew: 25173K->2816K(25920K), 0,0195640 secs] 362362K->340967K(678820K), 0,0199673 secs] [Times: user=0,03 sys=0,01, real=0,02 secs] 
141,464: [GC (Allocation Failure) 141,464: [ParNew: 25920K->2816K(25920K), 0,0270418 secs] 340384K->318342K(678820K), 0,0273367 secs] [Times: user=0,04 sys=0,00, real=0,03 secs] 
141,535: [GC (Allocation Failure) 141,535: [ParNew: 25920K->2816K(25920K), 0,0181285 secs] 330597K->308649K(678820K), 0,0183736 secs] [Times: user=0,03 sys=0,00, real=0,02 secs] 
141,583: [GC (Allocation Failure) 141,583: [ParNew: 25920K->2816K(25920K), 0,0334060 secs] 331688K->309627K(678820K), 0,0337121 secs] [Times: user=0,04 sys=0,00, real=0,04 secs] 
141,641: [GC (Allocation Failure) 141,641: [ParNew: 25920K->2816K(25920K), 0,0178969 secs] 331788K->309754K(678820K), 0,0181844 secs] [Times: user=0,03 sys=0,00, real=0,02 secs] 
141,699: [GC (Allocation Failure) 141,699: [ParNew: 25920K->2816K(25920K), 0,0187995 secs] 328753K->306876K(678820K), 0,0190254 secs] [Times: user=0,03 sys=0,00, real=0,02 secs] 
141,718: [CMS-concurrent-sweep: 3,315/5,915 secs] [Times: user=9,19 sys=0,16, real=5,92 secs] 
141,720: [CMS-concurrent-reset-start]
141,748: [CMS-concurrent-reset: 0,028/0,028 secs] [Times: user=0,05 sys=0,00, real=0,03 secs] 
141,750: [GC (Allocation Failure) 141,750: [ParNew: 25920K->2816K(25920K), 0,0262380 secs] 329793K->307876K(678820K), 0,0264401 secs] [Times: user=0,04 sys=0,00, real=0,02 secs] 
141,803: [GC (Allocation Failure) 141,803: [ParNew: 25920K->2816K(25920K), 0,0203250 secs] 330980K->309017K(678820K), 0,0205758 secs] [Times: user=0,03 sys=0,00, real=0,02 secs] 
141,847: [GC (Allocation Failure) 141,847: [ParNew: 25920K->2816K(25920K), 0,0186322 secs] 332121K->310164K(678820K), 0,0188454 secs] [Times: user=0,04 sys=0,00, real=0,01 secs] 
141,905: [GC (Allocation Failure) 141,905: [ParNew: 25920K->2816K(25920K), 0,0179733 secs] 333268K->311267K(678820K), 0,0182000 secs] [Times: user=0,03 sys=0,00, real=0,02 secs] 
141,948: [GC (Allocation Failure) 141,948: [ParNew: 25920K->2816K(25920K), 0,0253844 secs] 334371K->312485K(678820K), 0,0256563 secs] [Times: user=0,04 sys=0,00, real=0,02 secs] 
142,012: [GC (Allocation Failure) 142,012: [ParNew: 25920K->2816K(25920K), 0,0184059 secs] 335589K->313660K(678820K), 0,0186270 secs] [Times: user=0,04 sys=0,00, real=0,02 secs] 
142,055: [GC (Allocation Failure) 142,055: [ParNew: 25920K->2816K(25920K), 0,0232849 secs] 336764K->314872K(678820K), 0,0234924 secs] [Times: user=0,04 sys=0,00, real=0,03 secs] 
142,111: [GC (Allocation Failure) 142,112: [ParNew: 25920K->2816K(25920K), 0,0185455 secs] 337976K->316096K(678820K), 0,0187716 secs] [Times: user=0,03 sys=0,00, real=0,02 secs] 
142,160: [GC (Allocation Failure) 142,160: [ParNew: 25920K->2443K(25920K), 0,0238814 secs] 339200K->316940K(678820K), 0,0240889 secs] [Times: user=0,04 sys=0,00, real=0,02 secs] 
142,220: [GC (Allocation Failure) 142,220: [ParNew: 25547K->2816K(25920K), 0,0176802 secs] 340044K->318538K(678820K), 0,0179017 secs] [Times: user=0,03 sys=0,00, real=0,02 secs] 
142,287: [GC (Allocation Failure) 142,287: [ParNew: 25920K->2816K(25920K), 0,0202263 secs] 341642K->319687K(678820K), 0,0204505 secs] [Times: user=0,03 sys=0,00, real=0,02 secs] 
142,334: [GC (Allocation Failure) 142,334: [ParNew: 25920K->2816K(25920K), 0,0173443 secs] 342791K->320722K(678820K), 0,0175826 secs] [Times: user=0,03 sys=0,00, real=0,02 secs] 
142,387: [GC (Allocation Failure) 142,387: [ParNew: 25920K->2816K(25920K), 0,0236106 secs] 343826K->321777K(678820K), 0,0238295 secs] [Times: user=0,03 sys=0,00, real=0,02 secs] 
142,440: [GC (Allocation Failure) 142,440: [ParNew: 25920K->2816K(25920K), 0,0182442 secs] 344881K->322939K(678820K), 0,0185215 secs] [Times: user=0,03 sys=0,00, real=0,02 secs] 
142,492: [GC (Allocation Failure) 142,492: [ParNew: 25920K->2448K(25920K), 0,0209483 secs] 346043K->323821K(678820K), 0,0211945 secs] [Times: user=0,04 sys=0,00, real=0,02 secs] 
142,543: [GC (Allocation Failure) 142,543: [ParNew: 25552K->2399K(25920K), 0,0176068 secs] 346925K->324999K(678820K), 0,0178134 secs] [Times: user=0,03 sys=0,00, real=0,02 secs] 
142,613: [GC (Allocation Failure) 142,613: [ParNew: 25503K->2816K(25920K), 0,0213336 secs] 348103K->326571K(678820K), 0,0216310 secs] [Times: user=0,04 sys=0,00, real=0,02 secs] 
142,668: [GC (Allocation Failure) 142,668: [ParNew: 25920K->2816K(25920K), 0,0238422 secs] 349675K->327553K(678820K), 0,0240639 secs] [Times: user=0,04 sys=0,00, real=0,02 secs] 
142,729: [GC (Allocation Failure) 142,729: [ParNew: 25920K->2816K(25920K), 0,0188678 secs] 350657K->328627K(678820K), 0,0192591 secs] [Times: user=0,03 sys=0,00, real=0,02 secs] 
142,783: [GC (Allocation Failure) 142,783: [ParNew: 25920K->2816K(25920K), 0,0179527 secs] 351731K->329780K(678820K), 0,0182490 secs] [Times: user=0,04 sys=0,00, real=0,02 secs] 
142,841: [GC (Allocation Failure) 142,841: [ParNew: 25920K->2816K(25920K), 0,0165456 secs] 352884K->330790K(678820K), 0,0167679 secs] [Times: user=0,03 sys=0,00, real=0,02 secs] 
142,892: [GC (Allocation Failure) 142,893: [ParNew: 25920K->2816K(25920K), 0,0196309 secs] 353894K->331925K(678820K), 0,0198767 secs] [Times: user=0,03 sys=0,01, real=0,02 secs] 
142,937: [GC (Allocation Failure) 142,937: [ParNew: 25920K->2816K(25920K), 0,0173113 secs] 355029K->333002K(678820K), 0,0175251 secs] [Times: user=0,04 sys=0,00, real=0,01 secs] 
142,993: [GC (Allocation Failure) 142,993: [ParNew: 25920K->2816K(25920K), 0,0199409 secs] 356106K->334123K(678820K), 0,0201803 secs] [Times: user=0,04 sys=0,00, real=0,02 secs] 
143,036: [GC (Allocation Failure) 143,036: [ParNew: 25920K->2816K(25920K), 0,0172372 secs] 357227K->335302K(678820K), 0,0174401 secs] [Times: user=0,03 sys=0,00, real=0,01 secs] 
143,088: [GC (Allocation Failure) 143,088: [ParNew: 25920K->2816K(25920K), 0,0178947 secs] 358406K->336384K(678820K), 0,0181949 secs] [Times: user=0,03 sys=0,00, real=0,02 secs] 
143,132: [GC (Allocation Failure) 143,132: [ParNew: 25920K->2816K(25920K), 0,0184671 secs] 359488K->337584K(678820K), 0,0186741 secs] [Times: user=0,03 sys=0,00, real=0,02 secs] 
143,181: [GC (Allocation Failure) 143,181: [ParNew: 25920K->2816K(25920K), 0,0179503 secs] 360688K->338812K(678820K), 0,0181589 secs] [Times: user=0,03 sys=0,00, real=0,02 secs] 
143,235: [GC (Allocation Failure) 143,235: [ParNew: 25920K->2308K(25920K), 0,0177976 secs] 361916K->339497K(678820K), 0,0180202 secs] [Times: user=0,04 sys=0,00, real=0,02 secs] 
143,288: [GC (Allocation Failure) 143,288: [ParNew: 25412K->2816K(25920K), 0,0180037 secs] 362601K->341081K(678820K), 0,0183013 secs] [Times: user=0,03 sys=0,00, real=0,02 secs] 
143,333: [GC (Allocation Failure) 143,333: [ParNew: 25920K->2816K(25920K), 0,0173187 secs] 364185K->342089K(678820K), 0,0175300 secs] [Times: user=0,04 sys=0,00, real=0,02 secs] 
143,387: [GC (Allocation Failure) 143,387: [ParNew: 25920K->2816K(25920K), 0,0170984 secs] 365193K->343217K(678820K), 0,0173474 secs] [Times: user=0,03 sys=0,00, real=0,01 secs] 
143,437: [GC (Allocation Failure) 143,437: [ParNew: 25920K->2816K(25920K), 0,0179100 secs] 366321K->344310K(678820K), 0,0181112 secs] [Times: user=0,03 sys=0,00, real=0,01 secs] 
143,492: [GC (Allocation Failure) 143,492: [ParNew: 25920K->2816K(25920K), 0,0165149 secs] 367414K->345302K(678820K), 0,0168142 secs] [Times: user=0,03 sys=0,00, real=0,02 secs] 
143,544: [GC (Allocation Failure) 143,544: [ParNew: 25920K->2125K(25920K), 0,0176645 secs] 368406K->345776K(678820K), 0,0178695 secs] [Times: user=0,04 sys=0,00, real=0,02 secs] 
143,610: [GC (Allocation Failure) 143,610: [ParNew: 25229K->2816K(25920K), 0,0191966 secs] 368880K->347411K(678820K), 0,0194186 secs] [Times: user=0,04 sys=0,00, real=0,02 secs] 
143,654: [GC (Allocation Failure) 143,654: [ParNew: 25920K->2816K(25920K), 0,0261270 secs] 370515K->348569K(678820K), 0,0263521 secs] [Times: user=0,04 sys=0,00, real=0,03 secs] 
143,706: [GC (Allocation Failure) 143,706: [ParNew: 25920K->2816K(25920K), 0,0197409 secs] 371673K->349698K(678820K), 0,0199622 secs] [Times: user=0,03 sys=0,00, real=0,02 secs] 
143,751: [GC (Allocation Failure) 143,751: [ParNew: 25920K->2816K(25920K), 0,0173681 secs] 372802K->350848K(678820K), 0,0176126 secs] [Times: user=0,03 sys=0,00, real=0,02 secs] 
143,800: [GC (Allocation Failure) 143,801: [ParNew: 25920K->2816K(25920K), 0,0208538 secs] 373952K->351909K(678820K), 0,0210864 secs] [Times: user=0,03 sys=0,00, real=0,02 secs] 
143,855: [GC (Allocation Failure) 143,855: [ParNew: 25920K->2816K(25920K), 0,0246447 secs] 375013K->353094K(678820K), 0,0248509 secs] [Times: user=0,04 sys=0,00, real=0,03 secs] 
143,913: [GC (Allocation Failure) 143,914: [ParNew: 25920K->2816K(25920K), 0,0194733 secs] 376198K->354229K(678820K), 0,0196929 secs] [Times: user=0,03 sys=0,00, real=0,02 secs] 
143,962: [GC (Allocation Failure) 143,963: [ParNew: 25920K->2816K(25920K), 0,0241201 secs] 377333K->355284K(678820K), 0,0243372 secs] [Times: user=0,03 sys=0,00, real=0,03 secs] 
144,015: [GC (Allocation Failure) 144,015: [ParNew: 25920K->2816K(25920K), 0,0199674 secs] 378388K->356410K(678820K), 0,0201830 secs] [Times: user=0,03 sys=0,00, real=0,02 secs] 
144,064: [GC (Allocation Failure) 144,064: [ParNew: 25920K->2816K(25920K), 0,0220551 secs] 379514K->357525K(678820K), 0,0222615 secs] [Times: user=0,04 sys=0,00, real=0,02 secs] 
144,115: [GC (Allocation Failure) 144,115: [ParNew: 25920K->2816K(25920K), 0,0195554 secs] 380629K->358707K(678820K), 0,0197763 secs] [Times: user=0,03 sys=0,00, real=0,02 secs] 
144,174: [GC (Allocation Failure) 144,174: [ParNew: 25920K->2816K(25920K), 0,0267862 secs] 381811K->359594K(678820K), 0,0270109 secs] [Times: user=0,03 sys=0,00, real=0,03 secs] 
144,232: [GC (Allocation Failure) 144,232: [ParNew: 25920K->2059K(25920K), 0,0172188 secs] 382698K->359999K(678820K), 0,0174368 secs] [Times: user=0,03 sys=0,00, real=0,02 secs] 
144,289: [GC (Allocation Failure) 144,289: [ParNew: 25163K->2816K(25920K), 0,0185689 secs] 383103K->361645K(678820K), 0,0188871 secs] [Times: user=0,03 sys=0,00, real=0,02 secs] 
144,347: [GC (Allocation Failure) 144,347: [ParNew: 25920K->2816K(25920K), 0,0168892 secs] 384749K->362682K(678820K), 0,0171043 secs] [Times: user=0,04 sys=0,00, real=0,01 secs] 
144,397: [GC (Allocation Failure) 144,397: [ParNew: 25920K->2816K(25920K), 0,0164075 secs] 385786K->363621K(678820K), 0,0166525 secs] [Times: user=0,03 sys=0,00, real=0,01 secs] 
144,454: [GC (Allocation Failure) 144,454: [ParNew: 25920K->2816K(25920K), 0,0168191 secs] 386725K->364677K(678820K), 0,0170600 secs] [Times: user=0,03 sys=0,00, real=0,02 secs] 
144,513: [GC (Allocation Failure) 144,513: [ParNew: 25920K->2816K(25920K), 0,0194504 secs] 387781K->365718K(678820K), 0,0196768 secs] [Times: user=0,04 sys=0,00, real=0,02 secs] 
144,561: [GC (Allocation Failure) 144,562: [ParNew: 25920K->2816K(25920K), 0,0230207 secs] 388822K->366724K(678820K), 0,0232252 secs] [Times: user=0,04 sys=0,00, real=0,02 secs] 
144,616: [GC (Allocation Failure) 144,616: [ParNew: 25920K->2816K(25920K), 0,0196364 secs] 389828K->367823K(678820K), 0,0198557 secs] [Times: user=0,03 sys=0,01, real=0,02 secs] 
144,664: [GC (Allocation Failure) 144,664: [ParNew: 25920K->2816K(25920K), 0,0225436 secs] 390927K->368985K(678820K), 0,0227480 secs] [Times: user=0,03 sys=0,00, real=0,03 secs] 
144,735: [GC (Allocation Failure) 144,735: [ParNew: 25920K->2246K(25920K), 0,0171891 secs] 392089K->369584K(678820K), 0,0175022 secs] [Times: user=0,03 sys=0,00, real=0,02 secs] 
144,796: [GC (Allocation Failure) 144,796: [ParNew: 25350K->2816K(25920K), 0,0219558 secs] 392688K->371203K(678820K), 0,0221950 secs] [Times: user=0,04 sys=0,00, real=0,03 secs] 
144,848: [GC (Allocation Failure) 144,848: [ParNew: 25920K->2816K(25920K), 0,0170760 secs] 394307K->372236K(678820K), 0,0173591 secs] [Times: user=0,03 sys=0,00, real=0,01 secs] 
144,903: [GC (Allocation Failure) 144,903: [ParNew: 25920K->2816K(25920K), 0,0244634 secs] 395340K->373422K(678820K), 0,0247016 secs] [Times: user=0,05 sys=0,00, real=0,03 secs] 
144,956: [GC (Allocation Failure) 144,956: [ParNew: 25920K->2816K(25920K), 0,0267773 secs] 396526K->374536K(678820K), 0,0270105 secs] [Times: user=0,04 sys=0,00, real=0,03 secs] 
145,020: [GC (Allocation Failure) 145,020: [ParNew: 25920K->2816K(25920K), 0,0341188 secs] 397640K->375649K(678820K), 0,0343780 secs] [Times: user=0,06 sys=0,00, real=0,03 secs] 
145,093: [GC (Allocation Failure) 145,093: [ParNew: 25920K->2816K(25920K), 0,0191676 secs] 398753K->376896K(678820K), 0,0194330 secs] [Times: user=0,03 sys=0,00, real=0,02 secs] 
145,148: [GC (Allocation Failure) 145,148: [ParNew: 25920K->2816K(25920K), 0,0183962 secs] 400000K->378099K(678820K), 0,0186046 secs] [Times: user=0,03 sys=0,00, real=0,02 secs] 
145,206: [GC (Allocation Failure) 145,206: [ParNew: 25920K->2816K(25920K), 0,0182538 secs] 401203K->379309K(678820K), 0,0185703 secs] [Times: user=0,03 sys=0,00, real=0,02 secs] 
145,252: [GC (Allocation Failure) 145,252: [ParNew: 25920K->2816K(25920K), 0,0179910 secs] 402413K->380519K(678820K), 0,0182245 secs] [Times: user=0,03 sys=0,00, real=0,02 secs] 
145,306: [GC (Allocation Failure) 145,306: [ParNew: 25920K->2816K(25920K), 0,0180530 secs] 403623K->381699K(678820K), 0,0183065 secs] [Times: user=0,03 sys=0,00, real=0,02 secs] 
145,361: [GC (Allocation Failure) 145,361: [ParNew: 25920K->2816K(25920K), 0,0234050 secs] 404803K->382856K(678820K), 0,0236785 secs] [Times: user=0,03 sys=0,00, real=0,02 secs] 
145,413: [GC (Allocation Failure) 145,413: [ParNew: 25920K->2816K(25920K), 0,0177973 secs] 405960K->384060K(678820K), 0,0181085 secs] [Times: user=0,03 sys=0,01, real=0,02 secs] 
145,465: [GC (Allocation Failure) 145,465: [ParNew: 25920K->2816K(25920K), 0,0234429 secs] 407164K->385236K(678820K), 0,0236553 secs] [Times: user=0,03 sys=0,00, real=0,03 secs] 
145,508: [GC (CMS Initial Mark) [1 CMS-initial-mark: 382420K(652900K)] 396266K(678820K), 0,0108886 secs] [Times: user=0,02 sys=0,00, real=0,01 secs] 
145,519: [CMS-concurrent-mark-start]
145,536: [GC (Allocation Failure) 145,536: [ParNew: 25920K->2816K(25920K), 0,0216359 secs] 408340K->386381K(678820K), 0,0218393 secs] [Times: user=0,04 sys=0,00, real=0,03 secs] 
145,594: [GC (Allocation Failure) 145,594: [ParNew: 25920K->2816K(25920K), 0,0181333 secs] 409485K->387534K(678820K), 0,0183762 secs] [Times: user=0,03 sys=0,00, real=0,02 secs] 
145,639: [GC (Allocation Failure) 145,639: [ParNew: 25920K->2816K(25920K), 0,0203015 secs] 410638K->388676K(678820K), 0,0205096 secs] [Times: user=0,04 sys=0,00, real=0,02 secs] 
145,697: [GC (Allocation Failure) 145,697: [ParNew: 25920K->2816K(25920K), 0,0185091 secs] 411780K->389787K(678820K), 0,0187570 secs] [Times: user=0,03 sys=0,00, real=0,01 secs] 
145,749: [GC (Allocation Failure) 145,749: [ParNew: 25920K->2816K(25920K), 0,0174005 secs] 412891K->390786K(678820K), 0,0176795 secs] [Times: user=0,03 sys=0,00, real=0,02 secs] 
145,817: [GC (Allocation Failure) 145,817: [ParNew: 25920K->2816K(25920K), 0,0184474 secs] 413890K->391970K(678820K), 0,0186679 secs] [Times: user=0,03 sys=0,00, real=0,01 secs] 
145,873: [GC (Allocation Failure) 145,873: [ParNew: 25920K->2816K(25920K), 0,0305525 secs] 415074K->393059K(678820K), 0,0307848 secs] [Times: user=0,04 sys=0,00, real=0,03 secs] 
145,928: [GC (Allocation Failure) 145,928: [ParNew: 25920K->2816K(25920K), 0,0207808 secs] 416163K->394150K(678820K), 0,0209956 secs] [Times: user=0,03 sys=0,00, real=0,02 secs] 
145,984: [GC (Allocation Failure) 145,984: [ParNew: 25920K->2816K(25920K), 0,0183829 secs] 417254K->395319K(678820K), 0,0186458 secs] [Times: user=0,03 sys=0,00, real=0,02 secs] 
146,035: [GC (Allocation Failure) 146,035: [ParNew: 25920K->2816K(25920K), 0,0344994 secs] 418423K->396447K(678820K), 0,0347612 secs] [Times: user=0,04 sys=0,00, real=0,04 secs] 
146,107: [GC (Allocation Failure) 146,108: [ParNew: 25920K->2816K(25920K), 0,0178594 secs] 419551K->397560K(678820K), 0,0180992 secs] [Times: user=0,04 sys=0,00, real=0,01 secs] 
146,158: [GC (Allocation Failure) 146,159: [ParNew: 25920K->2816K(25920K), 0,0384137 secs] 420664K->398728K(678820K), 0,0386474 secs] [Times: user=0,06 sys=0,00, real=0,04 secs] 
146,233: [GC (Allocation Failure) 146,233: [ParNew: 25920K->2816K(25920K), 0,0401373 secs] 421832K->399846K(678820K), 0,0404197 secs] [Times: user=0,07 sys=0,01, real=0,04 secs] 
146,311: [GC (Allocation Failure) 146,311: [ParNew: 25920K->2816K(25920K), 0,0199227 secs] 422950K->401044K(678820K), 0,0201270 secs] [Times: user=0,04 sys=0,00, real=0,02 secs] 
146,365: [GC (Allocation Failure) 146,365: [ParNew: 25920K->2816K(25920K), 0,0244852 secs] 424148K->402231K(678820K), 0,0247623 secs] [Times: user=0,04 sys=0,00, real=0,03 secs] 
146,422: [GC (Allocation Failure) 146,422: [ParNew: 25920K->2816K(25920K), 0,0175741 secs] 425335K->403354K(678820K), 0,0178060 secs] [Times: user=0,04 sys=0,00, real=0,02 secs] 
146,474: [GC (Allocation Failure) 146,474: [ParNew: 25920K->2816K(25920K), 0,0239381 secs] 426458K->404548K(678820K), 0,0241459 secs] [Times: user=0,03 sys=0,00, real=0,03 secs] 
146,526: [GC (Allocation Failure) 146,526: [ParNew: 25920K->2816K(25920K), 0,0178514 secs] 427652K->405590K(678820K), 0,0180678 secs] [Times: user=0,03 sys=0,00, real=0,02 secs] 
146,571: [GC (Allocation Failure) 146,571: [ParNew: 25920K->2816K(25920K), 0,0252937 secs] 428694K->406751K(678820K), 0,0255037 secs] [Times: user=0,03 sys=0,00, real=0,03 secs] 
146,623: [GC (Allocation Failure) 146,623: [ParNew: 25920K->2816K(25920K), 0,0185001 secs] 429855K->407979K(678820K), 0,0187482 secs] [Times: user=0,03 sys=0,00, real=0,02 secs] 
146,696: [GC (Allocation Failure) 146,696: [ParNew: 25920K->2816K(25920K), 0,0189928 secs] 431083K->409164K(678820K), 0,0191985 secs] [Times: user=0,03 sys=0,00, real=0,02 secs] 
146,749: [GC (Allocation Failure) 146,749: [ParNew: 25920K->2816K(25920K), 0,0212072 secs] 432268K->410358K(678820K), 0,0214360 secs] [Times: user=0,04 sys=0,00, real=0,02 secs] 
146,814: [GC (Allocation Failure) 146,814: [ParNew: 25920K->2816K(25920K), 0,0190288 secs] 433462K->411510K(678820K), 0,0192355 secs] [Times: user=0,03 sys=0,00, real=0,02 secs] 
146,863: [GC (Allocation Failure) 146,864: [ParNew: 25920K->2816K(25920K), 0,0277746 secs] 434614K->412752K(678820K), 0,0280255 secs] [Times: user=0,04 sys=0,01, real=0,03 secs] 
146,918: [GC (Allocation Failure) 146,918: [ParNew: 25920K->2816K(25920K), 0,0193664 secs] 435856K->414012K(678820K), 0,0196514 secs] [Times: user=0,04 sys=0,00, real=0,02 secs] 
146,964: [GC (Allocation Failure) 146,964: [ParNew: 25920K->2445K(25920K), 0,0244877 secs] 437116K->414877K(678820K), 0,0246944 secs] [Times: user=0,04 sys=0,00, real=0,03 secs] 
147,017: [GC (Allocation Failure) 147,017: [ParNew: 25549K->2816K(25920K), 0,0187730 secs] 437981K->416438K(678820K), 0,0190474 secs] [Times: user=0,03 sys=0,00, real=0,01 secs] 
147,060: [GC (Allocation Failure) 147,060: [ParNew: 25920K->2816K(25920K), 0,0278112 secs] 439542K->417667K(678820K), 0,0280399 secs] [Times: user=0,04 sys=0,00, real=0,03 secs] 
147,119: [GC (Allocation Failure) 147,119: [ParNew: 25920K->2816K(25920K), 0,0190896 secs] 440771K->418829K(678820K), 0,0193478 secs] [Times: user=0,04 sys=0,00, real=0,02 secs] 
147,164: [GC (Allocation Failure) 147,164: [ParNew: 25920K->2816K(25920K), 0,0244398 secs] 441933K->420023K(678820K), 0,0246859 secs] [Times: user=0,04 sys=0,00, real=0,03 secs] 
147,231: [GC (Allocation Failure) 147,231: [ParNew: 25920K->2816K(25920K), 0,0187214 secs] 443127K->421202K(678820K), 0,0189462 secs] [Times: user=0,04 sys=0,00, real=0,02 secs] 
147,284: [GC (Allocation Failure) 147,284: [ParNew: 25920K->2816K(25920K), 0,0199199 secs] 444306K->422403K(678820K), 0,0201460 secs] [Times: user=0,03 sys=0,00, real=0,02 secs] 
147,331: [GC (Allocation Failure) 147,331: [ParNew: 25920K->2816K(25920K), 0,0182785 secs] 445507K->423537K(678820K), 0,0185101 secs] [Times: user=0,04 sys=0,00, real=0,02 secs] 
147,389: [GC (Allocation Failure) 147,389: [ParNew: 25920K->2816K(25920K), 0,0184978 secs] 446641K->424722K(678820K), 0,0187114 secs] [Times: user=0,04 sys=0,00, real=0,02 secs] 
147,439: [GC (Allocation Failure) 147,439: [ParNew: 25920K->2816K(25920K), 0,0178544 secs] 447826K->425869K(678820K), 0,0180779 secs] [Times: user=0,03 sys=0,00, real=0,02 secs] 
147,506: [GC (Allocation Failure) 147,506: [ParNew: 25920K->2816K(25920K), 0,0182338 secs] 448973K->427003K(678820K), 0,0184485 secs] [Times: user=0,03 sys=0,00, real=0,02 secs] 
147,557: [GC (Allocation Failure) 147,557: [ParNew: 25920K->2816K(25920K), 0,0205248 secs] 450107K->428018K(678820K), 0,0208271 secs] [Times: user=0,04 sys=0,00, real=0,02 secs] 
147,619: [GC (Allocation Failure) 147,619: [ParNew: 25920K->2816K(25920K), 0,0179788 secs] 451122K->429149K(678820K), 0,0181791 secs] [Times: user=0,03 sys=0,00, real=0,02 secs] 
147,663: [GC (Allocation Failure) 147,663: [ParNew: 25920K->2816K(25920K), 0,0258035 secs] 452253K->430178K(678820K), 0,0260053 secs] [Times: user=0,03 sys=0,00, real=0,03 secs] 
147,718: [GC (Allocation Failure) 147,719: [ParNew: 25920K->2816K(25920K), 0,0176470 secs] 453282K->431369K(678820K), 0,0178549 secs] [Times: user=0,04 sys=0,00, real=0,02 secs] 
147,775: [GC (Allocation Failure) 147,775: [ParNew: 25920K->2816K(25920K), 0,0309565 secs] 454473K->432543K(678820K), 0,0312954 secs] [Times: user=0,03 sys=0,01, real=0,04 secs] 
147,848: [GC (Allocation Failure) 147,848: [ParNew: 25920K->2816K(25920K), 0,0173419 secs] 455647K->433593K(678820K), 0,0175650 secs] [Times: user=0,03 sys=0,00, real=0,01 secs] 
147,900: [GC (Allocation Failure) 147,900: [ParNew: 25920K->2816K(25920K), 0,0186894 secs] 456697K->434702K(678820K), 0,0188966 secs] [Times: user=0,03 sys=0,00, real=0,02 secs] 
147,947: [GC (Allocation Failure) 147,947: [ParNew: 25920K->2816K(25920K), 0,0179772 secs] 457806K->435805K(678820K), 0,0181982 secs] [Times: user=0,03 sys=0,00, real=0,01 secs] 
147,997: [GC (Allocation Failure) 147,997: [ParNew: 25920K->2816K(25920K), 0,0182926 secs] 458909K->436936K(678820K), 0,0184919 secs] [Times: user=0,03 sys=0,00, real=0,01 secs] 
148,047: [GC (Allocation Failure) 148,047: [ParNew: 25920K->2816K(25920K), 0,0180827 secs] 460040K->437991K(678820K), 0,0183738 secs] [Times: user=0,03 sys=0,01, real=0,01 secs] 
148,099: [GC (Allocation Failure) 148,099: [ParNew: 25920K->2816K(25920K), 0,0185044 secs] 461095K->439168K(678820K), 0,0187924 secs] [Times: user=0,03 sys=0,00, real=0,02 secs] 
148,147: [GC (Allocation Failure) 148,147: [ParNew: 25920K->2816K(25920K), 0,0184652 secs] 462272K->440304K(678820K), 0,0186820 secs] [Times: user=0,03 sys=0,00, real=0,01 secs] 
148,205: [CMS-concurrent-mark: 1,516/2,687 secs] [Times: user=4,34 sys=0,06, real=2,68 secs] 
148,206: [CMS-concurrent-preclean-start]
148,229: [GC (Allocation Failure) 148,229: [ParNew: 25920K->2816K(25920K), 0,0185995 secs] 463408K->441459K(678820K), 0,0188349 secs] [Times: user=0,04 sys=0,00, real=0,02 secs] 
148,270: [CMS-concurrent-preclean: 0,039/0,064 secs] [Times: user=0,11 sys=0,00, real=0,07 secs] 
148,272: [GC (Allocation Failure) 148,272: [ParNew: 25920K->2816K(25920K), 0,0260406 secs] 464563K->442595K(678820K), 0,0262403 secs] [Times: user=0,04 sys=0,00, real=0,03 secs] 
148,328: [GC (CMS Final Remark) [YG occupancy: 25920 K (25920 K)]148,329: [Rescan (parallel) , 0,0222819 secs]148,351: [weak refs processing, 0,0002268 secs]148,351: [class unloading, 0,0182507 secs]148,369: [scrub symbol table, 0,0168524 secs]148,386: [scrub string table, 0,0025051 secs][1 CMS-remark: 439779K(652900K)] 465699K(678820K), 0,0606533 secs] [Times: user=0,07 sys=0,00, real=0,06 secs] 
148,390: [CMS-concurrent-sweep-start]
148,396: [GC (Allocation Failure) 148,396: [ParNew: 25920K->2816K(25920K), 0,0183343 secs] 465497K->443525K(678820K), 0,0185425 secs] [Times: user=0,04 sys=0,00, real=0,02 secs] 
148,440: [GC (Allocation Failure) 148,440: [ParNew: 25920K->2816K(25920K), 0,0182701 secs] 466564K->444665K(678820K), 0,0187193 secs] [Times: user=0,03 sys=0,00, real=0,02 secs] 
148,505: [GC (Allocation Failure) 148,505: [ParNew: 25920K->2816K(25920K), 0,0200252 secs] 467656K->445706K(678820K), 0,0203465 secs] [Times: user=0,03 sys=0,00, real=0,02 secs] 
148,555: [GC (Allocation Failure) 148,555: [ParNew: 25920K->2816K(25920K), 0,0174751 secs] 468745K->446745K(678820K), 0,0176963 secs] [Times: user=0,03 sys=0,00, real=0,02 secs] 
148,608: [GC (Allocation Failure) 148,608: [ParNew: 25920K->2816K(25920K), 0,0174563 secs] 469771K->447569K(678820K), 0,0176617 secs] [Times: user=0,03 sys=0,00, real=0,01 secs] 
148,658: [GC (Allocation Failure) 148,659: [ParNew: 25920K->2816K(25920K), 0,0186610 secs] 470234K->448330K(678820K), 0,0189392 secs] [Times: user=0,04 sys=0,00, real=0,02 secs] 
148,719: [GC (Allocation Failure) 148,719: [ParNew: 25920K->2816K(25920K), 0,0177587 secs] 467359K->445442K(678820K), 0,0179718 secs] [Times: user=0,04 sys=0,00, real=0,02 secs] 
148,766: [GC (Allocation Failure) 148,766: [ParNew: 25920K->2816K(25920K), 0,0263668 secs] 468436K->446427K(678820K), 0,0266175 secs] [Times: user=0,04 sys=0,00, real=0,03 secs] 
148,821: [GC (Allocation Failure) 148,821: [ParNew: 25920K->2816K(25920K), 0,0176464 secs] 468266K->446238K(678820K), 0,0178875 secs] [Times: user=0,04 sys=0,00, real=0,02 secs] 
148,867: [GC (Allocation Failure) 148,867: [ParNew: 25920K->2816K(25920K), 0,0256048 secs] 467769K->445789K(678820K), 0,0258498 secs] [Times: user=0,04 sys=0,01, real=0,02 secs] 
148,922: [GC (Allocation Failure) 148,923: [ParNew: 25920K->2816K(25920K), 0,0182472 secs] 466846K->444995K(678820K), 0,0184530 secs] [Times: user=0,03 sys=0,00, real=0,02 secs] 
148,969: [GC (Allocation Failure) 148,969: [ParNew: 25920K->2816K(25920K), 0,0290412 secs] 467295K->445337K(678820K), 0,0293091 secs] [Times: user=0,04 sys=0,00, real=0,03 secs] 
149,029: [GC (Allocation Failure) 149,029: [ParNew: 25920K->2816K(25920K), 0,0184258 secs] 468014K->446123K(678820K), 0,0186324 secs] [Times: user=0,04 sys=0,00, real=0,02 secs] 
149,076: [GC (Allocation Failure) 149,077: [ParNew: 25920K->2816K(25920K), 0,0282175 secs] 468094K->446454K(678820K), 0,0284485 secs] [Times: user=0,03 sys=0,00, real=0,02 secs] 
149,130: [GC (Allocation Failure) 149,130: [ParNew: 25920K->2816K(25920K), 0,0169442 secs] 468411K->446268K(678820K), 0,0171490 secs] [Times: user=0,04 sys=0,00, real=0,02 secs] 
149,180: [GC (Allocation Failure) 149,180: [ParNew: 25920K->2816K(25920K), 0,0254047 secs] 462167K->440122K(678820K), 0,0256294 secs] [Times: user=0,04 sys=0,00, real=0,02 secs] 
149,232: [GC (Allocation Failure) 149,232: [ParNew: 25920K->2816K(25920K), 0,0181224 secs] 462414K->440451K(678820K), 0,0183362 secs] [Times: user=0,03 sys=0,00, real=0,02 secs] 
149,279: [GC (Allocation Failure) 149,279: [ParNew: 25920K->2816K(25920K), 0,0254670 secs] 462288K->440275K(678820K), 0,0256930 secs] [Times: user=0,03 sys=0,00, real=0,02 secs] 
149,334: [GC (Allocation Failure) 149,334: [ParNew: 25920K->2816K(25920K), 0,0183241 secs] 462547K->440663K(678820K), 0,0185351 secs] [Times: user=0,03 sys=0,00, real=0,02 secs] 
149,387: [GC (Allocation Failure) 149,387: [ParNew: 25920K->2816K(25920K), 0,0353983 secs] 460347K->438438K(678820K), 0,0356318 secs] [Times: user=0,04 sys=0,00, real=0,03 secs] 
149,449: [GC (Allocation Failure) 149,449: [ParNew: 25920K->2816K(25920K), 0,0178193 secs] 457292K->435406K(678820K), 0,0180879 secs] [Times: user=0,03 sys=0,00, real=0,02 secs] 
149,504: [GC (Allocation Failure) 149,504: [ParNew: 25920K->2816K(25920K), 0,0181347 secs] 457369K->435371K(678820K), 0,0184334 secs] [Times: user=0,03 sys=0,00, real=0,02 secs] 
149,555: [GC (Allocation Failure) 149,555: [ParNew: 25920K->2816K(25920K), 0,0178471 secs] 456817K->434864K(678820K), 0,0180826 secs] [Times: user=0,04 sys=0,00, real=0,02 secs] 
149,606: [GC (Allocation Failure) 149,606: [ParNew: 25920K->2816K(25920K), 0,0177921 secs] 457209K->435217K(678820K), 0,0180058 secs] [Times: user=0,03 sys=0,00, real=0,02 secs] 
149,655: [GC (Allocation Failure) 149,655: [ParNew: 25920K->2816K(25920K), 0,0180419 secs] 455072K->433134K(678820K), 0,0183319 secs] [Times: user=0,03 sys=0,01, real=0,02 secs] 
149,708: [GC (Allocation Failure) 149,708: [ParNew: 25920K->2816K(25920K), 0,0182866 secs] 454009K->432113K(678820K), 0,0185680 secs] [Times: user=0,03 sys=0,00, real=0,02 secs] 
149,751: [GC (Allocation Failure) 149,751: [ParNew: 25920K->2816K(25920K), 0,0177509 secs] 454162K->432210K(678820K), 0,0180440 secs] [Times: user=0,03 sys=0,00, real=0,02 secs] 
149,807: [GC (Allocation Failure) 149,807: [ParNew: 25920K->2816K(25920K), 0,0177718 secs] 451561K->429651K(678820K), 0,0179808 secs] [Times: user=0,03 sys=0,00, real=0,01 secs] 
149,855: [GC (Allocation Failure) 149,855: [ParNew: 25920K->2816K(25920K), 0,0180645 secs] 450975K->429006K(678820K), 0,0183027 secs] [Times: user=0,04 sys=0,00, real=0,02 secs] 
149,910: [GC (Allocation Failure) 149,910: [ParNew: 25920K->2816K(25920K), 0,0173157 secs] 452057K->430111K(678820K), 0,0175306 secs] [Times: user=0,04 sys=0,00, real=0,02 secs] 
149,956: [GC (Allocation Failure) 149,956: [ParNew: 25920K->2816K(25920K), 0,0174566 secs] 452277K->430291K(678820K), 0,0176916 secs] [Times: user=0,03 sys=0,00, real=0,02 secs] 
150,012: [GC (Allocation Failure) 150,012: [ParNew: 25920K->2816K(25920K), 0,0175898 secs] 452483K->430410K(678820K), 0,0177998 secs] [Times: user=0,04 sys=0,00, real=0,02 secs] 
150,064: [GC (Allocation Failure) 150,064: [ParNew: 25920K->2816K(25920K), 0,0178488 secs] 450511K->428551K(678820K), 0,0180691 secs] [Times: user=0,03 sys=0,00, real=0,02 secs] 
150,123: [GC (Allocation Failure) 150,123: [ParNew: 25920K->2816K(25920K), 0,0182759 secs] 446722K->424801K(678820K), 0,0185455 secs] [Times: user=0,04 sys=0,00, real=0,02 secs] 
150,172: [GC (Allocation Failure) 150,172: [ParNew: 25920K->2816K(25920K), 0,0240211 secs] 441532K->419603K(678820K), 0,0242376 secs] [Times: user=0,04 sys=0,00, real=0,03 secs] 
150,226: [GC (Allocation Failure) 150,226: [ParNew: 25920K->2816K(25920K), 0,0179153 secs] 441679K->419777K(678820K), 0,0181235 secs] [Times: user=0,03 sys=0,00, real=0,02 secs] 
150,272: [GC (Allocation Failure) 150,272: [ParNew: 25920K->2816K(25920K), 0,0240585 secs] 442472K->420514K(678820K), 0,0242790 secs] [Times: user=0,03 sys=0,00, real=0,02 secs] 
150,323: [GC (Allocation Failure) 150,323: [ParNew: 25920K->2816K(25920K), 0,0172597 secs] 443129K->421197K(678820K), 0,0174676 secs] [Times: user=0,03 sys=0,00, real=0,02 secs] 
150,377: [GC (Allocation Failure) 150,378: [ParNew: 25920K->2816K(25920K), 0,0226783 secs] 432885K->410784K(678820K), 0,0229601 secs] [Times: user=0,03 sys=0,00, real=0,02 secs] 
150,431: [GC (Allocation Failure) 150,431: [ParNew: 25920K->2816K(25920K), 0,0174492 secs] 433888K->411928K(678820K), 0,0177298 secs] [Times: user=0,03 sys=0,00, real=0,02 secs] 
150,479: [GC (Allocation Failure) 150,479: [ParNew: 25920K->2816K(25920K), 0,0294738 secs] 434589K->412652K(678820K), 0,0296954 secs] [Times: user=0,04 sys=0,00, real=0,03 secs] 
150,541: [GC (Allocation Failure) 150,541: [ParNew: 25920K->2816K(25920K), 0,0171933 secs] 433909K->411760K(678820K), 0,0174063 secs] [Times: user=0,04 sys=0,00, real=0,02 secs] 
150,600: [GC (Allocation Failure) 150,600: [ParNew: 25920K->2816K(25920K), 0,0197184 secs] 434451K->412444K(678820K), 0,0199682 secs] [Times: user=0,03 sys=0,00, real=0,02 secs] 
150,659: [GC (Allocation Failure) 150,659: [ParNew: 25920K->2816K(25920K), 0,0178408 secs] 432529K->410555K(678820K), 0,0180740 secs] [Times: user=0,03 sys=0,00, real=0,02 secs] 
150,714: [GC (Allocation Failure) 150,714: [ParNew: 25920K->2816K(25920K), 0,0175438 secs] 430656K->408528K(678820K), 0,0177452 secs] [Times: user=0,03 sys=0,00, real=0,02 secs] 
150,772: [GC (Allocation Failure) 150,772: [ParNew: 25920K->2816K(25920K), 0,0228240 secs] 430538K->408832K(678820K), 0,0230543 secs] [Times: user=0,03 sys=0,00, real=0,02 secs] 
150,831: [GC (Allocation Failure) 150,831: [ParNew: 25920K->2816K(25920K), 0,0172196 secs] 431663K->409647K(678820K), 0,0174329 secs] [Times: user=0,03 sys=0,00, real=0,02 secs] 
150,874: [GC (Allocation Failure) 150,874: [ParNew: 25920K->2816K(25920K), 0,0232321 secs] 431777K->409543K(678820K), 0,0234587 secs] [Times: user=0,04 sys=0,00, real=0,03 secs] 
150,934: [GC (Allocation Failure) 150,934: [ParNew: 25920K->2816K(25920K), 0,0181863 secs] 431262K->409318K(678820K), 0,0183753 secs] [Times: user=0,03 sys=0,00, real=0,02 secs] 
150,980: [GC (Allocation Failure) 150,980: [ParNew: 25920K->2816K(25920K), 0,0239193 secs] 432390K->410415K(678820K), 0,0241496 secs] [Times: user=0,03 sys=0,00, real=0,02 secs] 
151,034: [GC (Allocation Failure) 151,034: [ParNew: 25920K->2816K(25920K), 0,0262489 secs] 433220K->411286K(678820K), 0,0264857 secs] [Times: user=0,03 sys=0,00, real=0,03 secs] 
151,088: [GC (Allocation Failure) 151,088: [ParNew: 25920K->2816K(25920K), 0,0358428 secs] 434190K->412186K(678820K), 0,0361204 secs] [Times: user=0,03 sys=0,00, real=0,03 secs] 
151,150: [GC (Allocation Failure) 151,150: [ParNew: 25920K->2208K(25920K), 0,0170834 secs] 434742K->412112K(678820K), 0,0172864 secs] [Times: user=0,03 sys=0,01, real=0,02 secs] 
151,195: [GC (Allocation Failure) 151,195: [ParNew: 25312K->2816K(25920K), 0,0318696 secs] 435095K->413743K(678820K), 0,0321308 secs] [Times: user=0,03 sys=0,00, real=0,04 secs] 
151,260: [GC (Allocation Failure) 151,260: [ParNew: 25920K->2816K(25920K), 0,0181026 secs] 435118K->413099K(678820K), 0,0183381 secs] [Times: user=0,03 sys=0,00, real=0,02 secs] 
151,316: [GC (Allocation Failure) 151,316: [ParNew: 25920K->2816K(25920K), 0,0222207 secs] 436188K->414240K(678820K), 0,0225126 secs] [Times: user=0,04 sys=0,00, real=0,03 secs] 
151,380: [GC (Allocation Failure) 151,380: [ParNew: 25920K->2816K(25920K), 0,0252305 secs] 437108K->415139K(678820K), 0,0254690 secs] [Times: user=0,03 sys=0,00, real=0,02 secs] 
151,440: [GC (Allocation Failure) 151,441: [ParNew: 25920K->2816K(25920K), 0,0176409 secs] 435248K->413251K(678820K), 0,0179329 secs] [Times: user=0,04 sys=0,00, real=0,02 secs] 
151,484: [GC (Allocation Failure) 151,484: [ParNew: 25920K->2816K(25920K), 0,0232782 secs] 435617K->413617K(678820K), 0,0235021 secs] [Times: user=0,04 sys=0,00, real=0,03 secs] 
151,541: [GC (Allocation Failure) 151,541: [ParNew: 25920K->2816K(25920K), 0,0175734 secs] 435318K->413423K(678820K), 0,0177842 secs] [Times: user=0,03 sys=0,00, real=0,02 secs] 
151,586: [GC (Allocation Failure) 151,587: [ParNew: 25920K->2816K(25920K), 0,0247137 secs] 436518K->414514K(678820K), 0,0251717 secs] [Times: user=0,03 sys=0,00, real=0,03 secs] 
151,643: [GC (Allocation Failure) 151,643: [ParNew: 25920K->2816K(25920K), 0,0176002 secs] 437005K->414990K(678820K), 0,0178023 secs] [Times: user=0,03 sys=0,00, real=0,02 secs] 
151,703: [GC (Allocation Failure) 151,703: [ParNew: 25920K->2816K(25920K), 0,0199928 secs] 435008K->413053K(678820K), 0,0202121 secs] [Times: user=0,04 sys=0,00, real=0,02 secs] 
151,760: [GC (Allocation Failure) 151,760: [ParNew: 25920K->2816K(25920K), 0,0169952 secs] 435812K->413879K(678820K), 0,0172636 secs] [Times: user=0,03 sys=0,00, real=0,02 secs] 
151,814: [GC (Allocation Failure) 151,814: [ParNew: 25920K->2816K(25920K), 0,0193298 secs] 436395K->414348K(678820K), 0,0195556 secs] [Times: user=0,03 sys=0,01, real=0,02 secs] 
151,867: [GC (Allocation Failure) 151,867: [ParNew: 25920K->2816K(25920K), 0,0164287 secs] 436311K->414138K(678820K), 0,0166952 secs] [Times: user=0,03 sys=0,00, real=0,01 secs] 
151,932: [GC (Allocation Failure) 151,932: [ParNew: 25920K->2816K(25920K), 0,0172029 secs] 434253K->412227K(678820K), 0,0174180 secs] [Times: user=0,03 sys=0,00, real=0,02 secs] 
151,986: [GC (Allocation Failure) 151,987: [ParNew: 25920K->2816K(25920K), 0,0226615 secs] 431293K->409187K(678820K), 0,0228928 secs] [Times: user=0,04 sys=0,00, real=0,02 secs] 
152,043: [GC (Allocation Failure) 152,044: [ParNew: 25920K->2816K(25920K), 0,0169982 secs] 431940K->409995K(678820K), 0,0172084 secs] [Times: user=0,04 sys=0,00, real=0,02 secs] 
152,118: [GC (Allocation Failure) 152,118: [ParNew: 25920K->2064K(25920K), 0,0196304 secs] 410424K->387666K(678820K), 0,0199155 secs] [Times: user=0,03 sys=0,01, real=0,02 secs] 
152,168: [GC (Allocation Failure) 152,168: [ParNew: 25168K->2816K(25920K), 0,0171265 secs] 409763K->388344K(678820K), 0,0173682 secs] [Times: user=0,03 sys=0,00, real=0,01 secs] 
152,221: [GC (Allocation Failure) 152,221: [ParNew: 25920K->2816K(25920K), 0,0194072 secs] 410518K->388533K(678820K), 0,0196391 secs] [Times: user=0,03 sys=0,00, real=0,02 secs] 
152,268: [GC (Allocation Failure) 152,268: [ParNew: 25920K->2816K(25920K), 0,0179589 secs] 409721K->387748K(678820K), 0,0182596 secs] [Times: user=0,03 sys=0,00, real=0,02 secs] 
152,326: [GC (Allocation Failure) 152,326: [ParNew: 25920K->2816K(25920K), 0,0181719 secs] 409629K->387661K(678820K), 0,0183781 secs] [Times: user=0,04 sys=0,01, real=0,02 secs] 
152,386: [GC (Allocation Failure) 152,386: [ParNew: 25920K->2816K(25920K), 0,0240636 secs] 406215K->384248K(678820K), 0,0242860 secs] [Times: user=0,03 sys=0,00, real=0,03 secs] 
152,438: [GC (Allocation Failure) 152,438: [ParNew: 25920K->2816K(25920K), 0,0178326 secs] 406250K->384291K(678820K), 0,0180486 secs] [Times: user=0,03 sys=0,00, real=0,01 secs] 
152,506: [GC (Allocation Failure) 152,506: [ParNew: 25920K->2816K(25920K), 0,0259624 secs] 403962K->381860K(678820K), 0,0261921 secs] [Times: user=0,04 sys=0,00, real=0,03 secs] 
152,562: [GC (Allocation Failure) 152,562: [ParNew: 25920K->2816K(25920K), 0,0180278 secs] 402668K->380750K(678820K), 0,0182462 secs] [Times: user=0,03 sys=0,00, real=0,02 secs] 
152,614: [GC (Allocation Failure) 152,614: [ParNew: 25920K->2816K(25920K), 0,0197138 secs] 403712K->381652K(678820K), 0,0199369 secs] [Times: user=0,03 sys=0,00, real=0,02 secs] 
152,666: [GC (Allocation Failure) 152,666: [ParNew: 25920K->2816K(25920K), 0,0178668 secs] 395675K->373714K(678820K), 0,0181958 secs] [Times: user=0,03 sys=0,00, real=0,02 secs] 
152,724: [GC (Allocation Failure) 152,724: [ParNew: 25920K->2816K(25920K), 0,0201151 secs] 396594K->374631K(678820K), 0,0203329 secs] [Times: user=0,04 sys=0,00, real=0,02 secs] 
152,773: [GC (Allocation Failure) 152,773: [ParNew: 25920K->2816K(25920K), 0,0254438 secs] 396858K->374881K(678820K), 0,0257431 secs] [Times: user=0,04 sys=0,00, real=0,03 secs] 
152,835: [GC (Allocation Failure) 152,836: [ParNew: 25920K->2816K(25920K), 0,0177488 secs] 389091K->366996K(678820K), 0,0180291 secs] [Times: user=0,04 sys=0,01, real=0,02 secs] 
152,882: [GC (Allocation Failure) 152,882: [ParNew: 25920K->2816K(25920K), 0,0404721 secs] 389152K->367244K(678820K), 0,0406838 secs] [Times: user=0,05 sys=0,00, real=0,04 secs] 
152,961: [GC (Allocation Failure) 152,961: [ParNew: 25920K->2816K(25920K), 0,0183929 secs] 386262K->364293K(678820K), 0,0186562 secs] [Times: user=0,03 sys=0,00, real=0,02 secs] 
153,016: [GC (Allocation Failure) 153,016: [ParNew: 25920K->2816K(25920K), 0,0303798 secs] 387086K->365041K(678820K), 0,0307428 secs] [Times: user=0,05 sys=0,00, real=0,04 secs] 
153,074: [GC (Allocation Failure) 153,074: [ParNew: 25920K->2816K(25920K), 0,0281630 secs] 385821K->363976K(678820K), 0,0284228 secs] [Times: user=0,05 sys=0,00, real=0,03 secs] 
153,137: [GC (Allocation Failure) 153,137: [ParNew: 25920K->2816K(25920K), 0,0181191 secs] 386489K->364508K(678820K), 0,0183263 secs] [Times: user=0,04 sys=0,00, real=0,01 secs] 
153,189: [GC (Allocation Failure) 153,189: [ParNew: 25920K->2816K(25920K), 0,0240358 secs] 379548K->357649K(678820K), 0,0242672 secs] [Times: user=0,03 sys=0,00, real=0,02 secs] 
153,245: [GC (Allocation Failure) 153,245: [ParNew: 25920K->2816K(25920K), 0,0326492 secs] 379985K->357966K(678820K), 0,0328685 secs] [Times: user=0,04 sys=0,00, real=0,04 secs] 
153,310: [GC (Allocation Failure) 153,310: [ParNew: 25920K->2816K(25920K), 0,0186111 secs] 378789K->356824K(678820K), 0,0188702 secs] [Times: user=0,04 sys=0,00, real=0,02 secs] 
153,361: [GC (Allocation Failure) 153,361: [ParNew: 25920K->2816K(25920K), 0,0193643 secs] 378407K->356448K(678820K), 0,0195837 secs] [Times: user=0,03 sys=0,00, real=0,02 secs] 
153,428: [GC (Allocation Failure) 153,428: [ParNew: 25920K->2816K(25920K), 0,0204014 secs] 374677K->352773K(678820K), 0,0206246 secs] [Times: user=0,03 sys=0,00, real=0,02 secs] 
153,491: [GC (Allocation Failure) 153,491: [ParNew: 25920K->2339K(25920K), 0,0386495 secs] 374762K->352311K(678820K), 0,0389107 secs] [Times: user=0,04 sys=0,00, real=0,04 secs] 
153,605: [GC (Allocation Failure) 153,605: [ParNew: 25443K->2816K(25920K), 0,0386988 secs] 357583K->336154K(678820K), 0,0389599 secs] [Times: user=0,07 sys=0,00, real=0,04 secs] 
153,678: [GC (Allocation Failure) 153,678: [ParNew: 25920K->2816K(25920K), 0,0235372 secs] 358122K->336041K(678820K), 0,0238362 secs] [Times: user=0,04 sys=0,00, real=0,02 secs] 
153,732: [GC (Allocation Failure) 153,733: [ParNew: 25920K->2816K(25920K), 0,0215412 secs] 356404K->334496K(678820K), 0,0217534 secs] [Times: user=0,04 sys=0,00, real=0,02 secs] 
153,798: [GC (Allocation Failure) 153,798: [ParNew: 25920K->2816K(25920K), 0,0306552 secs] 356498K->334599K(678820K), 0,0309315 secs] [Times: user=0,03 sys=0,00, real=0,03 secs] 
153,863: [GC (Allocation Failure) 153,864: [ParNew: 25920K->2816K(25920K), 0,0231678 secs] 355832K->333953K(678820K), 0,0233980 secs] [Times: user=0,03 sys=0,00, real=0,03 secs] 
153,921: [GC (Allocation Failure) 153,921: [ParNew: 25920K->2816K(25920K), 0,0277230 secs] 355848K->333893K(678820K), 0,0279542 secs] [Times: user=0,04 sys=0,00, real=0,03 secs] 
153,975: [GC (Allocation Failure) 153,975: [ParNew: 25920K->2816K(25920K), 0,0249447 secs] 356246K->334223K(678820K), 0,0251680 secs] [Times: user=0,04 sys=0,00, real=0,03 secs] 
154,024: [GC (Allocation Failure) 154,024: [ParNew: 25920K->2816K(25920K), 0,0208180 secs] 356163K->334191K(678820K), 0,0210443 secs] [Times: user=0,03 sys=0,00, real=0,02 secs] 
154,071: [GC (Allocation Failure) 154,071: [ParNew: 25920K->2816K(25920K), 0,0178206 secs] 354849K->332929K(678820K), 0,0180684 secs] [Times: user=0,03 sys=0,00, real=0,02 secs] 
154,123: [GC (Allocation Failure) 154,123: [ParNew: 25920K->2816K(25920K), 0,0182902 secs] 355085K->333097K(678820K), 0,0185034 secs] [Times: user=0,03 sys=0,00, real=0,02 secs] 
154,182: [GC (Allocation Failure) 154,182: [ParNew: 25920K->2816K(25920K), 0,0232797 secs] 350115K->328102K(678820K), 0,0235247 secs] [Times: user=0,04 sys=0,00, real=0,02 secs] 
154,237: [GC (Allocation Failure) 154,237: [ParNew: 25920K->2816K(25920K), 0,0220857 secs] 348936K->327181K(678820K), 0,0222895 secs] [Times: user=0,04 sys=0,00, real=0,02 secs] 
154,287: [GC (Allocation Failure) 154,287: [ParNew: 25920K->2177K(25920K), 0,0325892 secs] 348129K->325557K(678820K), 0,0328701 secs] [Times: user=0,04 sys=0,00, real=0,03 secs] 
154,349: [GC (Allocation Failure) 154,349: [ParNew: 25281K->2816K(25920K), 0,0258887 secs] 348304K->326831K(678820K), 0,0261211 secs] [Times: user=0,03 sys=0,00, real=0,02 secs] 
154,404: [GC (Allocation Failure) 154,404: [ParNew: 25920K->2816K(25920K), 0,0182923 secs] 349504K->327515K(678820K), 0,0186293 secs] [Times: user=0,03 sys=0,00, real=0,02 secs] 
154,465: [GC (Allocation Failure) 154,465: [ParNew: 25920K->2816K(25920K), 0,0202018 secs] 337210K->315218K(678820K), 0,0204336 secs] [Times: user=0,03 sys=0,00, real=0,02 secs] 
154,521: [GC (Allocation Failure) 154,521: [ParNew: 25920K->2816K(25920K), 0,0192330 secs] 337364K->315520K(678820K), 0,0195208 secs] [Times: user=0,03 sys=0,00, real=0,02 secs] 
154,572: [GC (Allocation Failure) 154,572: [ParNew: 25920K->2816K(25920K), 0,0188108 secs] 337780K->315921K(678820K), 0,0190611 secs] [Times: user=0,03 sys=0,00, real=0,02 secs] 
154,624: [GC (Allocation Failure) 154,624: [ParNew: 25920K->2301K(25920K), 0,0189524 secs] 337829K->315337K(678820K), 0,0191655 secs] [Times: user=0,03 sys=0,00, real=0,02 secs] 
154,673: [GC (Allocation Failure) 154,673: [ParNew: 25405K->2816K(25920K), 0,0176159 secs] 337057K->315604K(678820K), 0,0178426 secs] [Times: user=0,03 sys=0,00, real=0,02 secs] 
154,729: [GC (Allocation Failure) 154,729: [ParNew: 25920K->2816K(25920K), 0,0176339 secs] 337705K->315693K(678820K), 0,0178513 secs] [Times: user=0,03 sys=0,00, real=0,02 secs] 
154,784: [GC (Allocation Failure) 154,785: [ParNew: 25920K->2816K(25920K), 0,0233075 secs] 336664K->314645K(678820K), 0,0235645 secs] [Times: user=0,04 sys=0,00, real=0,03 secs] 
154,834: [GC (Allocation Failure) 154,834: [ParNew: 25920K->2816K(25920K), 0,0217526 secs] 336994K->314867K(678820K), 0,0219840 secs] [Times: user=0,04 sys=0,00, real=0,02 secs] 
154,883: [GC (Allocation Failure) 154,883: [ParNew: 25920K->2816K(25920K), 0,0236966 secs] 336804K->314844K(678820K), 0,0239090 secs] [Times: user=0,03 sys=0,00, real=0,03 secs] 
154,936: [GC (Allocation Failure) 154,936: [ParNew: 25920K->2816K(25920K), 0,0214256 secs] 337123K->315243K(678820K), 0,0216840 secs] [Times: user=0,03 sys=0,00, real=0,03 secs] 
155,005: [GC (Allocation Failure) 155,005: [ParNew: 25920K->2816K(25920K), 0,0186724 secs] 337683K->315762K(678820K), 0,0189175 secs] [Times: user=0,03 sys=0,00, real=0,02 secs] 
155,067: [GC (Allocation Failure) 155,067: [ParNew: 25920K->2405K(25920K), 0,0183641 secs] 336028K->313701K(678820K), 0,0185752 secs] [Times: user=0,03 sys=0,00, real=0,01 secs] 
155,118: [GC (Allocation Failure) 155,118: [ParNew: 25509K->2816K(25920K), 0,0182850 secs] 336489K->315018K(678820K), 0,0185462 secs] [Times: user=0,03 sys=0,00, real=0,02 secs] 
155,166: [GC (Allocation Failure) 155,166: [ParNew: 25920K->2816K(25920K), 0,0180534 secs] 337009K->314944K(678820K), 0,0182553 secs] [Times: user=0,04 sys=0,01, real=0,02 secs] 
155,221: [GC (Allocation Failure) 155,221: [ParNew: 25920K->2816K(25920K), 0,0186304 secs] 337591K->315711K(678820K), 0,0188543 secs] [Times: user=0,03 sys=0,00, real=0,02 secs] 
155,275: [GC (Allocation Failure) 155,275: [ParNew: 25920K->2816K(25920K), 0,0182081 secs] 336859K->314955K(678820K), 0,0184654 secs] [Times: user=0,03 sys=0,00, real=0,02 secs] 
155,323: [GC (Allocation Failure) 155,323: [ParNew: 25920K->2816K(25920K), 0,0183521 secs] 337922K->315898K(678820K), 0,0185608 secs] [Times: user=0,03 sys=0,00, real=0,02 secs] 
155,374: [GC (Allocation Failure) 155,374: [ParNew: 25920K->2816K(25920K), 0,0186336 secs] 338244K->316351K(678820K), 0,0189475 secs] [Times: user=0,03 sys=0,00, real=0,02 secs] 
155,432: [GC (Allocation Failure) 155,432: [ParNew: 25920K->2816K(25920K), 0,0223099 secs] 338444K->316555K(678820K), 0,0225179 secs] [Times: user=0,04 sys=0,00, real=0,02 secs] 
155,488: [GC (Allocation Failure) 155,488: [ParNew: 25920K->2816K(25920K), 0,0298162 secs] 336716K->314837K(678820K), 0,0300935 secs] [Times: user=0,05 sys=0,00, real=0,03 secs] 
155,556: [GC (Allocation Failure) 155,556: [ParNew: 25920K->2816K(25920K), 0,0268678 secs] 336340K->314340K(678820K), 0,0270983 secs] [Times: user=0,04 sys=0,00, real=0,03 secs] 
155,628: [GC (Allocation Failure) 155,628: [ParNew: 25920K->2816K(25920K), 0,0196116 secs] 336882K->314906K(678820K), 0,0198303 secs] [Times: user=0,03 sys=0,00, real=0,02 secs] 
155,684: [GC (Allocation Failure) 155,684: [ParNew: 25920K->2816K(25920K), 0,0228389 secs] 338008K->315946K(678820K), 0,0230914 secs] [Times: user=0,04 sys=0,00, real=0,03 secs] 
155,738: [GC (Allocation Failure) 155,738: [ParNew: 25920K->2816K(25920K), 0,0191505 secs] 339046K->317340K(678820K), 0,0194365 secs] [Times: user=0,03 sys=0,00, real=0,02 secs] 
155,789: [GC (Allocation Failure) 155,789: [ParNew: 25920K->2816K(25920K), 0,0257269 secs] 340442K->318308K(678820K), 0,0259842 secs] [Times: user=0,04 sys=0,00, real=0,02 secs] 
155,844: [GC (Allocation Failure) 155,844: [ParNew: 25920K->2816K(25920K), 0,0267925 secs] 341376K->319457K(678820K), 0,0270206 secs] [Times: user=0,04 sys=0,00, real=0,03 secs] 
155,910: [GC (Allocation Failure) 155,910: [ParNew: 25920K->2816K(25920K), 0,0311603 secs] 342549K->320549K(678820K), 0,0314743 secs] [Times: user=0,05 sys=0,00, real=0,03 secs] 
155,976: [GC (Allocation Failure) 155,976: [ParNew: 25920K->2816K(25920K), 0,0366931 secs] 343653K->321543K(678820K), 0,0369578 secs] [Times: user=0,06 sys=0,00, real=0,04 secs] 
156,046: [GC (Allocation Failure) 156,046: [ParNew: 25920K->2268K(25920K), 0,0306159 secs] 344610K->322123K(678820K), 0,0308323 secs] [Times: user=0,05 sys=0,00, real=0,04 secs] 
156,119: [GC (Allocation Failure) 156,119: [ParNew: 25372K->2816K(25920K), 0,0257134 secs] 344957K->323506K(678820K), 0,0259764 secs] [Times: user=0,03 sys=0,00, real=0,02 secs] 
156,187: [GC (Allocation Failure) 156,187: [ParNew: 25920K->2816K(25920K), 0,0248173 secs] 346251K->324212K(678820K), 0,0251087 secs] [Times: user=0,03 sys=0,00, real=0,02 secs] 
156,244: [GC (Allocation Failure) 156,244: [ParNew: 25920K->2816K(25920K), 0,0176365 secs] 346409K->324355K(678820K), 0,0178447 secs] [Times: user=0,03 sys=0,00, real=0,02 secs] 
156,297: [GC (Allocation Failure) 156,297: [ParNew: 25920K->2816K(25920K), 0,0237477 secs] 347078K->325223K(678820K), 0,0239907 secs] [Times: user=0,04 sys=0,00, real=0,02 secs] 
156,339: [CMS-concurrent-sweep: 4,408/7,949 secs] [Times: user=12,51 sys=0,20, real=7,95 secs] 
156,339: [CMS-concurrent-reset-start]
156,354: [GC (Allocation Failure) 156,354: [ParNew: 25920K->2816K(25920K), 0,0178012 secs] 347357K->325332K(678820K), 0,0180318 secs] [Times: user=0,03 sys=0,00, real=0,02 secs] 
156,409: [GC (Allocation Failure) 156,409: [ParNew: 25920K->2816K(25920K), 0,0181532 secs] 348436K->326481K(678820K), 0,0184831 secs] [Times: user=0,04 sys=0,00, real=0,02 secs] 
156,439: [CMS-concurrent-reset: 0,055/0,097 secs] [Times: user=0,17 sys=0,00, real=0,10 secs] 
156,469: [GC (Allocation Failure) 156,469: [ParNew: 25920K->2816K(25920K), 0,0207953 secs] 349585K->327682K(678820K), 0,0209962 secs] [Times: user=0,04 sys=0,00, real=0,02 secs] 
156,524: [GC (Allocation Failure) 156,525: [ParNew: 25920K->2816K(25920K), 0,0180184 secs] 350786K->328848K(678820K), 0,0182343 secs] [Times: user=0,04 sys=0,00, real=0,02 secs] 
156,572: [GC (Allocation Failure) 156,572: [ParNew: 25920K->2816K(25920K), 0,0253223 secs] 351952K->330027K(678820K), 0,0255715 secs] [Times: user=0,03 sys=0,00, real=0,03 secs] 
156,634: [GC (Allocation Failure) 156,635: [ParNew: 25920K->2816K(25920K), 0,0174952 secs] 353131K->331109K(678820K), 0,0177151 secs] [Times: user=0,04 sys=0,00, real=0,02 secs] 
156,690: [GC (Allocation Failure) 156,690: [ParNew: 25920K->2816K(25920K), 0,0230007 secs] 354213K->332268K(678820K), 0,0232154 secs] [Times: user=0,04 sys=0,00, real=0,02 secs] 
156,762: [GC (Allocation Failure) 156,763: [ParNew: 25920K->2816K(25920K), 0,0250247 secs] 355372K->333369K(678820K), 0,0252380 secs] [Times: user=0,04 sys=0,00, real=0,03 secs] 
156,820: [GC (Allocation Failure) 156,820: [ParNew: 25920K->2816K(25920K), 0,0304017 secs] 356473K->334481K(678820K), 0,0306139 secs] [Times: user=0,05 sys=0,01, real=0,03 secs] 
156,881: [GC (Allocation Failure) 156,881: [ParNew: 25920K->2816K(25920K), 0,0317032 secs] 357585K->335593K(678820K), 0,0319601 secs] [Times: user=0,05 sys=0,00, real=0,03 secs] 
156,942: [GC (Allocation Failure) 156,942: [ParNew: 25920K->2816K(25920K), 0,0235913 secs] 358697K->336754K(678820K), 0,0238547 secs] [Times: user=0,05 sys=0,00, real=0,02 secs] 
156,993: [GC (Allocation Failure) 156,993: [ParNew: 25920K->2816K(25920K), 0,0227872 secs] 359858K->337886K(678820K), 0,0230230 secs] [Times: user=0,04 sys=0,00, real=0,02 secs] 
157,051: [GC (Allocation Failure) 157,051: [ParNew: 25920K->2816K(25920K), 0,0177890 secs] 360990K->339038K(678820K), 0,0180123 secs] [Times: user=0,04 sys=0,00, real=0,02 secs] 
157,097: [GC (Allocation Failure) 157,097: [ParNew: 25920K->2816K(25920K), 0,0254979 secs] 362142K->340096K(678820K), 0,0257296 secs] [Times: user=0,04 sys=0,00, real=0,02 secs] 
157,149: [GC (Allocation Failure) 157,149: [ParNew: 25920K->2816K(25920K), 0,0174783 secs] 363200K->341281K(678820K), 0,0176828 secs] [Times: user=0,04 sys=0,00, real=0,02 secs] 
157,213: [GC (Allocation Failure) 157,213: [ParNew: 25920K->2816K(25920K), 0,0225471 secs] 364385K->342509K(678820K), 0,0227989 secs] [Times: user=0,04 sys=0,00, real=0,02 secs] 
157,265: [GC (Allocation Failure) 157,265: [ParNew: 25920K->2816K(25920K), 0,0436764 secs] 365613K->343597K(678820K), 0,0439028 secs] [Times: user=0,06 sys=0,00, real=0,05 secs] 
157,339: [GC (Allocation Failure) 157,339: [ParNew: 25920K->2816K(25920K), 0,0209119 secs] 366701K->344807K(678820K), 0,0211683 secs] [Times: user=0,04 sys=0,01, real=0,02 secs] 
157,390: [GC (Allocation Failure) 157,391: [ParNew: 25920K->2311K(25920K), 0,0224533 secs] 367911K->345487K(678820K), 0,0227313 secs] [Times: user=0,04 sys=0,00, real=0,02 secs] 
157,440: [GC (Allocation Failure) 157,440: [ParNew: 25415K->2816K(25920K), 0,0176615 secs] 368591K->347091K(678820K), 0,0178864 secs] [Times: user=0,03 sys=0,00, real=0,02 secs] 
157,494: [GC (Allocation Failure) 157,494: [ParNew: 25920K->2816K(25920K), 0,0236637 secs] 370195K->348179K(678820K), 0,0238953 secs] [Times: user=0,04 sys=0,00, real=0,03 secs] 
157,554: [GC (Allocation Failure) 157,554: [ParNew: 25920K->2816K(25920K), 0,0177874 secs] 371283K->349337K(678820K), 0,0179889 secs] [Times: user=0,03 sys=0,00, real=0,02 secs] 
157,618: [GC (Allocation Failure) 157,618: [ParNew: 25920K->2816K(25920K), 0,0182451 secs] 372441K->350361K(678820K), 0,0184732 secs] [Times: user=0,03 sys=0,00, real=0,01 secs] 
157,665: [GC (Allocation Failure) 157,665: [ParNew: 25920K->2190K(25920K), 0,0217872 secs] 373465K->350877K(678820K), 0,0220081 secs] [Times: user=0,04 sys=0,00, real=0,03 secs] 
157,719: [GC (Allocation Failure) 157,719: [ParNew: 25294K->2816K(25920K), 0,0238011 secs] 373981K->352551K(678820K), 0,0241419 secs] [Times: user=0,04 sys=0,00, real=0,02 secs] 
157,767: [GC (Allocation Failure) 157,768: [ParNew: 25920K->2816K(25920K), 0,0242446 secs] 375655K->354093K(678820K), 0,0244838 secs] [Times: user=0,04 sys=0,00, real=0,02 secs] 
157,830: [GC (Allocation Failure) 157,830: [ParNew: 25920K->2816K(25920K), 0,0208086 secs] 377197K->355165K(678820K), 0,0210801 secs] [Times: user=0,04 sys=0,00, real=0,02 secs] 
157,882: [GC (Allocation Failure) 157,882: [ParNew: 25920K->2816K(25920K), 0,0264720 secs] 378269K->356085K(678820K), 0,0268032 secs] [Times: user=0,04 sys=0,00, real=0,03 secs] 
157,934: [GC (Allocation Failure) 157,935: [ParNew: 25920K->2816K(25920K), 0,0223920 secs] 379189K->357184K(678820K), 0,0226339 secs] [Times: user=0,04 sys=0,00, real=0,03 secs] 
157,985: [GC (Allocation Failure) 157,985: [ParNew: 25920K->2816K(25920K), 0,0517301 secs] 380288K->358348K(678820K), 0,0519855 secs] [Times: user=0,08 sys=0,01, real=0,06 secs] 
158,076: [GC (Allocation Failure) 158,076: [ParNew: 25920K->2816K(25920K), 0,0389964 secs] 381452K->359474K(678820K), 0,0392143 secs] [Times: user=0,06 sys=0,00, real=0,04 secs] 
158,145: [GC (Allocation Failure) 158,145: [ParNew: 25920K->2816K(25920K), 0,0350371 secs] 382578K->360593K(678820K), 0,0352948 secs] [Times: user=0,07 sys=0,00, real=0,04 secs] 
158,214: [GC (Allocation Failure) 158,214: [ParNew: 25920K->2204K(25920K), 0,0358558 secs] 383697K->361016K(678820K), 0,0361337 secs] [Times: user=0,07 sys=0,00, real=0,04 secs] 
158,273: [GC (Allocation Failure) 158,273: [ParNew: 25308K->2816K(25920K), 0,0392808 secs] 384120K->362802K(678820K), 0,0395211 secs] [Times: user=0,06 sys=0,00, real=0,04 secs] 
158,344: [GC (Allocation Failure) 158,344: [ParNew: 25920K->2816K(25920K), 0,0336178 secs] 385906K->363678K(678820K), 0,0338971 secs] [Times: user=0,06 sys=0,00, real=0,04 secs] 
158,424: [GC (Allocation Failure) 158,424: [ParNew: 25920K->2816K(25920K), 0,0339165 secs] 386782K->364782K(678820K), 0,0341611 secs] [Times: user=0,06 sys=0,00, real=0,04 secs] 
158,494: [GC (Allocation Failure) 158,494: [ParNew: 25920K->2816K(25920K), 0,0382871 secs] 387886K->365924K(678820K), 0,0385919 secs] [Times: user=0,06 sys=0,00, real=0,04 secs] 
158,560: [GC (Allocation Failure) 158,561: [ParNew: 25920K->2816K(25920K), 0,0328747 secs] 389028K->367015K(678820K), 0,0331009 secs] [Times: user=0,04 sys=0,00, real=0,03 secs] 
158,634: [GC (Allocation Failure) 158,634: [ParNew: 25920K->2816K(25920K), 0,0212350 secs] 390119K->368125K(678820K), 0,0215673 secs] [Times: user=0,04 sys=0,00, real=0,02 secs] 
158,683: [GC (Allocation Failure) 158,683: [ParNew: 25920K->2816K(25920K), 0,0178236 secs] 391229K->369241K(678820K), 0,0180493 secs] [Times: user=0,03 sys=0,00, real=0,02 secs] 
158,738: [GC (Allocation Failure) 158,738: [ParNew: 25920K->2816K(25920K), 0,0172823 secs] 392345K->370425K(678820K), 0,0175195 secs] [Times: user=0,03 sys=0,00, real=0,01 secs] 
158,788: [GC (Allocation Failure) 158,788: [ParNew: 25920K->2816K(25920K), 0,0285873 secs] 393529K->371618K(678820K), 0,0288148 secs] [Times: user=0,04 sys=0,00, real=0,03 secs] 
158,848: [GC (Allocation Failure) 158,848: [ParNew: 25920K->2816K(25920K), 0,0173861 secs] 394722K->372663K(678820K), 0,0176080 secs] [Times: user=0,03 sys=0,00, real=0,01 secs] 
158,894: [GC (Allocation Failure) 158,894: [ParNew: 25920K->2816K(25920K), 0,0255560 secs] 395767K->373805K(678820K), 0,0257789 secs] [Times: user=0,03 sys=0,00, real=0,03 secs] 
158,948: [GC (Allocation Failure) 158,948: [ParNew: 25920K->2816K(25920K), 0,0178984 secs] 396909K->374967K(678820K), 0,0181098 secs] [Times: user=0,03 sys=0,00, real=0,01 secs] 
158,992: [GC (Allocation Failure) 158,992: [ParNew: 25920K->2816K(25920K), 0,0269048 secs] 398071K->376012K(678820K), 0,0271932 secs] [Times: user=0,04 sys=0,00, real=0,03 secs] 
159,052: [GC (Allocation Failure) 159,052: [ParNew: 25920K->2816K(25920K), 0,0193902 secs] 399116K->377281K(678820K), 0,0196179 secs] [Times: user=0,03 sys=0,00, real=0,02 secs] 
159,097: [GC (Allocation Failure) 159,097: [ParNew: 25920K->2816K(25920K), 0,0302900 secs] 400385K->378350K(678820K), 0,0306199 secs] [Times: user=0,04 sys=0,00, real=0,03 secs] 
159,159: [GC (CMS Initial Mark) [1 CMS-initial-mark: 375534K(652900K)] 401454K(678820K), 0,0171498 secs] [Times: user=0,03 sys=0,00, real=0,01 secs] 
159,176: [CMS-concurrent-mark-start]
159,178: [GC (Allocation Failure) 159,178: [ParNew: 25920K->2816K(25920K), 0,0232416 secs] 401454K->379522K(678820K), 0,0235828 secs] [Times: user=0,05 sys=0,01, real=0,02 secs] 
159,266: [GC (Allocation Failure) 159,266: [ParNew: 25920K->2397K(25920K), 0,0185981 secs] 402626K->380337K(678820K), 0,0188657 secs] [Times: user=0,04 sys=0,00, real=0,02 secs] 
159,323: [GC (Allocation Failure) 159,323: [ParNew: 25501K->2816K(25920K), 0,0208413 secs] 403441K->381923K(678820K), 0,0211286 secs] [Times: user=0,03 sys=0,00, real=0,02 secs] 
159,376: [GC (Allocation Failure) 159,376: [ParNew: 25920K->2816K(25920K), 0,0339260 secs] 405027K->383050K(678820K), 0,0342475 secs] [Times: user=0,03 sys=0,00, real=0,04 secs] 
159,439: [GC (Allocation Failure) 159,440: [ParNew: 25920K->2816K(25920K), 0,0182739 secs] 406154K->384204K(678820K), 0,0184944 secs] [Times: user=0,03 sys=0,00, real=0,02 secs] 
159,485: [GC (Allocation Failure) 159,485: [ParNew: 25920K->2816K(25920K), 0,0189071 secs] 407308K->385336K(678820K), 0,0191845 secs] [Times: user=0,03 sys=0,00, real=0,02 secs] 
159,544: [GC (Allocation Failure) 159,544: [ParNew: 25920K->2816K(25920K), 0,0187348 secs] 408440K->386519K(678820K), 0,0189519 secs] [Times: user=0,04 sys=0,00, real=0,02 secs] 
159,590: [GC (Allocation Failure) 159,590: [ParNew: 25920K->2816K(25920K), 0,0271497 secs] 409623K->387736K(678820K), 0,0273621 secs] [Times: user=0,04 sys=0,00, real=0,03 secs] 
159,650: [GC (Allocation Failure) 159,650: [ParNew: 25920K->2816K(25920K), 0,0210041 secs] 410840K->388978K(678820K), 0,0212409 secs] [Times: user=0,04 sys=0,00, real=0,02 secs] 
159,697: [GC (Allocation Failure) 159,697: [ParNew: 25920K->2816K(25920K), 0,0305120 secs] 412082K->390165K(678820K), 0,0307629 secs] [Times: user=0,05 sys=0,00, real=0,03 secs] 
159,753: [GC (Allocation Failure) 159,753: [ParNew: 25920K->2816K(25920K), 0,0178127 secs] 413269K->391254K(678820K), 0,0181098 secs] [Times: user=0,03 sys=0,00, real=0,02 secs] 
159,804: [GC (Allocation Failure) 159,805: [ParNew: 25920K->2816K(25920K), 0,0257762 secs] 414358K->392261K(678820K), 0,0262721 secs] [Times: user=0,04 sys=0,01, real=0,03 secs] 
159,863: [GC (Allocation Failure) 159,863: [ParNew: 25920K->2816K(25920K), 0,0183424 secs] 415365K->393371K(678820K), 0,0185520 secs] [Times: user=0,04 sys=0,00, real=0,02 secs] 
159,921: [GC (Allocation Failure) 159,921: [ParNew: 25920K->2816K(25920K), 0,0213077 secs] 416475K->394478K(678820K), 0,0215342 secs] [Times: user=0,03 sys=0,00, real=0,02 secs] 
159,978: [GC (Allocation Failure) 159,979: [ParNew: 25920K->2816K(25920K), 0,0181491 secs] 417582K->395606K(678820K), 0,0183636 secs] [Times: user=0,03 sys=0,00, real=0,02 secs] 
160,030: [GC (Allocation Failure) 160,030: [ParNew: 25920K->2816K(25920K), 0,0178489 secs] 418710K->396770K(678820K), 0,0180761 secs] [Times: user=0,03 sys=0,00, real=0,02 secs] 
160,086: [GC (Allocation Failure) 160,086: [ParNew: 25920K->2276K(25920K), 0,0178801 secs] 419874K->397448K(678820K), 0,0180893 secs] [Times: user=0,04 sys=0,00, real=0,02 secs] 
160,151: [GC (Allocation Failure) 160,151: [ParNew: 25380K->2816K(25920K), 0,0176363 secs] 420552K->399095K(678820K), 0,0178793 secs] [Times: user=0,04 sys=0,00, real=0,02 secs] 
160,199: [GC (Allocation Failure) 160,199: [ParNew: 25920K->2816K(25920K), 0,0227129 secs] 422199K->400060K(678820K), 0,0229530 secs] [Times: user=0,03 sys=0,00, real=0,02 secs] 
160,254: [GC (Allocation Failure) 160,254: [ParNew: 25920K->2816K(25920K), 0,0321410 secs] 423164K->401236K(678820K), 0,0324033 secs] [Times: user=0,04 sys=0,00, real=0,03 secs] 
160,317: [GC (Allocation Failure) 160,317: [ParNew: 25920K->2816K(25920K), 0,0215378 secs] 424340K->402385K(678820K), 0,0217759 secs] [Times: user=0,04 sys=0,00, real=0,02 secs] 
160,367: [GC (Allocation Failure) 160,367: [ParNew: 25920K->2816K(25920K), 0,0191118 secs] 425489K->403557K(678820K), 0,0193096 secs] [Times: user=0,03 sys=0,00, real=0,01 secs] 
160,419: [GC (Allocation Failure) 160,419: [ParNew: 25920K->2816K(25920K), 0,0234416 secs] 426661K->404758K(678820K), 0,0237405 secs] [Times: user=0,04 sys=0,00, real=0,02 secs] 
160,476: [GC (Allocation Failure) 160,476: [ParNew: 25920K->2816K(25920K), 0,0202057 secs] 427862K->405944K(678820K), 0,0204300 secs] [Times: user=0,04 sys=0,00, real=0,02 secs] 
160,528: [GC (Allocation Failure) 160,528: [ParNew: 25920K->2816K(25920K), 0,0210025 secs] 429048K->407093K(678820K), 0,0212212 secs] [Times: user=0,04 sys=0,00, real=0,02 secs] 
160,582: [GC (Allocation Failure) 160,582: [ParNew: 25920K->2816K(25920K), 0,0183710 secs] 430197K->408414K(678820K), 0,0186057 secs] [Times: user=0,03 sys=0,00, real=0,02 secs] 
160,642: [GC (Allocation Failure) 160,643: [ParNew: 25920K->2816K(25920K), 0,0173838 secs] 431518K->409422K(678820K), 0,0176123 secs] [Times: user=0,03 sys=0,00, real=0,02 secs] 
160,702: [GC (Allocation Failure) 160,702: [ParNew: 25920K->2816K(25920K), 0,0231205 secs] 432526K->410455K(678820K), 0,0233836 secs] [Times: user=0,04 sys=0,00, real=0,02 secs] 
160,762: [GC (Allocation Failure) 160,762: [ParNew: 25920K->2816K(25920K), 0,0179174 secs] 433559K->411660K(678820K), 0,0181282 secs] [Times: user=0,04 sys=0,00, real=0,02 secs] 
160,821: [GC (Allocation Failure) 160,821: [ParNew: 25920K->2816K(25920K), 0,0226755 secs] 434764K->412721K(678820K), 0,0229494 secs] [Times: user=0,04 sys=0,00, real=0,02 secs] 
160,886: [GC (Allocation Failure) 160,886: [ParNew: 25920K->2816K(25920K), 0,0190717 secs] 435825K->413865K(678820K), 0,0193303 secs] [Times: user=0,04 sys=0,00, real=0,02 secs] 
160,947: [GC (Allocation Failure) 160,947: [ParNew: 25920K->2816K(25920K), 0,0287047 secs] 436969K->415099K(678820K), 0,0289974 secs] [Times: user=0,04 sys=0,01, real=0,03 secs] 
161,018: [GC (Allocation Failure) 161,018: [ParNew: 25920K->2816K(25920K), 0,0355517 secs] 438203K->416240K(678820K), 0,0358664 secs] [Times: user=0,06 sys=0,00, real=0,03 secs] 
161,090: [GC (Allocation Failure) 161,090: [ParNew: 25920K->2816K(25920K), 0,0265986 secs] 439344K->417415K(678820K), 0,0268057 secs] [Times: user=0,04 sys=0,00, real=0,03 secs] 
161,148: [GC (Allocation Failure) 161,149: [ParNew: 25920K->2816K(25920K), 0,0179000 secs] 440519K->418507K(678820K), 0,0181171 secs] [Times: user=0,03 sys=0,00, real=0,02 secs] 
161,197: [GC (Allocation Failure) 161,197: [ParNew: 25920K->2816K(25920K), 0,0390158 secs] 441611K->419590K(678820K), 0,0392473 secs] [Times: user=0,05 sys=0,00, real=0,03 secs] 
161,282: [GC (Allocation Failure) 161,282: [ParNew: 25920K->2816K(25920K), 0,0184545 secs] 442694K->420774K(678820K), 0,0187153 secs] [Times: user=0,04 sys=0,00, real=0,02 secs] 
161,333: [GC (Allocation Failure) 161,333: [ParNew: 25920K->2816K(25920K), 0,0204765 secs] 443878K->421834K(678820K), 0,0206902 secs] [Times: user=0,03 sys=0,00, real=0,02 secs] 
161,378: [GC (Allocation Failure) 161,378: [ParNew: 25920K->2816K(25920K), 0,0183352 secs] 444938K->423047K(678820K), 0,0185613 secs] [Times: user=0,03 sys=0,00, real=0,02 secs] 
161,429: [GC (Allocation Failure) 161,429: [ParNew: 25920K->2324K(25920K), 0,0209760 secs] 446151K->423712K(678820K), 0,0211877 secs] [Times: user=0,04 sys=0,00, real=0,02 secs] 
161,478: [GC (Allocation Failure) 161,478: [ParNew: 25428K->2239K(25920K), 0,0171563 secs] 446816K->424782K(678820K), 0,0174004 secs] [Times: user=0,03 sys=0,00, real=0,01 secs] 
161,526: [GC (Allocation Failure) 161,526: [ParNew: 25343K->2816K(25920K), 0,0175658 secs] 447886K->426410K(678820K), 0,0177799 secs] [Times: user=0,03 sys=0,00, real=0,02 secs] 
161,578: [GC (Allocation Failure) 161,578: [ParNew: 25920K->2816K(25920K), 0,0180786 secs] 449514K->427509K(678820K), 0,0183274 secs] [Times: user=0,04 sys=0,00, real=0,01 secs] 
161,631: [GC (Allocation Failure) 161,631: [ParNew: 25920K->2816K(25920K), 0,0257222 secs] 450613K->428661K(678820K), 0,0259354 secs] [Times: user=0,04 sys=0,00, real=0,03 secs] 
161,687: [GC (Allocation Failure) 161,688: [ParNew: 25920K->2816K(25920K), 0,0185914 secs] 451765K->429792K(678820K), 0,0188445 secs] [Times: user=0,04 sys=0,00, real=0,01 secs] 
161,750: [GC (Allocation Failure) 161,750: [ParNew: 25920K->2816K(25920K), 0,0245798 secs] 452896K->430969K(678820K), 0,0248008 secs] [Times: user=0,03 sys=0,00, real=0,02 secs] 
161,798: [GC (Allocation Failure) 161,798: [ParNew: 25920K->2816K(25920K), 0,0244886 secs] 454073K->432173K(678820K), 0,0248237 secs] [Times: user=0,04 sys=0,00, real=0,02 secs] 
161,856: [GC (Allocation Failure) 161,856: [ParNew: 25920K->2414K(25920K), 0,0186012 secs] 455277K->432962K(678820K), 0,0188068 secs] [Times: user=0,04 sys=0,01, real=0,02 secs] 
161,917: [GC (Allocation Failure) 161,917: [ParNew: 25518K->2816K(25920K), 0,0203356 secs] 456066K->434592K(678820K), 0,0206407 secs] [Times: user=0,04 sys=0,00, real=0,02 secs] 
161,972: [GC (Allocation Failure) 161,972: [ParNew: 25920K->2816K(25920K), 0,0187787 secs] 457696K->435752K(678820K), 0,0191015 secs] [Times: user=0,04 sys=0,00, real=0,02 secs] 
162,027: [GC (Allocation Failure) 162,028: [ParNew: 25920K->2816K(25920K), 0,0182677 secs] 458856K->436961K(678820K), 0,0185106 secs] [Times: user=0,04 sys=0,00, real=0,01 secs] 
162,080: [GC (Allocation Failure) 162,080: [ParNew: 25920K->2816K(25920K), 0,0347151 secs] 460065K->438159K(678820K), 0,0352147 secs] [Times: user=0,04 sys=0,00, real=0,03 secs] 
162,147: [GC (Allocation Failure) 162,147: [ParNew: 25920K->2816K(25920K), 0,0200494 secs] 461263K->439290K(678820K), 0,0202628 secs] [Times: user=0,04 sys=0,00, real=0,02 secs] 
162,192: [GC (Allocation Failure) 162,192: [ParNew: 25920K->2816K(25920K), 0,0255200 secs] 462394K->440428K(678820K), 0,0258528 secs] [Times: user=0,05 sys=0,00, real=0,03 secs] 
162,246: [GC (Allocation Failure) 162,246: [ParNew: 25920K->2816K(25920K), 0,0229518 secs] 463532K->441472K(678820K), 0,0231763 secs] [Times: user=0,04 sys=0,00, real=0,03 secs] 
162,300: [GC (Allocation Failure) 162,300: [ParNew: 25920K->2816K(25920K), 0,0289888 secs] 464576K->442676K(678820K), 0,0292419 secs] [Times: user=0,04 sys=0,00, real=0,03 secs] 
162,355: [GC (Allocation Failure) 162,355: [ParNew: 25920K->2816K(25920K), 0,0220424 secs] 465780K->443906K(678820K), 0,0222436 secs] [Times: user=0,03 sys=0,01, real=0,03 secs] 
162,400: [GC (Allocation Failure) 162,400: [ParNew: 25920K->2816K(25920K), 0,0238182 secs] 467010K->445130K(678820K), 0,0240463 secs] [Times: user=0,03 sys=0,00, real=0,02 secs] 
162,449: [GC (Allocation Failure) 162,449: [ParNew: 25920K->2816K(25920K), 0,0209339 secs] 468234K->446289K(678820K), 0,0212016 secs] [Times: user=0,03 sys=0,00, real=0,02 secs] 
162,500: [GC (Allocation Failure) 162,500: [ParNew: 25920K->2816K(25920K), 0,0232220 secs] 469393K->447602K(678820K), 0,0234427 secs] [Times: user=0,04 sys=0,00, real=0,02 secs] 
162,551: [GC (Allocation Failure) 162,551: [ParNew: 25920K->2816K(25920K), 0,0203660 secs] 470706K->448648K(678820K), 0,0205747 secs] [Times: user=0,04 sys=0,00, real=0,02 secs] 
162,597: [GC (Allocation Failure) 162,598: [ParNew: 25920K->2816K(25920K), 0,0241064 secs] 471752K->449735K(678820K), 0,0243234 secs] [Times: user=0,04 sys=0,00, real=0,02 secs] 
162,649: [GC (Allocation Failure) 162,649: [ParNew: 25920K->2434K(25920K), 0,0247885 secs] 472839K->450635K(678820K), 0,0249905 secs] [Times: user=0,04 sys=0,00, real=0,02 secs] 
162,712: [GC (Allocation Failure) 162,712: [ParNew: 25538K->2189K(25920K), 0,0257781 secs] 473739K->451589K(678820K), 0,0260484 secs] [Times: user=0,04 sys=0,00, real=0,03 secs] 
162,763: [GC (Allocation Failure) 162,763: [ParNew: 25293K->2816K(25920K), 0,0199771 secs] 474693K->453117K(678820K), 0,0201900 secs] [Times: user=0,04 sys=0,00, real=0,02 secs] 
162,824: [GC (Allocation Failure) 162,825: [ParNew: 25920K->2816K(25920K), 0,0182132 secs] 476221K->454254K(678820K), 0,0184396 secs] [Times: user=0,04 sys=0,00, real=0,02 secs] 
162,869: [GC (Allocation Failure) 162,869: [ParNew: 25920K->2816K(25920K), 0,0223355 secs] 477358K->455483K(678820K), 0,0226425 secs] [Times: user=0,03 sys=0,01, real=0,02 secs] 
162,920: [GC (Allocation Failure) 162,920: [ParNew: 25920K->2816K(25920K), 0,0232264 secs] 478587K->456604K(678820K), 0,0234536 secs] [Times: user=0,04 sys=0,00, real=0,02 secs] 
162,981: [GC (Allocation Failure) 162,981: [ParNew: 25920K->2816K(25920K), 0,0180849 secs] 479708K->457755K(678820K), 0,0183795 secs] [Times: user=0,03 sys=0,00, real=0,02 secs] 
163,042: [GC (Allocation Failure) 163,042: [ParNew: 25920K->2816K(25920K), 0,0176093 secs] 480859K->458909K(678820K), 0,0178259 secs] [Times: user=0,03 sys=0,00, real=0,02 secs] 
163,099: [GC (Allocation Failure) 163,099: [ParNew: 25920K->2816K(25920K), 0,0271352 secs] 482013K->459994K(678820K), 0,0273683 secs] [Times: user=0,04 sys=0,00, real=0,02 secs] 
163,156: [GC (Allocation Failure) 163,156: [ParNew: 25920K->2816K(25920K), 0,0211122 secs] 483098K->461123K(678820K), 0,0213293 secs] [Times: user=0,04 sys=0,00, real=0,03 secs] 
163,208: [GC (Allocation Failure) 163,208: [ParNew: 25920K->2816K(25920K), 0,0234784 secs] 484227K->462228K(678820K), 0,0238043 secs] [Times: user=0,03 sys=0,00, real=0,02 secs] 
163,257: [GC (Allocation Failure) 163,257: [ParNew: 25920K->2816K(25920K), 0,0211317 secs] 485332K->463352K(678820K), 0,0213532 secs] [Times: user=0,03 sys=0,00, real=0,02 secs] 
163,306: [GC (Allocation Failure) 163,306: [ParNew: 25920K->2816K(25920K), 0,0232312 secs] 486456K->464482K(678820K), 0,0235366 secs] [Times: user=0,03 sys=0,00, real=0,03 secs] 
163,355: [GC (Allocation Failure) 163,355: [ParNew: 25920K->2347K(25920K), 0,0184604 secs] 487586K->465210K(678820K), 0,0186722 secs] [Times: user=0,04 sys=0,00, real=0,02 secs] 
163,408: [GC (Allocation Failure) 163,408: [ParNew: 25451K->2816K(25920K), 0,0222726 secs] 488314K->466839K(678820K), 0,0225174 secs] [Times: user=0,03 sys=0,00, real=0,02 secs] 
163,459: [GC (Allocation Failure) 163,459: [ParNew: 25920K->2816K(25920K), 0,0184901 secs] 489943K->467987K(678820K), 0,0187011 secs] [Times: user=0,03 sys=0,00, real=0,02 secs] 
163,522: [GC (Allocation Failure) 163,522: [ParNew: 25920K->2816K(25920K), 0,0204464 secs] 491091K->469139K(678820K), 0,0207852 secs] [Times: user=0,03 sys=0,00, real=0,02 secs] 
163,572: [GC (Allocation Failure) 163,572: [ParNew: 25920K->2816K(25920K), 0,0203402 secs] 492243K->470314K(678820K), 0,0206328 secs] [Times: user=0,03 sys=0,00, real=0,02 secs] 
163,629: [GC (Allocation Failure) 163,629: [ParNew: 25920K->2816K(25920K), 0,0173467 secs] 493418K->471416K(678820K), 0,0176391 secs] [Times: user=0,03 sys=0,00, real=0,02 secs] 
163,678: [GC (Allocation Failure) 163,678: [ParNew: 25920K->2816K(25920K), 0,0236190 secs] 494520K->472432K(678820K), 0,0238753 secs] [Times: user=0,04 sys=0,00, real=0,02 secs] 
163,736: [GC (Allocation Failure) 163,736: [ParNew: 25920K->2816K(25920K), 0,0168548 secs] 495536K->473343K(678820K), 0,0170697 secs] [Times: user=0,03 sys=0,00, real=0,02 secs] 
163,782: [GC (Allocation Failure) 163,783: [ParNew: 25920K->2816K(25920K), 0,0190234 secs] 496447K->474340K(678820K), 0,0193060 secs] [Times: user=0,04 sys=0,00, real=0,02 secs] 
163,845: [GC (Allocation Failure) 163,845: [ParNew: 25920K->2816K(25920K), 0,0299576 secs] 497444K->475434K(678820K), 0,0301663 secs] [Times: user=0,03 sys=0,00, real=0,03 secs] 
163,917: [GC (Allocation Failure) 163,918: [ParNew: 25920K->2816K(25920K), 0,0192040 secs] 498538K->476454K(678820K), 0,0194919 secs] [Times: user=0,03 sys=0,00, real=0,02 secs] 
163,970: [GC (Allocation Failure) 163,970: [ParNew: 25920K->2816K(25920K), 0,0207537 secs] 499558K->477607K(678820K), 0,0209949 secs] [Times: user=0,03 sys=0,00, real=0,02 secs] 
164,024: [GC (Allocation Failure) 164,024: [ParNew: 25920K->2816K(25920K), 0,0181753 secs] 500711K->478770K(678820K), 0,0184991 secs] [Times: user=0,03 sys=0,00, real=0,02 secs] 
164,074: [GC (Allocation Failure) 164,075: [ParNew: 25920K->2109K(25920K), 0,0195294 secs] 501874K->479157K(678820K), 0,0197830 secs] [Times: user=0,03 sys=0,00, real=0,02 secs] 
164,125: [GC (Allocation Failure) 164,125: [ParNew: 25213K->2816K(25920K), 0,0191272 secs] 502261K->480823K(678820K), 0,0193971 secs] [Times: user=0,03 sys=0,00, real=0,02 secs] 
164,182: [CMS-concurrent-mark: 2,746/5,005 secs] [Times: user=7,89 sys=0,15, real=5,00 secs] 
164,183: [GC (Allocation Failure) 164,183: [ParNew: 25920K->2816K(25920K), 0,0214749 secs] 503927K->481971K(678820K), 0,0217173 secs] [Times: user=0,04 sys=0,00, real=0,02 secs] 
164,205: [CMS-concurrent-preclean-start]
164,239: [GC (Allocation Failure) 164,239: [ParNew: 25920K->2816K(25920K), 0,0182236 secs] 505075K->483123K(678820K), 0,0184362 secs] [Times: user=0,03 sys=0,00, real=0,02 secs] 
164,290: [GC (Allocation Failure) 164,290: [ParNew: 25920K->2816K(25920K), 0,0204255 secs] 506227K->484295K(678820K), 0,0206824 secs] [Times: user=0,03 sys=0,00, real=0,02 secs] 
164,348: [GC (Allocation Failure) 164,348: [ParNew: 25920K->2816K(25920K), 0,0181216 secs] 507399K->485454K(678820K), 0,0183448 secs] [Times: user=0,03 sys=0,00, real=0,01 secs] 
164,397: [GC (Allocation Failure) 164,398: [ParNew: 25920K->2816K(25920K), 0,0250629 secs] 508558K->486601K(678820K), 0,0252840 secs] [Times: user=0,04 sys=0,00, real=0,02 secs] 
164,453: [GC (Allocation Failure) 164,453: [ParNew: 25920K->2816K(25920K), 0,0188823 secs] 509705K->487786K(678820K), 0,0190896 secs] [Times: user=0,04 sys=0,00, real=0,02 secs] 
164,505: [GC (Allocation Failure) 164,505: [ParNew: 25920K->2816K(25920K), 0,0240782 secs] 510890K->488940K(678820K), 0,0243416 secs] [Times: user=0,04 sys=0,00, real=0,03 secs] 
164,556: [GC (Allocation Failure) 164,556: [ParNew: 25920K->2816K(25920K), 0,0186943 secs] 512044K->490160K(678820K), 0,0189460 secs] [Times: user=0,04 sys=0,01, real=0,02 secs] 
164,605: [GC (Allocation Failure) 164,605: [ParNew: 25920K->2816K(25920K), 0,0240551 secs] 513264K->491362K(678820K), 0,0242761 secs] [Times: user=0,03 sys=0,00, real=0,03 secs] 
164,657: [GC (Allocation Failure) 164,657: [ParNew: 25920K->2816K(25920K), 0,0212711 secs] 514466K->492498K(678820K), 0,0214803 secs] [Times: user=0,04 sys=0,00, real=0,02 secs] 
164,714: [GC (Allocation Failure) 164,714: [ParNew: 25920K->2816K(25920K), 0,0232749 secs] 515602K->493675K(678820K), 0,0235231 secs] [Times: user=0,04 sys=0,00, real=0,03 secs] 
164,768: [GC (Allocation Failure) 164,768: [ParNew: 25920K->2816K(25920K), 0,0175402 secs] 516779K->494821K(678820K), 0,0177454 secs] [Times: user=0,03 sys=0,00, real=0,01 secs] 
164,826: [GC (Allocation Failure) 164,826: [ParNew: 25920K->2816K(25920K), 0,0175378 secs] 517925K->495812K(678820K), 0,0177812 secs] [Times: user=0,03 sys=0,00, real=0,02 secs] 
164,872: [GC (Allocation Failure) 164,872: [ParNew: 25920K->2816K(25920K), 0,0171971 secs] 518916K->496860K(678820K), 0,0174036 secs] [Times: user=0,04 sys=0,00, real=0,02 secs] 
164,934: [GC (Allocation Failure) 164,934: [ParNew: 25920K->2816K(25920K), 0,0290291 secs] 519964K->497932K(678820K), 0,0293625 secs] [Times: user=0,03 sys=0,01, real=0,03 secs] 
164,995: [GC (Allocation Failure) 164,995: [ParNew: 25920K->2148K(25920K), 0,0203322 secs] 521036K->498396K(678820K), 0,0206220 secs] [Times: user=0,03 sys=0,00, real=0,02 secs] 
165,045: [GC (Allocation Failure) 165,045: [ParNew: 25252K->2816K(25920K), 0,0234155 secs] 521500K->500065K(678820K), 0,0236838 secs] [Times: user=0,03 sys=0,00, real=0,03 secs] 
165,094: [GC (Allocation Failure) 165,094: [ParNew: 25920K->2816K(25920K), 0,0198266 secs] 523169K->501094K(678820K), 0,0201094 secs] [Times: user=0,03 sys=0,00, real=0,02 secs] 
165,146: [GC (Allocation Failure) 165,146: [ParNew: 25920K->2816K(25920K), 0,0227012 secs] 524198K->502157K(678820K), 0,0229181 secs] [Times: user=0,03 sys=0,00, real=0,03 secs] 
165,211: [GC (Allocation Failure) 165,211: [ParNew: 25920K->2816K(25920K), 0,0173217 secs] 525261K->503295K(678820K), 0,0175447 secs] [Times: user=0,03 sys=0,00, real=0,02 secs] 
165,267: [GC (Allocation Failure) 165,267: [ParNew: 25920K->2816K(25920K), 0,0177854 secs] 526399K->504276K(678820K), 0,0179945 secs] [Times: user=0,04 sys=0,00, real=0,01 secs] 
165,317: [GC (Allocation Failure) 165,317: [ParNew: 25920K->2816K(25920K), 0,0176938 secs] 527380K->505289K(678820K), 0,0179197 secs] [Times: user=0,03 sys=0,00, real=0,01 secs] 
165,376: [GC (Allocation Failure) 165,376: [ParNew: 25920K->2816K(25920K), 0,0185881 secs] 528393K->506509K(678820K), 0,0187991 secs] [Times: user=0,03 sys=0,00, real=0,02 secs] 
165,427: [GC (Allocation Failure) 165,427: [ParNew: 25920K->2816K(25920K), 0,0173706 secs] 529613K->507574K(678820K), 0,0176509 secs] [Times: user=0,04 sys=0,00, real=0,01 secs] 
165,486: [GC (Allocation Failure) 165,486: [ParNew: 25920K->2816K(25920K), 0,0241428 secs] 530678K->508692K(678820K), 0,0243586 secs] [Times: user=0,04 sys=0,00, real=0,03 secs] 
165,540: [CMS-concurrent-preclean: 0,647/1,335 secs] [Times: user=2,09 sys=0,03, real=1,34 secs] 
165,544: [GC (Allocation Failure) 165,544: [ParNew: 25920K->2816K(25920K), 0,0284144 secs] 531796K->509763K(678820K), 0,0286382 secs] [Times: user=0,04 sys=0,00, real=0,03 secs] 
165,593: [GC (CMS Final Remark) [YG occupancy: 17685 K (25920 K)]165,593: [Rescan (parallel) , 0,0196966 secs]165,613: [weak refs processing, 0,0002189 secs]165,613: [class unloading, 0,0182185 secs]165,631: [scrub symbol table, 0,0127370 secs]165,644: [scrub string table, 0,0012335 secs][1 CMS-remark: 506947K(652900K)] 524632K(678820K), 0,0524673 secs] [Times: user=0,07 sys=0,00, real=0,05 secs] 
165,659: [CMS-concurrent-sweep-start]
165,661: [GC (Allocation Failure) 165,661: [ParNew: 25920K->2816K(25920K), 0,0176175 secs] 532867K->510888K(678820K), 0,0178294 secs] [Times: user=0,03 sys=0,00, real=0,02 secs] 
165,720: [GC (Allocation Failure) 165,720: [ParNew: 25920K->2816K(25920K), 0,0183722 secs] 533687K->511586K(678820K), 0,0186076 secs] [Times: user=0,03 sys=0,00, real=0,02 secs] 
165,780: [GC (Allocation Failure) 165,780: [ParNew: 25920K->2816K(25920K), 0,0344081 secs] 534022K->512125K(678820K), 0,0346425 secs] [Times: user=0,04 sys=0,00, real=0,03 secs] 
165,840: [GC (Allocation Failure) 165,841: [ParNew: 25920K->2816K(25920K), 0,0237377 secs] 535142K->513202K(678820K), 0,0240027 secs] [Times: user=0,03 sys=0,01, real=0,02 secs] 
165,893: [GC (Allocation Failure) 165,893: [ParNew: 25920K->2816K(25920K), 0,0235231 secs] 535721K->513817K(678820K), 0,0237804 secs] [Times: user=0,04 sys=0,00, real=0,03 secs] 
165,944: [GC (Allocation Failure) 165,944: [ParNew: 25920K->2816K(25920K), 0,0250163 secs] 536680K->514739K(678820K), 0,0252084 secs] [Times: user=0,04 sys=0,00, real=0,03 secs] 
166,000: [GC (Allocation Failure) 166,000: [ParNew: 25920K->2816K(25920K), 0,0217366 secs] 536145K->514188K(678820K), 0,0219861 secs] [Times: user=0,04 sys=0,00, real=0,02 secs] 
166,055: [GC (Allocation Failure) 166,055: [ParNew: 25920K->2327K(25920K), 0,0197533 secs] 536745K->514313K(678820K), 0,0200265 secs] [Times: user=0,03 sys=0,00, real=0,02 secs] 
166,115: [GC (Allocation Failure) 166,115: [ParNew: 25431K->2816K(25920K), 0,0198240 secs] 532813K->511364K(678820K), 0,0200553 secs] [Times: user=0,04 sys=0,00, real=0,02 secs] 
166,186: [GC (Allocation Failure) 166,186: [ParNew: 25920K->2816K(25920K), 0,0189237 secs] 533951K->511837K(678820K), 0,0191315 secs] [Times: user=0,03 sys=0,00, real=0,02 secs] 
166,262: [GC (Allocation Failure) 166,263: [ParNew: 25920K->2816K(25920K), 0,0191195 secs] 527745K->505767K(678820K), 0,0194835 secs] [Times: user=0,04 sys=0,00, real=0,02 secs] 
166,309: [GC (Allocation Failure) 166,310: [ParNew: 25920K->2816K(25920K), 0,0210976 secs] 527124K->505135K(678820K), 0,0213038 secs] [Times: user=0,04 sys=0,00, real=0,02 secs] 
166,370: [GC (Allocation Failure) 166,370: [ParNew: 25920K->2816K(25920K), 0,0219345 secs] 527085K->505160K(678820K), 0,0222000 secs] [Times: user=0,04 sys=0,00, real=0,02 secs] 
166,451: [GC (Allocation Failure) 166,451: [ParNew: 25920K->2816K(25920K), 0,0335560 secs] 511162K->489338K(678820K), 0,0338934 secs] [Times: user=0,04 sys=0,00, real=0,03 secs] 
166,514: [GC (Allocation Failure) 166,514: [ParNew: 25920K->2816K(25920K), 0,0294335 secs] 512442K->490547K(678820K), 0,0297453 secs] [Times: user=0,05 sys=0,00, real=0,03 secs] 
166,584: [GC (Allocation Failure) 166,584: [ParNew: 25920K->2816K(25920K), 0,0296013 secs] 505556K->483617K(678820K), 0,0298765 secs] [Times: user=0,04 sys=0,00, real=0,03 secs] 
166,659: [GC (Allocation Failure) 166,659: [ParNew: 25920K->2816K(25920K), 0,0241642 secs] 505892K->483853K(678820K), 0,0244481 secs] [Times: user=0,05 sys=0,00, real=0,02 secs] 
166,710: [GC (Allocation Failure) 166,710: [ParNew: 25920K->2816K(25920K), 0,0383876 secs] 503722K->481830K(678820K), 0,0386136 secs] [Times: user=0,06 sys=0,00, real=0,04 secs] 
166,780: [GC (Allocation Failure) 166,780: [ParNew: 25920K->2365K(25920K), 0,0358755 secs] 503772K->481386K(678820K), 0,0361255 secs] [Times: user=0,07 sys=0,00, real=0,03 secs] 
166,847: [GC (Allocation Failure) 166,847: [ParNew: 25469K->2816K(25920K), 0,0275262 secs] 502805K->481349K(678820K), 0,0278189 secs] [Times: user=0,05 sys=0,00, real=0,02 secs] 
166,904: [GC (Allocation Failure) 166,904: [ParNew: 25920K->2816K(25920K), 0,0233132 secs] 502854K->480837K(678820K), 0,0235508 secs] [Times: user=0,04 sys=0,00, real=0,03 secs] 
166,971: [GC (Allocation Failure) 166,971: [ParNew: 25920K->2816K(25920K), 0,0233667 secs] 499800K->477897K(678820K), 0,0236837 secs] [Times: user=0,04 sys=0,01, real=0,02 secs] 
167,030: [GC (Allocation Failure) 167,030: [ParNew: 25920K->2816K(25920K), 0,0256182 secs] 488988K->466878K(678820K), 0,0258686 secs] [Times: user=0,04 sys=0,00, real=0,02 secs] 
167,093: [GC (Allocation Failure) 167,093: [ParNew: 25920K->2816K(25920K), 0,0186779 secs] 489532K->467541K(678820K), 0,0189006 secs] [Times: user=0,03 sys=0,00, real=0,02 secs] 
167,144: [GC (Allocation Failure) 167,144: [ParNew: 25920K->2816K(25920K), 0,0241440 secs] 487836K->465776K(678820K), 0,0243953 secs] [Times: user=0,04 sys=0,00, real=0,03 secs] 
167,200: [GC (Allocation Failure) 167,200: [ParNew: 25920K->2816K(25920K), 0,0186978 secs] 488128K->466182K(678820K), 0,0188975 secs] [Times: user=0,03 sys=0,01, real=0,02 secs] 
167,248: [GC (Allocation Failure) 167,248: [ParNew: 25920K->2816K(25920K), 0,0259239 secs] 487894K->466012K(678820K), 0,0261571 secs] [Times: user=0,04 sys=0,00, real=0,02 secs] 
167,306: [GC (Allocation Failure) 167,306: [ParNew: 25920K->2816K(25920K), 0,0185843 secs] 488631K->466658K(678820K), 0,0188527 secs] [Times: user=0,03 sys=0,00, real=0,02 secs] 
167,369: [GC (Allocation Failure) 167,369: [ParNew: 25920K->2816K(25920K), 0,0193918 secs] 483885K->462013K(678820K), 0,0196393 secs] [Times: user=0,04 sys=0,00, real=0,02 secs] 
167,414: [GC (Allocation Failure) 167,414: [ParNew: 25920K->2816K(25920K), 0,0189942 secs] 484585K->462723K(678820K), 0,0192730 secs] [Times: user=0,04 sys=0,00, real=0,02 secs] 
167,475: [GC (Allocation Failure) 167,475: [ParNew: 25920K->2816K(25920K), 0,0190393 secs] 483882K->462009K(678820K), 0,0192654 secs] [Times: user=0,04 sys=0,00, real=0,02 secs] 
167,521: [GC (Allocation Failure) 167,521: [ParNew: 25920K->2816K(25920K), 0,0220790 secs] 484602K->462714K(678820K), 0,0222849 secs] [Times: user=0,04 sys=0,00, real=0,02 secs] 
167,575: [GC (Allocation Failure) 167,576: [ParNew: 25920K->2816K(25920K), 0,0188795 secs] 484754K->462872K(678820K), 0,0191067 secs] [Times: user=0,03 sys=0,00, real=0,02 secs] 
167,622: [GC (Allocation Failure) 167,622: [ParNew: 25920K->2816K(25920K), 0,0217301 secs] 485205K->463321K(678820K), 0,0219365 secs] [Times: user=0,04 sys=0,00, real=0,02 secs] 
167,679: [GC (Allocation Failure) 167,679: [ParNew: 25920K->2816K(25920K), 0,0181649 secs] 485040K->463152K(678820K), 0,0184035 secs] [Times: user=0,03 sys=0,00, real=0,02 secs] 
167,724: [GC (Allocation Failure) 167,724: [ParNew: 25920K->2194K(25920K), 0,0270009 secs] 485632K->463081K(678820K), 0,0272151 secs] [Times: user=0,04 sys=0,00, real=0,03 secs] 
167,791: [GC (Allocation Failure) 167,791: [ParNew: 25298K->2816K(25920K), 0,0175413 secs] 485320K->463926K(678820K), 0,0177467 secs] [Times: user=0,04 sys=0,00, real=0,02 secs] 
167,837: [GC (Allocation Failure) 167,837: [ParNew: 25920K->2816K(25920K), 0,0260747 secs] 486182K->464171K(678820K), 0,0262813 secs] [Times: user=0,03 sys=0,00, real=0,02 secs] 
167,894: [GC (Allocation Failure) 167,894: [ParNew: 25920K->2816K(25920K), 0,0199315 secs] 485821K->463847K(678820K), 0,0201464 secs] [Times: user=0,04 sys=0,00, real=0,02 secs] 
167,940: [GC (Allocation Failure) 167,940: [ParNew: 25920K->2816K(25920K), 0,0371354 secs] 484708K->462744K(678820K), 0,0373824 secs] [Times: user=0,03 sys=0,00, real=0,04 secs] 
168,007: [GC (Allocation Failure) 168,007: [ParNew: 25920K->2816K(25920K), 0,0179488 secs] 485450K->463503K(678820K), 0,0181524 secs] [Times: user=0,03 sys=0,00, real=0,01 secs] 
168,064: [GC (Allocation Failure) 168,064: [ParNew: 25920K->2816K(25920K), 0,0184425 secs] 484531K->462611K(678820K), 0,0187225 secs] [Times: user=0,04 sys=0,00, real=0,02 secs] 
168,109: [GC (Allocation Failure) 168,109: [ParNew: 25920K->2816K(25920K), 0,0184878 secs] 484160K->462114K(678820K), 0,0186870 secs] [Times: user=0,03 sys=0,00, real=0,02 secs] 
168,162: [GC (Allocation Failure) 168,162: [ParNew: 25920K->2816K(25920K), 0,0185599 secs] 484190K->462272K(678820K), 0,0188719 secs] [Times: user=0,03 sys=0,00, real=0,02 secs] 
168,223: [GC (Allocation Failure) 168,223: [ParNew: 25920K->2816K(25920K), 0,0180443 secs] 475460K->453550K(678820K), 0,0182450 secs] [Times: user=0,03 sys=0,00, real=0,02 secs] 
168,275: [GC (Allocation Failure) 168,275: [ParNew: 25920K->2816K(25920K), 0,0324382 secs] 476067K->454112K(678820K), 0,0327058 secs] [Times: user=0,04 sys=0,00, real=0,04 secs] 
168,335: [GC (Allocation Failure) 168,335: [ParNew: 25920K->2816K(25920K), 0,0278753 secs] 474095K->452173K(678820K), 0,0281574 secs] [Times: user=0,04 sys=0,01, real=0,03 secs] 
168,397: [GC (Allocation Failure) 168,397: [ParNew: 25920K->2816K(25920K), 0,0211104 secs] 469821K->447879K(678820K), 0,0213536 secs] [Times: user=0,04 sys=0,00, real=0,02 secs] 
168,454: [GC (Allocation Failure) 168,455: [ParNew: 25920K->2816K(25920K), 0,0297517 secs] 470435K->448446K(678820K), 0,0300977 secs] [Times: user=0,03 sys=0,00, real=0,03 secs] 
168,515: [GC (Allocation Failure) 168,515: [ParNew: 25920K->2816K(25920K), 0,0190081 secs] 469583K->447674K(678820K), 0,0192273 secs] [Times: user=0,04 sys=0,00, real=0,02 secs] 
168,590: [GC (Allocation Failure) 168,590: [ParNew: 25920K->2816K(25920K), 0,0252805 secs] 458544K->436597K(678820K), 0,0255439 secs] [Times: user=0,04 sys=0,00, real=0,02 secs] 
168,657: [GC (Allocation Failure) 168,657: [ParNew: 25920K->2816K(25920K), 0,0343084 secs] 451716K->429823K(678820K), 0,0345613 secs] [Times: user=0,06 sys=0,00, real=0,03 secs] 
168,721: [GC (Allocation Failure) 168,721: [ParNew: 25920K->2816K(25920K), 0,0191394 secs] 452053K->430139K(678820K), 0,0193572 secs] [Times: user=0,03 sys=0,00, real=0,02 secs] 
168,775: [GC (Allocation Failure) 168,776: [ParNew: 25920K->2816K(25920K), 0,0185159 secs] 452707K->430758K(678820K), 0,0187375 secs] [Times: user=0,03 sys=0,00, real=0,02 secs] 
168,826: [GC (Allocation Failure) 168,826: [ParNew: 25920K->2816K(25920K), 0,0182797 secs] 446543K->424605K(678820K), 0,0184881 secs] [Times: user=0,04 sys=0,00, real=0,02 secs] 
168,893: [GC (Allocation Failure) 168,893: [ParNew: 25920K->2816K(25920K), 0,0191993 secs] 443837K->421943K(678820K), 0,0194476 secs] [Times: user=0,03 sys=0,00, real=0,02 secs] 
168,940: [GC (Allocation Failure) 168,940: [ParNew: 25920K->2816K(25920K), 0,0269319 secs] 443915K->421985K(678820K), 0,0271523 secs] [Times: user=0,04 sys=0,00, real=0,03 secs] 
168,999: [GC (Allocation Failure) 168,999: [ParNew: 25920K->2816K(25920K), 0,0178627 secs] 443158K->421048K(678820K), 0,0180931 secs] [Times: user=0,04 sys=0,01, real=0,02 secs] 
169,045: [GC (Allocation Failure) 169,045: [ParNew: 25920K->2816K(25920K), 0,0249845 secs] 442046K->420066K(678820K), 0,0251939 secs] [Times: user=0,04 sys=0,00, real=0,03 secs] 
169,104: [GC (Allocation Failure) 169,104: [ParNew: 25920K->2816K(25920K), 0,0203586 secs] 441983K->420013K(678820K), 0,0206093 secs] [Times: user=0,03 sys=0,00, real=0,02 secs] 
169,169: [GC (Allocation Failure) 169,169: [ParNew: 25920K->2816K(25920K), 0,0184977 secs] 440405K->418409K(678820K), 0,0187309 secs] [Times: user=0,03 sys=0,00, real=0,02 secs] 
169,225: [GC (Allocation Failure) 169,225: [ParNew: 25920K->2816K(25920K), 0,0209814 secs] 440388K->418472K(678820K), 0,0212045 secs] [Times: user=0,04 sys=0,00, real=0,03 secs] 
169,291: [GC (Allocation Failure) 169,291: [ParNew: 25920K->2142K(25920K), 0,0178039 secs] 440683K->418112K(678820K), 0,0180333 secs] [Times: user=0,03 sys=0,00, real=0,02 secs] 
169,340: [GC (Allocation Failure) 169,341: [ParNew: 25246K->2816K(25920K), 0,0275556 secs] 435086K->413522K(678820K), 0,0277680 secs] [Times: user=0,04 sys=0,00, real=0,03 secs] 
169,406: [GC (Allocation Failure) 169,406: [ParNew: 25920K->2816K(25920K), 0,0172833 secs] 430384K->408366K(678820K), 0,0175129 secs] [Times: user=0,04 sys=0,00, real=0,02 secs] 
169,465: [GC (Allocation Failure) 169,465: [ParNew: 25920K->2816K(25920K), 0,0201832 secs] 425793K->403788K(678820K), 0,0204438 secs] [Times: user=0,03 sys=0,00, real=0,02 secs] 
169,516: [GC (Allocation Failure) 169,516: [ParNew: 25920K->2816K(25920K), 0,0180851 secs] 425423K->403419K(678820K), 0,0183457 secs] [Times: user=0,03 sys=0,00, real=0,02 secs] 
169,567: [GC (Allocation Failure) 169,567: [ParNew: 25920K->2816K(25920K), 0,0214648 secs] 426112K->404148K(678820K), 0,0217290 secs] [Times: user=0,03 sys=0,00, real=0,02 secs] 
169,628: [GC (Allocation Failure) 169,628: [ParNew: 25920K->2816K(25920K), 0,0177474 secs] 426626K->404674K(678820K), 0,0179564 secs] [Times: user=0,03 sys=0,00, real=0,01 secs] 
169,682: [GC (Allocation Failure) 169,682: [ParNew: 25920K->2816K(25920K), 0,0178606 secs] 427286K->405327K(678820K), 0,0180758 secs] [Times: user=0,04 sys=0,00, real=0,02 secs] 
169,724: [GC (Allocation Failure) 169,724: [ParNew: 25920K->2816K(25920K), 0,0185041 secs] 428218K->406325K(678820K), 0,0187135 secs] [Times: user=0,04 sys=0,00, real=0,02 secs] 
169,775: [GC (Allocation Failure) 169,775: [ParNew: 25920K->2816K(25920K), 0,0208096 secs] 428642K->406639K(678820K), 0,0210566 secs] [Times: user=0,03 sys=0,00, real=0,02 secs] 
169,825: [GC (Allocation Failure) 169,825: [ParNew: 25920K->2816K(25920K), 0,0187110 secs] 429284K->407382K(678820K), 0,0189581 secs] [Times: user=0,03 sys=0,00, real=0,02 secs] 
169,882: [GC (Allocation Failure) 169,882: [ParNew: 25920K->2816K(25920K), 0,0187046 secs] 430478K->408609K(678820K), 0,0189299 secs] [Times: user=0,03 sys=0,00, real=0,02 secs] 
169,928: [GC (Allocation Failure) 169,928: [ParNew: 25920K->2816K(25920K), 0,0175772 secs] 431689K->409772K(678820K), 0,0178128 secs] [Times: user=0,03 sys=0,00, real=0,01 secs] 
169,984: [GC (Allocation Failure) 169,984: [ParNew: 25920K->2816K(25920K), 0,0178772 secs] 432805K->410832K(678820K), 0,0181053 secs] [Times: user=0,03 sys=0,00, real=0,02 secs] 
170,031: [GC (Allocation Failure) 170,032: [ParNew: 25920K->2816K(25920K), 0,0182576 secs] 433839K->411882K(678820K), 0,0184645 secs] [Times: user=0,03 sys=0,00, real=0,02 secs] 
170,089: [GC (Allocation Failure) 170,089: [ParNew: 25920K->2816K(25920K), 0,0182803 secs] 434959K->413014K(678820K), 0,0185066 secs] [Times: user=0,03 sys=0,00, real=0,02 secs] 
170,137: [GC (Allocation Failure) 170,137: [ParNew: 25920K->2816K(25920K), 0,0176684 secs] 436117K->414212K(678820K), 0,0179012 secs] [Times: user=0,03 sys=0,00, real=0,01 secs] 
170,191: [GC (Allocation Failure) 170,191: [ParNew: 25920K->2816K(25920K), 0,0173303 secs] 437313K->415271K(678820K), 0,0175549 secs] [Times: user=0,03 sys=0,00, real=0,02 secs] 
170,235: [GC (Allocation Failure) 170,235: [ParNew: 25920K->2816K(25920K), 0,0176700 secs] 438375K->416296K(678820K), 0,0179006 secs] [Times: user=0,03 sys=0,00, real=0,02 secs] 
170,293: [GC (Allocation Failure) 170,293: [ParNew: 25920K->2816K(25920K), 0,0179639 secs] 439296K->417264K(678820K), 0,0181833 secs] [Times: user=0,03 sys=0,00, real=0,02 secs] 
170,340: [GC (Allocation Failure) 170,340: [ParNew: 25920K->2816K(25920K), 0,0174408 secs] 439859K->417875K(678820K), 0,0176884 secs] [Times: user=0,03 sys=0,00, real=0,02 secs] 
170,395: [GC (Allocation Failure) 170,395: [ParNew: 25920K->2816K(25920K), 0,0196116 secs] 440979K->418997K(678820K), 0,0198340 secs] [Times: user=0,03 sys=0,00, real=0,02 secs] 
170,445: [GC (Allocation Failure) 170,445: [ParNew: 25920K->2816K(25920K), 0,0237252 secs] 442089K->420085K(678820K), 0,0240511 secs] [Times: user=0,04 sys=0,00, real=0,03 secs] 
170,496: [GC (Allocation Failure) 170,496: [ParNew: 25920K->2816K(25920K), 0,0180755 secs] 443182K->421213K(678820K), 0,0183507 secs] [Times: user=0,03 sys=0,00, real=0,02 secs] 
170,544: [GC (Allocation Failure) 170,544: [ParNew: 25920K->2816K(25920K), 0,0237947 secs] 444301K->422382K(678820K), 0,0240852 secs] [Times: user=0,04 sys=0,00, real=0,03 secs] 
170,603: [GC (Allocation Failure) 170,603: [ParNew: 25920K->2816K(25920K), 0,0183691 secs] 445434K->423430K(678820K), 0,0186393 secs] [Times: user=0,04 sys=0,00, real=0,02 secs] 
170,648: [GC (Allocation Failure) 170,648: [ParNew: 25920K->2816K(25920K), 0,0235764 secs] 446504K->424498K(678820K), 0,0237783 secs] [Times: user=0,04 sys=0,00, real=0,02 secs] 
170,702: [GC (Allocation Failure) 170,702: [ParNew: 25920K->2816K(25920K), 0,0186312 secs] 447312K->425356K(678820K), 0,0188500 secs] [Times: user=0,03 sys=0,00, real=0,02 secs] 
170,748: [GC (Allocation Failure) 170,748: [ParNew: 25920K->2816K(25920K), 0,0241949 secs] 448302K->426515K(678820K), 0,0244018 secs] [Times: user=0,03 sys=0,00, real=0,02 secs] 
170,809: [GC (Allocation Failure) 170,809: [ParNew: 25920K->2816K(25920K), 0,0221173 secs] 449332K->427408K(678820K), 0,0223996 secs] [Times: user=0,04 sys=0,00, real=0,02 secs] 
170,856: [GC (Allocation Failure) 170,856: [ParNew: 25920K->2816K(25920K), 0,0233998 secs] 450263K->428126K(678820K), 0,0236607 secs] [Times: user=0,03 sys=0,00, real=0,03 secs] 
170,908: [GC (Allocation Failure) 170,908: [ParNew: 25920K->2816K(25920K), 0,0181404 secs] 450893K->428961K(678820K), 0,0183494 secs] [Times: user=0,03 sys=0,00, real=0,01 secs] 
170,954: [GC (Allocation Failure) 170,954: [ParNew: 25920K->2816K(25920K), 0,0229978 secs] 451597K->429643K(678820K), 0,0231985 secs] [Times: user=0,04 sys=0,00, real=0,03 secs] 
171,013: [GC (Allocation Failure) 171,013: [ParNew: 25920K->2816K(25920K), 0,0180285 secs] 452386K->430417K(678820K), 0,0182498 secs] [Times: user=0,04 sys=0,00, real=0,02 secs] 
171,066: [GC (Allocation Failure) 171,066: [ParNew: 25920K->2254K(25920K), 0,0321861 secs] 453289K->430815K(678820K), 0,0324502 secs] [Times: user=0,03 sys=0,00, real=0,04 secs] 
171,132: [GC (Allocation Failure) 171,132: [ParNew: 25358K->2816K(25920K), 0,0174897 secs] 453000K->431497K(678820K), 0,0177578 secs] [Times: user=0,03 sys=0,00, real=0,02 secs] 
171,183: [GC (Allocation Failure) 171,183: [ParNew: 25920K->2816K(25920K), 0,0229492 secs] 454248K->432140K(678820K), 0,0232244 secs] [Times: user=0,04 sys=0,00, real=0,03 secs] 
171,237: [GC (Allocation Failure) 171,237: [ParNew: 25920K->2816K(25920K), 0,0186136 secs] 455069K->433062K(678820K), 0,0188591 secs] [Times: user=0,03 sys=0,00, real=0,01 secs] 
171,300: [GC (Allocation Failure) 171,300: [ParNew: 25920K->2816K(25920K), 0,0171386 secs] 454876K->432851K(678820K), 0,0173613 secs] [Times: user=0,03 sys=0,00, real=0,02 secs] 
171,342: [GC (Allocation Failure) 171,342: [ParNew: 25920K->2816K(25920K), 0,0179002 secs] 455230K->433243K(678820K), 0,0181315 secs] [Times: user=0,03 sys=0,00, real=0,02 secs] 
171,395: [GC (Allocation Failure) 171,395: [ParNew: 25920K->2816K(25920K), 0,0184973 secs] 455693K->433624K(678820K), 0,0187169 secs] [Times: user=0,03 sys=0,00, real=0,02 secs] 
171,446: [GC (Allocation Failure) 171,447: [ParNew: 25920K->2816K(25920K), 0,0228801 secs] 453081K->430988K(678820K), 0,0231161 secs] [Times: user=0,04 sys=0,00, real=0,02 secs] 
171,510: [GC (Allocation Failure) 171,510: [ParNew: 25920K->2816K(25920K), 0,0173836 secs] 453780K->431776K(678820K), 0,0176670 secs] [Times: user=0,03 sys=0,00, real=0,02 secs] 
171,577: [GC (Allocation Failure) 171,577: [ParNew: 25920K->2816K(25920K), 0,0194631 secs] 450792K->428826K(678820K), 0,0196668 secs] [Times: user=0,03 sys=0,00, real=0,02 secs] 
171,626: [GC (Allocation Failure) 171,626: [ParNew: 25920K->2816K(25920K), 0,0170933 secs] 451088K->429033K(678820K), 0,0173173 secs] [Times: user=0,03 sys=0,00, real=0,02 secs] 
171,682: [GC (Allocation Failure) 171,682: [ParNew: 25920K->2816K(25920K), 0,0197849 secs] 447830K->425762K(678820K), 0,0199987 secs] [Times: user=0,04 sys=0,00, real=0,02 secs] 
171,730: [GC (Allocation Failure) 171,731: [ParNew: 25920K->2199K(25920K), 0,0172115 secs] 443809K->421211K(678820K), 0,0174302 secs] [Times: user=0,03 sys=0,00, real=0,02 secs] 
171,791: [GC (Allocation Failure) 171,791: [ParNew: 25303K->2816K(25920K), 0,0241392 secs] 439683K->418283K(678820K), 0,0243895 secs] [Times: user=0,03 sys=0,00, real=0,02 secs] 
171,851: [GC (Allocation Failure) 171,851: [ParNew: 25920K->2816K(25920K), 0,0232613 secs] 434979K->412900K(678820K), 0,0234690 secs] [Times: user=0,04 sys=0,00, real=0,02 secs] 
171,912: [GC (Allocation Failure) 171,912: [ParNew: 25920K->2816K(25920K), 0,0181664 secs] 435831K->413870K(678820K), 0,0183867 secs] [Times: user=0,03 sys=0,00, real=0,02 secs] 
171,959: [GC (Allocation Failure) 171,959: [ParNew: 25920K->2816K(25920K), 0,0243049 secs] 434170K->412007K(678820K), 0,0247207 secs] [Times: user=0,03 sys=0,00, real=0,02 secs] 
172,017: [GC (Allocation Failure) 172,017: [ParNew: 25920K->2816K(25920K), 0,0179351 secs] 433324K->411373K(678820K), 0,0181560 secs] [Times: user=0,04 sys=0,00, real=0,01 secs] 
172,060: [GC (Allocation Failure) 172,060: [ParNew: 25920K->2816K(25920K), 0,0240321 secs] 433666K->411718K(678820K), 0,0242355 secs] [Times: user=0,04 sys=0,00, real=0,02 secs] 
172,119: [GC (Allocation Failure) 172,119: [ParNew: 25920K->2816K(25920K), 0,0183471 secs] 425516K->403631K(678820K), 0,0185975 secs] [Times: user=0,03 sys=0,00, real=0,02 secs] 
172,163: [GC (Allocation Failure) 172,163: [ParNew: 25920K->2816K(25920K), 0,0341363 secs] 426666K->404709K(678820K), 0,0343575 secs] [Times: user=0,03 sys=0,00, real=0,04 secs] 
172,236: [GC (Allocation Failure) 172,237: [ParNew: 25920K->2816K(25920K), 0,0186170 secs] 426818K->404829K(678820K), 0,0188475 secs] [Times: user=0,03 sys=0,00, real=0,01 secs] 
172,293: [GC (Allocation Failure) 172,294: [ParNew: 25920K->2816K(25920K), 0,0264735 secs] 427548K->405588K(678820K), 0,0269044 secs] [Times: user=0,03 sys=0,00, real=0,03 secs] 
172,359: [GC (Allocation Failure) 172,360: [ParNew: 25920K->2816K(25920K), 0,0251382 secs] 411779K->389833K(678820K), 0,0253379 secs] [Times: user=0,03 sys=0,00, real=0,02 secs] 
172,414: [GC (Allocation Failure) 172,414: [ParNew: 25920K->2816K(25920K), 0,0176961 secs] 412664K->390603K(678820K), 0,0179297 secs] [Times: user=0,03 sys=0,00, real=0,02 secs] 
172,461: [GC (Allocation Failure) 172,462: [ParNew: 25920K->2816K(25920K), 0,0245149 secs] 412558K->390614K(678820K), 0,0247484 secs] [Times: user=0,04 sys=0,00, real=0,02 secs] 
172,523: [GC (Allocation Failure) 172,523: [ParNew: 25920K->2816K(25920K), 0,0180934 secs] 408254K->386266K(678820K), 0,0183169 secs] [Times: user=0,04 sys=0,00, real=0,02 secs] 
172,576: [GC (Allocation Failure) 172,576: [ParNew: 25920K->2334K(25920K), 0,0180404 secs] 407263K->384949K(678820K), 0,0182525 secs] [Times: user=0,03 sys=0,00, real=0,02 secs] 
172,626: [GC (Allocation Failure) 172,626: [ParNew: 25438K->2816K(25920K), 0,0172529 secs] 406169K->384609K(678820K), 0,0175088 secs] [Times: user=0,03 sys=0,00, real=0,02 secs] 
172,651: [CMS-concurrent-sweep: 3,883/6,992 secs] [Times: user=11,11 sys=0,19, real=6,99 secs] 
172,652: [CMS-concurrent-reset-start]
172,686: [GC (Allocation Failure) 172,686: [ParNew: 25920K->2816K(25920K), 0,0169442 secs] 403675K->381570K(678820K), 0,0171827 secs] [Times: user=0,03 sys=0,00, real=0,02 secs] 
172,742: [GC (Allocation Failure) 172,742: [ParNew: 25920K->2816K(25920K), 0,0208894 secs] 404674K->382686K(678820K), 0,0211550 secs] [Times: user=0,04 sys=0,00, real=0,02 secs] 
172,795: [GC (Allocation Failure) 172,795: [ParNew: 25920K->2816K(25920K), 0,0353277 secs] 405790K->383686K(678820K), 0,0355945 secs] [Times: user=0,06 sys=0,00, real=0,04 secs] 
172,834: [CMS-concurrent-reset: 0,102/0,182 secs] [Times: user=0,28 sys=0,00, real=0,18 secs] 
172,861: [GC (Allocation Failure) 172,861: [ParNew: 25920K->2816K(25920K), 0,0231120 secs] 406790K->384745K(678820K), 0,0233083 secs] [Times: user=0,03 sys=0,00, real=0,02 secs] 
172,918: [GC (Allocation Failure) 172,918: [ParNew: 25920K->2816K(25920K), 0,0342955 secs] 407849K->385842K(678820K), 0,0345913 secs] [Times: user=0,07 sys=0,00, real=0,03 secs] 
172,985: [GC (Allocation Failure) 172,986: [ParNew: 25920K->2816K(25920K), 0,0172057 secs] 408946K->386962K(678820K), 0,0174141 secs] [Times: user=0,04 sys=0,00, real=0,02 secs] 
173,040: [GC (Allocation Failure) 173,040: [ParNew: 25920K->2816K(25920K), 0,0171422 secs] 410066K->388128K(678820K), 0,0173722 secs] [Times: user=0,03 sys=0,00, real=0,02 secs] 
173,090: [GC (Allocation Failure) 173,090: [ParNew: 25920K->2816K(25920K), 0,0163737 secs] 411232K->389092K(678820K), 0,0166116 secs] [Times: user=0,03 sys=0,00, real=0,02 secs] 
173,114: [GC (CMS Initial Mark) [1 CMS-initial-mark: 386276K(652900K)] 390703K(678820K), 0,0055716 secs] [Times: user=0,01 sys=0,00, real=0,01 secs] 
173,120: [CMS-concurrent-mark-start]
173,150: [GC (Allocation Failure) 173,150: [ParNew: 25920K->2816K(25920K), 0,0240288 secs] 412196K->390302K(678820K), 0,0242355 secs] [Times: user=0,04 sys=0,00, real=0,02 secs] 
173,203: [GC (Allocation Failure) 173,203: [ParNew: 25920K->2816K(25920K), 0,0204382 secs] 413406K->391349K(678820K), 0,0207495 secs] [Times: user=0,04 sys=0,00, real=0,02 secs] 
173,251: [GC (Allocation Failure) 173,251: [ParNew: 25920K->2816K(25920K), 0,0246133 secs] 414453K->392535K(678820K), 0,0248219 secs] [Times: user=0,04 sys=0,00, real=0,02 secs] 
173,303: [GC (Allocation Failure) 173,303: [ParNew: 25920K->2816K(25920K), 0,0206835 secs] 415639K->393739K(678820K), 0,0209175 secs] [Times: user=0,03 sys=0,00, real=0,02 secs] 
173,360: [GC (Allocation Failure) 173,360: [ParNew: 25920K->2816K(25920K), 0,0242793 secs] 416843K->394924K(678820K), 0,0244869 secs] [Times: user=0,04 sys=0,01, real=0,02 secs] 
173,431: [GC (Allocation Failure) 173,431: [ParNew: 25920K->2816K(25920K), 0,0178196 secs] 418028K->396079K(678820K), 0,0180378 secs] [Times: user=0,04 sys=0,00, real=0,02 secs] 
173,483: [GC (Allocation Failure) 173,483: [ParNew: 25920K->2816K(25920K), 0,0191719 secs] 419183K->397020K(678820K), 0,0195455 secs] [Times: user=0,04 sys=0,00, real=0,02 secs] 
173,532: [GC (Allocation Failure) 173,532: [ParNew: 25920K->2816K(25920K), 0,0185430 secs] 420124K->398141K(678820K), 0,0187665 secs] [Times: user=0,04 sys=0,00, real=0,02 secs] 
173,585: [GC (Allocation Failure) 173,585: [ParNew: 25920K->2816K(25920K), 0,0194495 secs] 421245K->399323K(678820K), 0,0197403 secs] [Times: user=0,04 sys=0,00, real=0,02 secs] 
173,639: [GC (Allocation Failure) 173,639: [ParNew: 25920K->2816K(25920K), 0,0225824 secs] 422427K->400578K(678820K), 0,0228416 secs] [Times: user=0,04 sys=0,00, real=0,02 secs] 
173,696: [GC (Allocation Failure) 173,699: [ParNew: 25920K->2816K(25920K), 0,0431107 secs] 423682K->401826K(678820K), 0,0458441 secs] [Times: user=0,08 sys=0,00, real=0,05 secs] 
173,787: [GC (Allocation Failure) 173,787: [ParNew: 25920K->2816K(25920K), 0,0347148 secs] 424930K->402826K(678820K), 0,0350196 secs] [Times: user=0,05 sys=0,00, real=0,03 secs] 
173,855: [GC (Allocation Failure) 173,855: [ParNew: 25920K->2816K(25920K), 0,0247325 secs] 425930K->404021K(678820K), 0,0249355 secs] [Times: user=0,04 sys=0,00, real=0,03 secs] 
173,915: [GC (Allocation Failure) 173,915: [ParNew: 25920K->2816K(25920K), 0,0224852 secs] 427125K->405234K(678820K), 0,0227485 secs] [Times: user=0,04 sys=0,00, real=0,03 secs] 
173,969: [GC (Allocation Failure) 173,969: [ParNew: 25920K->2816K(25920K), 0,0247574 secs] 428338K->406467K(678820K), 0,0251066 secs] [Times: user=0,03 sys=0,00, real=0,02 secs] 
174,022: [GC (Allocation Failure) 174,022: [ParNew: 25920K->2816K(25920K), 0,0198111 secs] 429571K->407552K(678820K), 0,0200761 secs] [Times: user=0,04 sys=0,00, real=0,02 secs] 
174,066: [GC (Allocation Failure) 174,066: [ParNew: 25920K->2816K(25920K), 0,0234999 secs] 430656K->408634K(678820K), 0,0238325 secs] [Times: user=0,04 sys=0,00, real=0,03 secs] 
174,114: [GC (Allocation Failure) 174,114: [ParNew: 25920K->2816K(25920K), 0,0210029 secs] 431738K->409866K(678820K), 0,0212530 secs] [Times: user=0,04 sys=0,00, real=0,02 secs] 
174,163: [GC (Allocation Failure) 174,163: [ParNew: 25920K->2816K(25920K), 0,0283134 secs] 432970K->411056K(678820K), 0,0285747 secs] [Times: user=0,04 sys=0,00, real=0,03 secs] 
174,223: [GC (Allocation Failure) 174,223: [ParNew: 25920K->2816K(25920K), 0,0277547 secs] 434160K->412232K(678820K), 0,0280232 secs] [Times: user=0,05 sys=0,00, real=0,03 secs] 
174,292: [GC (Allocation Failure) 174,292: [ParNew: 25920K->2816K(25920K), 0,0184751 secs] 435336K->413374K(678820K), 0,0186910 secs] [Times: user=0,04 sys=0,00, real=0,02 secs] 
174,359: [GC (Allocation Failure) 174,359: [ParNew: 25920K->2816K(25920K), 0,0244104 secs] 436478K->414497K(678820K), 0,0246368 secs] [Times: user=0,03 sys=0,00, real=0,02 secs] 
174,425: [GC (Allocation Failure) 174,425: [ParNew: 25920K->2816K(25920K), 0,0202386 secs] 437601K->415496K(678820K), 0,0205166 secs] [Times: user=0,03 sys=0,00, real=0,02 secs] 
174,475: [GC (Allocation Failure) 174,475: [ParNew: 25920K->2816K(25920K), 0,0186949 secs] 438600K->416630K(678820K), 0,0189652 secs] [Times: user=0,03 sys=0,00, real=0,02 secs] 
174,527: [GC (Allocation Failure) 174,527: [ParNew: 25920K->2816K(25920K), 0,0344143 secs] 439734K->417831K(678820K), 0,0346418 secs] [Times: user=0,04 sys=0,00, real=0,03 secs] 
174,592: [GC (Allocation Failure) 174,592: [ParNew: 25920K->2816K(25920K), 0,0186537 secs] 440935K->419029K(678820K), 0,0188502 secs] [Times: user=0,03 sys=0,00, real=0,02 secs] 
174,647: [GC (Allocation Failure) 174,647: [ParNew: 25920K->2816K(25920K), 0,0187202 secs] 442133K->420233K(678820K), 0,0189771 secs] [Times: user=0,04 sys=0,00, real=0,01 secs] 
174,700: [GC (Allocation Failure) 174,700: [ParNew: 25920K->2816K(25920K), 0,0179852 secs] 443337K->421375K(678820K), 0,0181935 secs] [Times: user=0,04 sys=0,00, real=0,02 secs] 
174,752: [GC (Allocation Failure) 174,752: [ParNew: 25920K->2816K(25920K), 0,0248409 secs] 444479K->422530K(678820K), 0,0250524 secs] [Times: user=0,04 sys=0,00, real=0,03 secs] 
174,808: [GC (Allocation Failure) 174,808: [ParNew: 25920K->2816K(25920K), 0,0190920 secs] 445634K->423706K(678820K), 0,0193248 secs] [Times: user=0,04 sys=0,00, real=0,02 secs] 
174,864: [GC (Allocation Failure) 174,864: [ParNew: 25920K->2816K(25920K), 0,0259716 secs] 446810K->424847K(678820K), 0,0261914 secs] [Times: user=0,04 sys=0,00, real=0,03 secs] 
174,917: [GC (Allocation Failure) 174,917: [ParNew: 25920K->2516K(25920K), 0,0229483 secs] 447951K->425900K(678820K), 0,0232407 secs] [Times: user=0,04 sys=0,00, real=0,02 secs] 
174,978: [GC (Allocation Failure) 174,978: [ParNew: 25620K->2816K(25920K), 0,0191097 secs] 449004K->427388K(678820K), 0,0193631 secs] [Times: user=0,03 sys=0,00, real=0,02 secs] 
175,036: [GC (Allocation Failure) 175,036: [ParNew: 25920K->2816K(25920K), 0,0205147 secs] 450492K->428607K(678820K), 0,0207645 secs] [Times: user=0,03 sys=0,01, real=0,03 secs] 
175,086: [GC (Allocation Failure) 175,086: [ParNew: 25920K->2816K(25920K), 0,0184720 secs] 451711K->429809K(678820K), 0,0187102 secs] [Times: user=0,04 sys=0,00, real=0,01 secs] 
175,132: [GC (Allocation Failure) 175,133: [ParNew: 25920K->2816K(25920K), 0,0214526 secs] 452913K->430932K(678820K), 0,0216757 secs] [Times: user=0,04 sys=0,00, real=0,02 secs] 
175,187: [GC (Allocation Failure) 175,187: [ParNew: 25920K->2816K(25920K), 0,0182020 secs] 454036K->432146K(678820K), 0,0184107 secs] [Times: user=0,04 sys=0,00, real=0,01 secs] 
175,230: [GC (Allocation Failure) 175,230: [ParNew: 25920K->2816K(25920K), 0,0203770 secs] 455250K->433362K(678820K), 0,0205903 secs] [Times: user=0,04 sys=0,00, real=0,02 secs] 
175,288: [GC (Allocation Failure) 175,288: [ParNew: 25920K->2816K(25920K), 0,0184779 secs] 456466K->434472K(678820K), 0,0186936 secs] [Times: user=0,04 sys=0,00, real=0,02 secs] 
175,347: [GC (Allocation Failure) 175,347: [ParNew: 25920K->2816K(25920K), 0,0345472 secs] 457576K->435572K(678820K), 0,0348319 secs] [Times: user=0,05 sys=0,00, real=0,03 secs] 
175,419: [GC (Allocation Failure) 175,419: [ParNew: 25920K->2816K(25920K), 0,0287357 secs] 458676K->436664K(678820K), 0,0290001 secs] [Times: user=0,05 sys=0,00, real=0,03 secs] 
175,481: [GC (Allocation Failure) 175,481: [ParNew: 25920K->2816K(25920K), 0,0199852 secs] 459768K->437799K(678820K), 0,0202066 secs] [Times: user=0,03 sys=0,00, real=0,02 secs] 
175,527: [GC (Allocation Failure) 175,527: [ParNew: 25920K->2816K(25920K), 0,0186351 secs] 460903K->438941K(678820K), 0,0188616 secs] [Times: user=0,04 sys=0,00, real=0,01 secs] 
175,582: [GC (Allocation Failure) 175,582: [ParNew: 25920K->2816K(25920K), 0,0310693 secs] 462045K->439986K(678820K), 0,0312884 secs] [Times: user=0,03 sys=0,00, real=0,03 secs] 
175,646: [GC (Allocation Failure) 175,646: [ParNew: 25920K->2816K(25920K), 0,0206688 secs] 463090K->441091K(678820K), 0,0209036 secs] [Times: user=0,04 sys=0,00, real=0,03 secs] 
175,706: [GC (Allocation Failure) 175,706: [ParNew: 25920K->2816K(25920K), 0,0184621 secs] 464195K->442248K(678820K), 0,0186681 secs] [Times: user=0,03 sys=0,00, real=0,02 secs] 
175,761: [GC (Allocation Failure) 175,761: [ParNew: 25920K->2816K(25920K), 0,0235402 secs] 465352K->443301K(678820K), 0,0237562 secs] [Times: user=0,03 sys=0,00, real=0,02 secs] 
175,816: [GC (Allocation Failure) 175,816: [ParNew: 25920K->2816K(25920K), 0,0185335 secs] 466405K->444490K(678820K), 0,0187605 secs] [Times: user=0,04 sys=0,00, real=0,02 secs] 
175,877: [GC (Allocation Failure) 175,877: [ParNew: 25920K->2816K(25920K), 0,0258070 secs] 467594K->445619K(678820K), 0,0260780 secs] [Times: user=0,04 sys=0,00, real=0,02 secs] 
175,935: [GC (Allocation Failure) 175,935: [ParNew: 25920K->2816K(25920K), 0,0202758 secs] 468723K->446700K(678820K), 0,0205989 secs] [Times: user=0,03 sys=0,00, real=0,02 secs] 
176,000: [GC (Allocation Failure) 176,000: [ParNew: 25920K->2816K(25920K), 0,0176722 secs] 469804K->447888K(678820K), 0,0178811 secs] [Times: user=0,03 sys=0,00, real=0,02 secs] 
176,046: [GC (Allocation Failure) 176,046: [ParNew: 25920K->2816K(25920K), 0,0197105 secs] 470992K->448935K(678820K), 0,0199269 secs] [Times: user=0,03 sys=0,00, real=0,02 secs] 
176,103: [GC (Allocation Failure) 176,103: [ParNew: 25920K->2816K(25920K), 0,0179105 secs] 472039K->450073K(678820K), 0,0181101 secs] [Times: user=0,03 sys=0,00, real=0,02 secs] 
176,149: [GC (Allocation Failure) 176,150: [ParNew: 25920K->2816K(25920K), 0,0286146 secs] 473177K->451230K(678820K), 0,0288449 secs] [Times: user=0,04 sys=0,00, real=0,03 secs] 
176,207: [GC (Allocation Failure) 176,207: [ParNew: 25920K->2286K(25920K), 0,0177184 secs] 474334K->451885K(678820K), 0,0179226 secs] [Times: user=0,04 sys=0,00, real=0,01 secs] 
176,249: [GC (Allocation Failure) 176,249: [ParNew: 25390K->2816K(25920K), 0,0203820 secs] 474989K->453499K(678820K), 0,0206703 secs] [Times: user=0,03 sys=0,00, real=0,02 secs] 
176,305: [GC (Allocation Failure) 176,305: [ParNew: 25920K->2816K(25920K), 0,0171120 secs] 476603K->454568K(678820K), 0,0173750 secs] [Times: user=0,03 sys=0,00, real=0,02 secs] 
176,346: [GC (Allocation Failure) 176,346: [ParNew: 25920K->2816K(25920K), 0,0200886 secs] 477672K->455649K(678820K), 0,0203831 secs] [Times: user=0,03 sys=0,00, real=0,03 secs] 
176,405: [GC (Allocation Failure) 176,406: [ParNew: 25920K->2816K(25920K), 0,0189217 secs] 478753K->456764K(678820K), 0,0191284 secs] [Times: user=0,03 sys=0,00, real=0,02 secs] 
176,457: [GC (Allocation Failure) 176,457: [ParNew: 25920K->2816K(25920K), 0,0257152 secs] 479868K->457779K(678820K), 0,0260092 secs] [Times: user=0,03 sys=0,00, real=0,02 secs] 
176,508: [GC (Allocation Failure) 176,508: [ParNew: 25920K->2816K(25920K), 0,0174466 secs] 480883K->458762K(678820K), 0,0176499 secs] [Times: user=0,03 sys=0,00, real=0,01 secs] 
176,552: [GC (Allocation Failure) 176,553: [ParNew: 25920K->2816K(25920K), 0,0364114 secs] 481866K->459887K(678820K), 0,0366569 secs] [Times: user=0,04 sys=0,00, real=0,04 secs] 
176,627: [GC (Allocation Failure) 176,627: [ParNew: 25920K->2816K(25920K), 0,0185649 secs] 482991K->461092K(678820K), 0,0188082 secs] [Times: user=0,03 sys=0,00, real=0,01 secs] 
176,686: [GC (Allocation Failure) 176,686: [ParNew: 25920K->2816K(25920K), 0,0185173 secs] 484196K->462275K(678820K), 0,0187443 secs] [Times: user=0,04 sys=0,00, real=0,02 secs] 
176,740: [GC (Allocation Failure) 176,740: [ParNew: 25920K->2816K(25920K), 0,0285552 secs] 485379K->463438K(678820K), 0,0288002 secs] [Times: user=0,04 sys=0,00, real=0,03 secs] 
176,804: [GC (Allocation Failure) 176,804: [ParNew: 25920K->2816K(25920K), 0,0186741 secs] 486542K->464619K(678820K), 0,0188800 secs] [Times: user=0,03 sys=0,00, real=0,02 secs] 
176,846: [GC (Allocation Failure) 176,846: [ParNew: 25920K->2816K(25920K), 0,0277073 secs] 487723K->465818K(678820K), 0,0279731 secs] [Times: user=0,04 sys=0,00, real=0,03 secs] 
176,906: [GC (Allocation Failure) 176,906: [ParNew: 25920K->2816K(25920K), 0,0208202 secs] 488922K->467051K(678820K), 0,0210243 secs] [Times: user=0,04 sys=0,00, real=0,03 secs] 
176,951: [GC (Allocation Failure) 176,951: [ParNew: 25920K->2816K(25920K), 0,0276042 secs] 490155K->468265K(678820K), 0,0278470 secs] [Times: user=0,04 sys=0,00, real=0,03 secs] 
177,009: [GC (Allocation Failure) 177,009: [ParNew: 25920K->2816K(25920K), 0,0182303 secs] 491369K->469437K(678820K), 0,0185177 secs] [Times: user=0,04 sys=0,00, real=0,02 secs] 
177,064: [GC (Allocation Failure) 177,065: [ParNew: 25920K->2816K(25920K), 0,0272262 secs] 492541K->470602K(678820K), 0,0274493 secs] [Times: user=0,03 sys=0,00, real=0,03 secs] 
177,119: [GC (Allocation Failure) 177,119: [ParNew: 25920K->2816K(25920K), 0,0182249 secs] 493706K->471813K(678820K), 0,0184930 secs] [Times: user=0,03 sys=0,01, real=0,02 secs] 
177,164: [GC (Allocation Failure) 177,164: [ParNew: 25920K->2816K(25920K), 0,0269955 secs] 494917K->473029K(678820K), 0,0272231 secs] [Times: user=0,04 sys=0,00, real=0,03 secs] 
177,216: [GC (Allocation Failure) 177,216: [ParNew: 25920K->2816K(25920K), 0,0179647 secs] 496133K->474122K(678820K), 0,0181766 secs] [Times: user=0,04 sys=0,00, real=0,02 secs] 
177,265: [GC (Allocation Failure) 177,265: [ParNew: 25920K->2816K(25920K), 0,0271466 secs] 497226K->475304K(678820K), 0,0273795 secs] [Times: user=0,04 sys=0,00, real=0,03 secs] 
177,326: [GC (Allocation Failure) 177,326: [ParNew: 25920K->2816K(25920K), 0,0186391 secs] 498408K->476497K(678820K), 0,0188448 secs] [Times: user=0,03 sys=0,00, real=0,02 secs] 
177,369: [GC (Allocation Failure) 177,369: [ParNew: 25920K->2816K(25920K), 0,0272397 secs] 499601K->477664K(678820K), 0,0275394 secs] [Times: user=0,03 sys=0,00, real=0,03 secs] 
177,432: [GC (Allocation Failure) 177,432: [ParNew: 25920K->2816K(25920K), 0,0197288 secs] 500768K->478855K(678820K), 0,0199607 secs] [Times: user=0,04 sys=0,00, real=0,02 secs] 
177,487: [GC (Allocation Failure) 177,487: [ParNew: 25920K->2816K(25920K), 0,0186528 secs] 501959K->480051K(678820K), 0,0188728 secs] [Times: user=0,03 sys=0,00, real=0,01 secs] 
177,541: [CMS-concurrent-mark: 2,345/4,422 secs] [Times: user=7,05 sys=0,12, real=4,42 secs] 
177,543: [GC (Allocation Failure) 177,543: [ParNew: 25920K->2354K(25920K), 0,0383476 secs] 503155K->480731K(678820K), 0,0386191 secs] [Times: user=0,06 sys=0,00, real=0,04 secs] 
177,582: [CMS-concurrent-preclean-start]
177,612: [GC (Allocation Failure) 177,612: [ParNew: 25458K->2816K(25920K), 0,0186469 secs] 503835K->482401K(678820K), 0,0188582 secs] [Times: user=0,03 sys=0,00, real=0,02 secs] 
177,660: [GC (Allocation Failure) 177,660: [ParNew: 25920K->2816K(25920K), 0,0258227 secs] 505505K->483473K(678820K), 0,0260460 secs] [Times: user=0,03 sys=0,00, real=0,02 secs] 
177,712: [GC (Allocation Failure) 177,712: [ParNew: 25920K->2816K(25920K), 0,0184851 secs] 506577K->484678K(678820K), 0,0187533 secs] [Times: user=0,03 sys=0,01, real=0,02 secs] 
177,759: [GC (Allocation Failure) 177,759: [ParNew: 25920K->2816K(25920K), 0,0258503 secs] 507782K->485883K(678820K), 0,0261631 secs] [Times: user=0,04 sys=0,00, real=0,02 secs] 
177,823: [GC (Allocation Failure) 177,823: [ParNew: 25920K->2816K(25920K), 0,0181504 secs] 508987K->487087K(678820K), 0,0183612 secs] [Times: user=0,03 sys=0,00, real=0,02 secs] 
177,866: [GC (Allocation Failure) 177,866: [ParNew: 25920K->2816K(25920K), 0,0298575 secs] 510191K->488287K(678820K), 0,0300734 secs] [Times: user=0,03 sys=0,00, real=0,03 secs] 
177,927: [GC (Allocation Failure) 177,928: [ParNew: 25920K->2816K(25920K), 0,0182391 secs] 511391K->489467K(678820K), 0,0184538 secs] [Times: user=0,04 sys=0,00, real=0,01 secs] 
177,985: [GC (Allocation Failure) 177,985: [ParNew: 25920K->2816K(25920K), 0,0184149 secs] 512571K->490674K(678820K), 0,0187108 secs] [Times: user=0,03 sys=0,00, real=0,02 secs] 
178,036: [GC (Allocation Failure) 178,036: [ParNew: 25920K->2816K(25920K), 0,0183777 secs] 513778K->491832K(678820K), 0,0185972 secs] [Times: user=0,04 sys=0,00, real=0,02 secs] 
178,095: [GC (Allocation Failure) 178,095: [ParNew: 25920K->2816K(25920K), 0,0242614 secs] 514936K->492866K(678820K), 0,0245509 secs] [Times: user=0,05 sys=0,00, real=0,03 secs] 
178,154: [GC (Allocation Failure) 178,154: [ParNew: 25920K->2816K(25920K), 0,0274102 secs] 515970K->494048K(678820K), 0,0276815 secs] [Times: user=0,04 sys=0,00, real=0,03 secs] 
178,217: [GC (Allocation Failure) 178,217: [ParNew: 25920K->2816K(25920K), 0,0179693 secs] 517152K->495260K(678820K), 0,0181772 secs] [Times: user=0,03 sys=0,00, real=0,01 secs] 
178,275: [CMS-concurrent-preclean: 0,315/0,693 secs] [Times: user=1,15 sys=0,01, real=0,69 secs] 
178,275: [CMS-concurrent-abortable-preclean-start]
178,280: [GC (Allocation Failure) 178,280: [ParNew: 25920K->2816K(25920K), 0,0282378 secs] 518364K->496342K(678820K), 0,0284665 secs] [Times: user=0,04 sys=0,00, real=0,03 secs] 
178,318: [CMS-concurrent-abortable-preclean: 0,013/0,043 secs] [Times: user=0,06 sys=0,00, real=0,05 secs] 
178,320: [GC (CMS Final Remark) [YG occupancy: 8806 K (25920 K)]178,320: [Rescan (parallel) , 0,0166553 secs]178,337: [weak refs processing, 0,0002146 secs]178,337: [class unloading, 0,0183696 secs]178,355: [scrub symbol table, 0,0126267 secs]178,368: [scrub string table, 0,0012405 secs][1 CMS-remark: 493526K(652900K)] 502332K(678820K), 0,0495303 secs] [Times: user=0,04 sys=0,00, real=0,05 secs] 
178,372: [CMS-concurrent-sweep-start]
178,407: [GC (Allocation Failure) 178,407: [ParNew: 25920K->2816K(25920K), 0,0210951 secs] 519180K->497222K(678820K), 0,0213664 secs] [Times: user=0,04 sys=0,00, real=0,02 secs] 
178,461: [GC (Allocation Failure) 178,461: [ParNew: 25920K->2816K(25920K), 0,0235150 secs] 515795K->493847K(678820K), 0,0237368 secs] [Times: user=0,03 sys=0,00, real=0,02 secs] 
178,516: [GC (Allocation Failure) 178,516: [ParNew: 25920K->2816K(25920K), 0,0197618 secs] 516186K->494129K(678820K), 0,0199883 secs] [Times: user=0,04 sys=0,00, real=0,02 secs] 
178,572: [GC (Allocation Failure) 178,572: [ParNew: 25920K->2816K(25920K), 0,0257170 secs] 515332K->493273K(678820K), 0,0259367 secs] [Times: user=0,03 sys=0,00, real=0,03 secs] 
178,632: [GC (Allocation Failure) 178,632: [ParNew: 25920K->2816K(25920K), 0,0163274 secs] 507011K->484899K(678820K), 0,0165438 secs] [Times: user=0,03 sys=0,00, real=0,02 secs] 
178,673: [GC (Allocation Failure) 178,674: [ParNew: 25920K->2816K(25920K), 0,0250359 secs] 507545K->485483K(678820K), 0,0253035 secs] [Times: user=0,04 sys=0,00, real=0,03 secs] 
178,741: [GC (Allocation Failure) 178,741: [ParNew: 25920K->2816K(25920K), 0,0174278 secs] 507628K->485556K(678820K), 0,0176623 secs] [Times: user=0,03 sys=0,00, real=0,02 secs] 
178,798: [GC (Allocation Failure) 178,798: [ParNew: 25920K->2816K(25920K), 0,0258530 secs] 507339K->485310K(678820K), 0,0260953 secs] [Times: user=0,03 sys=0,00, real=0,02 secs] 
178,867: [GC (Allocation Failure) 178,867: [ParNew: 25920K->2816K(25920K), 0,0226835 secs] 488473K->466464K(678820K), 0,0229081 secs] [Times: user=0,04 sys=0,00, real=0,02 secs] 
178,944: [GC (Allocation Failure) 178,944: [ParNew: 25920K->2154K(25920K), 0,0173899 secs] 489338K->466647K(678820K), 0,0176351 secs] [Times: user=0,03 sys=0,00, real=0,02 secs] 
179,017: [GC (Allocation Failure) 179,020: [ParNew: 25258K->2032K(25920K), 0,0283486 secs] 485387K->463216K(678820K), 0,0306936 secs] [Times: user=0,03 sys=0,00, real=0,03 secs] 
179,100: [GC (Allocation Failure) 179,101: [ParNew: 25136K->2816K(25920K), 0,0262827 secs] 485012K->463621K(678820K), 0,0265983 secs] [Times: user=0,03 sys=0,00, real=0,03 secs] 
179,180: [GC (Allocation Failure) 179,181: [ParNew: 25920K->2816K(25920K), 0,0222145 secs] 485630K->463535K(678820K), 0,0224777 secs] [Times: user=0,04 sys=0,00, real=0,02 secs] 
179,237: [GC (Allocation Failure) 179,237: [ParNew: 25920K->2816K(25920K), 0,0252898 secs] 486150K->464104K(678820K), 0,0255548 secs] [Times: user=0,03 sys=0,00, real=0,02 secs] 
179,303: [GC (Allocation Failure) 179,304: [ParNew: 25920K->2816K(25920K), 0,0175084 secs] 486531K->464524K(678820K), 0,0177175 secs] [Times: user=0,04 sys=0,00, real=0,02 secs] 
179,356: [GC (Allocation Failure) 179,356: [ParNew: 25920K->2816K(25920K), 0,0186825 secs] 484673K->462786K(678820K), 0,0189752 secs] [Times: user=0,04 sys=0,00, real=0,02 secs] 
179,412: [GC (Allocation Failure) 179,412: [ParNew: 25920K->2816K(25920K), 0,0197176 secs] 485707K->463742K(678820K), 0,0199288 secs] [Times: user=0,03 sys=0,00, real=0,02 secs] 
179,458: [GC (Allocation Failure) 179,458: [ParNew: 25920K->2816K(25920K), 0,0254434 secs] 485675K->463869K(678820K), 0,0256719 secs] [Times: user=0,04 sys=0,00, real=0,02 secs] 
179,519: [GC (Allocation Failure) 179,519: [ParNew: 25920K->2816K(25920K), 0,0177256 secs] 481926K->459953K(678820K), 0,0179251 secs] [Times: user=0,03 sys=0,00, real=0,02 secs] 
179,582: [GC (Allocation Failure) 179,583: [ParNew: 25920K->2258K(25920K), 0,0213088 secs] 482857K->460312K(678820K), 0,0215548 secs] [Times: user=0,04 sys=0,00, real=0,02 secs] 
179,642: [GC (Allocation Failure) 179,643: [ParNew: 25362K->2816K(25920K), 0,0178842 secs] 481734K->460312K(678820K), 0,0182322 secs] [Times: user=0,04 sys=0,00, real=0,02 secs] 
179,699: [GC (Allocation Failure) 179,699: [ParNew: 25920K->2816K(25920K), 0,0191986 secs] 481420K->459284K(678820K), 0,0194126 secs] [Times: user=0,03 sys=0,00, real=0,02 secs] 
179,748: [GC (Allocation Failure) 179,748: [ParNew: 25920K->2816K(25920K), 0,0174012 secs] 481443K->459410K(678820K), 0,0176321 secs] [Times: user=0,03 sys=0,00, real=0,01 secs] 
179,802: [GC (Allocation Failure) 179,802: [ParNew: 25920K->2816K(25920K), 0,0198000 secs] 481872K->459876K(678820K), 0,0200128 secs] [Times: user=0,03 sys=0,00, real=0,02 secs] 
179,850: [GC (Allocation Failure) 179,850: [ParNew: 25920K->2816K(25920K), 0,0172371 secs] 478482K->456468K(678820K), 0,0175258 secs] [Times: user=0,04 sys=0,00, real=0,02 secs] 
179,901: [GC (Allocation Failure) 179,901: [ParNew: 25920K->2816K(25920K), 0,0253808 secs] 479197K->457225K(678820K), 0,0256647 secs] [Times: user=0,04 sys=0,00, real=0,03 secs] 
179,962: [GC (Allocation Failure) 179,962: [ParNew: 25920K->2816K(25920K), 0,0257402 secs] 474777K->452707K(678820K), 0,0259855 secs] [Times: user=0,04 sys=0,00, real=0,03 secs] 
180,023: [GC (Allocation Failure) 180,023: [ParNew: 25920K->2816K(25920K), 0,0185523 secs] 474326K->452412K(678820K), 0,0187550 secs] [Times: user=0,03 sys=0,00, real=0,02 secs] 
180,074: [GC (Allocation Failure) 180,074: [ParNew: 25920K->2816K(25920K), 0,0248447 secs] 474596K->452652K(678820K), 0,0250863 secs] [Times: user=0,04 sys=0,00, real=0,03 secs] 
180,141: [GC (Allocation Failure) 180,141: [ParNew: 25920K->2816K(25920K), 0,0181476 secs] 473237K->451290K(678820K), 0,0183511 secs] [Times: user=0,03 sys=0,00, real=0,02 secs] 
180,202: [GC (Allocation Failure) 180,202: [ParNew: 25920K->2816K(25920K), 0,0212109 secs] 473005K->451118K(678820K), 0,0214415 secs] [Times: user=0,04 sys=0,00, real=0,02 secs] 
180,249: [GC (Allocation Failure) 180,249: [ParNew: 25920K->2816K(25920K), 0,0176207 secs] 473339K->451310K(678820K), 0,0178523 secs] [Times: user=0,03 sys=0,00, real=0,02 secs] 
180,300: [GC (Allocation Failure) 180,300: [ParNew: 25920K->2816K(25920K), 0,0177368 secs] 473353K->451275K(678820K), 0,0179383 secs] [Times: user=0,03 sys=0,00, real=0,02 secs] 
180,357: [GC (Allocation Failure) 180,357: [ParNew: 25920K->2313K(25920K), 0,0177368 secs] 474113K->451627K(678820K), 0,0179765 secs] [Times: user=0,03 sys=0,00, real=0,01 secs] 
180,415: [GC (Allocation Failure) 180,415: [ParNew: 25417K->2816K(25920K), 0,0211951 secs] 473473K->452132K(678820K), 0,0214986 secs] [Times: user=0,04 sys=0,00, real=0,02 secs] 
180,469: [GC (Allocation Failure) 180,469: [ParNew: 25920K->2816K(25920K), 0,0239562 secs] 474883K->452707K(678820K), 0,0242128 secs] [Times: user=0,03 sys=0,00, real=0,02 secs] 
180,525: [GC (Allocation Failure) 180,525: [ParNew: 25920K->2816K(25920K), 0,0219693 secs] 475379K->453346K(678820K), 0,0222065 secs] [Times: user=0,03 sys=0,00, real=0,03 secs] 
180,588: [GC (Allocation Failure) 180,588: [ParNew: 25920K->2816K(25920K), 0,0176736 secs] 472324K->450269K(678820K), 0,0178899 secs] [Times: user=0,03 sys=0,00, real=0,01 secs] 
180,640: [GC (Allocation Failure) 180,640: [ParNew: 25920K->2816K(25920K), 0,0186431 secs] 472466K->450433K(678820K), 0,0188834 secs] [Times: user=0,03 sys=0,00, real=0,02 secs] 
180,694: [GC (Allocation Failure) 180,694: [ParNew: 25920K->2816K(25920K), 0,0176307 secs] 472888K->450886K(678820K), 0,0178424 secs] [Times: user=0,03 sys=0,00, real=0,02 secs] 
180,755: [GC (Allocation Failure) 180,755: [ParNew: 25920K->2816K(25920K), 0,0167853 secs] 473274K->451206K(678820K), 0,0170132 secs] [Times: user=0,03 sys=0,00, real=0,02 secs] 
180,825: [GC (Allocation Failure) 180,825: [ParNew: 25920K->2816K(25920K), 0,0195801 secs] 462474K->440483K(678820K), 0,0197823 secs] [Times: user=0,03 sys=0,00, real=0,02 secs] 
180,889: [GC (Allocation Failure) 180,890: [ParNew: 25920K->2816K(25920K), 0,0162056 secs] 462774K->440615K(678820K), 0,0164175 secs] [Times: user=0,03 sys=0,00, real=0,01 secs] 
180,955: [GC (Allocation Failure) 180,955: [ParNew: 25920K->2816K(25920K), 0,0178977 secs] 460418K->438436K(678820K), 0,0181289 secs] [Times: user=0,03 sys=0,00, real=0,02 secs] 
181,008: [GC (Allocation Failure) 181,008: [ParNew: 25920K->2816K(25920K), 0,0162415 secs] 459709K->437630K(678820K), 0,0164835 secs] [Times: user=0,03 sys=0,00, real=0,01 secs] 
181,056: [GC (Allocation Failure) 181,057: [ParNew: 25920K->2144K(25920K), 0,0174023 secs] 460663K->438015K(678820K), 0,0176934 secs] [Times: user=0,03 sys=0,01, real=0,01 secs] 
181,111: [GC (Allocation Failure) 181,111: [ParNew: 25248K->2816K(25920K), 0,0260446 secs] 460359K->438936K(678820K), 0,0263102 secs] [Times: user=0,03 sys=0,00, real=0,03 secs] 
181,174: [GC (Allocation Failure) 181,174: [ParNew: 25920K->2816K(25920K), 0,0231154 secs] 462002K->439927K(678820K), 0,0233319 secs] [Times: user=0,03 sys=0,00, real=0,03 secs] 
181,235: [GC (Allocation Failure) 181,235: [ParNew: 25920K->2816K(25920K), 0,0164921 secs] 462969K->440803K(678820K), 0,0167145 secs] [Times: user=0,03 sys=0,00, real=0,02 secs] 
181,294: [GC (Allocation Failure) 181,294: [ParNew: 25920K->2816K(25920K), 0,0180082 secs] 462978K->440924K(678820K), 0,0183248 secs] [Times: user=0,04 sys=0,00, real=0,02 secs] 
181,360: [GC (Allocation Failure) 181,360: [ParNew: 25920K->2816K(25920K), 0,0277330 secs] 463617K->441565K(678820K), 0,0279643 secs] [Times: user=0,04 sys=0,00, real=0,03 secs] 
181,416: [GC (Allocation Failure) 181,416: [ParNew: 25920K->2091K(25920K), 0,0310052 secs] 464669K->441762K(678820K), 0,0313703 secs] [Times: user=0,03 sys=0,00, real=0,04 secs] 
181,498: [GC (Allocation Failure) 181,498: [ParNew: 25195K->1890K(25920K), 0,0155124 secs] 464629K->442263K(678820K), 0,0157350 secs] [Times: user=0,03 sys=0,00, real=0,01 secs] 
181,572: [GC (Allocation Failure) 181,573: [ParNew: 24994K->2623K(25920K), 0,0232664 secs] 464564K->443070K(678820K), 0,0234899 secs] [Times: user=0,04 sys=0,00, real=0,02 secs] 
181,649: [GC (Allocation Failure) 181,649: [ParNew: 25727K->2455K(25920K), 0,0152374 secs] 465370K->442915K(678820K), 0,0155265 secs] [Times: user=0,03 sys=0,00, real=0,01 secs] 
181,711: [GC (Allocation Failure) 181,711: [ParNew: 25559K->1630K(25920K), 0,0130362 secs] 465710K->442555K(678820K), 0,0132632 secs] [Times: user=0,03 sys=0,00, real=0,01 secs] 
181,789: [GC (Allocation Failure) 181,789: [ParNew: 24734K->2766K(25920K), 0,0114006 secs] 464450K->442481K(678820K), 0,0116051 secs] [Times: user=0,02 sys=0,00, real=0,01 secs] 
181,870: [GC (Allocation Failure) 181,870: [ParNew: 25870K->2585K(25920K), 0,0206581 secs] 464334K->441894K(678820K), 0,0208752 secs] [Times: user=0,03 sys=0,00, real=0,02 secs] 
182,284: [CMS-concurrent-sweep: 2,461/3,912 secs] [Times: user=5,42 sys=0,11, real=3,91 secs] 
182,284: [CMS-concurrent-reset-start]
182,295: [CMS-concurrent-reset: 0,011/0,011 secs] [Times: user=0,01 sys=0,00, real=0,01 secs] 
204,169: [GC (Allocation Failure) 204,169: [ParNew: 25689K->1741K(25920K), 0,0184134 secs] 293932K->270425K(678820K), 0,0187375 secs] [Times: user=0,01 sys=0,00, real=0,02 secs] 
236,174: [GC (Allocation Failure) 236,174: [ParNew: 24845K->1499K(25920K), 0,0162687 secs] 293529K->270726K(678820K), 0,0165713 secs] [Times: user=0,02 sys=0,00, real=0,02 secs] 
