Java HotSpot(TM) 64-Bit Server VM (25.111-b14) for linux-amd64 JRE (1.8.0_111-b14), built on Sep 22 2016 16:14:03 by "java_re" with gcc 4.3.0 20080428 (Red Hat 4.3.0-8)
Memory: 4k page, physical 3945056k(825580k free), swap 3998716k(3940560k free)
CommandLine flags: -XX:InitialHeapSize=67108864 -XX:+ManagementServer -XX:MaxHeapSize=1073741824 -XX:+PrintGC -XX:+PrintGCDetails -XX:+PrintGCTimeStamps -XX:+UseCompressedClassPointers -XX:+UseCompressedOops -XX:+UseParallelGC 
1,581: [GC (Allocation Failure) [PSYoungGen: 16384K->2544K(18944K)] 16384K->4315K(62976K), 0,0245813 secs] [Times: user=0,03 sys=0,00, real=0,03 secs] 
2,752: [GC (Allocation Failure) [PSYoungGen: 18928K->2528K(35328K)] 20699K->8226K(79360K), 0,0427054 secs] [Times: user=0,06 sys=0,01, real=0,05 secs] 
3,599: [GC (Allocation Failure) [PSYoungGen: 35296K->2528K(35328K)] 40994K->14116K(79360K), 0,0263748 secs] [Times: user=0,04 sys=0,01, real=0,03 secs] 
4,003: [GC (Allocation Failure) [PSYoungGen: 35296K->2544K(68096K)] 46884K->20136K(112128K), 0,0297181 secs] [Times: user=0,02 sys=0,03, real=0,03 secs] 
4,921: [GC (Allocation Failure) [PSYoungGen: 68080K->2544K(68096K)] 85672K->31496K(112128K), 0,0424056 secs] [Times: user=0,05 sys=0,02, real=0,04 secs] 
5,777: [GC (Allocation Failure) [PSYoungGen: 68080K->14317K(143872K)] 97032K->43278K(187904K), 0,0498331 secs] [Times: user=0,04 sys=0,03, real=0,05 secs] 
7,550: [GC (Allocation Failure) [PSYoungGen: 143341K->16867K(145920K)] 172302K->58783K(189952K), 0,0998807 secs] [Times: user=0,14 sys=0,03, real=0,10 secs] 
7,650: [Full GC (Ergonomics) [PSYoungGen: 16867K->10003K(145920K)] [ParOldGen: 41916K->43581K(81408K)] 58783K->53585K(227328K), [Metaspace: 16566K->16566K(1064960K)], 0,1847512 secs] [Times: user=0,26 sys=0,02, real=0,19 secs] 
10,179: [GC (Allocation Failure) [PSYoungGen: 139027K->22726K(233984K)] 182609K->66315K(315392K), 0,0579443 secs] [Times: user=0,06 sys=0,02, real=0,06 secs] 
14,572: [GC (Allocation Failure) [PSYoungGen: 233670K->29153K(278528K)] 277259K->90064K(359936K), 0,1073923 secs] [Times: user=0,10 sys=0,06, real=0,11 secs] 
36,778: [GC (Metadata GC Threshold) [PSYoungGen: 230199K->40928K(290816K)] 291110K->108077K(372224K), 0,1513317 secs] [Times: user=0,09 sys=0,09, real=0,15 secs] 
36,930: [Full GC (Metadata GC Threshold) [PSYoungGen: 40928K->0K(290816K)] [ParOldGen: 67148K->56442K(104448K)] 108077K->56442K(395264K), [Metaspace: 27784K->27784K(1075200K)], 0,1953645 secs] [Times: user=0,30 sys=0,00, real=0,20 secs] 
100,818: [GC (Allocation Failure) [PSYoungGen: 249856K->27509K(299520K)] 306298K->83960K(403968K), 0,0608592 secs] [Times: user=0,10 sys=0,00, real=0,06 secs] 
102,209: [GC (Allocation Failure) [PSYoungGen: 277365K->12192K(296448K)] 333816K->94532K(400896K), 0,1148699 secs] [Times: user=0,17 sys=0,03, real=0,11 secs] 
102,324: [Full GC (Ergonomics) [PSYoungGen: 12192K->0K(296448K)] [ParOldGen: 82340K->61958K(120832K)] 94532K->61958K(417280K), [Metaspace: 30745K->30745K(1077248K)], 0,4298986 secs] [Times: user=0,71 sys=0,01, real=0,43 secs] 
103,454: [GC (Allocation Failure) [PSYoungGen: 249856K->12480K(297984K)] 311814K->74438K(418816K), 0,0549928 secs] [Times: user=0,09 sys=0,00, real=0,06 secs] 
104,179: [GC (Allocation Failure) [PSYoungGen: 262336K->12864K(297984K)] 324294K->87294K(418816K), 0,0771000 secs] [Times: user=0,13 sys=0,00, real=0,08 secs] 
104,889: [GC (Allocation Failure) [PSYoungGen: 267328K->13280K(299520K)] 341758K->100574K(420352K), 0,0870213 secs] [Times: user=0,14 sys=0,01, real=0,09 secs] 
105,525: [GC (Allocation Failure) [PSYoungGen: 267744K->13344K(300032K)] 355038K->113886K(420864K), 0,0980134 secs] [Times: user=0,14 sys=0,03, real=0,09 secs] 
105,623: [Full GC (Ergonomics) [PSYoungGen: 13344K->0K(300032K)] [ParOldGen: 100542K->113664K(181760K)] 113886K->113664K(481792K), [Metaspace: 30750K->30750K(1077248K)], 0,8373329 secs] [Times: user=1,43 sys=0,07, real=0,84 secs] 
107,032: [GC (Allocation Failure) [PSYoungGen: 260608K->14016K(302080K)] 374272K->127680K(483840K), 0,0490698 secs] [Times: user=0,09 sys=0,00, real=0,05 secs] 
107,642: [GC (Allocation Failure) [PSYoungGen: 274624K->13760K(304128K)] 388288K->141216K(485888K), 0,0965743 secs] [Times: user=0,14 sys=0,02, real=0,10 secs] 
108,303: [GC (Allocation Failure) [PSYoungGen: 281536K->14112K(306176K)] 408992K->155304K(487936K), 0,1120656 secs] [Times: user=0,16 sys=0,02, real=0,12 secs] 
109,041: [GC (Allocation Failure) [PSYoungGen: 281888K->14080K(307712K)] 423080K->169401K(489472K), 0,1269670 secs] [Times: user=0,17 sys=0,01, real=0,13 secs] 
110,615: [GC (Allocation Failure) [PSYoungGen: 288512K->16823K(309248K)] 443833K->186216K(491008K), 0,1406395 secs] [Times: user=0,22 sys=0,02, real=0,14 secs] 
110,756: [Full GC (Ergonomics) [PSYoungGen: 16823K->4308K(309248K)] [ParOldGen: 169393K->181316K(259584K)] 186216K->185625K(568832K), [Metaspace: 31585K->31571K(1077248K)], 1,9006700 secs] [Times: user=3,22 sys=0,02, real=1,90 secs] 
113,855: [GC (Allocation Failure) [PSYoungGen: 278740K->1984K(313344K)] 460057K->185886K(572928K), 0,1380941 secs] [Times: user=0,21 sys=0,00, real=0,13 secs] 
114,523: [GC (Allocation Failure) [PSYoungGen: 282048K->16800K(314368K)] 465950K->200710K(573952K), 0,0695194 secs] [Times: user=0,12 sys=0,00, real=0,07 secs] 
115,150: [GC (Allocation Failure) [PSYoungGen: 296864K->31680K(307200K)] 480774K->215590K(566784K), 0,1249429 secs] [Times: user=0,20 sys=0,01, real=0,13 secs] 
115,786: [GC (Allocation Failure) [PSYoungGen: 306112K->37376K(311808K)] 490022K->230126K(571392K), 0,3181871 secs] [Times: user=0,34 sys=0,18, real=0,31 secs] 
116,672: [GC (Allocation Failure) [PSYoungGen: 311808K->26560K(294400K)] 504558K->244770K(553984K), 0,2075786 secs] [Times: user=0,26 sys=0,04, real=0,21 secs] 
117,406: [GC (Allocation Failure) [PSYoungGen: 283584K->13600K(303104K)] 501794K->258394K(562688K), 0,1692826 secs] [Times: user=0,24 sys=0,05, real=0,17 secs] 
117,576: [Full GC (Ergonomics) [PSYoungGen: 13600K->0K(303104K)] [ParOldGen: 244794K->116364K(209920K)] 258394K->116364K(513024K), [Metaspace: 31639K->31639K(1077248K)], 0,8857730 secs] [Times: user=1,55 sys=0,01, real=0,88 secs] 
118,950: [GC (Allocation Failure) [PSYoungGen: 257024K->13920K(298496K)] 373388K->130292K(508416K), 0,0684764 secs] [Times: user=0,12 sys=0,00, real=0,07 secs] 
119,398: [GC (Allocation Failure) [PSYoungGen: 272480K->13664K(301568K)] 388852K->143740K(511488K), 0,0827619 secs] [Times: user=0,14 sys=0,00, real=0,08 secs] 
119,876: [GC (Allocation Failure) [PSYoungGen: 272224K->13728K(302080K)] 402300K->157476K(512000K), 0,0860033 secs] [Times: user=0,15 sys=0,00, real=0,08 secs] 
120,402: [GC (Allocation Failure) [PSYoungGen: 277920K->13632K(304640K)] 421668K->171060K(514560K), 0,0940025 secs] [Times: user=0,15 sys=0,00, real=0,10 secs] 
121,022: [GC (Allocation Failure) [PSYoungGen: 277824K->11264K(305664K)] 435252K->182116K(515584K), 0,0921444 secs] [Times: user=0,13 sys=0,00, real=0,09 secs] 
121,833: [GC (Allocation Failure) [PSYoungGen: 281088K->8256K(307712K)] 451940K->190260K(517632K), 0,0762206 secs] [Times: user=0,11 sys=0,00, real=0,08 secs] 
122,410: [GC (Allocation Failure) [PSYoungGen: 278080K->11552K(307712K)] 460084K->201748K(517632K), 0,1343339 secs] [Times: user=0,19 sys=0,00, real=0,13 secs] 
122,545: [Full GC (Ergonomics) [PSYoungGen: 11552K->0K(307712K)] [ParOldGen: 190196K->107276K(203264K)] 201748K->107276K(510976K), [Metaspace: 31659K->31659K(1077248K)], 0,7955234 secs] [Times: user=1,34 sys=0,01, real=0,79 secs] 
123,763: [GC (Allocation Failure) [PSYoungGen: 273920K->14368K(309760K)] 381196K->121644K(513024K), 0,0523184 secs] [Times: user=0,09 sys=0,00, real=0,06 secs] 
124,167: [GC (Allocation Failure) [PSYoungGen: 288288K->14688K(308736K)] 395564K->136292K(512000K), 0,0985786 secs] [Times: user=0,16 sys=0,01, real=0,10 secs] 
124,617: [GC (Allocation Failure) [PSYoungGen: 293728K->15104K(311296K)] 415332K->151212K(514560K), 0,0949410 secs] [Times: user=0,16 sys=0,00, real=0,09 secs] 
125,113: [GC (Allocation Failure) [PSYoungGen: 294144K->14720K(313856K)] 430252K->165788K(517120K), 0,0979734 secs] [Times: user=0,17 sys=0,01, real=0,10 secs] 
125,904: [GC (Allocation Failure) [PSYoungGen: 300928K->15424K(315904K)] 451996K->181164K(519168K), 0,0937972 secs] [Times: user=0,17 sys=0,00, real=0,10 secs] 
126,407: [GC (Allocation Failure) [PSYoungGen: 301632K->15200K(316928K)] 467372K->196180K(520192K), 0,0925476 secs] [Times: user=0,17 sys=0,00, real=0,09 secs] 
126,499: [Full GC (Ergonomics) [PSYoungGen: 15200K->0K(316928K)] [ParOldGen: 180980K->144489K(250368K)] 196180K->144489K(567296K), [Metaspace: 31677K->31677K(1077248K)], 1,1762577 secs] [Times: user=2,02 sys=0,00, real=1,18 secs] 
128,219: [GC (Allocation Failure) [PSYoungGen: 291328K->15200K(318464K)] 435817K->159697K(568832K), 0,0765511 secs] [Times: user=0,10 sys=0,00, real=0,08 secs] 
128,776: [GC (Allocation Failure) [PSYoungGen: 306528K->25600K(315392K)] 451025K->173441K(565760K), 0,0961349 secs] [Times: user=0,16 sys=0,01, real=0,09 secs] 
129,426: [GC (Allocation Failure) [PSYoungGen: 315392K->11168K(319488K)] 463233K->184681K(569856K), 0,1324732 secs] [Times: user=0,22 sys=0,00, real=0,13 secs] 
130,137: [GC (Allocation Failure) [PSYoungGen: 300960K->23968K(316416K)] 474473K->197481K(566784K), 0,0924770 secs] [Times: user=0,13 sys=0,01, real=0,09 secs] 
130,731: [GC (Allocation Failure) [PSYoungGen: 310688K->31232K(317952K)] 484201K->209105K(568320K), 0,1040775 secs] [Times: user=0,18 sys=0,01, real=0,11 secs] 
131,298: [GC (Allocation Failure) [PSYoungGen: 317952K->24128K(306688K)] 495825K->224217K(557056K), 0,1411505 secs] [Times: user=0,25 sys=0,00, real=0,14 secs] 
131,884: [GC (Allocation Failure) [PSYoungGen: 299584K->29376K(305152K)] 499673K->238561K(555520K), 0,1399225 secs] [Times: user=0,25 sys=0,01, real=0,14 secs] 
132,453: [GC (Allocation Failure) [PSYoungGen: 304832K->14464K(311296K)] 514017K->253065K(561664K), 0,2001634 secs] [Times: user=0,31 sys=0,05, real=0,20 secs] 
132,654: [Full GC (Ergonomics) [PSYoungGen: 14464K->0K(311296K)] [ParOldGen: 238601K->108009K(231424K)] 253065K->108009K(542720K), [Metaspace: 31699K->31699K(1077248K)], 0,7985668 secs] [Times: user=1,37 sys=0,00, real=0,80 secs] 
133,879: [GC (Allocation Failure) [PSYoungGen: 272384K->14816K(287232K)] 380393K->122825K(518656K), 0,0577160 secs] [Times: user=0,10 sys=0,00, real=0,06 secs] 
134,287: [GC (Allocation Failure) [PSYoungGen: 287200K->14272K(309760K)] 395209K->137009K(541184K), 0,0962440 secs] [Times: user=0,16 sys=0,00, real=0,09 secs] 
134,747: [GC (Allocation Failure) [PSYoungGen: 287168K->13792K(309248K)] 409905K->150809K(540672K), 0,0841836 secs] [Times: user=0,15 sys=0,00, real=0,08 secs] 
135,200: [GC (Allocation Failure) [PSYoungGen: 286688K->13792K(311808K)] 423705K->164529K(543232K), 0,0884948 secs] [Times: user=0,15 sys=0,00, real=0,09 secs] 
135,725: [GC (Allocation Failure) [PSYoungGen: 290784K->13728K(311296K)] 441521K->178081K(542720K), 0,0852571 secs] [Times: user=0,15 sys=0,00, real=0,08 secs] 
136,325: [GC (Allocation Failure) [PSYoungGen: 290720K->11104K(313856K)] 455073K->189001K(545280K), 0,0876087 secs] [Times: user=0,15 sys=0,00, real=0,08 secs] 
137,428: [GC (Allocation Failure) [PSYoungGen: 291680K->11840K(313344K)] 469577K->200801K(544768K), 0,0875172 secs] [Times: user=0,14 sys=0,00, real=0,09 secs] 
138,414: [GC (Allocation Failure) [PSYoungGen: 292416K->12672K(315392K)] 481377K->213393K(546816K), 0,1209827 secs] [Times: user=0,15 sys=0,00, real=0,13 secs] 
139,498: [GC (Allocation Failure) [PSYoungGen: 296832K->26912K(315392K)] 497553K->227641K(546816K), 0,1634962 secs] [Times: user=0,27 sys=0,01, real=0,16 secs] 
140,578: [GC (Allocation Failure) [PSYoungGen: 311072K->33792K(300032K)] 511801K->242489K(531456K), 0,1798595 secs] [Times: user=0,25 sys=0,00, real=0,18 secs] 
140,758: [Full GC (Ergonomics) [PSYoungGen: 33792K->0K(300032K)] [ParOldGen: 208697K->101675K(227328K)] 242489K->101675K(527360K), [Metaspace: 31777K->31777K(1077248K)], 0,7301855 secs] [Times: user=1,28 sys=0,01, real=0,73 secs] 
142,339: [GC (Allocation Failure) [PSYoungGen: 266240K->13856K(307712K)] 367915K->115531K(535040K), 0,1010011 secs] [Times: user=0,15 sys=0,00, real=0,10 secs] 
143,118: [GC (Allocation Failure) [PSYoungGen: 280096K->27840K(306176K)] 381771K->129515K(533504K), 0,0843161 secs] [Times: user=0,15 sys=0,00, real=0,08 secs] 
143,522: [GC (Allocation Failure) [PSYoungGen: 294080K->41472K(307712K)] 395755K->143363K(535040K), 0,1163571 secs] [Times: user=0,21 sys=0,00, real=0,12 secs] 
143,976: [GC (Allocation Failure) [PSYoungGen: 307712K->41440K(287232K)] 409603K->157131K(514560K), 0,1592099 secs] [Times: user=0,27 sys=0,00, real=0,16 secs] 
144,475: [GC (Allocation Failure) [PSYoungGen: 287200K->25440K(297472K)] 402891K->168923K(524800K), 0,1521814 secs] [Times: user=0,26 sys=0,00, real=0,15 secs] 
144,988: [GC (Allocation Failure) [PSYoungGen: 271200K->12128K(294400K)] 414683K->181051K(521728K), 0,1129614 secs] [Times: user=0,20 sys=0,00, real=0,11 secs] 
145,502: [GC (Allocation Failure) [PSYoungGen: 259936K->9984K(296960K)] 428859K->190963K(524288K), 0,0690215 secs] [Times: user=0,13 sys=0,00, real=0,07 secs] 
145,990: [GC (Allocation Failure) [PSYoungGen: 257792K->9920K(298496K)] 438771K->200835K(525824K), 0,0643058 secs] [Times: user=0,11 sys=0,00, real=0,06 secs] 
146,439: [GC (Allocation Failure) [PSYoungGen: 261312K->11744K(299520K)] 452227K->212331K(526848K), 0,0785628 secs] [Times: user=0,12 sys=0,00, real=0,08 secs] 
146,518: [Full GC (Ergonomics) [PSYoungGen: 11744K->0K(299520K)] [ParOldGen: 200587K->92101K(230912K)] 212331K->92101K(530432K), [Metaspace: 31834K->31834K(1077248K)], 0,6141554 secs] [Times: user=1,07 sys=0,01, real=0,61 secs] 
147,458: [GC (Allocation Failure) [PSYoungGen: 251392K->12544K(299520K)] 343493K->104645K(530432K), 0,0578819 secs] [Times: user=0,09 sys=0,00, real=0,06 secs] 
147,825: [GC (Allocation Failure) [PSYoungGen: 267008K->13344K(300032K)] 359109K->117965K(530944K), 0,0960277 secs] [Times: user=0,14 sys=0,00, real=0,09 secs] 
148,226: [GC (Allocation Failure) [PSYoungGen: 267808K->13216K(302080K)] 372429K->131005K(532992K), 0,0835026 secs] [Times: user=0,14 sys=0,01, real=0,08 secs] 
148,675: [GC (Allocation Failure) [PSYoungGen: 273312K->13792K(302080K)] 391101K->144797K(532992K), 0,1124268 secs] [Times: user=0,19 sys=0,00, real=0,11 secs] 
149,136: [GC (Allocation Failure) [PSYoungGen: 273888K->13248K(305664K)] 404893K->157805K(536576K), 0,0871208 secs] [Times: user=0,14 sys=0,00, real=0,08 secs] 
149,558: [GC (Allocation Failure) [PSYoungGen: 280000K->14016K(305664K)] 424557K->171805K(536576K), 0,0825436 secs] [Times: user=0,15 sys=0,00, real=0,08 secs] 
149,991: [GC (Allocation Failure) [PSYoungGen: 280768K->13664K(309248K)] 438557K->185301K(540160K), 0,0854445 secs] [Times: user=0,15 sys=0,00, real=0,09 secs] 
150,440: [GC (Allocation Failure) [PSYoungGen: 286048K->13216K(308224K)] 457685K->198501K(539136K), 0,0900214 secs] [Times: user=0,15 sys=0,00, real=0,09 secs] 
150,943: [GC (Allocation Failure) [PSYoungGen: 285600K->12800K(311808K)] 470885K->211293K(542720K), 0,0893763 secs] [Times: user=0,15 sys=0,00, real=0,09 secs] 
151,470: [GC (Allocation Failure) [PSYoungGen: 290816K->12064K(310784K)] 489309K->223309K(541696K), 0,0827999 secs] [Times: user=0,14 sys=0,00, real=0,08 secs] 
151,553: [Full GC (Ergonomics) [PSYoungGen: 12064K->0K(310784K)] [ParOldGen: 211245K->134283K(278016K)] 223309K->134283K(588800K), [Metaspace: 31877K->31877K(1077248K)], 1,0448544 secs] [Times: user=1,85 sys=0,00, real=1,05 secs] 
153,063: [GC (Allocation Failure) [PSYoungGen: 278016K->12032K(315392K)] 412299K->146315K(593408K), 0,0489352 secs] [Times: user=0,08 sys=0,00, real=0,05 secs] 
153,518: [GC (Allocation Failure) [PSYoungGen: 295680K->13792K(314368K)] 429963K->160051K(592384K), 0,0769005 secs] [Times: user=0,15 sys=0,00, real=0,08 secs] 
153,956: [GC (Allocation Failure) [PSYoungGen: 297440K->14528K(316928K)] 443699K->174379K(594944K), 0,0857348 secs] [Times: user=0,15 sys=0,00, real=0,08 secs] 
154,384: [GC (Allocation Failure) [PSYoungGen: 302784K->14912K(316416K)] 462635K->189283K(594432K), 0,0887261 secs] [Times: user=0,15 sys=0,00, real=0,09 secs] 
154,851: [GC (Allocation Failure) [PSYoungGen: 303168K->15008K(320000K)] 477539K->204267K(598016K), 0,0961073 secs] [Times: user=0,15 sys=0,02, real=0,10 secs] 
155,343: [GC (Allocation Failure) [PSYoungGen: 308384K->14944K(318976K)] 497643K->219203K(596992K), 0,1060874 secs] [Times: user=0,19 sys=0,00, real=0,11 secs] 
155,859: [GC (Allocation Failure) [PSYoungGen: 308320K->15008K(322560K)] 512579K->234035K(600576K), 0,1167735 secs] [Times: user=0,18 sys=0,00, real=0,12 secs] 
156,394: [GC (Allocation Failure) [PSYoungGen: 312992K->14304K(321536K)] 532019K->248307K(599552K), 0,1382100 secs] [Times: user=0,20 sys=0,01, real=0,14 secs] 
157,082: [GC (Allocation Failure) [PSYoungGen: 312288K->13600K(324608K)] 546291K->261896K(602624K), 0,1615083 secs] [Times: user=0,16 sys=0,02, real=0,16 secs] 
157,930: [GC (Allocation Failure) [PSYoungGen: 315168K->10144K(324096K)] 563464K->271968K(602112K), 0,0805331 secs] [Times: user=0,13 sys=0,02, real=0,08 secs] 
158,011: [Full GC (Ergonomics) [PSYoungGen: 10144K->0K(324096K)] [ParOldGen: 261824K->82524K(236032K)] 271968K->82524K(560128K), [Metaspace: 31948K->31948K(1079296K)], 0,5431746 secs] [Times: user=0,88 sys=0,01, real=0,54 secs] 
Heap
 PSYoungGen      total 324096K, used 199738K [0x00000000eab00000, 0x00000000fff80000, 0x0000000100000000)
  eden space 301568K, 66% used [0x00000000eab00000,0x00000000f6e0e8e8,0x00000000fd180000)
  from space 22528K, 0% used [0x00000000fd180000,0x00000000fd180000,0x00000000fe780000)
  to   space 22528K, 0% used [0x00000000fe980000,0x00000000fe980000,0x00000000fff80000)
 ParOldGen       total 236032K, used 82524K [0x00000000c0000000, 0x00000000ce680000, 0x00000000eab00000)
  object space 236032K, 34% used [0x00000000c0000000,0x00000000c50970a8,0x00000000ce680000)
 Metaspace       used 32278K, capacity 32995K, committed 33280K, reserved 1079296K
  class space    used 3802K, capacity 4013K, committed 4096K, reserved 1048576K
