Java HotSpot(TM) 64-Bit Server VM (25.111-b14) for linux-amd64 JRE (1.8.0_111-b14), built on Sep 22 2016 16:14:03 by "java_re" with gcc 4.3.0 20080428 (Red Hat 4.3.0-8)
Memory: 4k page, physical 3945056k(856624k free), swap 3998716k(3937608k free)
CommandLine flags: -XX:InitialHeapSize=67108864 -XX:+ManagementServer -XX:MaxHeapSize=1073741824 -XX:+PrintGC -XX:+PrintGCDetails -XX:+PrintGCTimeStamps -XX:+UseCompressedClassPointers -XX:+UseCompressedOops -XX:+UseParallelGC 
1,591: [GC (Allocation Failure) [PSYoungGen: 16384K->2544K(18944K)] 16384K->4343K(62976K), 0,0218766 secs] [Times: user=0,03 sys=0,00, real=0,02 secs] 
2,545: [GC (Allocation Failure) [PSYoungGen: 18928K->2538K(35328K)] 20727K->8267K(79360K), 0,0281578 secs] [Times: user=0,04 sys=0,01, real=0,03 secs] 
3,322: [GC (Allocation Failure) [PSYoungGen: 35306K->2528K(35328K)] 41035K->14148K(79360K), 0,0311893 secs] [Times: user=0,04 sys=0,01, real=0,03 secs] 
3,739: [GC (Allocation Failure) [PSYoungGen: 35296K->2544K(68096K)] 46916K->20191K(112128K), 0,0407115 secs] [Times: user=0,05 sys=0,01, real=0,05 secs] 
4,711: [GC (Allocation Failure) [PSYoungGen: 68080K->2544K(68096K)] 85727K->31113K(112128K), 0,0369289 secs] [Times: user=0,04 sys=0,02, real=0,03 secs] 
5,472: [GC (Allocation Failure) [PSYoungGen: 68080K->13840K(142848K)] 96649K->42410K(186880K), 0,0429852 secs] [Times: user=0,04 sys=0,02, real=0,04 secs] 
6,609: [GC (Allocation Failure) [PSYoungGen: 142352K->16895K(145408K)] 170922K->58040K(189440K), 0,0760420 secs] [Times: user=0,06 sys=0,04, real=0,07 secs] 
6,685: [Full GC (Ergonomics) [PSYoungGen: 16895K->9141K(145408K)] [ParOldGen: 41144K->43650K(79872K)] 58040K->52792K(225280K), [Metaspace: 16559K->16559K(1064960K)], 0,1599478 secs] [Times: user=0,25 sys=0,01, real=0,16 secs] 
9,099: [GC (Allocation Failure) [PSYoungGen: 137653K->21700K(235008K)] 181304K->65359K(314880K), 0,0685198 secs] [Times: user=0,10 sys=0,03, real=0,06 secs] 
12,816: [GC (Allocation Failure) [PSYoungGen: 234692K->28649K(275968K)] 278351K->89414K(355840K), 0,1056698 secs] [Times: user=0,10 sys=0,06, real=0,11 secs] 
39,146: [GC (Metadata GC Threshold) [PSYoungGen: 223528K->39916K(291840K)] 284292K->107610K(371712K), 0,1412985 secs] [Times: user=0,12 sys=0,05, real=0,14 secs] 
39,287: [Full GC (Metadata GC Threshold) [PSYoungGen: 39916K->0K(291840K)] [ParOldGen: 67694K->56843K(102912K)] 107610K->56843K(394752K), [Metaspace: 28128K->28128K(1075200K)], 0,2204199 secs] [Times: user=0,31 sys=0,01, real=0,22 secs] 
132,984: [GC (Allocation Failure) [PSYoungGen: 251904K->21017K(300544K)] 308747K->77868K(403456K), 0,0840412 secs] [Times: user=0,10 sys=0,00, real=0,08 secs] 
133,906: [GC (Allocation Failure) [PSYoungGen: 272921K->14608K(294400K)] 329772K->90787K(397312K), 0,0965976 secs] [Times: user=0,16 sys=0,02, real=0,10 secs] 
134,722: [GC (Allocation Failure) [PSYoungGen: 268560K->15312K(298496K)] 344739K->105952K(401408K), 0,1115100 secs] [Times: user=0,17 sys=0,03, real=0,11 secs] 
134,833: [Full GC (Ergonomics) [PSYoungGen: 15312K->0K(298496K)] [ParOldGen: 90640K->72842K(127488K)] 105952K->72842K(425984K), [Metaspace: 31390K->31390K(1077248K)], 0,5506849 secs] [Times: user=0,95 sys=0,00, real=0,55 secs] 
136,093: [GC (Allocation Failure) [PSYoungGen: 253952K->14304K(300032K)] 326794K->87154K(427520K), 0,0561139 secs] [Times: user=0,09 sys=0,00, real=0,05 secs] 
136,903: [GC (Allocation Failure) [PSYoungGen: 275936K->15104K(303104K)] 348786K->102163K(430592K), 0,0892548 secs] [Times: user=0,15 sys=0,00, real=0,09 secs] 
137,720: [GC (Allocation Failure) [PSYoungGen: 276736K->13952K(304640K)] 363795K->116052K(432128K), 0,0986454 secs] [Times: user=0,14 sys=0,03, real=0,09 secs] 
138,574: [GC (Allocation Failure) [PSYoungGen: 282240K->13776K(306688K)] 384340K->129805K(434176K), 0,1300346 secs] [Times: user=0,14 sys=0,04, real=0,13 secs] 
138,705: [Full GC (Ergonomics) [PSYoungGen: 13776K->0K(306688K)] [ParOldGen: 116029K->117992K(182784K)] 129805K->117992K(489472K), [Metaspace: 31456K->31456K(1077248K)], 0,8569942 secs] [Times: user=1,48 sys=0,00, real=0,86 secs] 
140,267: [GC (Allocation Failure) [PSYoungGen: 268288K->14176K(307200K)] 386280K->132168K(489984K), 0,0611800 secs] [Times: user=0,12 sys=0,00, real=0,06 secs] 
141,087: [GC (Allocation Failure) [PSYoungGen: 288096K->14704K(309248K)] 406088K->146848K(492032K), 0,1222452 secs] [Times: user=0,16 sys=0,02, real=0,13 secs] 
141,822: [GC (Allocation Failure) [PSYoungGen: 288624K->14496K(311296K)] 420768K->161329K(494080K), 0,1104492 secs] [Times: user=0,16 sys=0,02, real=0,11 secs] 
142,713: [GC (Allocation Failure) [PSYoungGen: 294560K->12720K(312832K)] 441393K->173969K(495616K), 0,1045519 secs] [Times: user=0,15 sys=0,02, real=0,10 secs] 
142,818: [Full GC (Ergonomics) [PSYoungGen: 12720K->0K(312832K)] [ParOldGen: 161249K->165148K(239104K)] 173969K->165148K(551936K), [Metaspace: 31604K->31604K(1077248K)], 1,2064036 secs] [Times: user=2,02 sys=0,01, real=1,21 secs] 
144,757: [GC (Allocation Failure) [PSYoungGen: 280064K->11008K(314880K)] 445212K->176164K(553984K), 0,0630085 secs] [Times: user=0,11 sys=0,00, real=0,07 secs] 
145,684: [GC (Allocation Failure) [PSYoungGen: 295680K->22624K(315904K)] 460836K->187780K(555008K), 0,1139101 secs] [Times: user=0,13 sys=0,00, real=0,11 secs] 
146,511: [GC (Allocation Failure) [PSYoungGen: 307296K->32224K(305664K)] 472452K->201676K(544768K), 0,1612916 secs] [Times: user=0,21 sys=0,02, real=0,16 secs] 
147,310: [GC (Allocation Failure) [PSYoungGen: 305632K->25120K(299008K)] 475084K->215924K(538112K), 0,1679175 secs] [Times: user=0,27 sys=0,03, real=0,16 secs] 
148,093: [GC (Allocation Failure) [PSYoungGen: 298528K->14240K(311808K)] 489332K->230172K(550912K), 0,3468900 secs] [Times: user=0,26 sys=0,29, real=0,35 secs] 
148,440: [Full GC (Ergonomics) [PSYoungGen: 14240K->0K(311808K)] [ParOldGen: 215932K->88628K(176128K)] 230172K->88628K(487936K), [Metaspace: 31672K->31530K(1079296K)], 0,6226512 secs] [Times: user=1,05 sys=0,01, real=0,62 secs] 
149,643: [GC (Allocation Failure) [PSYoungGen: 273408K->14592K(288256K)] 362036K->103220K(464384K), 0,0562506 secs] [Times: user=0,09 sys=0,00, real=0,06 secs] 
150,240: [GC (Allocation Failure) [PSYoungGen: 288000K->14464K(310784K)] 376628K->117668K(486912K), 0,0894181 secs] [Times: user=0,16 sys=0,00, real=0,09 secs] 
150,887: [GC (Allocation Failure) [PSYoungGen: 288896K->14560K(309760K)] 392100K->132212K(485888K), 0,0839051 secs] [Times: user=0,16 sys=0,00, real=0,09 secs] 
151,535: [GC (Allocation Failure) [PSYoungGen: 288992K->14144K(312320K)] 406644K->146300K(488448K), 0,1055481 secs] [Times: user=0,15 sys=0,00, real=0,11 secs] 
152,337: [GC (Allocation Failure) [PSYoungGen: 292672K->13952K(311296K)] 424828K->160252K(487424K), 0,1019091 secs] [Times: user=0,16 sys=0,01, real=0,10 secs] 
153,033: [GC (Allocation Failure) [PSYoungGen: 292480K->12512K(314880K)] 438780K->172556K(491008K), 0,0867209 secs] [Times: user=0,15 sys=0,00, real=0,09 secs] 
153,120: [Full GC (Ergonomics) [PSYoungGen: 12512K->0K(314880K)] [ParOldGen: 160044K->136545K(228864K)] 172556K->136545K(543744K), [Metaspace: 31554K->31554K(1079296K)], 1,0568610 secs] [Times: user=1,84 sys=0,00, real=1,05 secs] 
154,776: [GC (Allocation Failure) [PSYoungGen: 283136K->12096K(314368K)] 419681K->148649K(543232K), 0,0473327 secs] [Times: user=0,08 sys=0,00, real=0,05 secs] 
155,552: [GC (Allocation Failure) [PSYoungGen: 295232K->22528K(315392K)] 431785K->159081K(544256K), 0,0868350 secs] [Times: user=0,12 sys=0,00, real=0,08 secs] 
156,476: [GC (Allocation Failure) [PSYoungGen: 307712K->31232K(316416K)] 444265K->173657K(545280K), 0,1258477 secs] [Times: user=0,21 sys=0,00, real=0,13 secs] 
157,232: [GC (Allocation Failure) [PSYoungGen: 316416K->25408K(305152K)] 458841K->188017K(534016K), 0,1510570 secs] [Times: user=0,23 sys=0,00, real=0,15 secs] 
157,998: [GC (Allocation Failure) [PSYoungGen: 297792K->28864K(301568K)] 460401K->202609K(530432K), 0,2245852 secs] [Times: user=0,42 sys=0,00, real=0,23 secs] 
159,056: [GC (Allocation Failure) [PSYoungGen: 301248K->14560K(310272K)] 474993K->216977K(539136K), 0,1544684 secs] [Times: user=0,22 sys=0,06, real=0,16 secs] 
159,211: [Full GC (Ergonomics) [PSYoungGen: 14560K->0K(310272K)] [ParOldGen: 202417K->109498K(215552K)] 216977K->109498K(525824K), [Metaspace: 31614K->31614K(1079296K)], 0,8063693 secs] [Times: user=1,42 sys=0,00, real=0,80 secs] 
160,792: [GC (Allocation Failure) [PSYoungGen: 270336K->14272K(284672K)] 379834K->123778K(500224K), 0,0621672 secs] [Times: user=0,09 sys=0,00, real=0,06 secs] 
161,965: [GC (Allocation Failure) [PSYoungGen: 284608K->14272K(309248K)] 394114K->138015K(524800K), 0,1903042 secs] [Times: user=0,18 sys=0,00, real=0,19 secs] 
163,083: [GC (Allocation Failure) [PSYoungGen: 285632K->13216K(308224K)] 409375K->151159K(523776K), 0,1202611 secs] [Times: user=0,16 sys=0,00, real=0,12 secs] 
163,906: [GC (Allocation Failure) [PSYoungGen: 284576K->13408K(310784K)] 422519K->164519K(526336K), 0,0968391 secs] [Times: user=0,15 sys=0,00, real=0,10 secs] 
164,659: [GC (Allocation Failure) [PSYoungGen: 288352K->13216K(310272K)] 439463K->177671K(525824K), 0,1270394 secs] [Times: user=0,15 sys=0,00, real=0,13 secs] 
165,343: [GC (Allocation Failure) [PSYoungGen: 288160K->12672K(312832K)] 452615K->190327K(528384K), 0,1622928 secs] [Times: user=0,29 sys=0,00, real=0,16 secs] 
166,171: [GC (Allocation Failure) [PSYoungGen: 291712K->11744K(312320K)] 469367K->202023K(527872K), 0,0952214 secs] [Times: user=0,14 sys=0,00, real=0,09 secs] 
166,267: [Full GC (Ergonomics) [PSYoungGen: 11744K->0K(312320K)] [ParOldGen: 190279K->102960K(211456K)] 202023K->102960K(523776K), [Metaspace: 31687K->31687K(1079296K)], 0,7892575 secs] [Times: user=1,28 sys=0,00, real=0,79 secs] 
167,737: [GC (Allocation Failure) [PSYoungGen: 279040K->13120K(314880K)] 382000K->116080K(526336K), 0,0779578 secs] [Times: user=0,12 sys=0,00, real=0,08 secs] 
168,584: [GC (Allocation Failure) [PSYoungGen: 296256K->13984K(314368K)] 399216K->129872K(525824K), 0,1882712 secs] [Times: user=0,26 sys=0,01, real=0,19 secs] 
169,465: [GC (Allocation Failure) [PSYoungGen: 297120K->14560K(316928K)] 413008K->144416K(528384K), 0,1684277 secs] [Times: user=0,31 sys=0,00, real=0,17 secs] 
170,259: [GC (Allocation Failure) [PSYoungGen: 301792K->15168K(316416K)] 431648K->159568K(527872K), 0,1424816 secs] [Times: user=0,16 sys=0,00, real=0,15 secs] 
171,096: [GC (Allocation Failure) [PSYoungGen: 302400K->15104K(318976K)] 446800K->174448K(530432K), 0,1389047 secs] [Times: user=0,16 sys=0,00, real=0,14 secs] 
171,849: [GC (Allocation Failure) [PSYoungGen: 306432K->15008K(317952K)] 465776K->189264K(529408K), 0,0940243 secs] [Times: user=0,16 sys=0,01, real=0,09 secs] 
172,537: [GC (Allocation Failure) [PSYoungGen: 306336K->14144K(321024K)] 480592K->203360K(532480K), 0,1138763 secs] [Times: user=0,17 sys=0,00, real=0,12 secs] 
172,651: [Full GC (Ergonomics) [PSYoungGen: 14144K->0K(321024K)] [ParOldGen: 189216K->137486K(253952K)] 203360K->137486K(574976K), [Metaspace: 31757K->31757K(1079296K)], 1,3142465 secs] [Times: user=1,94 sys=0,01, real=1,31 secs] 
174,649: [GC (Allocation Failure) [PSYoungGen: 295424K->14752K(320512K)] 432910K->152238K(574464K), 0,0650751 secs] [Times: user=0,13 sys=0,00, real=0,07 secs] 
175,321: [GC (Allocation Failure) [PSYoungGen: 310176K->24064K(316928K)] 447662K->165550K(570880K), 0,1112688 secs] [Times: user=0,15 sys=0,01, real=0,11 secs] 
176,221: [GC (Allocation Failure) [PSYoungGen: 316928K->12992K(321024K)] 458414K->178598K(574976K), 0,1401893 secs] [Times: user=0,21 sys=0,00, real=0,14 secs] 
176,995: [GC (Allocation Failure) [PSYoungGen: 305856K->13216K(318464K)] 471462K->191762K(572416K), 0,0790832 secs] [Times: user=0,15 sys=0,00, real=0,08 secs] 
177,641: [GC (Allocation Failure) [PSYoungGen: 306592K->26624K(320000K)] 485138K->205210K(573952K), 0,0804581 secs] [Times: user=0,14 sys=0,00, real=0,08 secs] 
178,340: [GC (Allocation Failure) [PSYoungGen: 320000K->15072K(320512K)] 498586K->220346K(574464K), 0,1362141 secs] [Times: user=0,22 sys=0,00, real=0,13 secs] 
179,073: [GC (Allocation Failure) [PSYoungGen: 306400K->15232K(306688K)] 511674K->235546K(560640K), 0,1114871 secs] [Times: user=0,16 sys=0,03, real=0,11 secs] 
179,784: [GC (Allocation Failure) [PSYoungGen: 306560K->15008K(320512K)] 526874K->250386K(574464K), 0,1463885 secs] [Times: user=0,17 sys=0,02, real=0,15 secs] 
179,931: [Full GC (Ergonomics) [PSYoungGen: 15008K->0K(320512K)] [ParOldGen: 235378K->111608K(243200K)] 250386K->111608K(563712K), [Metaspace: 31790K->31790K(1079296K)], 1,0601163 secs] [Times: user=1,48 sys=0,01, real=1,06 secs] 
181,583: [GC (Allocation Failure) [PSYoungGen: 292352K->14752K(319488K)] 403960K->126360K(562688K), 0,0563048 secs] [Times: user=0,10 sys=0,00, real=0,06 secs] 
182,248: [GC (Allocation Failure) [PSYoungGen: 307104K->26112K(314880K)] 418712K->140912K(558080K), 0,1280207 secs] [Times: user=0,21 sys=0,00, real=0,13 secs] 
183,154: [GC (Allocation Failure) [PSYoungGen: 314880K->14240K(318976K)] 429680K->155240K(562176K), 0,2025505 secs] [Times: user=0,28 sys=0,00, real=0,20 secs] 
184,021: [GC (Allocation Failure) [PSYoungGen: 303008K->13408K(317440K)] 444008K->168632K(560640K), 0,1643806 secs] [Times: user=0,30 sys=0,00, real=0,16 secs] 
184,897: [GC (Allocation Failure) [PSYoungGen: 302688K->13760K(318464K)] 457912K->182328K(561664K), 0,1462660 secs] [Times: user=0,21 sys=0,00, real=0,15 secs] 
185,786: [GC (Allocation Failure) [PSYoungGen: 303040K->13856K(318976K)] 471608K->196160K(562176K), 0,1667366 secs] [Times: user=0,27 sys=0,00, real=0,17 secs] 
186,590: [GC (Allocation Failure) [PSYoungGen: 305696K->13056K(319488K)] 488000K->209192K(562688K), 0,1526864 secs] [Times: user=0,26 sys=0,01, real=0,15 secs] 
187,530: [GC (Allocation Failure) [PSYoungGen: 304896K->14272K(319488K)] 501032K->223416K(562688K), 0,1220810 secs] [Times: user=0,16 sys=0,01, real=0,12 secs] 
188,497: [GC (Allocation Failure) [PSYoungGen: 308672K->15072K(320512K)] 517816K->238304K(563712K), 0,1406952 secs] [Times: user=0,18 sys=0,00, real=0,14 secs] 
188,638: [Full GC (Ergonomics) [PSYoungGen: 15072K->0K(320512K)] [ParOldGen: 223232K->105168K(243200K)] 238304K->105168K(563712K), [Metaspace: 31874K->31874K(1079296K)], 0,8483871 secs] [Times: user=1,33 sys=0,01, real=0,85 secs] 
190,159: [GC (Allocation Failure) [PSYoungGen: 294400K->14880K(320512K)] 399568K->120048K(563712K), 0,0725242 secs] [Times: user=0,09 sys=0,00, real=0,08 secs] 
191,011: [GC (Allocation Failure) [PSYoungGen: 312352K->15168K(322048K)] 417520K->135208K(565248K), 0,1346109 secs] [Times: user=0,20 sys=0,00, real=0,13 secs] 
191,880: [GC (Allocation Failure) [PSYoungGen: 312640K->14464K(323072K)] 432680K->149672K(566272K), 0,1711367 secs] [Times: user=0,24 sys=0,00, real=0,17 secs] 
192,703: [GC (Allocation Failure) [PSYoungGen: 315520K->14528K(324096K)] 450728K->164168K(567296K), 0,1075774 secs] [Times: user=0,16 sys=0,00, real=0,11 secs] 
193,580: [GC (Allocation Failure) [PSYoungGen: 315584K->13856K(324608K)] 465224K->177992K(567808K), 0,1042409 secs] [Times: user=0,16 sys=0,00, real=0,10 secs] 
194,395: [GC (Allocation Failure) [PSYoungGen: 317472K->13408K(325632K)] 481608K->191392K(568832K), 0,1052545 secs] [Times: user=0,15 sys=0,00, real=0,11 secs] 
439,773: [GC (Allocation Failure) [PSYoungGen: 317024K->7008K(326144K)] 495008K->198352K(569344K), 0,0633781 secs] [Times: user=0,11 sys=0,00, real=0,06 secs] 
Heap
 PSYoungGen      total 326144K, used 90248K [0x00000000eab00000, 0x0000000100000000, 0x0000000100000000)
  eden space 304128K, 27% used [0x00000000eab00000,0x00000000efc4a280,0x00000000fd400000)
  from space 22016K, 31% used [0x00000000fea80000,0x00000000ff158000,0x0000000100000000)
  to   space 22528K, 0% used [0x00000000fd400000,0x00000000fd400000,0x00000000fea00000)
 ParOldGen       total 243200K, used 191344K [0x00000000c0000000, 0x00000000ced80000, 0x00000000eab00000)
  object space 243200K, 78% used [0x00000000c0000000,0x00000000cbadc010,0x00000000ced80000)
 Metaspace       used 32380K, capacity 33094K, committed 33792K, reserved 1079296K
  class space    used 3799K, capacity 4013K, committed 4096K, reserved 1048576K
